Device: cuda | threads: 4
=== FASE 1 | 4 trial (questo worker) | 30 epoche ===

Caricamento dataset...
Trovati 34 trial.
  [trial_20260519_151133.csv] attenzione: calibrazione a riposo su 37 campioni (< 50)
Normalizzatore caricato da /home/gemma/tesi/aquabot/src/net/scaler/scalers_inverse.pkl (nessun refit).
Dataset: 27290 campioni da 34 trial. seq feature/timestep = 2
[I 2026-08-20 12:20:10,650] Using an existing study with name 'fish_inverse_phase1' instead of creating a new one.
  Trial 1 | Epoch  0 | val 0.2487
  Trial 1 | Epoch  1 | val 0.1910
  Trial 1 | Epoch  2 | val 0.1672
  Trial 1 | Epoch  3 | val 0.1494
  Trial 1 | Epoch  4 | val 0.1439
  Trial 1 | Epoch  5 | val 0.1253
  Trial 1 | Epoch  6 | val 0.1279
  Trial 1 | Epoch  7 | val 0.1138
  Trial 1 | Epoch  8 | val 0.1083
  Trial 1 | Epoch  9 | val 0.1069
  Trial 1 | Epoch 10 | val 0.1061
  Trial 1 | Epoch 11 | val 0.0972
  Trial 1 | Epoch 12 | val 0.0944
  Trial 1 | Epoch 13 | val 0.0919
  Trial 1 | Epoch 14 | val 0.0950
  Trial 1 | Epoch 15 | val 0.0877
  Trial 1 | Epoch 16 | val 0.0875
  Trial 1 | Epoch 17 | val 0.0884
  Trial 1 | Epoch 18 | val 0.0863
  Trial 1 | Epoch 19 | val 0.0836
  Trial 1 | Epoch 20 | val 0.0815
  Trial 1 | Epoch 21 | val 0.0803
  Trial 1 | Epoch 22 | val 0.0812
  Trial 1 | Epoch 23 | val 0.0786
  Trial 1 | Epoch 24 | val 0.0760
  Trial 1 | Epoch 25 | val 0.0775
  Trial 1 | Epoch 26 | val 0.0750
  Trial 1 | Epoch 27 | val 0.0750
  Trial 1 | Epoch 28 | val 0.0738
  Trial 1 | Epoch 29 | val 0.0707
[I 2026-08-20 12:21:05,022] Trial 1 finished with value: 0.0706665594737197 and parameters: {'gru_hidden': 128, 'mlp_hidden': 128}. Best is trial 1 with value: 0.0706665594737197.
  Trial 5 | Epoch  0 | val 0.2289
  Trial 5 | Epoch  1 | val 0.2122
  Trial 5 | Epoch  2 | val 0.1746
  Trial 5 | Epoch  3 | val 0.1617
  Trial 5 | Epoch  4 | val 0.1393
  Trial 5 | Epoch  5 | val 0.1327
  Trial 5 | Epoch  6 | val 0.1327
  Trial 5 | Epoch  7 | val 0.1188
  Trial 5 | Epoch  8 | val 0.1130
  Trial 5 | Epoch  9 | val 0.1105
  Trial 5 | Epoch 10 | val 0.1150
  Trial 5 | Epoch 11 | val 0.1021
  Trial 5 | Epoch 12 | val 0.0969
  Trial 5 | Epoch 13 | val 0.0931
  Trial 5 | Epoch 14 | val 0.0963
  Trial 5 | Epoch 15 | val 0.0916
  Trial 5 | Epoch 16 | val 0.0958
  Trial 5 | Epoch 17 | val 0.0899
  Trial 5 | Epoch 18 | val 0.0894
  Trial 5 | Epoch 19 | val 0.0884
  Trial 5 | Epoch 20 | val 0.0841
  Trial 5 | Epoch 21 | val 0.0805
  Trial 5 | Epoch 22 | val 0.0812
  Trial 5 | Epoch 23 | val 0.0801
  Trial 5 | Epoch 24 | val 0.0823
  Trial 5 | Epoch 25 | val 0.0761
  Trial 5 | Epoch 26 | val 0.0758
  Trial 5 | Epoch 27 | val 0.0756
  Trial 5 | Epoch 28 | val 0.0726
  Trial 5 | Epoch 29 | val 0.0738
[I 2026-08-20 12:22:23,167] Trial 5 finished with value: 0.07260800408589285 and parameters: {'gru_hidden': 128, 'mlp_hidden': 32}. Best is trial 4 with value: 0.054351289518350776.
  Trial 9 | Epoch  0 | val 0.2334
  Trial 9 | Epoch  1 | val 0.1848
  Trial 9 | Epoch  2 | val 0.1618
  Trial 9 | Epoch  3 | val 0.1555
  Trial 9 | Epoch  4 | val 0.1404
  Trial 9 | Epoch  5 | val 0.1267
  Trial 9 | Epoch  6 | val 0.1205
  Trial 9 | Epoch  7 | val 0.1214
  Trial 9 | Epoch  8 | val 0.1187
  Trial 9 | Epoch  9 | val 0.1044
  Trial 9 | Epoch 10 | val 0.0992
  Trial 9 | Epoch 11 | val 0.0997
  Trial 9 | Epoch 12 | val 0.0966
  Trial 9 | Epoch 13 | val 0.0913
  Trial 9 | Epoch 14 | val 0.0882
  Trial 9 | Epoch 15 | val 0.0897
  Trial 9 | Epoch 16 | val 0.0909
  Trial 9 | Epoch 17 | val 0.0844
  Trial 9 | Epoch 18 | val 0.0843
  Trial 9 | Epoch 19 | val 0.0813
  Trial 9 | Epoch 20 | val 0.0808
  Trial 9 | Epoch 21 | val 0.0807
  Trial 9 | Epoch 22 | val 0.0865
  Trial 9 | Epoch 23 | val 0.0784
  Trial 9 | Epoch 24 | val 0.0752
  Trial 9 | Epoch 25 | val 0.0746
  Trial 9 | Epoch 26 | val 0.0767
  Trial 9 | Epoch 27 | val 0.0748
  Trial 9 | Epoch 28 | val 0.0765
  Trial 9 | Epoch 29 | val 0.0732
[I 2026-08-20 12:23:45,196] Trial 9 finished with value: 0.07316998647915762 and parameters: {'gru_hidden': 128, 'mlp_hidden': 256}. Best is trial 4 with value: 0.054351289518350776.
  Trial 13 | Epoch  0 | val 0.2621
  Trial 13 | Epoch  1 | val 0.2210
  Trial 13 | Epoch  2 | val 0.1960
  Trial 13 | Epoch  3 | val 0.1741
  Trial 13 | Epoch  4 | val 0.1561
  Trial 13 | Epoch  5 | val 0.1421
  Trial 13 | Epoch  6 | val 0.1428
  Trial 13 | Epoch  7 | val 0.1319
  Trial 13 | Epoch  8 | val 0.1308
  Trial 13 | Epoch  9 | val 0.1224
  Trial 13 | Epoch 10 | val 0.1249
  Trial 13 | Epoch 11 | val 0.1209
  Trial 13 | Epoch 12 | val 0.1175
  Trial 13 | Epoch 13 | val 0.1143
  Trial 13 | Epoch 14 | val 0.1131
  Trial 13 | Epoch 15 | val 0.1102
  Trial 13 | Epoch 16 | val 0.1108
  Trial 13 | Epoch 17 | val 0.1042
  Trial 13 | Epoch 18 | val 0.1050
  Trial 13 | Epoch 19 | val 0.0990
  Trial 13 | Epoch 20 | val 0.0992
  Trial 13 | Epoch 21 | val 0.0984
  Trial 13 | Epoch 22 | val 0.0959
  Trial 13 | Epoch 23 | val 0.0944
  Trial 13 | Epoch 24 | val 0.0941
  Trial 13 | Epoch 25 | val 0.0948
  Trial 13 | Epoch 26 | val 0.0964
  Trial 13 | Epoch 27 | val 0.0918
  Trial 13 | Epoch 28 | val 0.0888
  Trial 13 | Epoch 29 | val 0.0889
[I 2026-08-20 12:24:53,344] Trial 13 finished with value: 0.08877993946851687 and parameters: {'gru_hidden': 64, 'mlp_hidden': 32}. Best is trial 4 with value: 0.054351289518350776.

=== Migliori iperparametri - Fase 1 ===
  gru_hidden: 512
  mlp_hidden: 64
  best val loss: 0.0544

Risultati salvati in /home/gemma/tesi/aquabot/src/net/InverseEstimator/tuning_results_inverse/best_params_inverse_phase1.txt
