Studio: joint_combo_p1_k10 | device cpu | mode=combo P=1 K=10 T=10
Caricamento dataset...
Trovati 120 trial.
Dataset grezzo: 120 trial letti. Scaler e finestre costruiti in split_by_trial() (fit solo su train).
/home/gemma/tesi/aquabot/src/net/Estimator/tuning/tune_joint.py:245: ExperimentalWarning: Argument ``multivariate`` is an experimental feature. The interface can change in the future.
  sampler = optuna.samplers.TPESampler(
/home/gemma/tesi/aquabot/src/net/Estimator/tuning/tune_joint.py:245: ExperimentalWarning: Argument ``group`` is an experimental feature. The interface can change in the future.
  sampler = optuna.samplers.TPESampler(
/home/gemma/tesi/aquabot/src/net/Estimator/tuning/tune_joint.py:245: ExperimentalWarning: Argument ``constant_liar`` is an experimental feature. The interface can change in the future.
  sampler = optuna.samplers.TPESampler(
[I 2026-09-26 12:52:25,177] Using an existing study with name 'joint_combo_p1_k10' instead of creating a new one.
Normalizzatore caricato da /home/gemma/tesi/aquabot/src/net/scaler/scalers_joint.pkl (nessun refit).
Dataset: 32520 campioni da 120 trial. H=20 P=10 | seq_cmd=(20, 1) seq_sens=(20, 2)
Split per-trial: 26015 finestre train | 6505 finestre val
Epoch   0 | train 0.5833 (IM@1 0.3105 FM@1 0.2728) | val 0.1797 (IM@1 0.0460 FM@1 0.1336) sup 0.5833/0.1797 roll 1.3564/0.6428 (λ=0.00) | lr 1.03e-03
Epoch   1 | train 0.2840 (IM@1 0.0763 FM@1 0.1300) | val 0.1910 (IM@1 0.0341 FM@1 0.1080) sup 0.2063/0.1420 roll 0.7770/0.4897 (λ=0.10) | lr 1.03e-03
Epoch   2 | train 0.2959 (IM@1 0.0670 FM@1 0.1090) | val 0.2117 (IM@1 0.0322 FM@1 0.0987) sup 0.1760/0.1309 roll 0.5994/0.4041 (λ=0.20) | lr 1.03e-03
Epoch   3 | train 0.3212 (IM@1 0.0650 FM@1 0.0998) | val 0.2525 (IM@1 0.0307 FM@1 0.0935) sup 0.1649/0.1241 roll 0.5210/0.4279 (λ=0.30) | lr 1.03e-03
Epoch   4 | train 0.3506 (IM@1 0.0633 FM@1 0.0962) | val 0.2611 (IM@1 0.0296 FM@1 0.0880) sup 0.1595/0.1176 roll 0.4776/0.3589 (λ=0.40) | lr 1.03e-03
Epoch   5 | train 0.3761 (IM@1 0.0639 FM@1 0.0924) | val 0.2965 (IM@1 0.0327 FM@1 0.0837) sup 0.1563/0.1164 roll 0.4396/0.3603 (λ=0.50) | lr 1.03e-03
Epoch   6 | train 0.4028 (IM@1 0.0623 FM@1 0.0901) | val 0.3142 (IM@1 0.0333 FM@1 0.0795) sup 0.1524/0.1128 roll 0.4173/0.3356 (λ=0.60) | lr 1.03e-03
Epoch   7 | train 0.4316 (IM@1 0.0630 FM@1 0.0885) | val 0.3448 (IM@1 0.0340 FM@1 0.0795) sup 0.1514/0.1134 roll 0.4002/0.3305 (λ=0.70) | lr 1.03e-03
Epoch   8 | train 0.4571 (IM@1 0.0626 FM@1 0.0861) | val 0.3822 (IM@1 0.0332 FM@1 0.0804) sup 0.1487/0.1136 roll 0.3855/0.3357 (λ=0.80) | lr 1.03e-03
Epoch   9 | train 0.4916 (IM@1 0.0621 FM@1 0.0877) | val 0.4211 (IM@1 0.0346 FM@1 0.0853) sup 0.1499/0.1199 roll 0.3797/0.3347 (λ=0.90) | lr 1.03e-03
Epoch  10 | train 0.5204 (IM@1 0.0619 FM@1 0.0863) | val 0.4468 (IM@1 0.0337 FM@1 0.0798) sup 0.1482/0.1135 roll 0.3722/0.3333 (λ=1.00) | lr 1.03e-03
Epoch  11 | train 0.5030 (IM@1 0.0617 FM@1 0.0833) | val 0.4256 (IM@1 0.0323 FM@1 0.0774) sup 0.1449/0.1097 roll 0.3580/0.3160 (λ=1.00) | lr 1.03e-03
Epoch  12 | train 0.4949 (IM@1 0.0604 FM@1 0.0820) | val 0.4219 (IM@1 0.0310 FM@1 0.0782) sup 0.1423/0.1092 roll 0.3525/0.3127 (λ=1.00) | lr 1.03e-03
Epoch  13 | train 0.4832 (IM@1 0.0600 FM@1 0.0798) | val 0.4185 (IM@1 0.0313 FM@1 0.0764) sup 0.1398/0.1077 roll 0.3435/0.3108 (λ=1.00) | lr 1.03e-03
Epoch  14 | train 0.4788 (IM@1 0.0595 FM@1 0.0790) | val 0.4243 (IM@1 0.0324 FM@1 0.0766) sup 0.1385/0.1090 roll 0.3403/0.3153 (λ=1.00) | lr 1.03e-03
Epoch  15 | train 0.4710 (IM@1 0.0583 FM@1 0.0768) | val 0.4192 (IM@1 0.0319 FM@1 0.0768) sup 0.1352/0.1087 roll 0.3359/0.3105 (λ=1.00) | lr 1.03e-03
Epoch  16 | train 0.4686 (IM@1 0.0580 FM@1 0.0775) | val 0.4206 (IM@1 0.0300 FM@1 0.0771) sup 0.1355/0.1070 roll 0.3331/0.3136 (λ=1.00) | lr 1.03e-03
Epoch  17 | train 0.4629 (IM@1 0.0581 FM@1 0.0759) | val 0.4188 (IM@1 0.0322 FM@1 0.0739) sup 0.1339/0.1062 roll 0.3290/0.3126 (λ=1.00) | lr 1.03e-03
Epoch  18 | train 0.4569 (IM@1 0.0573 FM@1 0.0739) | val 0.4269 (IM@1 0.0355 FM@1 0.0742) sup 0.1311/0.1097 roll 0.3258/0.3172 (λ=1.00) | lr 1.03e-03
Epoch  19 | train 0.4569 (IM@1 0.0568 FM@1 0.0744) | val 0.4224 (IM@1 0.0318 FM@1 0.0726) sup 0.1312/0.1044 roll 0.3256/0.3180 (λ=1.00) | lr 1.03e-03
Epoch  20 | train 0.4503 (IM@1 0.0559 FM@1 0.0737) | val 0.4215 (IM@1 0.0325 FM@1 0.0775) sup 0.1296/0.1100 roll 0.3207/0.3115 (λ=1.00) | lr 1.03e-03
Epoch  21 | train 0.4464 (IM@1 0.0556 FM@1 0.0716) | val 0.4198 (IM@1 0.0311 FM@1 0.0750) sup 0.1272/0.1061 roll 0.3192/0.3137 (λ=1.00) | lr 1.03e-03
Epoch  22 | train 0.4375 (IM@1 0.0555 FM@1 0.0697) | val 0.4238 (IM@1 0.0323 FM@1 0.0782) sup 0.1252/0.1105 roll 0.3123/0.3133 (λ=1.00) | lr 1.03e-03
Epoch  23 | train 0.4376 (IM@1 0.0565 FM@1 0.0697) | val 0.4275 (IM@1 0.0350 FM@1 0.0726) sup 0.1262/0.1076 roll 0.3114/0.3199 (λ=1.00) | lr 1.03e-03
Epoch  24 | train 0.4338 (IM@1 0.0551 FM@1 0.0692) | val 0.4163 (IM@1 0.0314 FM@1 0.0745) sup 0.1243/0.1059 roll 0.3095/0.3104 (λ=1.00) | lr 1.03e-03
Epoch  25 | train 0.4280 (IM@1 0.0546 FM@1 0.0683) | val 0.4270 (IM@1 0.0329 FM@1 0.0756) sup 0.1229/0.1084 roll 0.3050/0.3186 (λ=1.00) | lr 1.03e-03
Epoch  26 | train 0.4238 (IM@1 0.0548 FM@1 0.0669) | val 0.4308 (IM@1 0.0320 FM@1 0.0765) sup 0.1216/0.1085 roll 0.3021/0.3223 (λ=1.00) | lr 1.03e-03
Epoch  27 | train 0.4247 (IM@1 0.0557 FM@1 0.0667) | val 0.4314 (IM@1 0.0350 FM@1 0.0775) sup 0.1224/0.1125 roll 0.3023/0.3189 (λ=1.00) | lr 1.03e-03
Epoch  28 | train 0.4159 (IM@1 0.0543 FM@1 0.0655) | val 0.4179 (IM@1 0.0311 FM@1 0.0755) sup 0.1198/0.1066 roll 0.2961/0.3113 (λ=1.00) | lr 1.03e-03
Epoch  29 | train 0.4134 (IM@1 0.0544 FM@1 0.0649) | val 0.4235 (IM@1 0.0321 FM@1 0.0724) sup 0.1193/0.1045 roll 0.2941/0.3190 (λ=1.00) | lr 1.03e-03
Epoch  30 | train 0.4039 (IM@1 0.0542 FM@1 0.0637) | val 0.4323 (IM@1 0.0335 FM@1 0.0764) sup 0.1179/0.1099 roll 0.2860/0.3224 (λ=1.00) | lr 1.03e-03
Epoch  31 | train 0.3981 (IM@1 0.0533 FM@1 0.0628) | val 0.4258 (IM@1 0.0329 FM@1 0.0740) sup 0.1161/0.1069 roll 0.2820/0.3189 (λ=1.00) | lr 1.03e-03
Epoch  32 | train 0.3976 (IM@1 0.0538 FM@1 0.0618) | val 0.4443 (IM@1 0.0341 FM@1 0.0829) sup 0.1156/0.1170 roll 0.2820/0.3273 (λ=1.00) | lr 1.03e-03
Epoch  33 | train 0.3887 (IM@1 0.0532 FM@1 0.0608) | val 0.4315 (IM@1 0.0334 FM@1 0.0758) sup 0.1141/0.1092 roll 0.2746/0.3223 (λ=1.00) | lr 1.03e-03
Epoch  34 | train 0.3860 (IM@1 0.0541 FM@1 0.0606) | val 0.4472 (IM@1 0.0361 FM@1 0.0785) sup 0.1146/0.1146 roll 0.2713/0.3326 (λ=1.00) | lr 1.03e-03
Epoch  35 | train 0.3771 (IM@1 0.0529 FM@1 0.0596) | val 0.4467 (IM@1 0.0358 FM@1 0.0789) sup 0.1125/0.1147 roll 0.2646/0.3320 (λ=1.00) | lr 5.15e-04
Epoch  36 | train 0.3523 (IM@1 0.0520 FM@1 0.0549) | val 0.4495 (IM@1 0.0361 FM@1 0.0780) sup 0.1069/0.1141 roll 0.2454/0.3354 (λ=1.00) | lr 5.15e-04
Epoch  37 | train 0.3420 (IM@1 0.0505 FM@1 0.0534) | val 0.4697 (IM@1 0.0370 FM@1 0.0825) sup 0.1039/0.1196 roll 0.2381/0.3502 (λ=1.00) | lr 5.15e-04
Epoch  38 | train 0.3374 (IM@1 0.0505 FM@1 0.0530) | val 0.4698 (IM@1 0.0387 FM@1 0.0831) sup 0.1034/0.1218 roll 0.2340/0.3480 (λ=1.00) | lr 5.15e-04
Epoch  39 | train 0.3301 (IM@1 0.0510 FM@1 0.0517) | val 0.4778 (IM@1 0.0381 FM@1 0.0861) sup 0.1027/0.1241 roll 0.2274/0.3537 (λ=1.00) | lr 5.15e-04

Training completato (combo). Best val (sup + 1.0*roll, da epoch 10): 0.4163 a epoch 24
[I 2026-09-26 14:42:17,357] Trial 15 finished with value: 0.4162554799651385 and parameters: {'gru_hidden_fm': 512, 'mlp_hidden_fm': 512, 'dropout_fm': 0.3688869992583001, 'weight_decay_fm': 0.04431717898028042, 'gru_hidden_im': 64, 'mlp_hidden_im': 64, 'dropout_im': 0.2760889108962528, 'weight_decay_im': 0.0009212924290290046, 'lr': 0.001029434527537141, 'batch_size': 256, 'clip_norm': 5.0}. Best is trial 0 with value: 0.36280497199899414.
Split per-trial: 26015 finestre train | 6505 finestre val
Epoch   0 | train 0.3894 (IM@1 0.1924 FM@1 0.1970) | val 0.1371 (IM@1 0.0346 FM@1 0.1025) sup 0.3894/0.1371 roll 1.2911/0.7181 (λ=0.00) | lr 8.29e-04
Epoch   1 | train 0.2218 (IM@1 0.0616 FM@1 0.0871) | val 0.1570 (IM@1 0.0266 FM@1 0.0863) sup 0.1487/0.1130 roll 0.7311/0.4404 (λ=0.10) | lr 8.29e-04
Epoch   2 | train 0.2389 (IM@1 0.0561 FM@1 0.0765) | val 0.1806 (IM@1 0.0295 FM@1 0.0784) sup 0.1326/0.1079 roll 0.5315/0.3632 (λ=0.20) | lr 8.29e-04
Epoch   3 | train 0.2627 (IM@1 0.0542 FM@1 0.0726) | val 0.2118 (IM@1 0.0290 FM@1 0.0783) sup 0.1269/0.1073 roll 0.4528/0.3483 (λ=0.30) | lr 8.29e-04
Epoch   4 | train 0.2912 (IM@1 0.0545 FM@1 0.0701) | val 0.2395 (IM@1 0.0276 FM@1 0.0781) sup 0.1246/0.1057 roll 0.4166/0.3347 (λ=0.40) | lr 8.29e-04
Epoch   5 | train 0.3172 (IM@1 0.0542 FM@1 0.0676) | val 0.2776 (IM@1 0.0294 FM@1 0.0768) sup 0.1218/0.1062 roll 0.3907/0.3428 (λ=0.50) | lr 8.29e-04
Epoch   6 | train 0.3476 (IM@1 0.0539 FM@1 0.0685) | val 0.2998 (IM@1 0.0285 FM@1 0.0765) sup 0.1224/0.1050 roll 0.3754/0.3247 (λ=0.60) | lr 8.29e-04
Epoch   7 | train 0.3711 (IM@1 0.0533 FM@1 0.0665) | val 0.3530 (IM@1 0.0325 FM@1 0.0803) sup 0.1198/0.1129 roll 0.3590/0.3430 (λ=0.70) | lr 8.29e-04
Epoch   8 | train 0.3946 (IM@1 0.0542 FM@1 0.0640) | val 0.3661 (IM@1 0.0312 FM@1 0.0768) sup 0.1182/0.1079 roll 0.3455/0.3227 (λ=0.80) | lr 8.29e-04
Epoch   9 | train 0.4174 (IM@1 0.0531 FM@1 0.0624) | val 0.4056 (IM@1 0.0304 FM@1 0.0769) sup 0.1154/0.1073 roll 0.3356/0.3314 (λ=0.90) | lr 8.29e-04
Epoch  10 | train 0.4411 (IM@1 0.0531 FM@1 0.0616) | val 0.4228 (IM@1 0.0339 FM@1 0.0732) sup 0.1147/0.1071 roll 0.3264/0.3157 (λ=1.00) | lr 8.29e-04
Epoch  11 | train 0.4367 (IM@1 0.0532 FM@1 0.0611) | val 0.4314 (IM@1 0.0361 FM@1 0.0755) sup 0.1142/0.1116 roll 0.3224/0.3198 (λ=1.00) | lr 8.29e-04
Epoch  12 | train 0.4265 (IM@1 0.0521 FM@1 0.0594) | val 0.4309 (IM@1 0.0318 FM@1 0.0737) sup 0.1114/0.1055 roll 0.3150/0.3254 (λ=1.00) | lr 8.29e-04
Epoch  13 | train 0.4157 (IM@1 0.0514 FM@1 0.0570) | val 0.4069 (IM@1 0.0307 FM@1 0.0699) sup 0.1084/0.1006 roll 0.3073/0.3063 (λ=1.00) | lr 8.29e-04
Epoch  14 | train 0.4109 (IM@1 0.0506 FM@1 0.0557) | val 0.4040 (IM@1 0.0291 FM@1 0.0702) sup 0.1063/0.0993 roll 0.3046/0.3047 (λ=1.00) | lr 8.29e-04
Epoch  15 | train 0.4047 (IM@1 0.0500 FM@1 0.0556) | val 0.4130 (IM@1 0.0295 FM@1 0.0738) sup 0.1055/0.1033 roll 0.2992/0.3097 (λ=1.00) | lr 8.29e-04
Epoch  16 | train 0.3995 (IM@1 0.0496 FM@1 0.0540) | val 0.4185 (IM@1 0.0311 FM@1 0.0706) sup 0.1036/0.1017 roll 0.2959/0.3168 (λ=1.00) | lr 8.29e-04
Epoch  17 | train 0.3947 (IM@1 0.0501 FM@1 0.0521) | val 0.4056 (IM@1 0.0299 FM@1 0.0682) sup 0.1022/0.0980 roll 0.2925/0.3076 (λ=1.00) | lr 8.29e-04
Epoch  18 | train 0.3878 (IM@1 0.0493 FM@1 0.0509) | val 0.4128 (IM@1 0.0313 FM@1 0.0697) sup 0.1002/0.1009 roll 0.2876/0.3118 (λ=1.00) | lr 8.29e-04
Epoch  19 | train 0.3841 (IM@1 0.0489 FM@1 0.0500) | val 0.4232 (IM@1 0.0313 FM@1 0.0748) sup 0.0989/0.1062 roll 0.2852/0.3170 (λ=1.00) | lr 8.29e-04
Epoch  20 | train 0.3780 (IM@1 0.0485 FM@1 0.0491) | val 0.4020 (IM@1 0.0299 FM@1 0.0680) sup 0.0976/0.0979 roll 0.2804/0.3041 (λ=1.00) | lr 8.29e-04
Epoch  21 | train 0.3734 (IM@1 0.0484 FM@1 0.0481) | val 0.4277 (IM@1 0.0286 FM@1 0.0711) sup 0.0965/0.0998 roll 0.2769/0.3280 (λ=1.00) | lr 8.29e-04
Epoch  22 | train 0.3672 (IM@1 0.0480 FM@1 0.0467) | val 0.4140 (IM@1 0.0297 FM@1 0.0709) sup 0.0947/0.1006 roll 0.2726/0.3134 (λ=1.00) | lr 8.29e-04
Epoch  23 | train 0.3609 (IM@1 0.0473 FM@1 0.0456) | val 0.4195 (IM@1 0.0295 FM@1 0.0748) sup 0.0929/0.1043 roll 0.2680/0.3152 (λ=1.00) | lr 8.29e-04
Epoch  24 | train 0.3543 (IM@1 0.0467 FM@1 0.0447) | val 0.4114 (IM@1 0.0291 FM@1 0.0709) sup 0.0913/0.0999 roll 0.2630/0.3115 (λ=1.00) | lr 8.29e-04
Epoch  25 | train 0.3466 (IM@1 0.0469 FM@1 0.0431) | val 0.4277 (IM@1 0.0324 FM@1 0.0730) sup 0.0899/0.1054 roll 0.2567/0.3223 (λ=1.00) | lr 8.29e-04
Epoch  26 | train 0.3434 (IM@1 0.0470 FM@1 0.0424) | val 0.4351 (IM@1 0.0293 FM@1 0.0751) sup 0.0894/0.1044 roll 0.2540/0.3307 (λ=1.00) | lr 8.29e-04
Epoch  27 | train 0.3323 (IM@1 0.0459 FM@1 0.0406) | val 0.4451 (IM@1 0.0313 FM@1 0.0783) sup 0.0865/0.1096 roll 0.2458/0.3355 (λ=1.00) | lr 8.29e-04
Epoch  28 | train 0.3252 (IM@1 0.0454 FM@1 0.0403) | val 0.4444 (IM@1 0.0322 FM@1 0.0785) sup 0.0857/0.1107 roll 0.2395/0.3337 (λ=1.00) | lr 8.29e-04
Epoch  29 | train 0.3173 (IM@1 0.0454 FM@1 0.0391) | val 0.4484 (IM@1 0.0319 FM@1 0.0800) sup 0.0844/0.1119 roll 0.2328/0.3365 (λ=1.00) | lr 8.29e-04
[I 2026-09-26 17:32:36,005] Trial 34 pruned. 
Split per-trial: 26015 finestre train | 6505 finestre val
Epoch   0 | train 0.3805 (IM@1 0.1177 FM@1 0.2628) | val 0.1452 (IM@1 0.0272 FM@1 0.1180) sup 0.3805/0.1452 roll 1.1512/0.9257 (λ=0.00) | lr 3.56e-03
Epoch   1 | train 0.2125 (IM@1 0.0415 FM@1 0.1074) | val 0.1456 (IM@1 0.0209 FM@1 0.0889) sup 0.1489/0.1099 roll 0.6359/0.3575 (λ=0.10) | lr 3.56e-03
Epoch   2 | train 0.1859 (IM@1 0.0252 FM@1 0.0808) | val 0.1870 (IM@1 0.0237 FM@1 0.0808) sup 0.1060/0.1045 roll 0.3997/0.4125 (λ=0.20) | lr 3.56e-03
Epoch   3 | train 0.2060 (IM@1 0.0248 FM@1 0.0732) | val 0.2053 (IM@1 0.0224 FM@1 0.0761) sup 0.0980/0.0985 roll 0.3599/0.3561 (λ=0.30) | lr 3.56e-03
Epoch   4 | train 0.2357 (IM@1 0.0255 FM@1 0.0698) | val 0.2491 (IM@1 0.0237 FM@1 0.0725) sup 0.0954/0.0963 roll 0.3509/0.3820 (λ=0.40) | lr 3.56e-03
Epoch   5 | train 0.2563 (IM@1 0.0246 FM@1 0.0667) | val 0.2479 (IM@1 0.0226 FM@1 0.0661) sup 0.0913/0.0887 roll 0.3299/0.3183 (λ=0.50) | lr 3.56e-03
Epoch   6 | train 0.2797 (IM@1 0.0246 FM@1 0.0636) | val 0.2767 (IM@1 0.0219 FM@1 0.0663) sup 0.0882/0.0882 roll 0.3191/0.3141 (λ=0.60) | lr 3.56e-03
Epoch   7 | train 0.3072 (IM@1 0.0253 FM@1 0.0612) | val 0.3248 (IM@1 0.0250 FM@1 0.0700) sup 0.0865/0.0950 roll 0.3153/0.3283 (λ=0.70) | lr 3.56e-03
Epoch   8 | train 0.3274 (IM@1 0.0250 FM@1 0.0601) | val 0.3405 (IM@1 0.0230 FM@1 0.0663) sup 0.0850/0.0893 roll 0.3029/0.3140 (λ=0.80) | lr 3.56e-03
Epoch   9 | train 0.3403 (IM@1 0.0237 FM@1 0.0577) | val 0.3621 (IM@1 0.0234 FM@1 0.0627) sup 0.0815/0.0861 roll 0.2875/0.3067 (λ=0.90) | lr 3.56e-03
Epoch  10 | train 0.3664 (IM@1 0.0244 FM@1 0.0573) | val 0.3850 (IM@1 0.0236 FM@1 0.0620) sup 0.0817/0.0856 roll 0.2847/0.2995 (λ=1.00) | lr 3.56e-03
Epoch  11 | train 0.3556 (IM@1 0.0235 FM@1 0.0551) | val 0.3901 (IM@1 0.0223 FM@1 0.0620) sup 0.0786/0.0844 roll 0.2770/0.3057 (λ=1.00) | lr 3.56e-03
Epoch  12 | train 0.3473 (IM@1 0.0231 FM@1 0.0543) | val 0.3810 (IM@1 0.0224 FM@1 0.0619) sup 0.0774/0.0843 roll 0.2699/0.2966 (λ=1.00) | lr 3.56e-03
Epoch  13 | train 0.3362 (IM@1 0.0226 FM@1 0.0516) | val 0.3851 (IM@1 0.0231 FM@1 0.0605) sup 0.0742/0.0837 roll 0.2620/0.3015 (λ=1.00) | lr 3.56e-03
Epoch  14 | train 0.3358 (IM@1 0.0225 FM@1 0.0514) | val 0.3966 (IM@1 0.0290 FM@1 0.0595) sup 0.0738/0.0886 roll 0.2620/0.3080 (λ=1.00) | lr 3.56e-03
Epoch  15 | train 0.3305 (IM@1 0.0226 FM@1 0.0508) | val 0.3986 (IM@1 0.0227 FM@1 0.0596) sup 0.0734/0.0823 roll 0.2571/0.3163 (λ=1.00) | lr 3.56e-03
Epoch  16 | train 0.3266 (IM@1 0.0221 FM@1 0.0499) | val 0.3865 (IM@1 0.0226 FM@1 0.0625) sup 0.0720/0.0851 roll 0.2546/0.3015 (λ=1.00) | lr 3.56e-03
Epoch  17 | train 0.3169 (IM@1 0.0220 FM@1 0.0483) | val 0.3693 (IM@1 0.0214 FM@1 0.0582) sup 0.0702/0.0796 roll 0.2467/0.2897 (λ=1.00) | lr 3.56e-03
Epoch  18 | train 0.3191 (IM@1 0.0225 FM@1 0.0478) | val 0.3788 (IM@1 0.0225 FM@1 0.0591) sup 0.0703/0.0815 roll 0.2488/0.2972 (λ=1.00) | lr 3.56e-03
Epoch  19 | train 0.3092 (IM@1 0.0222 FM@1 0.0457) | val 0.3903 (IM@1 0.0232 FM@1 0.0612) sup 0.0679/0.0844 roll 0.2413/0.3059 (λ=1.00) | lr 3.56e-03
Epoch  20 | train 0.3014 (IM@1 0.0218 FM@1 0.0449) | val 0.4026 (IM@1 0.0261 FM@1 0.0618) sup 0.0667/0.0879 roll 0.2347/0.3148 (λ=1.00) | lr 3.56e-03
Epoch  21 | train 0.2959 (IM@1 0.0219 FM@1 0.0443) | val 0.3970 (IM@1 0.0235 FM@1 0.0632) sup 0.0662/0.0867 roll 0.2298/0.3104 (λ=1.00) | lr 3.56e-03
Epoch  22 | train 0.2918 (IM@1 0.0220 FM@1 0.0440) | val 0.4067 (IM@1 0.0229 FM@1 0.0670) sup 0.0660/0.0899 roll 0.2258/0.3168 (λ=1.00) | lr 3.56e-03
Epoch  23 | train 0.2777 (IM@1 0.0209 FM@1 0.0425) | val 0.4009 (IM@1 0.0235 FM@1 0.0641) sup 0.0634/0.0876 roll 0.2143/0.3133 (λ=1.00) | lr 3.56e-03
Epoch  24 | train 0.2777 (IM@1 0.0213 FM@1 0.0422) | val 0.4330 (IM@1 0.0261 FM@1 0.0672) sup 0.0634/0.0933 roll 0.2143/0.3396 (λ=1.00) | lr 3.56e-03
Epoch  25 | train 0.2701 (IM@1 0.0212 FM@1 0.0411) | val 0.4366 (IM@1 0.0274 FM@1 0.0687) sup 0.0622/0.0961 roll 0.2079/0.3405 (λ=1.00) | lr 3.56e-03
Epoch  26 | train 0.2641 (IM@1 0.0216 FM@1 0.0402) | val 0.4295 (IM@1 0.0288 FM@1 0.0695) sup 0.0618/0.0983 roll 0.2023/0.3312 (λ=1.00) | lr 3.56e-03
Epoch  27 | train 0.2517 (IM@1 0.0210 FM@1 0.0389) | val 0.4427 (IM@1 0.0270 FM@1 0.0685) sup 0.0599/0.0955 roll 0.1918/0.3472 (λ=1.00) | lr 3.56e-03
Epoch  28 | train 0.2431 (IM@1 0.0210 FM@1 0.0380) | val 0.4386 (IM@1 0.0273 FM@1 0.0693) sup 0.0590/0.0967 roll 0.1841/0.3419 (λ=1.00) | lr 1.78e-03
Epoch  29 | train 0.2099 (IM@1 0.0192 FM@1 0.0340) | val 0.4452 (IM@1 0.0270 FM@1 0.0701) sup 0.0532/0.0971 roll 0.1567/0.3481 (λ=1.00) | lr 1.78e-03
Epoch  30 | train 0.1937 (IM@1 0.0181 FM@1 0.0323) | val 0.4515 (IM@1 0.0261 FM@1 0.0702) sup 0.0504/0.0963 roll 0.1432/0.3553 (λ=1.00) | lr 1.78e-03
Epoch  31 | train 0.1936 (IM@1 0.0188 FM@1 0.0323) | val 0.4571 (IM@1 0.0274 FM@1 0.0723) sup 0.0510/0.0997 roll 0.1426/0.3574 (λ=1.00) | lr 1.78e-03
Epoch  32 | train 0.1765 (IM@1 0.0174 FM@1 0.0300) | val 0.4740 (IM@1 0.0289 FM@1 0.0735) sup 0.0474/0.1024 roll 0.1292/0.3716 (λ=1.00) | lr 1.78e-03

Training completato (combo). Best val (sup + 1.0*roll, da epoch 10): 0.3693 a epoch 17
[I 2026-09-26 19:01:58,939] Trial 56 finished with value: 0.3693444915367813 and parameters: {'gru_hidden_fm': 256, 'mlp_hidden_fm': 32, 'dropout_fm': 0.005242601443134903, 'weight_decay_fm': 0.02239390405403515, 'gru_hidden_im': 256, 'mlp_hidden_im': 128, 'dropout_im': 0.09732067573429165, 'weight_decay_im': 8.70053329032728e-06, 'lr': 0.0035630848118548856, 'batch_size': 256, 'clip_norm': 5.0}. Best is trial 0 with value: 0.36280497199899414.
Split per-trial: 26015 finestre train | 6505 finestre val
Epoch   0 | train 0.5086 (IM@1 0.2233 FM@1 0.2853) | val 0.1629 (IM@1 0.0316 FM@1 0.1313) sup 0.5086/0.1629 roll 1.1689/0.6076 (λ=0.00) | lr 9.17e-04
Epoch   1 | train 0.1961 (IM@1 0.0293 FM@1 0.1176) | val 0.1623 (IM@1 0.0227 FM@1 0.1019) sup 0.1469/0.1245 roll 0.4923/0.3775 (λ=0.10) | lr 9.17e-04
Epoch   2 | train 0.2078 (IM@1 0.0248 FM@1 0.1013) | val 0.1806 (IM@1 0.0215 FM@1 0.0901) sup 0.1261/0.1116 roll 0.4085/0.3454 (λ=0.20) | lr 9.17e-04
Epoch   3 | train 0.2230 (IM@1 0.0228 FM@1 0.0881) | val 0.2150 (IM@1 0.0215 FM@1 0.0859) sup 0.1108/0.1074 roll 0.3738/0.3586 (λ=0.30) | lr 9.17e-04
Epoch   4 | train 0.2447 (IM@1 0.0218 FM@1 0.0827) | val 0.2269 (IM@1 0.0211 FM@1 0.0766) sup 0.1045/0.0977 roll 0.3507/0.3229 (λ=0.40) | lr 9.17e-04
Epoch   5 | train 0.2655 (IM@1 0.0213 FM@1 0.0766) | val 0.2528 (IM@1 0.0202 FM@1 0.0743) sup 0.0980/0.0945 roll 0.3350/0.3166 (λ=0.50) | lr 9.17e-04
Epoch   6 | train 0.2880 (IM@1 0.0208 FM@1 0.0731) | val 0.2857 (IM@1 0.0205 FM@1 0.0747) sup 0.0939/0.0952 roll 0.3235/0.3174 (λ=0.60) | lr 9.17e-04
Epoch   7 | train 0.3163 (IM@1 0.0208 FM@1 0.0719) | val 0.3166 (IM@1 0.0213 FM@1 0.0703) sup 0.0927/0.0916 roll 0.3194/0.3215 (λ=0.70) | lr 9.17e-04
Epoch   8 | train 0.3417 (IM@1 0.0203 FM@1 0.0704) | val 0.3576 (IM@1 0.0209 FM@1 0.0711) sup 0.0908/0.0920 roll 0.3136/0.3320 (λ=0.80) | lr 9.17e-04
Epoch   9 | train 0.3675 (IM@1 0.0204 FM@1 0.0687) | val 0.3816 (IM@1 0.0221 FM@1 0.0672) sup 0.0890/0.0893 roll 0.3095/0.3248 (λ=0.90) | lr 9.17e-04
Epoch  10 | train 0.3935 (IM@1 0.0207 FM@1 0.0672) | val 0.3971 (IM@1 0.0204 FM@1 0.0669) sup 0.0878/0.0873 roll 0.3056/0.3098 (λ=1.00) | lr 9.17e-04
Epoch  11 | train 0.3887 (IM@1 0.0203 FM@1 0.0658) | val 0.3953 (IM@1 0.0216 FM@1 0.0642) sup 0.0861/0.0858 roll 0.3026/0.3095 (λ=1.00) | lr 9.17e-04
Epoch  12 | train 0.3835 (IM@1 0.0204 FM@1 0.0640) | val 0.3915 (IM@1 0.0200 FM@1 0.0626) sup 0.0844/0.0826 roll 0.2991/0.3090 (λ=1.00) | lr 9.17e-04
Epoch  13 | train 0.3804 (IM@1 0.0204 FM@1 0.0643) | val 0.3856 (IM@1 0.0204 FM@1 0.0631) sup 0.0848/0.0835 roll 0.2957/0.3021 (λ=1.00) | lr 9.17e-04
Epoch  14 | train 0.3741 (IM@1 0.0200 FM@1 0.0623) | val 0.3870 (IM@1 0.0202 FM@1 0.0635) sup 0.0823/0.0837 roll 0.2918/0.3034 (λ=1.00) | lr 9.17e-04
Epoch  15 | train 0.3726 (IM@1 0.0201 FM@1 0.0612) | val 0.3772 (IM@1 0.0204 FM@1 0.0607) sup 0.0813/0.0811 roll 0.2913/0.2960 (λ=1.00) | lr 9.17e-04
Epoch  16 | train 0.3683 (IM@1 0.0204 FM@1 0.0608) | val 0.3843 (IM@1 0.0211 FM@1 0.0608) sup 0.0811/0.0819 roll 0.2871/0.3024 (λ=1.00) | lr 9.17e-04
Epoch  17 | train 0.3628 (IM@1 0.0199 FM@1 0.0592) | val 0.3789 (IM@1 0.0202 FM@1 0.0599) sup 0.0791/0.0801 roll 0.2837/0.2988 (λ=1.00) | lr 9.17e-04
Epoch  18 | train 0.3613 (IM@1 0.0196 FM@1 0.0587) | val 0.3821 (IM@1 0.0221 FM@1 0.0610) sup 0.0783/0.0831 roll 0.2831/0.2990 (λ=1.00) | lr 9.17e-04
Epoch  19 | train 0.3570 (IM@1 0.0198 FM@1 0.0581) | val 0.3796 (IM@1 0.0209 FM@1 0.0577) sup 0.0779/0.0786 roll 0.2791/0.3010 (λ=1.00) | lr 9.17e-04
Epoch  20 | train 0.3551 (IM@1 0.0197 FM@1 0.0579) | val 0.3837 (IM@1 0.0223 FM@1 0.0616) sup 0.0777/0.0840 roll 0.2774/0.2997 (λ=1.00) | lr 9.17e-04
Epoch  21 | train 0.3552 (IM@1 0.0200 FM@1 0.0581) | val 0.3907 (IM@1 0.0227 FM@1 0.0613) sup 0.0781/0.0839 roll 0.2771/0.3067 (λ=1.00) | lr 9.17e-04
Epoch  22 | train 0.3507 (IM@1 0.0197 FM@1 0.0576) | val 0.3785 (IM@1 0.0211 FM@1 0.0603) sup 0.0773/0.0814 roll 0.2734/0.2970 (λ=1.00) | lr 9.17e-04
Epoch  23 | train 0.3446 (IM@1 0.0196 FM@1 0.0556) | val 0.3869 (IM@1 0.0224 FM@1 0.0597) sup 0.0752/0.0821 roll 0.2694/0.3048 (λ=1.00) | lr 9.17e-04
Epoch  24 | train 0.3439 (IM@1 0.0195 FM@1 0.0557) | val 0.3838 (IM@1 0.0206 FM@1 0.0607) sup 0.0751/0.0813 roll 0.2688/0.3025 (λ=1.00) | lr 9.17e-04
Epoch  25 | train 0.3393 (IM@1 0.0194 FM@1 0.0548) | val 0.3857 (IM@1 0.0216 FM@1 0.0590) sup 0.0742/0.0807 roll 0.2651/0.3050 (λ=1.00) | lr 9.17e-04
Epoch  26 | train 0.3381 (IM@1 0.0197 FM@1 0.0538) | val 0.3814 (IM@1 0.0207 FM@1 0.0588) sup 0.0735/0.0796 roll 0.2647/0.3018 (λ=1.00) | lr 4.58e-04
Epoch  27 | train 0.3271 (IM@1 0.0190 FM@1 0.0511) | val 0.3722 (IM@1 0.0211 FM@1 0.0555) sup 0.0702/0.0766 roll 0.2569/0.2957 (λ=1.00) | lr 4.58e-04
Epoch  28 | train 0.3234 (IM@1 0.0191 FM@1 0.0509) | val 0.3700 (IM@1 0.0213 FM@1 0.0543) sup 0.0699/0.0756 roll 0.2535/0.2944 (λ=1.00) | lr 4.58e-04
Epoch  29 | train 0.3204 (IM@1 0.0191 FM@1 0.0499) | val 0.3723 (IM@1 0.0213 FM@1 0.0566) sup 0.0690/0.0779 roll 0.2514/0.2944 (λ=1.00) | lr 4.58e-04
Epoch  30 | train 0.3193 (IM@1 0.0190 FM@1 0.0496) | val 0.3696 (IM@1 0.0208 FM@1 0.0555) sup 0.0686/0.0762 roll 0.2507/0.2934 (λ=1.00) | lr 4.58e-04
Epoch  31 | train 0.3196 (IM@1 0.0190 FM@1 0.0495) | val 0.3674 (IM@1 0.0211 FM@1 0.0555) sup 0.0684/0.0766 roll 0.2511/0.2908 (λ=1.00) | lr 4.58e-04
Epoch  32 | train 0.3159 (IM@1 0.0189 FM@1 0.0487) | val 0.3736 (IM@1 0.0210 FM@1 0.0557) sup 0.0676/0.0768 roll 0.2483/0.2968 (λ=1.00) | lr 4.58e-04
Epoch  33 | train 0.3149 (IM@1 0.0188 FM@1 0.0493) | val 0.3667 (IM@1 0.0209 FM@1 0.0551) sup 0.0681/0.0760 roll 0.2468/0.2907 (λ=1.00) | lr 4.58e-04
Epoch  34 | train 0.3132 (IM@1 0.0188 FM@1 0.0480) | val 0.3704 (IM@1 0.0208 FM@1 0.0554) sup 0.0668/0.0762 roll 0.2464/0.2942 (λ=1.00) | lr 4.58e-04
Epoch  35 | train 0.3109 (IM@1 0.0188 FM@1 0.0477) | val 0.3692 (IM@1 0.0210 FM@1 0.0550) sup 0.0665/0.0760 roll 0.2444/0.2932 (λ=1.00) | lr 4.58e-04
Epoch  36 | train 0.3085 (IM@1 0.0185 FM@1 0.0476) | val 0.3760 (IM@1 0.0210 FM@1 0.0565) sup 0.0660/0.0775 roll 0.2425/0.2985 (λ=1.00) | lr 4.58e-04
Epoch  37 | train 0.3085 (IM@1 0.0186 FM@1 0.0475) | val 0.3682 (IM@1 0.0210 FM@1 0.0559) sup 0.0661/0.0769 roll 0.2424/0.2913 (λ=1.00) | lr 4.58e-04
Epoch  38 | train 0.3052 (IM@1 0.0183 FM@1 0.0477) | val 0.3697 (IM@1 0.0210 FM@1 0.0554) sup 0.0660/0.0764 roll 0.2392/0.2933 (λ=1.00) | lr 4.58e-04
Epoch  39 | train 0.3055 (IM@1 0.0185 FM@1 0.0468) | val 0.3750 (IM@1 0.0212 FM@1 0.0552) sup 0.0653/0.0763 roll 0.2403/0.2987 (λ=1.00) | lr 4.58e-04

Training completato (combo). Best val (sup + 1.0*roll, da epoch 10): 0.3667 a epoch 33
[I 2026-09-26 19:55:43,731] Trial 72 finished with value: 0.36671570151024924 and parameters: {'gru_hidden_fm': 256, 'mlp_hidden_fm': 512, 'dropout_fm': 0.2090651890817308, 'weight_decay_fm': 1.3977153276723955e-06, 'gru_hidden_im': 64, 'mlp_hidden_im': 128, 'dropout_im': 0.05684975865690772, 'weight_decay_im': 0.025464132910711212, 'lr': 0.0009169938469380571, 'batch_size': 256, 'clip_norm': 1.0}. Best is trial 58 with value: 0.3605886232752144.
Split per-trial: 26015 finestre train | 6505 finestre val
Epoch   0 | train 0.5316 (IM@1 0.1256 FM@1 0.4060) | val 0.1761 (IM@1 0.0321 FM@1 0.1439) sup 0.5316/0.1761 roll 1.2197/0.7211 (λ=0.00) | lr 2.24e-03
Epoch   1 | train 0.2653 (IM@1 0.0304 FM@1 0.1723) | val 0.1539 (IM@1 0.0212 FM@1 0.0955) sup 0.2027/0.1168 roll 0.6262/0.3712 (λ=0.10) | lr 2.24e-03
Epoch   2 | train 0.2511 (IM@1 0.0245 FM@1 0.1337) | val 0.1767 (IM@1 0.0223 FM@1 0.0839) sup 0.1583/0.1062 roll 0.4642/0.3523 (λ=0.20) | lr 2.24e-03
Epoch   3 | train 0.2664 (IM@1 0.0231 FM@1 0.1204) | val 0.2009 (IM@1 0.0208 FM@1 0.0778) sup 0.1435/0.0986 roll 0.4097/0.3410 (λ=0.30) | lr 2.24e-03
Epoch   4 | train 0.2865 (IM@1 0.0226 FM@1 0.1129) | val 0.2342 (IM@1 0.0230 FM@1 0.0738) sup 0.1355/0.0968 roll 0.3775/0.3433 (λ=0.40) | lr 2.24e-03
Epoch   5 | train 0.3163 (IM@1 0.0228 FM@1 0.1075) | val 0.2605 (IM@1 0.0209 FM@1 0.0759) sup 0.1302/0.0969 roll 0.3722/0.3273 (λ=0.50) | lr 2.24e-03
Epoch   6 | train 0.3461 (IM@1 0.0235 FM@1 0.1055) | val 0.2805 (IM@1 0.0213 FM@1 0.0696) sup 0.1289/0.0909 roll 0.3619/0.3161 (λ=0.60) | lr 2.24e-03
Epoch   7 | train 0.3642 (IM@1 0.0223 FM@1 0.1038) | val 0.3204 (IM@1 0.0226 FM@1 0.0683) sup 0.1261/0.0908 roll 0.3402/0.3280 (λ=0.70) | lr 2.24e-03
Epoch   8 | train 0.3959 (IM@1 0.0232 FM@1 0.1004) | val 0.3520 (IM@1 0.0224 FM@1 0.0682) sup 0.1236/0.0906 roll 0.3404/0.3268 (λ=0.80) | lr 2.24e-03
Epoch   9 | train 0.4191 (IM@1 0.0229 FM@1 0.0983) | val 0.3632 (IM@1 0.0213 FM@1 0.0663) sup 0.1213/0.0876 roll 0.3309/0.3062 (λ=0.90) | lr 2.24e-03
Epoch  10 | train 0.4441 (IM@1 0.0228 FM@1 0.0972) | val 0.4008 (IM@1 0.0226 FM@1 0.0668) sup 0.1200/0.0895 roll 0.3241/0.3114 (λ=1.00) | lr 2.24e-03
Epoch  11 | train 0.4347 (IM@1 0.0223 FM@1 0.0954) | val 0.3952 (IM@1 0.0226 FM@1 0.0668) sup 0.1176/0.0894 roll 0.3170/0.3058 (λ=1.00) | lr 2.24e-03
Epoch  12 | train 0.4214 (IM@1 0.0215 FM@1 0.0935) | val 0.3914 (IM@1 0.0229 FM@1 0.0663) sup 0.1149/0.0892 roll 0.3064/0.3022 (λ=1.00) | lr 2.24e-03
Epoch  13 | train 0.4140 (IM@1 0.0210 FM@1 0.0910) | val 0.3920 (IM@1 0.0216 FM@1 0.0649) sup 0.1120/0.0865 roll 0.3020/0.3055 (λ=1.00) | lr 2.24e-03
Epoch  14 | train 0.4129 (IM@1 0.0213 FM@1 0.0900) | val 0.3879 (IM@1 0.0212 FM@1 0.0633) sup 0.1113/0.0845 roll 0.3016/0.3034 (λ=1.00) | lr 2.24e-03
Epoch  15 | train 0.4101 (IM@1 0.0209 FM@1 0.0900) | val 0.3807 (IM@1 0.0217 FM@1 0.0624) sup 0.1110/0.0841 roll 0.2991/0.2966 (λ=1.00) | lr 2.24e-03
Epoch  16 | train 0.3993 (IM@1 0.0205 FM@1 0.0881) | val 0.4003 (IM@1 0.0233 FM@1 0.0625) sup 0.1086/0.0859 roll 0.2907/0.3145 (λ=1.00) | lr 2.24e-03
Epoch  17 | train 0.4023 (IM@1 0.0208 FM@1 0.0890) | val 0.3860 (IM@1 0.0228 FM@1 0.0648) sup 0.1098/0.0876 roll 0.2925/0.2984 (λ=1.00) | lr 2.24e-03
Epoch  18 | train 0.3945 (IM@1 0.0204 FM@1 0.0878) | val 0.4054 (IM@1 0.0277 FM@1 0.0628) sup 0.1082/0.0904 roll 0.2863/0.3149 (λ=1.00) | lr 2.24e-03
Epoch  19 | train 0.3918 (IM@1 0.0204 FM@1 0.0856) | val 0.3952 (IM@1 0.0229 FM@1 0.0663) sup 0.1061/0.0892 roll 0.2857/0.3060 (λ=1.00) | lr 2.24e-03
Epoch  20 | train 0.3893 (IM@1 0.0207 FM@1 0.0857) | val 0.3885 (IM@1 0.0232 FM@1 0.0628) sup 0.1064/0.0859 roll 0.2829/0.3026 (λ=1.00) | lr 2.24e-03
Epoch  21 | train 0.3775 (IM@1 0.0201 FM@1 0.0820) | val 0.3790 (IM@1 0.0229 FM@1 0.0616) sup 0.1021/0.0845 roll 0.2755/0.2945 (λ=1.00) | lr 2.24e-03
Epoch  22 | train 0.3749 (IM@1 0.0205 FM@1 0.0812) | val 0.3922 (IM@1 0.0219 FM@1 0.0631) sup 0.1016/0.0851 roll 0.2733/0.3072 (λ=1.00) | lr 2.24e-03
Epoch  23 | train 0.3819 (IM@1 0.0210 FM@1 0.0822) | val 0.3873 (IM@1 0.0218 FM@1 0.0639) sup 0.1032/0.0858 roll 0.2788/0.3015 (λ=1.00) | lr 2.24e-03
Epoch  24 | train 0.3663 (IM@1 0.0201 FM@1 0.0809) | val 0.4013 (IM@1 0.0261 FM@1 0.0639) sup 0.1010/0.0900 roll 0.2653/0.3113 (λ=1.00) | lr 2.24e-03
Epoch  25 | train 0.3640 (IM@1 0.0201 FM@1 0.0807) | val 0.3887 (IM@1 0.0233 FM@1 0.0636) sup 0.1008/0.0868 roll 0.2632/0.3019 (λ=1.00) | lr 2.24e-03
Epoch  26 | train 0.3561 (IM@1 0.0199 FM@1 0.0784) | val 0.4076 (IM@1 0.0242 FM@1 0.0647) sup 0.0982/0.0889 roll 0.2578/0.3187 (λ=1.00) | lr 2.24e-03
Epoch  27 | train 0.3672 (IM@1 0.0212 FM@1 0.0803) | val 0.4017 (IM@1 0.0257 FM@1 0.0670) sup 0.1014/0.0927 roll 0.2658/0.3090 (λ=1.00) | lr 2.24e-03
Epoch  28 | train 0.3648 (IM@1 0.0202 FM@1 0.0798) | val 0.3938 (IM@1 0.0229 FM@1 0.0633) sup 0.1000/0.0862 roll 0.2648/0.3076 (λ=1.00) | lr 2.24e-03
Epoch  29 | train 0.3529 (IM@1 0.0201 FM@1 0.0786) | val 0.4090 (IM@1 0.0259 FM@1 0.0671) sup 0.0988/0.0930 roll 0.2541/0.3160 (λ=1.00) | lr 2.24e-03
Epoch  30 | train 0.3441 (IM@1 0.0200 FM@1 0.0776) | val 0.4241 (IM@1 0.0282 FM@1 0.0657) sup 0.0975/0.0939 roll 0.2465/0.3302 (λ=1.00) | lr 2.24e-03
Epoch  31 | train 0.3333 (IM@1 0.0198 FM@1 0.0755) | val 0.4251 (IM@1 0.0269 FM@1 0.0655) sup 0.0953/0.0924 roll 0.2380/0.3327 (λ=1.00) | lr 2.24e-03
Epoch  32 | train 0.3303 (IM@1 0.0193 FM@1 0.0763) | val 0.4197 (IM@1 0.0247 FM@1 0.0699) sup 0.0957/0.0946 roll 0.2347/0.3250 (λ=1.00) | lr 1.12e-03
[I 2026-09-26 20:58:45,212] Trial 84 pruned. 

Best val: 0.36059
  gru_hidden_fm: 128
  mlp_hidden_fm: 128
  dropout_fm: 0.053228712735840886
  weight_decay_fm: 2.3447806287056487e-05
  gru_hidden_im: 128
  mlp_hidden_im: 64
  dropout_im: 0.002043343117720862
  weight_decay_im: 1.4562760771452169e-06
  lr: 0.0003755740523370064
  batch_size: 64
  clip_norm: 1.0
Report: /home/gemma/tesi/aquabot/src/net/Estimator/tuning/tuning_results/best_joint_combo_p1_k10.txt
