Studio: joint_combo_p1_k10 | device cpu | mode=combo P=1 K=10 T=10
Caricamento dataset...
Trovati 120 trial.
Dataset grezzo: 120 trial letti. Scaler e finestre costruiti in split_by_trial() (fit solo su train).
/home/gemma/tesi/aquabot/src/net/Estimator/tuning/tune_joint.py:245: ExperimentalWarning: Argument ``multivariate`` is an experimental feature. The interface can change in the future.
  sampler = optuna.samplers.TPESampler(
/home/gemma/tesi/aquabot/src/net/Estimator/tuning/tune_joint.py:245: ExperimentalWarning: Argument ``group`` is an experimental feature. The interface can change in the future.
  sampler = optuna.samplers.TPESampler(
/home/gemma/tesi/aquabot/src/net/Estimator/tuning/tune_joint.py:245: ExperimentalWarning: Argument ``constant_liar`` is an experimental feature. The interface can change in the future.
  sampler = optuna.samplers.TPESampler(
[I 2026-09-26 12:51:42,353] Using an existing study with name 'joint_combo_p1_k10' instead of creating a new one.
Normalizzatore caricato da /home/gemma/tesi/aquabot/src/net/scaler/scalers_joint.pkl (nessun refit).
Dataset: 32520 campioni da 120 trial. H=20 P=10 | seq_cmd=(20, 1) seq_sens=(20, 2)
Split per-trial: 26015 finestre train | 6505 finestre val
Epoch   0 | train 0.3593 (IM@1 0.1063 FM@1 0.2530) | val 0.1414 (IM@1 0.0256 FM@1 0.1158) sup 0.3593/0.1414 roll 1.1007/0.5231 (λ=0.00) | lr 3.49e-04
Epoch   1 | train 0.2061 (IM@1 0.0292 FM@1 0.1243) | val 0.1490 (IM@1 0.0202 FM@1 0.0931) sup 0.1535/0.1133 roll 0.5262/0.3567 (λ=0.10) | lr 3.49e-04
Epoch   2 | train 0.2210 (IM@1 0.0274 FM@1 0.1074) | val 0.1706 (IM@1 0.0200 FM@1 0.0845) sup 0.1349/0.1045 roll 0.4304/0.3306 (λ=0.20) | lr 3.49e-04
Epoch   3 | train 0.2445 (IM@1 0.0268 FM@1 0.0985) | val 0.1992 (IM@1 0.0200 FM@1 0.0807) sup 0.1253/0.1008 roll 0.3974/0.3281 (λ=0.30) | lr 3.49e-04
Epoch   4 | train 0.2702 (IM@1 0.0265 FM@1 0.0940) | val 0.2327 (IM@1 0.0214 FM@1 0.0789) sup 0.1206/0.1003 roll 0.3741/0.3310 (λ=0.40) | lr 3.49e-04
Epoch   5 | train 0.2985 (IM@1 0.0268 FM@1 0.0910) | val 0.2691 (IM@1 0.0221 FM@1 0.0776) sup 0.1178/0.0997 roll 0.3616/0.3388 (λ=0.50) | lr 3.49e-04
Epoch   6 | train 0.3238 (IM@1 0.0269 FM@1 0.0874) | val 0.2875 (IM@1 0.0233 FM@1 0.0730) sup 0.1143/0.0963 roll 0.3491/0.3186 (λ=0.60) | lr 3.49e-04
Epoch   7 | train 0.3491 (IM@1 0.0268 FM@1 0.0843) | val 0.3065 (IM@1 0.0223 FM@1 0.0686) sup 0.1111/0.0909 roll 0.3400/0.3081 (λ=0.70) | lr 3.49e-04
Epoch   8 | train 0.3777 (IM@1 0.0268 FM@1 0.0829) | val 0.3374 (IM@1 0.0242 FM@1 0.0657) sup 0.1097/0.0899 roll 0.3350/0.3094 (λ=0.80) | lr 3.49e-04
Epoch   9 | train 0.4028 (IM@1 0.0273 FM@1 0.0810) | val 0.3729 (IM@1 0.0233 FM@1 0.0663) sup 0.1084/0.0896 roll 0.3271/0.3148 (λ=0.90) | lr 3.49e-04
Epoch  10 | train 0.4286 (IM@1 0.0270 FM@1 0.0796) | val 0.3906 (IM@1 0.0234 FM@1 0.0665) sup 0.1067/0.0899 roll 0.3220/0.3007 (λ=1.00) | lr 3.49e-04
Epoch  11 | train 0.4221 (IM@1 0.0272 FM@1 0.0782) | val 0.3967 (IM@1 0.0244 FM@1 0.0648) sup 0.1055/0.0893 roll 0.3167/0.3074 (λ=1.00) | lr 3.49e-04
Epoch  12 | train 0.4164 (IM@1 0.0268 FM@1 0.0778) | val 0.3929 (IM@1 0.0224 FM@1 0.0638) sup 0.1045/0.0862 roll 0.3119/0.3067 (λ=1.00) | lr 3.49e-04
Epoch  13 | train 0.4111 (IM@1 0.0267 FM@1 0.0761) | val 0.3881 (IM@1 0.0241 FM@1 0.0622) sup 0.1028/0.0863 roll 0.3083/0.3018 (λ=1.00) | lr 3.49e-04
Epoch  14 | train 0.4044 (IM@1 0.0263 FM@1 0.0752) | val 0.3968 (IM@1 0.0253 FM@1 0.0651) sup 0.1015/0.0904 roll 0.3029/0.3064 (λ=1.00) | lr 3.49e-04
Epoch  15 | train 0.4012 (IM@1 0.0260 FM@1 0.0745) | val 0.3873 (IM@1 0.0240 FM@1 0.0626) sup 0.1005/0.0867 roll 0.3007/0.3007 (λ=1.00) | lr 3.49e-04
Epoch  16 | train 0.3962 (IM@1 0.0256 FM@1 0.0734) | val 0.4242 (IM@1 0.0259 FM@1 0.0657) sup 0.0990/0.0916 roll 0.2972/0.3327 (λ=1.00) | lr 3.49e-04
Epoch  17 | train 0.3907 (IM@1 0.0256 FM@1 0.0715) | val 0.3922 (IM@1 0.0236 FM@1 0.0640) sup 0.0971/0.0876 roll 0.2937/0.3046 (λ=1.00) | lr 3.49e-04
Epoch  18 | train 0.3888 (IM@1 0.0251 FM@1 0.0720) | val 0.3856 (IM@1 0.0238 FM@1 0.0606) sup 0.0971/0.0844 roll 0.2916/0.3011 (λ=1.00) | lr 3.49e-04
Epoch  19 | train 0.3838 (IM@1 0.0251 FM@1 0.0705) | val 0.3898 (IM@1 0.0232 FM@1 0.0641) sup 0.0955/0.0873 roll 0.2883/0.3025 (λ=1.00) | lr 3.49e-04
Epoch  20 | train 0.3831 (IM@1 0.0248 FM@1 0.0704) | val 0.3818 (IM@1 0.0235 FM@1 0.0597) sup 0.0952/0.0833 roll 0.2879/0.2985 (λ=1.00) | lr 3.49e-04
Epoch  21 | train 0.3783 (IM@1 0.0249 FM@1 0.0692) | val 0.3993 (IM@1 0.0231 FM@1 0.0632) sup 0.0941/0.0863 roll 0.2842/0.3130 (λ=1.00) | lr 3.49e-04
Epoch  22 | train 0.3756 (IM@1 0.0248 FM@1 0.0685) | val 0.3846 (IM@1 0.0238 FM@1 0.0613) sup 0.0933/0.0851 roll 0.2823/0.2995 (λ=1.00) | lr 3.49e-04
Epoch  23 | train 0.3730 (IM@1 0.0248 FM@1 0.0684) | val 0.3824 (IM@1 0.0223 FM@1 0.0610) sup 0.0932/0.0833 roll 0.2798/0.2991 (λ=1.00) | lr 3.49e-04
Epoch  24 | train 0.3692 (IM@1 0.0244 FM@1 0.0676) | val 0.3849 (IM@1 0.0241 FM@1 0.0608) sup 0.0920/0.0849 roll 0.2772/0.3001 (λ=1.00) | lr 3.49e-04
Epoch  25 | train 0.3648 (IM@1 0.0242 FM@1 0.0667) | val 0.3865 (IM@1 0.0234 FM@1 0.0620) sup 0.0910/0.0854 roll 0.2738/0.3011 (λ=1.00) | lr 3.49e-04
Epoch  26 | train 0.3619 (IM@1 0.0243 FM@1 0.0660) | val 0.3869 (IM@1 0.0222 FM@1 0.0594) sup 0.0903/0.0816 roll 0.2716/0.3053 (λ=1.00) | lr 3.49e-04
Epoch  27 | train 0.3588 (IM@1 0.0244 FM@1 0.0655) | val 0.3910 (IM@1 0.0233 FM@1 0.0609) sup 0.0898/0.0842 roll 0.2690/0.3068 (λ=1.00) | lr 3.49e-04
Epoch  28 | train 0.3567 (IM@1 0.0241 FM@1 0.0650) | val 0.3953 (IM@1 0.0236 FM@1 0.0619) sup 0.0891/0.0855 roll 0.2677/0.3098 (λ=1.00) | lr 3.49e-04
Epoch  29 | train 0.3518 (IM@1 0.0239 FM@1 0.0646) | val 0.3856 (IM@1 0.0225 FM@1 0.0605) sup 0.0885/0.0830 roll 0.2634/0.3026 (λ=1.00) | lr 3.49e-04
Epoch  30 | train 0.3480 (IM@1 0.0238 FM@1 0.0632) | val 0.3945 (IM@1 0.0233 FM@1 0.0629) sup 0.0870/0.0862 roll 0.2610/0.3082 (λ=1.00) | lr 3.49e-04
Epoch  31 | train 0.3427 (IM@1 0.0238 FM@1 0.0622) | val 0.3856 (IM@1 0.0234 FM@1 0.0600) sup 0.0860/0.0834 roll 0.2567/0.3021 (λ=1.00) | lr 1.74e-04
Epoch  32 | train 0.3271 (IM@1 0.0228 FM@1 0.0600) | val 0.3892 (IM@1 0.0235 FM@1 0.0594) sup 0.0827/0.0830 roll 0.2443/0.3063 (λ=1.00) | lr 1.74e-04
Epoch  33 | train 0.3220 (IM@1 0.0229 FM@1 0.0591) | val 0.3956 (IM@1 0.0250 FM@1 0.0618) sup 0.0820/0.0868 roll 0.2399/0.3088 (λ=1.00) | lr 1.74e-04
Epoch  34 | train 0.3162 (IM@1 0.0225 FM@1 0.0572) | val 0.3912 (IM@1 0.0237 FM@1 0.0593) sup 0.0797/0.0830 roll 0.2366/0.3082 (λ=1.00) | lr 1.74e-04
Epoch  35 | train 0.3128 (IM@1 0.0225 FM@1 0.0569) | val 0.3911 (IM@1 0.0234 FM@1 0.0595) sup 0.0793/0.0829 roll 0.2335/0.3082 (λ=1.00) | lr 1.74e-04

Training completato (combo). Best val (sup + 1.0*roll, da epoch 10): 0.3818 a epoch 20
[I 2026-09-26 17:28:14,003] Trial 1 finished with value: 0.3818188020379657 and parameters: {'gru_hidden_fm': 512, 'mlp_hidden_fm': 256, 'dropout_fm': 0.27865864601329626, 'weight_decay_fm': 0.007636649939580548, 'gru_hidden_im': 256, 'mlp_hidden_im': 256, 'dropout_im': 0.23827798976511239, 'weight_decay_im': 4.573113866276454e-06, 'lr': 0.0003488501275284887, 'batch_size': 64, 'clip_norm': 0.5}. Best is trial 0 with value: 0.36280497199899414.
Split per-trial: 26015 finestre train | 6505 finestre val
Epoch   0 | train 0.3121 (IM@1 0.1102 FM@1 0.2018) | val 0.1150 (IM@1 0.0256 FM@1 0.0894) sup 0.3121/0.1150 roll 1.3018/0.5422 (λ=0.00) | lr 3.07e-03
Epoch   1 | train 0.1883 (IM@1 0.0404 FM@1 0.0886) | val 0.1450 (IM@1 0.0240 FM@1 0.0826) sup 0.1290/0.1066 roll 0.5920/0.3839 (λ=0.10) | lr 3.07e-03
Epoch   2 | train 0.2079 (IM@1 0.0382 FM@1 0.0783) | val 0.1755 (IM@1 0.0238 FM@1 0.0782) sup 0.1165/0.1020 roll 0.4570/0.3673 (λ=0.20) | lr 3.07e-03
Epoch   3 | train 0.2223 (IM@1 0.0368 FM@1 0.0684) | val 0.2104 (IM@1 0.0236 FM@1 0.0787) sup 0.1052/0.1024 roll 0.3906/0.3600 (λ=0.30) | lr 3.07e-03
Epoch   4 | train 0.2562 (IM@1 0.0369 FM@1 0.0681) | val 0.2424 (IM@1 0.0236 FM@1 0.0813) sup 0.1050/0.1050 roll 0.3779/0.3436 (λ=0.40) | lr 3.07e-03
Epoch   5 | train 0.2777 (IM@1 0.0364 FM@1 0.0655) | val 0.3014 (IM@1 0.0265 FM@1 0.0790) sup 0.1019/0.1055 roll 0.3516/0.3919 (λ=0.50) | lr 3.07e-03
Epoch   6 | train 0.3069 (IM@1 0.0360 FM@1 0.0634) | val 0.2808 (IM@1 0.0244 FM@1 0.0672) sup 0.0994/0.0916 roll 0.3458/0.3154 (λ=0.60) | lr 3.07e-03
Epoch   7 | train 0.3318 (IM@1 0.0365 FM@1 0.0632) | val 0.3270 (IM@1 0.0275 FM@1 0.0707) sup 0.0996/0.0981 roll 0.3317/0.3269 (λ=0.70) | lr 3.07e-03
Epoch   8 | train 0.3556 (IM@1 0.0355 FM@1 0.0620) | val 0.3536 (IM@1 0.0290 FM@1 0.0706) sup 0.0975/0.0996 roll 0.3227/0.3175 (λ=0.80) | lr 3.07e-03
Epoch   9 | train 0.3775 (IM@1 0.0355 FM@1 0.0608) | val 0.3881 (IM@1 0.0270 FM@1 0.0660) sup 0.0963/0.0930 roll 0.3124/0.3279 (λ=0.90) | lr 3.07e-03
Epoch  10 | train 0.3996 (IM@1 0.0353 FM@1 0.0592) | val 0.4017 (IM@1 0.0271 FM@1 0.0657) sup 0.0945/0.0928 roll 0.3051/0.3089 (λ=1.00) | lr 3.07e-03
Epoch  11 | train 0.3930 (IM@1 0.0343 FM@1 0.0586) | val 0.3891 (IM@1 0.0253 FM@1 0.0645) sup 0.0929/0.0898 roll 0.3001/0.2993 (λ=1.00) | lr 3.07e-03
Epoch  12 | train 0.3893 (IM@1 0.0340 FM@1 0.0584) | val 0.4189 (IM@1 0.0321 FM@1 0.0707) sup 0.0924/0.1027 roll 0.2969/0.3161 (λ=1.00) | lr 3.07e-03
Epoch  13 | train 0.3813 (IM@1 0.0344 FM@1 0.0568) | val 0.4073 (IM@1 0.0257 FM@1 0.0706) sup 0.0912/0.0963 roll 0.2901/0.3110 (λ=1.00) | lr 3.07e-03
Epoch  14 | train 0.3736 (IM@1 0.0333 FM@1 0.0558) | val 0.3877 (IM@1 0.0243 FM@1 0.0668) sup 0.0890/0.0911 roll 0.2846/0.2966 (λ=1.00) | lr 3.07e-03
Epoch  15 | train 0.3677 (IM@1 0.0326 FM@1 0.0543) | val 0.3847 (IM@1 0.0250 FM@1 0.0610) sup 0.0869/0.0860 roll 0.2807/0.2987 (λ=1.00) | lr 3.07e-03
Epoch  16 | train 0.3640 (IM@1 0.0335 FM@1 0.0533) | val 0.4023 (IM@1 0.0240 FM@1 0.0680) sup 0.0868/0.0920 roll 0.2772/0.3102 (λ=1.00) | lr 3.07e-03
Epoch  17 | train 0.3616 (IM@1 0.0328 FM@1 0.0530) | val 0.4059 (IM@1 0.0253 FM@1 0.0677) sup 0.0857/0.0930 roll 0.2759/0.3129 (λ=1.00) | lr 3.07e-03
Epoch  18 | train 0.3585 (IM@1 0.0329 FM@1 0.0516) | val 0.3955 (IM@1 0.0243 FM@1 0.0649) sup 0.0845/0.0892 roll 0.2740/0.3063 (λ=1.00) | lr 3.07e-03
Epoch  19 | train 0.3491 (IM@1 0.0322 FM@1 0.0492) | val 0.3828 (IM@1 0.0233 FM@1 0.0632) sup 0.0814/0.0865 roll 0.2677/0.2963 (λ=1.00) | lr 3.07e-03
Epoch  20 | train 0.3449 (IM@1 0.0322 FM@1 0.0493) | val 0.3973 (IM@1 0.0237 FM@1 0.0659) sup 0.0814/0.0896 roll 0.2635/0.3077 (λ=1.00) | lr 3.07e-03
Epoch  21 | train 0.3457 (IM@1 0.0322 FM@1 0.0490) | val 0.4443 (IM@1 0.0259 FM@1 0.0695) sup 0.0812/0.0954 roll 0.2646/0.3489 (λ=1.00) | lr 3.07e-03
Epoch  22 | train 0.3434 (IM@1 0.0315 FM@1 0.0481) | val 0.4036 (IM@1 0.0285 FM@1 0.0687) sup 0.0796/0.0972 roll 0.2638/0.3064 (λ=1.00) | lr 3.07e-03
Epoch  23 | train 0.3325 (IM@1 0.0308 FM@1 0.0461) | val 0.4100 (IM@1 0.0278 FM@1 0.0663) sup 0.0769/0.0941 roll 0.2556/0.3158 (λ=1.00) | lr 3.07e-03
Epoch  24 | train 0.3320 (IM@1 0.0313 FM@1 0.0463) | val 0.4031 (IM@1 0.0259 FM@1 0.0688) sup 0.0776/0.0947 roll 0.2545/0.3084 (λ=1.00) | lr 3.07e-03
Epoch  25 | train 0.3238 (IM@1 0.0311 FM@1 0.0441) | val 0.4036 (IM@1 0.0246 FM@1 0.0652) sup 0.0753/0.0899 roll 0.2485/0.3137 (λ=1.00) | lr 3.07e-03
Epoch  26 | train 0.3204 (IM@1 0.0308 FM@1 0.0438) | val 0.3992 (IM@1 0.0231 FM@1 0.0661) sup 0.0746/0.0892 roll 0.2458/0.3100 (λ=1.00) | lr 3.07e-03
Epoch  27 | train 0.3181 (IM@1 0.0316 FM@1 0.0429) | val 0.4035 (IM@1 0.0247 FM@1 0.0705) sup 0.0745/0.0953 roll 0.2436/0.3083 (λ=1.00) | lr 3.07e-03
Epoch  28 | train 0.3109 (IM@1 0.0309 FM@1 0.0416) | val 0.3992 (IM@1 0.0249 FM@1 0.0696) sup 0.0725/0.0945 roll 0.2384/0.3047 (λ=1.00) | lr 3.07e-03
Epoch  29 | train 0.3080 (IM@1 0.0309 FM@1 0.0412) | val 0.3987 (IM@1 0.0229 FM@1 0.0685) sup 0.0721/0.0914 roll 0.2359/0.3073 (λ=1.00) | lr 3.07e-03
Epoch  30 | train 0.3008 (IM@1 0.0306 FM@1 0.0403) | val 0.3987 (IM@1 0.0255 FM@1 0.0686) sup 0.0709/0.0941 roll 0.2299/0.3046 (λ=1.00) | lr 1.53e-03
Epoch  31 | train 0.2750 (IM@1 0.0293 FM@1 0.0353) | val 0.4019 (IM@1 0.0243 FM@1 0.0677) sup 0.0645/0.0920 roll 0.2105/0.3099 (λ=1.00) | lr 1.53e-03
Epoch  32 | train 0.2625 (IM@1 0.0285 FM@1 0.0327) | val 0.4067 (IM@1 0.0257 FM@1 0.0704) sup 0.0612/0.0961 roll 0.2013/0.3105 (λ=1.00) | lr 1.53e-03
Epoch  33 | train 0.2563 (IM@1 0.0282 FM@1 0.0322) | val 0.4135 (IM@1 0.0256 FM@1 0.0718) sup 0.0603/0.0974 roll 0.1959/0.3161 (λ=1.00) | lr 1.53e-03
Epoch  34 | train 0.2518 (IM@1 0.0284 FM@1 0.0322) | val 0.4176 (IM@1 0.0255 FM@1 0.0732) sup 0.0606/0.0987 roll 0.1912/0.3189 (λ=1.00) | lr 1.53e-03

Training completato (combo). Best val (sup + 1.0*roll, da epoch 10): 0.3828 a epoch 19
[I 2026-09-26 19:02:21,208] Trial 55 finished with value: 0.38279926570033584 and parameters: {'gru_hidden_fm': 256, 'mlp_hidden_fm': 512, 'dropout_fm': 0.1121901807377565, 'weight_decay_fm': 0.06832818625472312, 'gru_hidden_im': 256, 'mlp_hidden_im': 128, 'dropout_im': 0.22874929407987915, 'weight_decay_im': 1.4930423203153016e-06, 'lr': 0.00306815562370677, 'batch_size': 256, 'clip_norm': 1.0}. Best is trial 0 with value: 0.36280497199899414.
Split per-trial: 26015 finestre train | 6505 finestre val
Epoch   0 | train 0.6705 (IM@1 0.2322 FM@1 0.4383) | val 0.2285 (IM@1 0.0468 FM@1 0.1817) sup 0.6705/0.2285 roll 1.5268/0.9348 (λ=0.00) | lr 1.29e-03
Epoch   1 | train 0.3206 (IM@1 0.0551 FM@1 0.1763) | val 0.2235 (IM@1 0.0379 FM@1 0.1250) sup 0.2314/0.1629 roll 0.8915/0.6063 (λ=0.10) | lr 1.29e-03
Epoch   2 | train 0.3158 (IM@1 0.0462 FM@1 0.1349) | val 0.2517 (IM@1 0.0356 FM@1 0.1088) sup 0.1812/0.1444 roll 0.6729/0.5364 (λ=0.20) | lr 1.29e-03
Epoch   3 | train 0.3317 (IM@1 0.0412 FM@1 0.1209) | val 0.2501 (IM@1 0.0291 FM@1 0.0933) sup 0.1621/0.1224 roll 0.5655/0.4259 (λ=0.30) | lr 1.29e-03
Epoch   4 | train 0.3436 (IM@1 0.0381 FM@1 0.1090) | val 0.2710 (IM@1 0.0269 FM@1 0.0873) sup 0.1471/0.1142 roll 0.4911/0.3919 (λ=0.40) | lr 1.29e-03
Epoch   5 | train 0.3562 (IM@1 0.0362 FM@1 0.1018) | val 0.3128 (IM@1 0.0273 FM@1 0.0847) sup 0.1380/0.1120 roll 0.4365/0.4016 (λ=0.50) | lr 1.29e-03
Epoch   6 | train 0.3767 (IM@1 0.0365 FM@1 0.0986) | val 0.3204 (IM@1 0.0265 FM@1 0.0804) sup 0.1351/0.1069 roll 0.4026/0.3559 (λ=0.60) | lr 1.29e-03
Epoch   7 | train 0.3945 (IM@1 0.0358 FM@1 0.0936) | val 0.3358 (IM@1 0.0268 FM@1 0.0768) sup 0.1294/0.1036 roll 0.3787/0.3316 (λ=0.70) | lr 1.29e-03
Epoch   8 | train 0.4156 (IM@1 0.0348 FM@1 0.0909) | val 0.3623 (IM@1 0.0244 FM@1 0.0761) sup 0.1257/0.1005 roll 0.3624/0.3272 (λ=0.80) | lr 1.29e-03
Epoch   9 | train 0.4419 (IM@1 0.0361 FM@1 0.0864) | val 0.3909 (IM@1 0.0264 FM@1 0.0737) sup 0.1225/0.1001 roll 0.3549/0.3232 (λ=0.90) | lr 1.29e-03
Epoch  10 | train 0.4618 (IM@1 0.0351 FM@1 0.0868) | val 0.4123 (IM@1 0.0263 FM@1 0.0713) sup 0.1218/0.0976 roll 0.3400/0.3148 (λ=1.00) | lr 1.29e-03
Epoch  11 | train 0.4518 (IM@1 0.0346 FM@1 0.0845) | val 0.4026 (IM@1 0.0244 FM@1 0.0719) sup 0.1190/0.0963 roll 0.3327/0.3063 (λ=1.00) | lr 1.29e-03
Epoch  12 | train 0.4417 (IM@1 0.0343 FM@1 0.0818) | val 0.3991 (IM@1 0.0247 FM@1 0.0694) sup 0.1160/0.0942 roll 0.3257/0.3049 (λ=1.00) | lr 1.29e-03
Epoch  13 | train 0.4399 (IM@1 0.0343 FM@1 0.0818) | val 0.4276 (IM@1 0.0284 FM@1 0.0703) sup 0.1161/0.0987 roll 0.3237/0.3289 (λ=1.00) | lr 1.29e-03
Epoch  14 | train 0.4324 (IM@1 0.0339 FM@1 0.0807) | val 0.4067 (IM@1 0.0243 FM@1 0.0701) sup 0.1146/0.0944 roll 0.3178/0.3123 (λ=1.00) | lr 1.29e-03
Epoch  15 | train 0.4222 (IM@1 0.0333 FM@1 0.0782) | val 0.3982 (IM@1 0.0250 FM@1 0.0678) sup 0.1115/0.0928 roll 0.3107/0.3053 (λ=1.00) | lr 1.29e-03
Epoch  16 | train 0.4160 (IM@1 0.0327 FM@1 0.0777) | val 0.3930 (IM@1 0.0250 FM@1 0.0690) sup 0.1104/0.0940 roll 0.3057/0.2990 (λ=1.00) | lr 1.29e-03
Epoch  17 | train 0.4127 (IM@1 0.0332 FM@1 0.0751) | val 0.4064 (IM@1 0.0252 FM@1 0.0685) sup 0.1083/0.0936 roll 0.3043/0.3127 (λ=1.00) | lr 1.29e-03
Epoch  18 | train 0.4064 (IM@1 0.0328 FM@1 0.0745) | val 0.3944 (IM@1 0.0264 FM@1 0.0669) sup 0.1073/0.0933 roll 0.2991/0.3011 (λ=1.00) | lr 1.29e-03
Epoch  19 | train 0.4025 (IM@1 0.0320 FM@1 0.0744) | val 0.3988 (IM@1 0.0264 FM@1 0.0687) sup 0.1064/0.0951 roll 0.2962/0.3037 (λ=1.00) | lr 1.29e-03
Epoch  20 | train 0.3970 (IM@1 0.0311 FM@1 0.0727) | val 0.3938 (IM@1 0.0251 FM@1 0.0649) sup 0.1038/0.0900 roll 0.2931/0.3038 (λ=1.00) | lr 1.29e-03
Epoch  21 | train 0.3951 (IM@1 0.0316 FM@1 0.0723) | val 0.3895 (IM@1 0.0246 FM@1 0.0670) sup 0.1040/0.0916 roll 0.2911/0.2978 (λ=1.00) | lr 1.29e-03
Epoch  22 | train 0.3914 (IM@1 0.0315 FM@1 0.0725) | val 0.3850 (IM@1 0.0238 FM@1 0.0648) sup 0.1040/0.0886 roll 0.2874/0.2964 (λ=1.00) | lr 1.29e-03
Epoch  23 | train 0.3880 (IM@1 0.0313 FM@1 0.0707) | val 0.4089 (IM@1 0.0256 FM@1 0.0698) sup 0.1020/0.0955 roll 0.2860/0.3135 (λ=1.00) | lr 1.29e-03
Epoch  24 | train 0.3820 (IM@1 0.0312 FM@1 0.0694) | val 0.3918 (IM@1 0.0262 FM@1 0.0657) sup 0.1006/0.0919 roll 0.2813/0.3000 (λ=1.00) | lr 1.29e-03
Epoch  25 | train 0.3808 (IM@1 0.0307 FM@1 0.0694) | val 0.4042 (IM@1 0.0261 FM@1 0.0684) sup 0.1001/0.0945 roll 0.2807/0.3097 (λ=1.00) | lr 1.29e-03
Epoch  26 | train 0.3828 (IM@1 0.0308 FM@1 0.0702) | val 0.4014 (IM@1 0.0247 FM@1 0.0685) sup 0.1010/0.0932 roll 0.2818/0.3082 (λ=1.00) | lr 1.29e-03
Epoch  27 | train 0.3706 (IM@1 0.0299 FM@1 0.0676) | val 0.4010 (IM@1 0.0260 FM@1 0.0688) sup 0.0975/0.0947 roll 0.2731/0.3063 (λ=1.00) | lr 1.29e-03
[I 2026-09-26 19:56:09,542] Trial 73 pruned. 
Split per-trial: 26015 finestre train | 6505 finestre val
Epoch   0 | train 0.8767 (IM@1 0.4836 FM@1 0.3931) | val 0.3222 (IM@1 0.1406 FM@1 0.1816) sup 0.8767/0.3222 roll 1.5203/1.0627 (λ=0.00) | lr 4.04e-04
Epoch   1 | train 0.3058 (IM@1 0.0739 FM@1 0.1561) | val 0.2246 (IM@1 0.0425 FM@1 0.1285) sup 0.2300/0.1710 roll 0.7579/0.5365 (λ=0.10) | lr 4.04e-04
Epoch   2 | train 0.2640 (IM@1 0.0346 FM@1 0.1285) | val 0.2254 (IM@1 0.0290 FM@1 0.1157) sup 0.1631/0.1448 roll 0.5045/0.4031 (λ=0.20) | lr 4.04e-04
Epoch   3 | train 0.2705 (IM@1 0.0276 FM@1 0.1141) | val 0.2413 (IM@1 0.0251 FM@1 0.1046) sup 0.1417/0.1297 roll 0.4291/0.3719 (λ=0.30) | lr 4.04e-04
Epoch   4 | train 0.2870 (IM@1 0.0250 FM@1 0.1045) | val 0.2622 (IM@1 0.0238 FM@1 0.0956) sup 0.1295/0.1194 roll 0.3937/0.3571 (λ=0.40) | lr 4.04e-04
Epoch   5 | train 0.3095 (IM@1 0.0236 FM@1 0.0978) | val 0.2818 (IM@1 0.0229 FM@1 0.0899) sup 0.1214/0.1129 roll 0.3760/0.3378 (λ=0.50) | lr 4.04e-04
Epoch   6 | train 0.3340 (IM@1 0.0231 FM@1 0.0931) | val 0.3112 (IM@1 0.0224 FM@1 0.0875) sup 0.1162/0.1100 roll 0.3631/0.3354 (λ=0.60) | lr 4.04e-04
Epoch   7 | train 0.3587 (IM@1 0.0229 FM@1 0.0892) | val 0.3348 (IM@1 0.0222 FM@1 0.0839) sup 0.1121/0.1060 roll 0.3522/0.3267 (λ=0.70) | lr 4.04e-04
Epoch   8 | train 0.3854 (IM@1 0.0224 FM@1 0.0860) | val 0.3636 (IM@1 0.0223 FM@1 0.0813) sup 0.1085/0.1036 roll 0.3462/0.3249 (λ=0.80) | lr 4.04e-04
Epoch   9 | train 0.4096 (IM@1 0.0222 FM@1 0.0836) | val 0.3851 (IM@1 0.0222 FM@1 0.0773) sup 0.1058/0.0995 roll 0.3376/0.3174 (λ=0.90) | lr 4.04e-04
Epoch  10 | train 0.4389 (IM@1 0.0222 FM@1 0.0821) | val 0.4351 (IM@1 0.0223 FM@1 0.0781) sup 0.1043/0.1004 roll 0.3347/0.3347 (λ=1.00) | lr 4.04e-04
Epoch  11 | train 0.4336 (IM@1 0.0219 FM@1 0.0806) | val 0.4280 (IM@1 0.0220 FM@1 0.0778) sup 0.1026/0.0998 roll 0.3310/0.3283 (λ=1.00) | lr 4.04e-04
Epoch  12 | train 0.4263 (IM@1 0.0218 FM@1 0.0783) | val 0.4177 (IM@1 0.0221 FM@1 0.0749) sup 0.1001/0.0970 roll 0.3262/0.3207 (λ=1.00) | lr 4.04e-04
Epoch  13 | train 0.4200 (IM@1 0.0214 FM@1 0.0778) | val 0.4123 (IM@1 0.0217 FM@1 0.0733) sup 0.0992/0.0950 roll 0.3208/0.3173 (λ=1.00) | lr 4.04e-04
Epoch  14 | train 0.4135 (IM@1 0.0210 FM@1 0.0752) | val 0.4082 (IM@1 0.0216 FM@1 0.0731) sup 0.0962/0.0947 roll 0.3173/0.3135 (λ=1.00) | lr 4.04e-04
Epoch  15 | train 0.4125 (IM@1 0.0211 FM@1 0.0751) | val 0.4087 (IM@1 0.0220 FM@1 0.0719) sup 0.0962/0.0940 roll 0.3163/0.3147 (λ=1.00) | lr 4.04e-04
Epoch  16 | train 0.4063 (IM@1 0.0210 FM@1 0.0737) | val 0.4012 (IM@1 0.0216 FM@1 0.0721) sup 0.0946/0.0937 roll 0.3117/0.3075 (λ=1.00) | lr 4.04e-04
Epoch  17 | train 0.4019 (IM@1 0.0209 FM@1 0.0722) | val 0.4048 (IM@1 0.0225 FM@1 0.0700) sup 0.0931/0.0926 roll 0.3089/0.3123 (λ=1.00) | lr 4.04e-04
Epoch  18 | train 0.4004 (IM@1 0.0208 FM@1 0.0719) | val 0.4051 (IM@1 0.0217 FM@1 0.0704) sup 0.0927/0.0921 roll 0.3077/0.3129 (λ=1.00) | lr 4.04e-04
[I 2026-09-26 20:19:45,207] Trial 86 pruned. 
Split per-trial: 26015 finestre train | 6505 finestre val
Epoch   0 | train 0.3923 (IM@1 0.1406 FM@1 0.2517) | val 0.1478 (IM@1 0.0253 FM@1 0.1225) sup 0.3923/0.1478 roll 0.8990/0.4825 (λ=0.00) | lr 2.30e-04
Epoch   1 | train 0.1737 (IM@1 0.0217 FM@1 0.1123) | val 0.1530 (IM@1 0.0212 FM@1 0.0964) sup 0.1340/0.1176 roll 0.3972/0.3539 (λ=0.10) | lr 2.30e-04
Epoch   2 | train 0.1845 (IM@1 0.0194 FM@1 0.0948) | val 0.1700 (IM@1 0.0196 FM@1 0.0858) sup 0.1142/0.1054 roll 0.3516/0.3226 (λ=0.20) | lr 2.30e-04
Epoch   3 | train 0.2038 (IM@1 0.0186 FM@1 0.0857) | val 0.2008 (IM@1 0.0207 FM@1 0.0792) sup 0.1043/0.0999 roll 0.3319/0.3364 (λ=0.30) | lr 2.30e-04
Epoch   4 | train 0.2275 (IM@1 0.0182 FM@1 0.0799) | val 0.2231 (IM@1 0.0197 FM@1 0.0761) sup 0.0981/0.0958 roll 0.3234/0.3183 (λ=0.40) | lr 2.30e-04
Epoch   5 | train 0.2528 (IM@1 0.0178 FM@1 0.0770) | val 0.2511 (IM@1 0.0206 FM@1 0.0716) sup 0.0948/0.0922 roll 0.3159/0.3177 (λ=0.50) | lr 2.30e-04
Epoch   6 | train 0.2757 (IM@1 0.0175 FM@1 0.0726) | val 0.2848 (IM@1 0.0221 FM@1 0.0716) sup 0.0901/0.0937 roll 0.3093/0.3185 (λ=0.60) | lr 2.30e-04
Epoch   7 | train 0.3015 (IM@1 0.0175 FM@1 0.0708) | val 0.3165 (IM@1 0.0198 FM@1 0.0690) sup 0.0883/0.0888 roll 0.3047/0.3253 (λ=0.70) | lr 2.30e-04
Epoch   8 | train 0.3272 (IM@1 0.0173 FM@1 0.0690) | val 0.3327 (IM@1 0.0191 FM@1 0.0688) sup 0.0863/0.0879 roll 0.3011/0.3060 (λ=0.80) | lr 2.30e-04
Epoch   9 | train 0.3553 (IM@1 0.0174 FM@1 0.0678) | val 0.3624 (IM@1 0.0198 FM@1 0.0663) sup 0.0851/0.0860 roll 0.3002/0.3071 (λ=0.90) | lr 2.30e-04
Epoch  10 | train 0.3786 (IM@1 0.0174 FM@1 0.0661) | val 0.4064 (IM@1 0.0209 FM@1 0.0682) sup 0.0835/0.0891 roll 0.2951/0.3173 (λ=1.00) | lr 2.30e-04
Epoch  11 | train 0.3747 (IM@1 0.0173 FM@1 0.0653) | val 0.4151 (IM@1 0.0200 FM@1 0.0663) sup 0.0826/0.0863 roll 0.2921/0.3288 (λ=1.00) | lr 2.30e-04
Epoch  12 | train 0.3718 (IM@1 0.0173 FM@1 0.0643) | val 0.3851 (IM@1 0.0194 FM@1 0.0648) sup 0.0816/0.0841 roll 0.2902/0.3010 (λ=1.00) | lr 2.30e-04
Epoch  13 | train 0.3694 (IM@1 0.0171 FM@1 0.0634) | val 0.3877 (IM@1 0.0198 FM@1 0.0637) sup 0.0805/0.0835 roll 0.2889/0.3042 (λ=1.00) | lr 2.30e-04
Epoch  14 | train 0.3661 (IM@1 0.0171 FM@1 0.0629) | val 0.3885 (IM@1 0.0204 FM@1 0.0637) sup 0.0801/0.0841 roll 0.2861/0.3044 (λ=1.00) | lr 2.30e-04
Epoch  15 | train 0.3642 (IM@1 0.0171 FM@1 0.0614) | val 0.3966 (IM@1 0.0202 FM@1 0.0650) sup 0.0785/0.0851 roll 0.2856/0.3115 (λ=1.00) | lr 2.30e-04
Epoch  16 | train 0.3603 (IM@1 0.0171 FM@1 0.0615) | val 0.3844 (IM@1 0.0195 FM@1 0.0619) sup 0.0786/0.0814 roll 0.2818/0.3030 (λ=1.00) | lr 2.30e-04
Epoch  17 | train 0.3574 (IM@1 0.0167 FM@1 0.0596) | val 0.3846 (IM@1 0.0191 FM@1 0.0615) sup 0.0764/0.0805 roll 0.2810/0.3041 (λ=1.00) | lr 2.30e-04
Epoch  18 | train 0.3548 (IM@1 0.0168 FM@1 0.0590) | val 0.3758 (IM@1 0.0192 FM@1 0.0603) sup 0.0758/0.0795 roll 0.2790/0.2963 (λ=1.00) | lr 2.30e-04
Epoch  19 | train 0.3535 (IM@1 0.0169 FM@1 0.0586) | val 0.3756 (IM@1 0.0196 FM@1 0.0582) sup 0.0755/0.0778 roll 0.2780/0.2978 (λ=1.00) | lr 2.30e-04
Epoch  20 | train 0.3503 (IM@1 0.0168 FM@1 0.0579) | val 0.3763 (IM@1 0.0192 FM@1 0.0616) sup 0.0746/0.0808 roll 0.2757/0.2955 (λ=1.00) | lr 2.30e-04
Epoch  21 | train 0.3483 (IM@1 0.0167 FM@1 0.0578) | val 0.3958 (IM@1 0.0199 FM@1 0.0597) sup 0.0745/0.0796 roll 0.2737/0.3162 (λ=1.00) | lr 2.30e-04
Epoch  22 | train 0.3469 (IM@1 0.0166 FM@1 0.0574) | val 0.3785 (IM@1 0.0196 FM@1 0.0575) sup 0.0740/0.0771 roll 0.2729/0.3014 (λ=1.00) | lr 2.30e-04
Epoch  23 | train 0.3449 (IM@1 0.0167 FM@1 0.0568) | val 0.3691 (IM@1 0.0206 FM@1 0.0567) sup 0.0735/0.0774 roll 0.2714/0.2917 (λ=1.00) | lr 2.30e-04
Epoch  24 | train 0.3419 (IM@1 0.0169 FM@1 0.0555) | val 0.3717 (IM@1 0.0194 FM@1 0.0575) sup 0.0725/0.0769 roll 0.2694/0.2947 (λ=1.00) | lr 2.30e-04
Epoch  25 | train 0.3409 (IM@1 0.0165 FM@1 0.0553) | val 0.3751 (IM@1 0.0194 FM@1 0.0558) sup 0.0718/0.0753 roll 0.2691/0.2998 (λ=1.00) | lr 2.30e-04
Epoch  26 | train 0.3390 (IM@1 0.0166 FM@1 0.0551) | val 0.3732 (IM@1 0.0203 FM@1 0.0575) sup 0.0717/0.0778 roll 0.2673/0.2954 (λ=1.00) | lr 2.30e-04
Epoch  27 | train 0.3364 (IM@1 0.0166 FM@1 0.0552) | val 0.3700 (IM@1 0.0197 FM@1 0.0566) sup 0.0718/0.0763 roll 0.2646/0.2938 (λ=1.00) | lr 2.30e-04
Epoch  28 | train 0.3351 (IM@1 0.0165 FM@1 0.0543) | val 0.3714 (IM@1 0.0204 FM@1 0.0543) sup 0.0708/0.0747 roll 0.2643/0.2967 (λ=1.00) | lr 2.30e-04
Epoch  29 | train 0.3337 (IM@1 0.0166 FM@1 0.0538) | val 0.3731 (IM@1 0.0202 FM@1 0.0566) sup 0.0704/0.0769 roll 0.2633/0.2963 (λ=1.00) | lr 2.30e-04
Epoch  30 | train 0.3307 (IM@1 0.0163 FM@1 0.0533) | val 0.3634 (IM@1 0.0195 FM@1 0.0560) sup 0.0696/0.0756 roll 0.2611/0.2878 (λ=1.00) | lr 2.30e-04
Epoch  31 | train 0.3299 (IM@1 0.0165 FM@1 0.0533) | val 0.3729 (IM@1 0.0216 FM@1 0.0544) sup 0.0698/0.0761 roll 0.2601/0.2969 (λ=1.00) | lr 2.30e-04
Epoch  32 | train 0.3269 (IM@1 0.0164 FM@1 0.0524) | val 0.3758 (IM@1 0.0212 FM@1 0.0558) sup 0.0688/0.0771 roll 0.2581/0.2987 (λ=1.00) | lr 2.30e-04
Epoch  33 | train 0.3260 (IM@1 0.0165 FM@1 0.0521) | val 0.3748 (IM@1 0.0205 FM@1 0.0570) sup 0.0686/0.0774 roll 0.2575/0.2974 (λ=1.00) | lr 2.30e-04
Epoch  34 | train 0.3232 (IM@1 0.0162 FM@1 0.0522) | val 0.3702 (IM@1 0.0199 FM@1 0.0576) sup 0.0684/0.0775 roll 0.2548/0.2927 (λ=1.00) | lr 2.30e-04
Epoch  35 | train 0.3223 (IM@1 0.0162 FM@1 0.0518) | val 0.3598 (IM@1 0.0194 FM@1 0.0544) sup 0.0680/0.0737 roll 0.2543/0.2861 (λ=1.00) | lr 2.30e-04
Epoch  36 | train 0.3202 (IM@1 0.0163 FM@1 0.0512) | val 0.3637 (IM@1 0.0197 FM@1 0.0547) sup 0.0674/0.0745 roll 0.2528/0.2892 (λ=1.00) | lr 2.30e-04
Epoch  37 | train 0.3185 (IM@1 0.0161 FM@1 0.0515) | val 0.3605 (IM@1 0.0199 FM@1 0.0548) sup 0.0676/0.0747 roll 0.2509/0.2858 (λ=1.00) | lr 2.30e-04
Epoch  38 | train 0.3178 (IM@1 0.0162 FM@1 0.0503) | val 0.3677 (IM@1 0.0195 FM@1 0.0556) sup 0.0665/0.0751 roll 0.2513/0.2926 (λ=1.00) | lr 2.30e-04
Epoch  39 | train 0.3172 (IM@1 0.0161 FM@1 0.0509) | val 0.3739 (IM@1 0.0200 FM@1 0.0581) sup 0.0670/0.0781 roll 0.2502/0.2958 (λ=1.00) | lr 2.30e-04

Training completato (combo). Best val (sup + 1.0*roll, da epoch 10): 0.3598 a epoch 35
[I 2026-09-26 21:28:32,438] Trial 93 finished with value: 0.3598279126303458 and parameters: {'gru_hidden_fm': 128, 'mlp_hidden_fm': 512, 'dropout_fm': 0.19931977379143886, 'weight_decay_fm': 1.0216647704793357e-05, 'gru_hidden_im': 128, 'mlp_hidden_im': 256, 'dropout_im': 0.06367278116520242, 'weight_decay_im': 0.0007406462387410057, 'lr': 0.0002298046446717069, 'batch_size': 64, 'clip_norm': 1.0}. Best is trial 93 with value: 0.3598279126303458.

Best val: 0.35983
  gru_hidden_fm: 128
  mlp_hidden_fm: 512
  dropout_fm: 0.19931977379143886
  weight_decay_fm: 1.0216647704793357e-05
  gru_hidden_im: 128
  mlp_hidden_im: 256
  dropout_im: 0.06367278116520242
  weight_decay_im: 0.0007406462387410057
  lr: 0.0002298046446717069
  batch_size: 64
  clip_norm: 1.0
Report: /home/gemma/tesi/aquabot/src/net/Estimator/tuning/tuning_results/best_joint_combo_p1_k10.txt
