Studio: joint_combo_p1_k10 | device cpu | mode=combo P=1 K=10 T=10
Caricamento dataset...
Trovati 120 trial.
Dataset grezzo: 120 trial letti. Scaler e finestre costruiti in split_by_trial() (fit solo su train).
/home/gemma/tesi/aquabot/src/net/Estimator/tuning/tune_joint.py:245: ExperimentalWarning: Argument ``multivariate`` is an experimental feature. The interface can change in the future.
  sampler = optuna.samplers.TPESampler(
/home/gemma/tesi/aquabot/src/net/Estimator/tuning/tune_joint.py:245: ExperimentalWarning: Argument ``group`` is an experimental feature. The interface can change in the future.
  sampler = optuna.samplers.TPESampler(
/home/gemma/tesi/aquabot/src/net/Estimator/tuning/tune_joint.py:245: ExperimentalWarning: Argument ``constant_liar`` is an experimental feature. The interface can change in the future.
  sampler = optuna.samplers.TPESampler(
[I 2026-09-26 12:52:38,220] Using an existing study with name 'joint_combo_p1_k10' instead of creating a new one.
Normalizzatore caricato da /home/gemma/tesi/aquabot/src/net/scaler/scalers_joint.pkl (nessun refit).
Dataset: 32520 campioni da 120 trial. H=20 P=10 | seq_cmd=(20, 1) seq_sens=(20, 2)
Split per-trial: 26015 finestre train | 6505 finestre val
Epoch   0 | train 0.3892 (IM@1 0.1486 FM@1 0.2406) | val 0.1507 (IM@1 0.0360 FM@1 0.1147) sup 0.3892/0.1507 roll 1.4835/0.9820 (λ=0.00) | lr 9.39e-04
Epoch   1 | train 0.2801 (IM@1 0.0553 FM@1 0.1437) | val 0.1740 (IM@1 0.0307 FM@1 0.0948) sup 0.1990/0.1254 roll 0.8113/0.4861 (λ=0.10) | lr 9.39e-04
Epoch   2 | train 0.2917 (IM@1 0.0502 FM@1 0.1282) | val 0.1947 (IM@1 0.0271 FM@1 0.0877) sup 0.1784/0.1147 roll 0.5668/0.3997 (λ=0.20) | lr 9.39e-04
Epoch   3 | train 0.3153 (IM@1 0.0479 FM@1 0.1214) | val 0.2209 (IM@1 0.0277 FM@1 0.0851) sup 0.1693/0.1128 roll 0.4864/0.3604 (λ=0.30) | lr 9.39e-04
Epoch   4 | train 0.3398 (IM@1 0.0470 FM@1 0.1154) | val 0.2544 (IM@1 0.0320 FM@1 0.0798) sup 0.1624/0.1118 roll 0.4436/0.3565 (λ=0.40) | lr 9.39e-04
Epoch   5 | train 0.3670 (IM@1 0.0471 FM@1 0.1123) | val 0.2761 (IM@1 0.0305 FM@1 0.0779) sup 0.1594/0.1084 roll 0.4152/0.3355 (λ=0.50) | lr 9.39e-04
Epoch   6 | train 0.3955 (IM@1 0.0467 FM@1 0.1103) | val 0.3088 (IM@1 0.0294 FM@1 0.0812) sup 0.1570/0.1105 roll 0.3976/0.3304 (λ=0.60) | lr 9.39e-04
Epoch   7 | train 0.4226 (IM@1 0.0472 FM@1 0.1071) | val 0.3272 (IM@1 0.0270 FM@1 0.0748) sup 0.1544/0.1018 roll 0.3832/0.3220 (λ=0.70) | lr 9.39e-04
Epoch   8 | train 0.4490 (IM@1 0.0460 FM@1 0.1050) | val 0.3625 (IM@1 0.0329 FM@1 0.0739) sup 0.1510/0.1069 roll 0.3725/0.3195 (λ=0.80) | lr 9.39e-04
Epoch   9 | train 0.4757 (IM@1 0.0464 FM@1 0.1015) | val 0.4008 (IM@1 0.0312 FM@1 0.0768) sup 0.1478/0.1080 roll 0.3643/0.3253 (λ=0.90) | lr 9.39e-04
Epoch  10 | train 0.5057 (IM@1 0.0461 FM@1 0.1005) | val 0.4100 (IM@1 0.0293 FM@1 0.0746) sup 0.1466/0.1039 roll 0.3591/0.3061 (λ=1.00) | lr 9.39e-04
Epoch  11 | train 0.4989 (IM@1 0.0457 FM@1 0.1011) | val 0.4122 (IM@1 0.0277 FM@1 0.0757) sup 0.1468/0.1033 roll 0.3521/0.3089 (λ=1.00) | lr 9.39e-04
Epoch  12 | train 0.4929 (IM@1 0.0456 FM@1 0.0991) | val 0.4672 (IM@1 0.0413 FM@1 0.0739) sup 0.1447/0.1152 roll 0.3482/0.3520 (λ=1.00) | lr 9.39e-04
Epoch  13 | train 0.4897 (IM@1 0.0447 FM@1 0.0999) | val 0.4314 (IM@1 0.0330 FM@1 0.0789) sup 0.1446/0.1119 roll 0.3451/0.3196 (λ=1.00) | lr 9.39e-04
Epoch  14 | train 0.4849 (IM@1 0.0453 FM@1 0.0972) | val 0.4235 (IM@1 0.0324 FM@1 0.0758) sup 0.1426/0.1082 roll 0.3423/0.3153 (λ=1.00) | lr 9.39e-04
Epoch  15 | train 0.4793 (IM@1 0.0452 FM@1 0.0969) | val 0.4063 (IM@1 0.0286 FM@1 0.0719) sup 0.1421/0.1005 roll 0.3372/0.3058 (λ=1.00) | lr 9.39e-04
Epoch  16 | train 0.4708 (IM@1 0.0443 FM@1 0.0945) | val 0.4192 (IM@1 0.0303 FM@1 0.0753) sup 0.1388/0.1056 roll 0.3320/0.3136 (λ=1.00) | lr 9.39e-04
Epoch  17 | train 0.4654 (IM@1 0.0435 FM@1 0.0944) | val 0.4149 (IM@1 0.0312 FM@1 0.0715) sup 0.1379/0.1027 roll 0.3275/0.3122 (λ=1.00) | lr 9.39e-04
Epoch  18 | train 0.4591 (IM@1 0.0436 FM@1 0.0924) | val 0.4266 (IM@1 0.0312 FM@1 0.0723) sup 0.1359/0.1035 roll 0.3232/0.3232 (λ=1.00) | lr 9.39e-04
Epoch  19 | train 0.4513 (IM@1 0.0432 FM@1 0.0913) | val 0.4329 (IM@1 0.0324 FM@1 0.0755) sup 0.1346/0.1079 roll 0.3168/0.3250 (λ=1.00) | lr 9.39e-04
Epoch  20 | train 0.4476 (IM@1 0.0429 FM@1 0.0910) | val 0.4590 (IM@1 0.0362 FM@1 0.0852) sup 0.1339/0.1213 roll 0.3137/0.3377 (λ=1.00) | lr 9.39e-04
Epoch  21 | train 0.4388 (IM@1 0.0428 FM@1 0.0905) | val 0.4500 (IM@1 0.0361 FM@1 0.0774) sup 0.1333/0.1134 roll 0.3055/0.3365 (λ=1.00) | lr 9.39e-04
Epoch  22 | train 0.4293 (IM@1 0.0423 FM@1 0.0879) | val 0.4454 (IM@1 0.0306 FM@1 0.0763) sup 0.1302/0.1068 roll 0.2991/0.3385 (λ=1.00) | lr 9.39e-04
Epoch  23 | train 0.4187 (IM@1 0.0415 FM@1 0.0868) | val 0.4417 (IM@1 0.0333 FM@1 0.0806) sup 0.1282/0.1139 roll 0.2905/0.3278 (λ=1.00) | lr 9.39e-04
Epoch  24 | train 0.4089 (IM@1 0.0421 FM@1 0.0860) | val 0.4682 (IM@1 0.0359 FM@1 0.0836) sup 0.1282/0.1195 roll 0.2808/0.3486 (λ=1.00) | lr 9.39e-04
Epoch  25 | train 0.3965 (IM@1 0.0415 FM@1 0.0850) | val 0.4843 (IM@1 0.0377 FM@1 0.0882) sup 0.1265/0.1260 roll 0.2700/0.3583 (λ=1.00) | lr 9.39e-04
Epoch  26 | train 0.3838 (IM@1 0.0405 FM@1 0.0844) | val 0.4978 (IM@1 0.0411 FM@1 0.0826) sup 0.1249/0.1237 roll 0.2589/0.3741 (λ=1.00) | lr 4.69e-04
Epoch  27 | train 0.3471 (IM@1 0.0385 FM@1 0.0775) | val 0.4866 (IM@1 0.0402 FM@1 0.0835) sup 0.1161/0.1237 roll 0.2310/0.3629 (λ=1.00) | lr 4.69e-04
Epoch  28 | train 0.3296 (IM@1 0.0377 FM@1 0.0752) | val 0.4937 (IM@1 0.0395 FM@1 0.0864) sup 0.1129/0.1259 roll 0.2167/0.3678 (λ=1.00) | lr 4.69e-04
Epoch  29 | train 0.3169 (IM@1 0.0376 FM@1 0.0726) | val 0.4981 (IM@1 0.0386 FM@1 0.0906) sup 0.1101/0.1292 roll 0.2067/0.3690 (λ=1.00) | lr 4.69e-04
Epoch  30 | train 0.3050 (IM@1 0.0363 FM@1 0.0712) | val 0.5118 (IM@1 0.0396 FM@1 0.0932) sup 0.1076/0.1328 roll 0.1975/0.3790 (λ=1.00) | lr 4.69e-04

Training completato (combo). Best val (sup + 1.0*roll, da epoch 10): 0.4063 a epoch 15
[I 2026-09-26 16:19:15,765] Trial 19 finished with value: 0.40634776782430565 and parameters: {'gru_hidden_fm': 512, 'mlp_hidden_fm': 256, 'dropout_fm': 0.46335445422720684, 'weight_decay_fm': 0.0015397240156514082, 'gru_hidden_im': 128, 'mlp_hidden_im': 32, 'dropout_im': 0.11634426379845687, 'weight_decay_im': 0.0758965262772828, 'lr': 0.0009386958684942019, 'batch_size': 64, 'clip_norm': 0.5}. Best is trial 0 with value: 0.36280497199899414.
Split per-trial: 26015 finestre train | 6505 finestre val
Epoch   0 | train 1.0109 (IM@1 0.4695 FM@1 0.5414) | val 0.4092 (IM@1 0.1158 FM@1 0.2934) sup 1.0109/0.4092 roll 1.6747/1.2212 (λ=0.00) | lr 8.44e-05
Epoch   1 | train 0.4486 (IM@1 0.0662 FM@1 0.2807) | val 0.3504 (IM@1 0.0449 FM@1 0.2247) sup 0.3468/0.2696 roll 1.0178/0.8081 (λ=0.10) | lr 8.44e-05
Epoch   2 | train 0.3980 (IM@1 0.0324 FM@1 0.2254) | val 0.3399 (IM@1 0.0348 FM@1 0.1871) sup 0.2579/0.2219 roll 0.7005/0.5900 (λ=0.20) | lr 8.44e-05
Epoch   3 | train 0.3880 (IM@1 0.0258 FM@1 0.1949) | val 0.3370 (IM@1 0.0299 FM@1 0.1614) sup 0.2207/0.1913 roll 0.5576/0.4858 (λ=0.30) | lr 8.44e-05
Epoch   4 | train 0.3960 (IM@1 0.0229 FM@1 0.1782) | val 0.3761 (IM@1 0.0280 FM@1 0.1486) sup 0.2010/0.1766 roll 0.4874/0.4989 (λ=0.40) | lr 8.44e-05
Epoch   5 | train 0.4226 (IM@1 0.0214 FM@1 0.1668) | val 0.3777 (IM@1 0.0261 FM@1 0.1395) sup 0.1882/0.1656 roll 0.4689/0.4242 (λ=0.50) | lr 8.44e-05
Epoch   6 | train 0.4363 (IM@1 0.0198 FM@1 0.1584) | val 0.4100 (IM@1 0.0246 FM@1 0.1327) sup 0.1782/0.1572 roll 0.4301/0.4213 (λ=0.60) | lr 8.44e-05
Epoch   7 | train 0.4570 (IM@1 0.0187 FM@1 0.1495) | val 0.4161 (IM@1 0.0236 FM@1 0.1233) sup 0.1683/0.1470 roll 0.4124/0.3845 (λ=0.70) | lr 8.44e-05
Epoch   8 | train 0.4814 (IM@1 0.0182 FM@1 0.1435) | val 0.4503 (IM@1 0.0227 FM@1 0.1177) sup 0.1617/0.1404 roll 0.3996/0.3874 (λ=0.80) | lr 8.44e-05
Epoch   9 | train 0.5038 (IM@1 0.0175 FM@1 0.1369) | val 0.4671 (IM@1 0.0225 FM@1 0.1127) sup 0.1545/0.1352 roll 0.3882/0.3687 (λ=0.90) | lr 8.44e-05
Epoch  10 | train 0.5266 (IM@1 0.0172 FM@1 0.1329) | val 0.4848 (IM@1 0.0216 FM@1 0.1078) sup 0.1501/0.1295 roll 0.3765/0.3553 (λ=1.00) | lr 8.44e-05
Epoch  11 | train 0.5122 (IM@1 0.0166 FM@1 0.1291) | val 0.4719 (IM@1 0.0212 FM@1 0.1030) sup 0.1457/0.1242 roll 0.3665/0.3477 (λ=1.00) | lr 8.44e-05
Epoch  12 | train 0.4987 (IM@1 0.0163 FM@1 0.1239) | val 0.4623 (IM@1 0.0209 FM@1 0.0990) sup 0.1402/0.1199 roll 0.3585/0.3424 (λ=1.00) | lr 8.44e-05
Epoch  13 | train 0.4930 (IM@1 0.0161 FM@1 0.1217) | val 0.4624 (IM@1 0.0208 FM@1 0.0969) sup 0.1377/0.1177 roll 0.3553/0.3447 (λ=1.00) | lr 8.44e-05
Epoch  14 | train 0.4844 (IM@1 0.0158 FM@1 0.1182) | val 0.4624 (IM@1 0.0205 FM@1 0.0943) sup 0.1340/0.1147 roll 0.3504/0.3476 (λ=1.00) | lr 8.44e-05
Epoch  15 | train 0.4751 (IM@1 0.0157 FM@1 0.1144) | val 0.4414 (IM@1 0.0207 FM@1 0.0903) sup 0.1301/0.1110 roll 0.3450/0.3305 (λ=1.00) | lr 8.44e-05
Epoch  16 | train 0.4675 (IM@1 0.0155 FM@1 0.1126) | val 0.4333 (IM@1 0.0199 FM@1 0.0890) sup 0.1281/0.1089 roll 0.3393/0.3243 (λ=1.00) | lr 8.44e-05
Epoch  17 | train 0.4657 (IM@1 0.0154 FM@1 0.1109) | val 0.4451 (IM@1 0.0204 FM@1 0.0895) sup 0.1264/0.1098 roll 0.3393/0.3353 (λ=1.00) | lr 8.44e-05
Epoch  18 | train 0.4562 (IM@1 0.0152 FM@1 0.1071) | val 0.4290 (IM@1 0.0198 FM@1 0.0840) sup 0.1224/0.1039 roll 0.3338/0.3251 (λ=1.00) | lr 8.44e-05
[I 2026-09-26 17:59:25,942] Trial 45 pruned. 
Split per-trial: 26015 finestre train | 6505 finestre val
Epoch   0 | train 0.6009 (IM@1 0.2440 FM@1 0.3569) | val 0.2001 (IM@1 0.0369 FM@1 0.1633) sup 0.6009/0.2001 roll 1.3107/0.6786 (λ=0.00) | lr 5.01e-04
Epoch   1 | train 0.2397 (IM@1 0.0344 FM@1 0.1497) | val 0.1853 (IM@1 0.0237 FM@1 0.1199) sup 0.1841/0.1436 roll 0.5557/0.4165 (λ=0.10) | lr 5.01e-04
Epoch   2 | train 0.2362 (IM@1 0.0268 FM@1 0.1236) | val 0.1941 (IM@1 0.0215 FM@1 0.1010) sup 0.1504/0.1225 roll 0.4288/0.3583 (λ=0.20) | lr 5.01e-04
Epoch   3 | train 0.2504 (IM@1 0.0245 FM@1 0.1091) | val 0.2147 (IM@1 0.0222 FM@1 0.0897) sup 0.1336/0.1119 roll 0.3894/0.3426 (λ=0.30) | lr 5.01e-04
Epoch   4 | train 0.2708 (IM@1 0.0238 FM@1 0.0986) | val 0.2453 (IM@1 0.0220 FM@1 0.0855) sup 0.1224/0.1075 roll 0.3710/0.3445 (λ=0.40) | lr 5.01e-04
Epoch   5 | train 0.3008 (IM@1 0.0237 FM@1 0.0963) | val 0.2636 (IM@1 0.0209 FM@1 0.0813) sup 0.1201/0.1023 roll 0.3615/0.3227 (λ=0.50) | lr 5.01e-04
Epoch   6 | train 0.3252 (IM@1 0.0236 FM@1 0.0905) | val 0.2941 (IM@1 0.0217 FM@1 0.0770) sup 0.1141/0.0987 roll 0.3518/0.3257 (λ=0.60) | lr 5.01e-04
Epoch   7 | train 0.3528 (IM@1 0.0235 FM@1 0.0877) | val 0.3180 (IM@1 0.0205 FM@1 0.0762) sup 0.1112/0.0967 roll 0.3451/0.3162 (λ=0.70) | lr 5.01e-04
Epoch   8 | train 0.3800 (IM@1 0.0231 FM@1 0.0859) | val 0.3556 (IM@1 0.0232 FM@1 0.0752) sup 0.1089/0.0985 roll 0.3388/0.3215 (λ=0.80) | lr 5.01e-04
Epoch   9 | train 0.4105 (IM@1 0.0237 FM@1 0.0851) | val 0.3742 (IM@1 0.0212 FM@1 0.0723) sup 0.1088/0.0935 roll 0.3353/0.3119 (λ=0.90) | lr 5.01e-04
Epoch  10 | train 0.4347 (IM@1 0.0233 FM@1 0.0833) | val 0.4126 (IM@1 0.0209 FM@1 0.0737) sup 0.1066/0.0946 roll 0.3281/0.3180 (λ=1.00) | lr 5.01e-04
Epoch  11 | train 0.4281 (IM@1 0.0229 FM@1 0.0812) | val 0.4027 (IM@1 0.0223 FM@1 0.0718) sup 0.1040/0.0942 roll 0.3241/0.3085 (λ=1.00) | lr 5.01e-04
Epoch  12 | train 0.4243 (IM@1 0.0230 FM@1 0.0799) | val 0.4011 (IM@1 0.0222 FM@1 0.0689) sup 0.1029/0.0911 roll 0.3214/0.3100 (λ=1.00) | lr 5.01e-04
Epoch  13 | train 0.4199 (IM@1 0.0233 FM@1 0.0791) | val 0.4027 (IM@1 0.0218 FM@1 0.0708) sup 0.1024/0.0925 roll 0.3175/0.3102 (λ=1.00) | lr 5.01e-04
Epoch  14 | train 0.4163 (IM@1 0.0230 FM@1 0.0778) | val 0.3957 (IM@1 0.0222 FM@1 0.0675) sup 0.1008/0.0897 roll 0.3155/0.3060 (λ=1.00) | lr 5.01e-04
Epoch  15 | train 0.4146 (IM@1 0.0231 FM@1 0.0771) | val 0.4061 (IM@1 0.0224 FM@1 0.0702) sup 0.1003/0.0926 roll 0.3143/0.3135 (λ=1.00) | lr 5.01e-04
Epoch  16 | train 0.4090 (IM@1 0.0232 FM@1 0.0756) | val 0.3913 (IM@1 0.0218 FM@1 0.0676) sup 0.0987/0.0894 roll 0.3103/0.3019 (λ=1.00) | lr 5.01e-04
Epoch  17 | train 0.4041 (IM@1 0.0228 FM@1 0.0750) | val 0.3965 (IM@1 0.0212 FM@1 0.0661) sup 0.0978/0.0873 roll 0.3063/0.3092 (λ=1.00) | lr 5.01e-04
Epoch  18 | train 0.4025 (IM@1 0.0223 FM@1 0.0746) | val 0.3987 (IM@1 0.0217 FM@1 0.0679) sup 0.0969/0.0896 roll 0.3055/0.3090 (λ=1.00) | lr 5.01e-04
Epoch  19 | train 0.3981 (IM@1 0.0223 FM@1 0.0741) | val 0.3843 (IM@1 0.0216 FM@1 0.0650) sup 0.0964/0.0866 roll 0.3017/0.2976 (λ=1.00) | lr 5.01e-04
Epoch  20 | train 0.3962 (IM@1 0.0224 FM@1 0.0730) | val 0.3803 (IM@1 0.0212 FM@1 0.0632) sup 0.0954/0.0843 roll 0.3008/0.2960 (λ=1.00) | lr 5.01e-04
Epoch  21 | train 0.3924 (IM@1 0.0220 FM@1 0.0717) | val 0.3900 (IM@1 0.0225 FM@1 0.0627) sup 0.0937/0.0852 roll 0.2987/0.3049 (λ=1.00) | lr 5.01e-04
Epoch  22 | train 0.3894 (IM@1 0.0219 FM@1 0.0713) | val 0.3885 (IM@1 0.0214 FM@1 0.0641) sup 0.0932/0.0855 roll 0.2962/0.3030 (λ=1.00) | lr 5.01e-04
Epoch  23 | train 0.3896 (IM@1 0.0221 FM@1 0.0717) | val 0.3881 (IM@1 0.0231 FM@1 0.0637) sup 0.0938/0.0868 roll 0.2957/0.3013 (λ=1.00) | lr 5.01e-04
Epoch  24 | train 0.3847 (IM@1 0.0220 FM@1 0.0708) | val 0.3904 (IM@1 0.0219 FM@1 0.0616) sup 0.0928/0.0836 roll 0.2919/0.3068 (λ=1.00) | lr 5.01e-04
Epoch  25 | train 0.3850 (IM@1 0.0221 FM@1 0.0709) | val 0.3913 (IM@1 0.0226 FM@1 0.0658) sup 0.0930/0.0884 roll 0.2921/0.3029 (λ=1.00) | lr 5.01e-04
Epoch  26 | train 0.3839 (IM@1 0.0224 FM@1 0.0705) | val 0.3841 (IM@1 0.0221 FM@1 0.0623) sup 0.0929/0.0843 roll 0.2911/0.2998 (λ=1.00) | lr 5.01e-04
Epoch  27 | train 0.3772 (IM@1 0.0217 FM@1 0.0692) | val 0.3780 (IM@1 0.0228 FM@1 0.0594) sup 0.0908/0.0823 roll 0.2864/0.2958 (λ=1.00) | lr 5.01e-04
Epoch  28 | train 0.3745 (IM@1 0.0218 FM@1 0.0685) | val 0.3743 (IM@1 0.0216 FM@1 0.0608) sup 0.0903/0.0824 roll 0.2842/0.2919 (λ=1.00) | lr 5.01e-04
Epoch  29 | train 0.3746 (IM@1 0.0217 FM@1 0.0697) | val 0.3844 (IM@1 0.0223 FM@1 0.0590) sup 0.0914/0.0812 roll 0.2832/0.3032 (λ=1.00) | lr 5.01e-04
Epoch  30 | train 0.3708 (IM@1 0.0219 FM@1 0.0665) | val 0.3754 (IM@1 0.0219 FM@1 0.0581) sup 0.0884/0.0800 roll 0.2824/0.2954 (λ=1.00) | lr 5.01e-04
Epoch  31 | train 0.3694 (IM@1 0.0217 FM@1 0.0679) | val 0.3811 (IM@1 0.0227 FM@1 0.0611) sup 0.0896/0.0838 roll 0.2798/0.2973 (λ=1.00) | lr 5.01e-04
Epoch  32 | train 0.3675 (IM@1 0.0215 FM@1 0.0670) | val 0.3725 (IM@1 0.0217 FM@1 0.0579) sup 0.0885/0.0797 roll 0.2789/0.2928 (λ=1.00) | lr 5.01e-04
Epoch  33 | train 0.3652 (IM@1 0.0214 FM@1 0.0674) | val 0.3716 (IM@1 0.0213 FM@1 0.0584) sup 0.0888/0.0797 roll 0.2765/0.2919 (λ=1.00) | lr 5.01e-04
Epoch  34 | train 0.3661 (IM@1 0.0214 FM@1 0.0665) | val 0.3717 (IM@1 0.0215 FM@1 0.0586) sup 0.0879/0.0802 roll 0.2782/0.2915 (λ=1.00) | lr 5.01e-04
Epoch  35 | train 0.3604 (IM@1 0.0212 FM@1 0.0654) | val 0.3754 (IM@1 0.0229 FM@1 0.0587) sup 0.0866/0.0816 roll 0.2738/0.2938 (λ=1.00) | lr 5.01e-04
Epoch  36 | train 0.3603 (IM@1 0.0214 FM@1 0.0651) | val 0.3722 (IM@1 0.0215 FM@1 0.0574) sup 0.0866/0.0789 roll 0.2737/0.2933 (λ=1.00) | lr 5.01e-04
Epoch  37 | train 0.3579 (IM@1 0.0208 FM@1 0.0646) | val 0.3751 (IM@1 0.0224 FM@1 0.0585) sup 0.0854/0.0809 roll 0.2724/0.2942 (λ=1.00) | lr 5.01e-04
Epoch  38 | train 0.3550 (IM@1 0.0210 FM@1 0.0650) | val 0.3841 (IM@1 0.0236 FM@1 0.0598) sup 0.0860/0.0834 roll 0.2691/0.3007 (λ=1.00) | lr 5.01e-04
Epoch  39 | train 0.3534 (IM@1 0.0210 FM@1 0.0641) | val 0.3726 (IM@1 0.0222 FM@1 0.0591) sup 0.0851/0.0813 roll 0.2682/0.2913 (λ=1.00) | lr 5.01e-04

Training completato (combo). Best val (sup + 1.0*roll, da epoch 10): 0.3716 a epoch 33
[I 2026-09-26 19:25:22,182] Trial 60 finished with value: 0.3716255015336395 and parameters: {'gru_hidden_fm': 256, 'mlp_hidden_fm': 512, 'dropout_fm': 0.3955114231009955, 'weight_decay_fm': 0.0013191425680031536, 'gru_hidden_im': 128, 'mlp_hidden_im': 256, 'dropout_im': 0.1632815002145055, 'weight_decay_im': 8.588446896818188e-05, 'lr': 0.0005011391900626128, 'batch_size': 256, 'clip_norm': 1.0}. Best is trial 58 with value: 0.3605886232752144.
Split per-trial: 26015 finestre train | 6505 finestre val
Epoch   0 | train 0.6095 (IM@1 0.1620 FM@1 0.4475) | val 0.2134 (IM@1 0.0314 FM@1 0.1820) sup 0.6095/0.2134 roll 1.2885/0.6677 (λ=0.00) | lr 8.89e-04
Epoch   1 | train 0.3142 (IM@1 0.0258 FM@1 0.2283) | val 0.1878 (IM@1 0.0215 FM@1 0.1261) sup 0.2542/0.1477 roll 0.6002/0.4014 (λ=0.10) | lr 8.89e-04
Epoch   2 | train 0.3090 (IM@1 0.0219 FM@1 0.1902) | val 0.2168 (IM@1 0.0237 FM@1 0.1104) sup 0.2121/0.1341 roll 0.4843/0.4134 (λ=0.20) | lr 8.89e-04
Epoch   3 | train 0.3267 (IM@1 0.0211 FM@1 0.1717) | val 0.2298 (IM@1 0.0216 FM@1 0.0985) sup 0.1928/0.1201 roll 0.4465/0.3657 (λ=0.30) | lr 8.89e-04
Epoch   4 | train 0.3523 (IM@1 0.0206 FM@1 0.1619) | val 0.2566 (IM@1 0.0210 FM@1 0.0949) sup 0.1826/0.1159 roll 0.4243/0.3520 (λ=0.40) | lr 8.89e-04
Epoch   5 | train 0.3731 (IM@1 0.0200 FM@1 0.1513) | val 0.2711 (IM@1 0.0199 FM@1 0.0839) sup 0.1713/0.1038 roll 0.4036/0.3346 (λ=0.50) | lr 8.89e-04
Epoch   6 | train 0.4033 (IM@1 0.0201 FM@1 0.1466) | val 0.2977 (IM@1 0.0201 FM@1 0.0831) sup 0.1667/0.1032 roll 0.3943/0.3241 (λ=0.60) | lr 8.89e-04
Epoch   7 | train 0.4318 (IM@1 0.0201 FM@1 0.1429) | val 0.3445 (IM@1 0.0209 FM@1 0.0853) sup 0.1630/0.1063 roll 0.3839/0.3404 (λ=0.70) | lr 8.89e-04
Epoch   8 | train 0.4607 (IM@1 0.0198 FM@1 0.1402) | val 0.3635 (IM@1 0.0216 FM@1 0.0791) sup 0.1601/0.1007 roll 0.3758/0.3285 (λ=0.80) | lr 8.89e-04
Epoch   9 | train 0.4962 (IM@1 0.0202 FM@1 0.1411) | val 0.3916 (IM@1 0.0225 FM@1 0.0745) sup 0.1613/0.0970 roll 0.3722/0.3274 (λ=0.90) | lr 8.89e-04
Epoch  10 | train 0.5220 (IM@1 0.0197 FM@1 0.1380) | val 0.4185 (IM@1 0.0219 FM@1 0.0785) sup 0.1577/0.1004 roll 0.3643/0.3181 (λ=1.00) | lr 8.89e-04
Epoch  11 | train 0.5196 (IM@1 0.0195 FM@1 0.1400) | val 0.4105 (IM@1 0.0215 FM@1 0.0724) sup 0.1595/0.0938 roll 0.3601/0.3167 (λ=1.00) | lr 8.89e-04
Epoch  12 | train 0.5119 (IM@1 0.0196 FM@1 0.1369) | val 0.4101 (IM@1 0.0207 FM@1 0.0766) sup 0.1565/0.0974 roll 0.3553/0.3127 (λ=1.00) | lr 8.89e-04
Epoch  13 | train 0.5044 (IM@1 0.0195 FM@1 0.1334) | val 0.4134 (IM@1 0.0222 FM@1 0.0733) sup 0.1529/0.0955 roll 0.3515/0.3179 (λ=1.00) | lr 8.89e-04
Epoch  14 | train 0.5010 (IM@1 0.0195 FM@1 0.1320) | val 0.4192 (IM@1 0.0227 FM@1 0.0733) sup 0.1515/0.0960 roll 0.3495/0.3232 (λ=1.00) | lr 8.89e-04
Epoch  15 | train 0.4969 (IM@1 0.0192 FM@1 0.1300) | val 0.3980 (IM@1 0.0210 FM@1 0.0704) sup 0.1492/0.0914 roll 0.3477/0.3066 (λ=1.00) | lr 8.89e-04
Epoch  16 | train 0.4929 (IM@1 0.0192 FM@1 0.1307) | val 0.3909 (IM@1 0.0210 FM@1 0.0675) sup 0.1499/0.0885 roll 0.3430/0.3025 (λ=1.00) | lr 8.89e-04
Epoch  17 | train 0.4895 (IM@1 0.0191 FM@1 0.1313) | val 0.4031 (IM@1 0.0212 FM@1 0.0751) sup 0.1503/0.0963 roll 0.3391/0.3068 (λ=1.00) | lr 8.89e-04
Epoch  18 | train 0.4873 (IM@1 0.0186 FM@1 0.1318) | val 0.4021 (IM@1 0.0220 FM@1 0.0682) sup 0.1504/0.0902 roll 0.3369/0.3120 (λ=1.00) | lr 8.89e-04
Epoch  19 | train 0.4806 (IM@1 0.0186 FM@1 0.1267) | val 0.4112 (IM@1 0.0229 FM@1 0.0697) sup 0.1453/0.0926 roll 0.3354/0.3187 (λ=1.00) | lr 8.89e-04
Epoch  20 | train 0.4786 (IM@1 0.0185 FM@1 0.1284) | val 0.4172 (IM@1 0.0216 FM@1 0.0708) sup 0.1468/0.0924 roll 0.3317/0.3248 (λ=1.00) | lr 8.89e-04
Epoch  21 | train 0.4756 (IM@1 0.0183 FM@1 0.1276) | val 0.4061 (IM@1 0.0221 FM@1 0.0701) sup 0.1459/0.0922 roll 0.3297/0.3140 (λ=1.00) | lr 8.89e-04
Epoch  22 | train 0.4703 (IM@1 0.0179 FM@1 0.1263) | val 0.3933 (IM@1 0.0216 FM@1 0.0682) sup 0.1443/0.0898 roll 0.3261/0.3035 (λ=1.00) | lr 8.89e-04
[I 2026-09-26 19:56:03,788] Trial 80 pruned. 
Split per-trial: 26015 finestre train | 6505 finestre val
Epoch   0 | train 0.2473 (IM@1 0.0702 FM@1 0.1771) | val 0.1190 (IM@1 0.0210 FM@1 0.0979) sup 0.2473/0.1190 roll 0.7896/0.4233 (λ=0.00) | lr 1.34e-03
Epoch   1 | train 0.1626 (IM@1 0.0204 FM@1 0.1008) | val 0.1332 (IM@1 0.0190 FM@1 0.0812) sup 0.1212/0.1003 roll 0.4137/0.3290 (λ=0.10) | lr 1.34e-03
Epoch   2 | train 0.1806 (IM@1 0.0192 FM@1 0.0883) | val 0.1663 (IM@1 0.0198 FM@1 0.0750) sup 0.1075/0.0948 roll 0.3653/0.3576 (λ=0.20) | lr 1.34e-03
Epoch   3 | train 0.2059 (IM@1 0.0187 FM@1 0.0838) | val 0.1985 (IM@1 0.0198 FM@1 0.0754) sup 0.1025/0.0952 roll 0.3446/0.3443 (λ=0.30) | lr 1.34e-03
Epoch   4 | train 0.2334 (IM@1 0.0190 FM@1 0.0795) | val 0.2190 (IM@1 0.0192 FM@1 0.0700) sup 0.0985/0.0892 roll 0.3374/0.3245 (λ=0.40) | lr 1.34e-03
Epoch   5 | train 0.2590 (IM@1 0.0187 FM@1 0.0783) | val 0.2489 (IM@1 0.0202 FM@1 0.0668) sup 0.0970/0.0869 roll 0.3241/0.3240 (λ=0.50) | lr 1.34e-03
Epoch   6 | train 0.2857 (IM@1 0.0188 FM@1 0.0755) | val 0.2893 (IM@1 0.0214 FM@1 0.0683) sup 0.0943/0.0897 roll 0.3190/0.3326 (λ=0.60) | lr 1.34e-03
Epoch   7 | train 0.3144 (IM@1 0.0191 FM@1 0.0741) | val 0.3066 (IM@1 0.0227 FM@1 0.0676) sup 0.0932/0.0902 roll 0.3159/0.3091 (λ=0.70) | lr 1.34e-03
Epoch   8 | train 0.3389 (IM@1 0.0191 FM@1 0.0735) | val 0.3275 (IM@1 0.0206 FM@1 0.0610) sup 0.0926/0.0816 roll 0.3079/0.3073 (λ=0.80) | lr 1.34e-03
Epoch   9 | train 0.3611 (IM@1 0.0191 FM@1 0.0715) | val 0.3755 (IM@1 0.0241 FM@1 0.0673) sup 0.0906/0.0914 roll 0.3006/0.3157 (λ=0.90) | lr 1.34e-03
Epoch  10 | train 0.3887 (IM@1 0.0197 FM@1 0.0704) | val 0.3827 (IM@1 0.0218 FM@1 0.0604) sup 0.0901/0.0822 roll 0.2986/0.3005 (λ=1.00) | lr 1.34e-03
Epoch  11 | train 0.3809 (IM@1 0.0194 FM@1 0.0691) | val 0.3853 (IM@1 0.0218 FM@1 0.0597) sup 0.0885/0.0815 roll 0.2924/0.3039 (λ=1.00) | lr 1.34e-03
Epoch  12 | train 0.3749 (IM@1 0.0194 FM@1 0.0680) | val 0.3936 (IM@1 0.0227 FM@1 0.0627) sup 0.0874/0.0854 roll 0.2875/0.3082 (λ=1.00) | lr 1.34e-03
Epoch  13 | train 0.3705 (IM@1 0.0193 FM@1 0.0666) | val 0.4032 (IM@1 0.0232 FM@1 0.0669) sup 0.0859/0.0901 roll 0.2846/0.3131 (λ=1.00) | lr 1.34e-03
Epoch  14 | train 0.3700 (IM@1 0.0192 FM@1 0.0680) | val 0.3986 (IM@1 0.0214 FM@1 0.0651) sup 0.0872/0.0865 roll 0.2828/0.3122 (λ=1.00) | lr 1.34e-03
Epoch  15 | train 0.3627 (IM@1 0.0191 FM@1 0.0662) | val 0.3790 (IM@1 0.0229 FM@1 0.0578) sup 0.0852/0.0807 roll 0.2775/0.2982 (λ=1.00) | lr 1.34e-03
Epoch  16 | train 0.3574 (IM@1 0.0189 FM@1 0.0647) | val 0.3870 (IM@1 0.0210 FM@1 0.0609) sup 0.0836/0.0819 roll 0.2738/0.3051 (λ=1.00) | lr 1.34e-03
Epoch  17 | train 0.3538 (IM@1 0.0191 FM@1 0.0642) | val 0.3866 (IM@1 0.0216 FM@1 0.0608) sup 0.0833/0.0824 roll 0.2705/0.3043 (λ=1.00) | lr 1.34e-03
Epoch  18 | train 0.3479 (IM@1 0.0190 FM@1 0.0628) | val 0.4021 (IM@1 0.0238 FM@1 0.0654) sup 0.0818/0.0892 roll 0.2661/0.3129 (λ=1.00) | lr 1.34e-03
Epoch  19 | train 0.3433 (IM@1 0.0189 FM@1 0.0619) | val 0.3991 (IM@1 0.0221 FM@1 0.0600) sup 0.0808/0.0820 roll 0.2625/0.3171 (λ=1.00) | lr 1.34e-03
Epoch  20 | train 0.3384 (IM@1 0.0189 FM@1 0.0608) | val 0.4027 (IM@1 0.0242 FM@1 0.0599) sup 0.0796/0.0841 roll 0.2588/0.3186 (λ=1.00) | lr 1.34e-03
Epoch  21 | train 0.3336 (IM@1 0.0187 FM@1 0.0610) | val 0.4018 (IM@1 0.0231 FM@1 0.0644) sup 0.0797/0.0874 roll 0.2539/0.3144 (λ=1.00) | lr 1.34e-03
Epoch  22 | train 0.3244 (IM@1 0.0186 FM@1 0.0592) | val 0.4035 (IM@1 0.0235 FM@1 0.0643) sup 0.0778/0.0878 roll 0.2466/0.3157 (λ=1.00) | lr 1.34e-03
Epoch  23 | train 0.3155 (IM@1 0.0185 FM@1 0.0586) | val 0.4050 (IM@1 0.0237 FM@1 0.0622) sup 0.0771/0.0859 roll 0.2384/0.3191 (λ=1.00) | lr 1.34e-03
Epoch  24 | train 0.3080 (IM@1 0.0181 FM@1 0.0576) | val 0.4184 (IM@1 0.0245 FM@1 0.0663) sup 0.0757/0.0908 roll 0.2324/0.3275 (λ=1.00) | lr 1.34e-03
Epoch  25 | train 0.2965 (IM@1 0.0176 FM@1 0.0559) | val 0.4009 (IM@1 0.0223 FM@1 0.0604) sup 0.0735/0.0827 roll 0.2230/0.3182 (λ=1.00) | lr 1.34e-03
Epoch  26 | train 0.2881 (IM@1 0.0175 FM@1 0.0551) | val 0.4283 (IM@1 0.0256 FM@1 0.0656) sup 0.0725/0.0912 roll 0.2156/0.3371 (λ=1.00) | lr 6.72e-04
Epoch  27 | train 0.2536 (IM@1 0.0163 FM@1 0.0490) | val 0.4236 (IM@1 0.0242 FM@1 0.0639) sup 0.0652/0.0881 roll 0.1884/0.3355 (λ=1.00) | lr 6.72e-04
Epoch  28 | train 0.2429 (IM@1 0.0158 FM@1 0.0485) | val 0.4302 (IM@1 0.0246 FM@1 0.0655) sup 0.0644/0.0902 roll 0.1785/0.3401 (λ=1.00) | lr 6.72e-04
Epoch  29 | train 0.2311 (IM@1 0.0154 FM@1 0.0466) | val 0.4270 (IM@1 0.0248 FM@1 0.0670) sup 0.0620/0.0918 roll 0.1691/0.3352 (λ=1.00) | lr 6.72e-04
Epoch  30 | train 0.2209 (IM@1 0.0151 FM@1 0.0446) | val 0.4384 (IM@1 0.0251 FM@1 0.0671) sup 0.0597/0.0922 roll 0.1611/0.3462 (λ=1.00) | lr 6.72e-04

Training completato (combo). Best val (sup + 1.0*roll, da epoch 10): 0.3790 a epoch 15
[I 2026-09-26 20:56:16,899] Trial 85 finished with value: 0.3789628347028319 and parameters: {'gru_hidden_fm': 256, 'mlp_hidden_fm': 512, 'dropout_fm': 0.3357522780806799, 'weight_decay_fm': 6.1269892659486645e-06, 'gru_hidden_im': 64, 'mlp_hidden_im': 128, 'dropout_im': 0.04250950041859084, 'weight_decay_im': 0.013772021680225939, 'lr': 0.0013442651064709355, 'batch_size': 64, 'clip_norm': 0.5}. Best is trial 58 with value: 0.3605886232752144.

Best val: 0.36059
  gru_hidden_fm: 128
  mlp_hidden_fm: 128
  dropout_fm: 0.053228712735840886
  weight_decay_fm: 2.3447806287056487e-05
  gru_hidden_im: 128
  mlp_hidden_im: 64
  dropout_im: 0.002043343117720862
  weight_decay_im: 1.4562760771452169e-06
  lr: 0.0003755740523370064
  batch_size: 64
  clip_norm: 1.0
Report: /home/gemma/tesi/aquabot/src/net/Estimator/tuning/tuning_results/best_joint_combo_p1_k10.txt
