Studio: joint_combo_p1_k10 | device cpu | mode=combo P=1 K=10 T=10
Caricamento dataset...
Trovati 120 trial.
Dataset grezzo: 120 trial letti. Scaler e finestre costruiti in split_by_trial() (fit solo su train).
/home/gemma/tesi/aquabot/src/net/Estimator/tuning/tune_joint.py:245: ExperimentalWarning: Argument ``multivariate`` is an experimental feature. The interface can change in the future.
  sampler = optuna.samplers.TPESampler(
/home/gemma/tesi/aquabot/src/net/Estimator/tuning/tune_joint.py:245: ExperimentalWarning: Argument ``group`` is an experimental feature. The interface can change in the future.
  sampler = optuna.samplers.TPESampler(
/home/gemma/tesi/aquabot/src/net/Estimator/tuning/tune_joint.py:245: ExperimentalWarning: Argument ``constant_liar`` is an experimental feature. The interface can change in the future.
  sampler = optuna.samplers.TPESampler(
[I 2026-09-26 12:52:30,802] Using an existing study with name 'joint_combo_p1_k10' instead of creating a new one.
Normalizzatore caricato da /home/gemma/tesi/aquabot/src/net/scaler/scalers_joint.pkl (nessun refit).
Dataset: 32520 campioni da 120 trial. H=20 P=10 | seq_cmd=(20, 1) seq_sens=(20, 2)
Split per-trial: 26015 finestre train | 6505 finestre val
Epoch   0 | train 0.6246 (IM@1 0.2170 FM@1 0.4077) | val 0.2411 (IM@1 0.0424 FM@1 0.1987) sup 0.6246/0.2411 roll 1.5308/0.7904 (λ=0.00) | lr 2.82e-04
Epoch   1 | train 0.3433 (IM@1 0.0607 FM@1 0.1951) | val 0.2239 (IM@1 0.0348 FM@1 0.1351) sup 0.2559/0.1698 roll 0.8745/0.5406 (λ=0.10) | lr 2.82e-04
Epoch   2 | train 0.3426 (IM@1 0.0525 FM@1 0.1569) | val 0.2406 (IM@1 0.0323 FM@1 0.1110) sup 0.2094/0.1434 roll 0.6663/0.4863 (λ=0.20) | lr 2.82e-04
Epoch   3 | train 0.3528 (IM@1 0.0492 FM@1 0.1373) | val 0.2733 (IM@1 0.0327 FM@1 0.1067) sup 0.1866/0.1394 roll 0.5540/0.4462 (λ=0.30) | lr 2.82e-04
Epoch   4 | train 0.3707 (IM@1 0.0474 FM@1 0.1260) | val 0.2824 (IM@1 0.0286 FM@1 0.0987) sup 0.1734/0.1274 roll 0.4932/0.3875 (λ=0.40) | lr 2.82e-04
Epoch   5 | train 0.3914 (IM@1 0.0466 FM@1 0.1194) | val 0.3074 (IM@1 0.0313 FM@1 0.0922) sup 0.1660/0.1235 roll 0.4507/0.3679 (λ=0.50) | lr 2.82e-04
Epoch   6 | train 0.4116 (IM@1 0.0473 FM@1 0.1109) | val 0.3271 (IM@1 0.0289 FM@1 0.0868) sup 0.1582/0.1157 roll 0.4223/0.3523 (λ=0.60) | lr 2.82e-04
Epoch   7 | train 0.4362 (IM@1 0.0465 FM@1 0.1074) | val 0.3629 (IM@1 0.0328 FM@1 0.0848) sup 0.1539/0.1177 roll 0.4034/0.3503 (λ=0.70) | lr 2.82e-04
Epoch   8 | train 0.4605 (IM@1 0.0469 FM@1 0.1033) | val 0.4036 (IM@1 0.0318 FM@1 0.0844) sup 0.1502/0.1163 roll 0.3879/0.3592 (λ=0.80) | lr 2.82e-04
Epoch   9 | train 0.4861 (IM@1 0.0458 FM@1 0.1008) | val 0.4100 (IM@1 0.0310 FM@1 0.0807) sup 0.1466/0.1117 roll 0.3772/0.3315 (λ=0.90) | lr 2.82e-04
Epoch  10 | train 0.5096 (IM@1 0.0463 FM@1 0.0970) | val 0.4427 (IM@1 0.0303 FM@1 0.0792) sup 0.1433/0.1095 roll 0.3663/0.3332 (λ=1.00) | lr 2.82e-04
Epoch  11 | train 0.5042 (IM@1 0.0462 FM@1 0.0962) | val 0.4384 (IM@1 0.0324 FM@1 0.0788) sup 0.1424/0.1112 roll 0.3618/0.3272 (λ=1.00) | lr 2.82e-04
Epoch  12 | train 0.4954 (IM@1 0.0455 FM@1 0.0938) | val 0.4247 (IM@1 0.0296 FM@1 0.0746) sup 0.1393/0.1041 roll 0.3561/0.3205 (λ=1.00) | lr 2.82e-04
Epoch  13 | train 0.4830 (IM@1 0.0448 FM@1 0.0909) | val 0.4436 (IM@1 0.0325 FM@1 0.0773) sup 0.1357/0.1099 roll 0.3473/0.3338 (λ=1.00) | lr 2.82e-04
Epoch  14 | train 0.4783 (IM@1 0.0442 FM@1 0.0913) | val 0.4170 (IM@1 0.0288 FM@1 0.0739) sup 0.1355/0.1027 roll 0.3428/0.3143 (λ=1.00) | lr 2.82e-04
Epoch  15 | train 0.4730 (IM@1 0.0440 FM@1 0.0897) | val 0.4123 (IM@1 0.0280 FM@1 0.0735) sup 0.1337/0.1015 roll 0.3393/0.3108 (λ=1.00) | lr 2.82e-04
Epoch  16 | train 0.4661 (IM@1 0.0432 FM@1 0.0877) | val 0.4225 (IM@1 0.0315 FM@1 0.0747) sup 0.1309/0.1062 roll 0.3351/0.3163 (λ=1.00) | lr 2.82e-04
Epoch  17 | train 0.4592 (IM@1 0.0436 FM@1 0.0851) | val 0.4255 (IM@1 0.0304 FM@1 0.0763) sup 0.1288/0.1066 roll 0.3305/0.3189 (λ=1.00) | lr 2.82e-04
Epoch  18 | train 0.4546 (IM@1 0.0436 FM@1 0.0835) | val 0.4339 (IM@1 0.0322 FM@1 0.0753) sup 0.1271/0.1074 roll 0.3276/0.3264 (λ=1.00) | lr 2.82e-04
Epoch  19 | train 0.4524 (IM@1 0.0428 FM@1 0.0837) | val 0.4185 (IM@1 0.0292 FM@1 0.0731) sup 0.1266/0.1023 roll 0.3258/0.3162 (λ=1.00) | lr 2.82e-04
Epoch  20 | train 0.4470 (IM@1 0.0429 FM@1 0.0822) | val 0.4097 (IM@1 0.0278 FM@1 0.0708) sup 0.1252/0.0985 roll 0.3218/0.3111 (λ=1.00) | lr 2.82e-04
Epoch  21 | train 0.4423 (IM@1 0.0424 FM@1 0.0819) | val 0.4146 (IM@1 0.0272 FM@1 0.0746) sup 0.1243/0.1018 roll 0.3181/0.3128 (λ=1.00) | lr 2.82e-04
Epoch  22 | train 0.4388 (IM@1 0.0422 FM@1 0.0804) | val 0.4149 (IM@1 0.0300 FM@1 0.0706) sup 0.1225/0.1006 roll 0.3162/0.3143 (λ=1.00) | lr 2.82e-04
Epoch  23 | train 0.4325 (IM@1 0.0413 FM@1 0.0793) | val 0.4138 (IM@1 0.0282 FM@1 0.0727) sup 0.1206/0.1009 roll 0.3119/0.3129 (λ=1.00) | lr 2.82e-04
Epoch  24 | train 0.4303 (IM@1 0.0418 FM@1 0.0801) | val 0.4129 (IM@1 0.0287 FM@1 0.0705) sup 0.1219/0.0992 roll 0.3084/0.3137 (λ=1.00) | lr 2.82e-04
Epoch  25 | train 0.4259 (IM@1 0.0413 FM@1 0.0779) | val 0.4115 (IM@1 0.0284 FM@1 0.0704) sup 0.1192/0.0988 roll 0.3066/0.3128 (λ=1.00) | lr 2.82e-04
Epoch  26 | train 0.4225 (IM@1 0.0418 FM@1 0.0778) | val 0.4138 (IM@1 0.0305 FM@1 0.0704) sup 0.1196/0.1009 roll 0.3029/0.3129 (λ=1.00) | lr 2.82e-04
Epoch  27 | train 0.4180 (IM@1 0.0408 FM@1 0.0775) | val 0.4114 (IM@1 0.0280 FM@1 0.0716) sup 0.1183/0.0997 roll 0.2997/0.3118 (λ=1.00) | lr 2.82e-04
Epoch  28 | train 0.4137 (IM@1 0.0412 FM@1 0.0759) | val 0.4329 (IM@1 0.0294 FM@1 0.0746) sup 0.1171/0.1041 roll 0.2965/0.3288 (λ=1.00) | lr 2.82e-04
Epoch  29 | train 0.4084 (IM@1 0.0401 FM@1 0.0748) | val 0.4253 (IM@1 0.0309 FM@1 0.0725) sup 0.1150/0.1033 roll 0.2934/0.3219 (λ=1.00) | lr 2.82e-04
Epoch  30 | train 0.3993 (IM@1 0.0404 FM@1 0.0722) | val 0.4389 (IM@1 0.0312 FM@1 0.0732) sup 0.1126/0.1045 roll 0.2867/0.3344 (λ=1.00) | lr 2.82e-04
[I 2026-09-26 16:35:55,659] Trial 17 pruned. 
Split per-trial: 26015 finestre train | 6505 finestre val
Epoch   0 | train 0.2492 (IM@1 0.0616 FM@1 0.1876) | val 0.1266 (IM@1 0.0263 FM@1 0.1003) sup 0.2492/0.1266 roll 0.9687/0.7398 (λ=0.00) | lr 2.65e-03
Epoch   1 | train 0.1810 (IM@1 0.0230 FM@1 0.1117) | val 0.1444 (IM@1 0.0234 FM@1 0.0814) sup 0.1347/0.1048 roll 0.4629/0.3958 (λ=0.10) | lr 2.65e-03
Epoch   2 | train 0.1939 (IM@1 0.0209 FM@1 0.0972) | val 0.1706 (IM@1 0.0206 FM@1 0.0809) sup 0.1181/0.1015 roll 0.3790/0.3452 (λ=0.20) | lr 2.65e-03
Epoch   3 | train 0.2185 (IM@1 0.0208 FM@1 0.0898) | val 0.1915 (IM@1 0.0208 FM@1 0.0695) sup 0.1106/0.0903 roll 0.3595/0.3376 (λ=0.30) | lr 2.65e-03
Epoch   4 | train 0.2434 (IM@1 0.0208 FM@1 0.0858) | val 0.2132 (IM@1 0.0214 FM@1 0.0647) sup 0.1066/0.0861 roll 0.3422/0.3178 (λ=0.40) | lr 2.65e-03
Epoch   5 | train 0.2716 (IM@1 0.0209 FM@1 0.0846) | val 0.2456 (IM@1 0.0210 FM@1 0.0642) sup 0.1055/0.0852 roll 0.3323/0.3209 (λ=0.50) | lr 2.65e-03
Epoch   6 | train 0.2953 (IM@1 0.0206 FM@1 0.0801) | val 0.2737 (IM@1 0.0215 FM@1 0.0680) sup 0.1007/0.0895 roll 0.3243/0.3069 (λ=0.60) | lr 2.65e-03
Epoch   7 | train 0.3192 (IM@1 0.0207 FM@1 0.0797) | val 0.3174 (IM@1 0.0263 FM@1 0.0655) sup 0.1005/0.0919 roll 0.3124/0.3222 (λ=0.70) | lr 2.65e-03
Epoch   8 | train 0.3439 (IM@1 0.0209 FM@1 0.0771) | val 0.3199 (IM@1 0.0214 FM@1 0.0597) sup 0.0979/0.0811 roll 0.3074/0.2985 (λ=0.80) | lr 2.65e-03
Epoch   9 | train 0.3685 (IM@1 0.0208 FM@1 0.0768) | val 0.3600 (IM@1 0.0228 FM@1 0.0604) sup 0.0976/0.0832 roll 0.3011/0.3076 (λ=0.90) | lr 2.65e-03
Epoch  10 | train 0.3903 (IM@1 0.0207 FM@1 0.0754) | val 0.3868 (IM@1 0.0226 FM@1 0.0619) sup 0.0961/0.0845 roll 0.2942/0.3024 (λ=1.00) | lr 2.65e-03
Epoch  11 | train 0.3849 (IM@1 0.0205 FM@1 0.0747) | val 0.4040 (IM@1 0.0272 FM@1 0.0624) sup 0.0952/0.0896 roll 0.2897/0.3144 (λ=1.00) | lr 2.65e-03
Epoch  12 | train 0.3783 (IM@1 0.0204 FM@1 0.0721) | val 0.3879 (IM@1 0.0222 FM@1 0.0627) sup 0.0925/0.0849 roll 0.2858/0.3030 (λ=1.00) | lr 2.65e-03
Epoch  13 | train 0.3712 (IM@1 0.0207 FM@1 0.0716) | val 0.3907 (IM@1 0.0221 FM@1 0.0649) sup 0.0923/0.0870 roll 0.2789/0.3037 (λ=1.00) | lr 2.65e-03
Epoch  14 | train 0.3650 (IM@1 0.0199 FM@1 0.0711) | val 0.4042 (IM@1 0.0244 FM@1 0.0629) sup 0.0910/0.0873 roll 0.2740/0.3168 (λ=1.00) | lr 2.65e-03
Epoch  15 | train 0.3571 (IM@1 0.0201 FM@1 0.0685) | val 0.4098 (IM@1 0.0238 FM@1 0.0659) sup 0.0887/0.0897 roll 0.2684/0.3201 (λ=1.00) | lr 2.65e-03
Epoch  16 | train 0.3518 (IM@1 0.0203 FM@1 0.0687) | val 0.4039 (IM@1 0.0233 FM@1 0.0614) sup 0.0891/0.0847 roll 0.2627/0.3192 (λ=1.00) | lr 2.65e-03
Epoch  17 | train 0.3430 (IM@1 0.0201 FM@1 0.0676) | val 0.4053 (IM@1 0.0250 FM@1 0.0622) sup 0.0877/0.0873 roll 0.2553/0.3180 (λ=1.00) | lr 2.65e-03
Epoch  18 | train 0.3331 (IM@1 0.0193 FM@1 0.0662) | val 0.4036 (IM@1 0.0242 FM@1 0.0630) sup 0.0855/0.0871 roll 0.2476/0.3165 (λ=1.00) | lr 2.65e-03
Epoch  19 | train 0.3259 (IM@1 0.0197 FM@1 0.0658) | val 0.4277 (IM@1 0.0248 FM@1 0.0689) sup 0.0855/0.0937 roll 0.2404/0.3340 (λ=1.00) | lr 1.32e-03
Epoch  20 | train 0.2884 (IM@1 0.0178 FM@1 0.0594) | val 0.4128 (IM@1 0.0239 FM@1 0.0641) sup 0.0772/0.0880 roll 0.2112/0.3248 (λ=1.00) | lr 1.32e-03
Epoch  21 | train 0.2722 (IM@1 0.0177 FM@1 0.0565) | val 0.4188 (IM@1 0.0236 FM@1 0.0700) sup 0.0742/0.0936 roll 0.1980/0.3252 (λ=1.00) | lr 1.32e-03
Epoch  22 | train 0.2600 (IM@1 0.0169 FM@1 0.0558) | val 0.4263 (IM@1 0.0253 FM@1 0.0680) sup 0.0727/0.0932 roll 0.1873/0.3331 (λ=1.00) | lr 1.32e-03
Epoch  23 | train 0.2483 (IM@1 0.0167 FM@1 0.0542) | val 0.4312 (IM@1 0.0252 FM@1 0.0679) sup 0.0709/0.0930 roll 0.1774/0.3381 (λ=1.00) | lr 1.32e-03
Epoch  24 | train 0.2385 (IM@1 0.0163 FM@1 0.0535) | val 0.4539 (IM@1 0.0270 FM@1 0.0706) sup 0.0698/0.0976 roll 0.1687/0.3563 (λ=1.00) | lr 1.32e-03
Epoch  25 | train 0.2271 (IM@1 0.0157 FM@1 0.0525) | val 0.4559 (IM@1 0.0268 FM@1 0.0695) sup 0.0682/0.0963 roll 0.1589/0.3596 (λ=1.00) | lr 1.32e-03

Training completato (combo). Best val (sup + 1.0*roll, da epoch 10): 0.3868 a epoch 10
[I 2026-09-26 18:29:06,245] Trial 48 finished with value: 0.3868235045366797 and parameters: {'gru_hidden_fm': 256, 'mlp_hidden_fm': 128, 'dropout_fm': 0.19441908165238556, 'weight_decay_fm': 9.04170548163667e-06, 'gru_hidden_im': 128, 'mlp_hidden_im': 64, 'dropout_im': 0.028705071361785302, 'weight_decay_im': 3.5942659425438663e-06, 'lr': 0.002649794031222018, 'batch_size': 64, 'clip_norm': 1.0}. Best is trial 0 with value: 0.36280497199899414.
Split per-trial: 26015 finestre train | 6505 finestre val
Epoch   0 | train 0.4262 (IM@1 0.1992 FM@1 0.2270) | val 0.1655 (IM@1 0.0368 FM@1 0.1287) sup 0.4262/0.1655 roll 1.2334/0.8043 (λ=0.00) | lr 2.88e-04
Epoch   1 | train 0.1808 (IM@1 0.0273 FM@1 0.0965) | val 0.1660 (IM@1 0.0260 FM@1 0.0958) sup 0.1238/0.1218 roll 0.5695/0.4421 (λ=0.10) | lr 2.88e-04
Epoch   2 | train 0.1918 (IM@1 0.0227 FM@1 0.0830) | val 0.1919 (IM@1 0.0250 FM@1 0.0824) sup 0.1057/0.1074 roll 0.4304/0.4226 (λ=0.20) | lr 2.88e-04
Epoch   3 | train 0.2096 (IM@1 0.0206 FM@1 0.0765) | val 0.2025 (IM@1 0.0217 FM@1 0.0780) sup 0.0972/0.0997 roll 0.3748/0.3424 (λ=0.30) | lr 2.88e-04
Epoch   4 | train 0.2280 (IM@1 0.0196 FM@1 0.0711) | val 0.2267 (IM@1 0.0206 FM@1 0.0753) sup 0.0907/0.0959 roll 0.3431/0.3269 (λ=0.40) | lr 2.88e-04
Epoch   5 | train 0.2517 (IM@1 0.0191 FM@1 0.0677) | val 0.2556 (IM@1 0.0205 FM@1 0.0711) sup 0.0869/0.0916 roll 0.3296/0.3280 (λ=0.50) | lr 2.88e-04
Epoch   6 | train 0.2759 (IM@1 0.0189 FM@1 0.0656) | val 0.2794 (IM@1 0.0202 FM@1 0.0719) sup 0.0845/0.0921 roll 0.3190/0.3123 (λ=0.60) | lr 2.88e-04
Epoch   7 | train 0.3000 (IM@1 0.0185 FM@1 0.0635) | val 0.3122 (IM@1 0.0207 FM@1 0.0675) sup 0.0820/0.0882 roll 0.3114/0.3201 (λ=0.70) | lr 2.88e-04
Epoch   8 | train 0.3238 (IM@1 0.0183 FM@1 0.0615) | val 0.3424 (IM@1 0.0206 FM@1 0.0688) sup 0.0797/0.0894 roll 0.3050/0.3162 (λ=0.80) | lr 2.88e-04
Epoch   9 | train 0.3522 (IM@1 0.0182 FM@1 0.0606) | val 0.3923 (IM@1 0.0211 FM@1 0.0678) sup 0.0787/0.0889 roll 0.3038/0.3372 (λ=0.90) | lr 2.88e-04
Epoch  10 | train 0.3756 (IM@1 0.0180 FM@1 0.0597) | val 0.3991 (IM@1 0.0202 FM@1 0.0648) sup 0.0777/0.0850 roll 0.2978/0.3141 (λ=1.00) | lr 2.88e-04
Epoch  11 | train 0.3675 (IM@1 0.0178 FM@1 0.0582) | val 0.4033 (IM@1 0.0207 FM@1 0.0664) sup 0.0760/0.0871 roll 0.2916/0.3162 (λ=1.00) | lr 2.88e-04
Epoch  12 | train 0.3650 (IM@1 0.0177 FM@1 0.0576) | val 0.3891 (IM@1 0.0208 FM@1 0.0642) sup 0.0753/0.0850 roll 0.2897/0.3040 (λ=1.00) | lr 2.88e-04
Epoch  13 | train 0.3614 (IM@1 0.0178 FM@1 0.0567) | val 0.3903 (IM@1 0.0210 FM@1 0.0623) sup 0.0746/0.0833 roll 0.2869/0.3071 (λ=1.00) | lr 2.88e-04
Epoch  14 | train 0.3568 (IM@1 0.0178 FM@1 0.0554) | val 0.3857 (IM@1 0.0205 FM@1 0.0629) sup 0.0732/0.0834 roll 0.2837/0.3023 (λ=1.00) | lr 2.88e-04
Epoch  15 | train 0.3517 (IM@1 0.0177 FM@1 0.0545) | val 0.3876 (IM@1 0.0209 FM@1 0.0616) sup 0.0723/0.0825 roll 0.2794/0.3051 (λ=1.00) | lr 2.88e-04
Epoch  16 | train 0.3501 (IM@1 0.0176 FM@1 0.0536) | val 0.3883 (IM@1 0.0207 FM@1 0.0609) sup 0.0712/0.0816 roll 0.2789/0.3067 (λ=1.00) | lr 2.88e-04
Epoch  17 | train 0.3475 (IM@1 0.0178 FM@1 0.0530) | val 0.3864 (IM@1 0.0208 FM@1 0.0634) sup 0.0708/0.0842 roll 0.2767/0.3022 (λ=1.00) | lr 2.88e-04
Epoch  18 | train 0.3428 (IM@1 0.0175 FM@1 0.0521) | val 0.3816 (IM@1 0.0207 FM@1 0.0593) sup 0.0696/0.0799 roll 0.2732/0.3016 (λ=1.00) | lr 2.88e-04
Epoch  19 | train 0.3397 (IM@1 0.0176 FM@1 0.0508) | val 0.3753 (IM@1 0.0205 FM@1 0.0579) sup 0.0685/0.0784 roll 0.2712/0.2969 (λ=1.00) | lr 2.88e-04
Epoch  20 | train 0.3362 (IM@1 0.0175 FM@1 0.0499) | val 0.3881 (IM@1 0.0204 FM@1 0.0607) sup 0.0675/0.0811 roll 0.2687/0.3070 (λ=1.00) | lr 2.88e-04
Epoch  21 | train 0.3338 (IM@1 0.0177 FM@1 0.0497) | val 0.3766 (IM@1 0.0204 FM@1 0.0570) sup 0.0674/0.0775 roll 0.2665/0.2992 (λ=1.00) | lr 2.88e-04
Epoch  22 | train 0.3294 (IM@1 0.0173 FM@1 0.0487) | val 0.3804 (IM@1 0.0201 FM@1 0.0588) sup 0.0659/0.0789 roll 0.2634/0.3015 (λ=1.00) | lr 2.88e-04
Epoch  23 | train 0.3283 (IM@1 0.0173 FM@1 0.0480) | val 0.3799 (IM@1 0.0206 FM@1 0.0552) sup 0.0652/0.0758 roll 0.2631/0.3041 (λ=1.00) | lr 2.88e-04
Epoch  24 | train 0.3263 (IM@1 0.0173 FM@1 0.0475) | val 0.3807 (IM@1 0.0205 FM@1 0.0597) sup 0.0647/0.0802 roll 0.2616/0.3005 (λ=1.00) | lr 2.88e-04
Epoch  25 | train 0.3235 (IM@1 0.0173 FM@1 0.0470) | val 0.3756 (IM@1 0.0209 FM@1 0.0573) sup 0.0643/0.0782 roll 0.2592/0.2974 (λ=1.00) | lr 2.88e-04
Epoch  26 | train 0.3207 (IM@1 0.0171 FM@1 0.0461) | val 0.3783 (IM@1 0.0206 FM@1 0.0592) sup 0.0632/0.0798 roll 0.2574/0.2985 (λ=1.00) | lr 2.88e-04
Epoch  27 | train 0.3174 (IM@1 0.0170 FM@1 0.0455) | val 0.3750 (IM@1 0.0206 FM@1 0.0564) sup 0.0626/0.0770 roll 0.2548/0.2980 (λ=1.00) | lr 2.88e-04
Epoch  28 | train 0.3168 (IM@1 0.0170 FM@1 0.0456) | val 0.3774 (IM@1 0.0200 FM@1 0.0559) sup 0.0626/0.0760 roll 0.2542/0.3014 (λ=1.00) | lr 2.88e-04
Epoch  29 | train 0.3131 (IM@1 0.0170 FM@1 0.0446) | val 0.3807 (IM@1 0.0202 FM@1 0.0569) sup 0.0616/0.0771 roll 0.2515/0.3036 (λ=1.00) | lr 2.88e-04
Epoch  30 | train 0.3105 (IM@1 0.0170 FM@1 0.0439) | val 0.3813 (IM@1 0.0204 FM@1 0.0559) sup 0.0609/0.0763 roll 0.2497/0.3050 (λ=1.00) | lr 2.88e-04
Epoch  31 | train 0.3099 (IM@1 0.0168 FM@1 0.0440) | val 0.3859 (IM@1 0.0211 FM@1 0.0601) sup 0.0608/0.0812 roll 0.2491/0.3047 (λ=1.00) | lr 2.88e-04
Epoch  32 | train 0.3063 (IM@1 0.0168 FM@1 0.0433) | val 0.3785 (IM@1 0.0210 FM@1 0.0567) sup 0.0601/0.0778 roll 0.2462/0.3007 (λ=1.00) | lr 2.88e-04
Epoch  33 | train 0.3033 (IM@1 0.0166 FM@1 0.0424) | val 0.3779 (IM@1 0.0204 FM@1 0.0569) sup 0.0590/0.0773 roll 0.2443/0.3006 (λ=1.00) | lr 2.88e-04
Epoch  34 | train 0.3016 (IM@1 0.0167 FM@1 0.0420) | val 0.3807 (IM@1 0.0212 FM@1 0.0573) sup 0.0587/0.0785 roll 0.2429/0.3022 (λ=1.00) | lr 2.88e-04
Epoch  35 | train 0.2992 (IM@1 0.0167 FM@1 0.0416) | val 0.3814 (IM@1 0.0214 FM@1 0.0581) sup 0.0583/0.0794 roll 0.2409/0.3020 (λ=1.00) | lr 2.88e-04
Epoch  36 | train 0.2977 (IM@1 0.0167 FM@1 0.0412) | val 0.3814 (IM@1 0.0208 FM@1 0.0569) sup 0.0580/0.0777 roll 0.2397/0.3036 (λ=1.00) | lr 2.88e-04
Epoch  37 | train 0.2968 (IM@1 0.0168 FM@1 0.0408) | val 0.3890 (IM@1 0.0214 FM@1 0.0584) sup 0.0576/0.0797 roll 0.2392/0.3093 (λ=1.00) | lr 2.88e-04
Epoch  38 | train 0.2924 (IM@1 0.0166 FM@1 0.0400) | val 0.3784 (IM@1 0.0212 FM@1 0.0566) sup 0.0566/0.0779 roll 0.2358/0.3006 (λ=1.00) | lr 1.44e-04
Epoch  39 | train 0.2802 (IM@1 0.0163 FM@1 0.0375) | val 0.3760 (IM@1 0.0207 FM@1 0.0573) sup 0.0537/0.0781 roll 0.2265/0.2979 (λ=1.00) | lr 1.44e-04

Training completato (combo). Best val (sup + 1.0*roll, da epoch 10): 0.3750 a epoch 27
[I 2026-09-26 20:21:13,661] Trial 65 finished with value: 0.37500375038976397 and parameters: {'gru_hidden_fm': 256, 'mlp_hidden_fm': 512, 'dropout_fm': 0.056069759550232516, 'weight_decay_fm': 4.434460315518309e-05, 'gru_hidden_im': 128, 'mlp_hidden_im': 64, 'dropout_im': 0.01263126731798528, 'weight_decay_im': 3.534827819065359e-06, 'lr': 0.00028812882147031654, 'batch_size': 64, 'clip_norm': 1.0}. Best is trial 58 with value: 0.3605886232752144.
Split per-trial: 26015 finestre train | 6505 finestre val
Epoch   0 | train 0.5105 (IM@1 0.1857 FM@1 0.3248) | val 0.1862 (IM@1 0.0305 FM@1 0.1557) sup 0.5105/0.1862 roll 1.2031/0.7552 (λ=0.00) | lr 4.11e-04
Epoch   1 | train 0.2283 (IM@1 0.0272 FM@1 0.1472) | val 0.1785 (IM@1 0.0224 FM@1 0.1163) sup 0.1744/0.1387 roll 0.5395/0.3981 (λ=0.10) | lr 4.11e-04
Epoch   2 | train 0.2297 (IM@1 0.0229 FM@1 0.1219) | val 0.1877 (IM@1 0.0210 FM@1 0.0955) sup 0.1448/0.1165 roll 0.4244/0.3558 (λ=0.20) | lr 4.11e-04
Epoch   3 | train 0.2465 (IM@1 0.0217 FM@1 0.1090) | val 0.2074 (IM@1 0.0207 FM@1 0.0870) sup 0.1307/0.1077 roll 0.3858/0.3324 (λ=0.30) | lr 4.11e-04
Epoch   4 | train 0.2703 (IM@1 0.0213 FM@1 0.1014) | val 0.2332 (IM@1 0.0203 FM@1 0.0823) sup 0.1227/0.1026 roll 0.3690/0.3264 (λ=0.40) | lr 4.11e-04
Epoch   5 | train 0.2929 (IM@1 0.0209 FM@1 0.0954) | val 0.2567 (IM@1 0.0201 FM@1 0.0772) sup 0.1163/0.0972 roll 0.3531/0.3189 (λ=0.50) | lr 4.11e-04
Epoch   6 | train 0.3200 (IM@1 0.0206 FM@1 0.0926) | val 0.2878 (IM@1 0.0202 FM@1 0.0758) sup 0.1131/0.0959 roll 0.3448/0.3198 (λ=0.60) | lr 4.11e-04
Epoch   7 | train 0.3445 (IM@1 0.0206 FM@1 0.0890) | val 0.3122 (IM@1 0.0203 FM@1 0.0742) sup 0.1095/0.0945 roll 0.3357/0.3111 (λ=0.70) | lr 4.11e-04
Epoch   8 | train 0.3721 (IM@1 0.0205 FM@1 0.0872) | val 0.3502 (IM@1 0.0207 FM@1 0.0740) sup 0.1077/0.0947 roll 0.3306/0.3193 (λ=0.80) | lr 4.11e-04
Epoch   9 | train 0.3985 (IM@1 0.0206 FM@1 0.0860) | val 0.3755 (IM@1 0.0207 FM@1 0.0713) sup 0.1066/0.0920 roll 0.3243/0.3150 (λ=0.90) | lr 4.11e-04
Epoch  10 | train 0.4235 (IM@1 0.0204 FM@1 0.0826) | val 0.4001 (IM@1 0.0209 FM@1 0.0718) sup 0.1030/0.0926 roll 0.3205/0.3075 (λ=1.00) | lr 4.11e-04
Epoch  11 | train 0.4182 (IM@1 0.0205 FM@1 0.0809) | val 0.3954 (IM@1 0.0202 FM@1 0.0691) sup 0.1014/0.0893 roll 0.3168/0.3061 (λ=1.00) | lr 4.11e-04
Epoch  12 | train 0.4137 (IM@1 0.0204 FM@1 0.0803) | val 0.3971 (IM@1 0.0210 FM@1 0.0695) sup 0.1008/0.0904 roll 0.3129/0.3066 (λ=1.00) | lr 4.11e-04
Epoch  13 | train 0.4097 (IM@1 0.0203 FM@1 0.0799) | val 0.4014 (IM@1 0.0212 FM@1 0.0671) sup 0.1001/0.0883 roll 0.3096/0.3131 (λ=1.00) | lr 4.11e-04
Epoch  14 | train 0.4049 (IM@1 0.0204 FM@1 0.0791) | val 0.3928 (IM@1 0.0209 FM@1 0.0663) sup 0.0996/0.0872 roll 0.3054/0.3055 (λ=1.00) | lr 4.11e-04
Epoch  15 | train 0.4009 (IM@1 0.0203 FM@1 0.0769) | val 0.3944 (IM@1 0.0213 FM@1 0.0668) sup 0.0972/0.0881 roll 0.3037/0.3062 (λ=1.00) | lr 4.11e-04
Epoch  16 | train 0.3985 (IM@1 0.0203 FM@1 0.0755) | val 0.3838 (IM@1 0.0213 FM@1 0.0649) sup 0.0957/0.0862 roll 0.3028/0.2976 (λ=1.00) | lr 4.11e-04
Epoch  17 | train 0.3912 (IM@1 0.0200 FM@1 0.0738) | val 0.3921 (IM@1 0.0212 FM@1 0.0631) sup 0.0938/0.0843 roll 0.2974/0.3078 (λ=1.00) | lr 4.11e-04
Epoch  18 | train 0.3895 (IM@1 0.0201 FM@1 0.0736) | val 0.3843 (IM@1 0.0217 FM@1 0.0620) sup 0.0936/0.0838 roll 0.2959/0.3005 (λ=1.00) | lr 4.11e-04
Epoch  19 | train 0.3852 (IM@1 0.0197 FM@1 0.0724) | val 0.3940 (IM@1 0.0235 FM@1 0.0624) sup 0.0921/0.0859 roll 0.2931/0.3081 (λ=1.00) | lr 4.11e-04
Epoch  20 | train 0.3821 (IM@1 0.0198 FM@1 0.0711) | val 0.3821 (IM@1 0.0211 FM@1 0.0626) sup 0.0909/0.0837 roll 0.2913/0.2984 (λ=1.00) | lr 4.11e-04
Epoch  21 | train 0.3776 (IM@1 0.0197 FM@1 0.0704) | val 0.3829 (IM@1 0.0214 FM@1 0.0610) sup 0.0901/0.0824 roll 0.2875/0.3005 (λ=1.00) | lr 4.11e-04
Epoch  22 | train 0.3771 (IM@1 0.0199 FM@1 0.0704) | val 0.3880 (IM@1 0.0226 FM@1 0.0608) sup 0.0903/0.0834 roll 0.2868/0.3046 (λ=1.00) | lr 4.11e-04
Epoch  23 | train 0.3726 (IM@1 0.0196 FM@1 0.0691) | val 0.3772 (IM@1 0.0218 FM@1 0.0596) sup 0.0887/0.0814 roll 0.2839/0.2958 (λ=1.00) | lr 4.11e-04
Epoch  24 | train 0.3703 (IM@1 0.0195 FM@1 0.0693) | val 0.3829 (IM@1 0.0218 FM@1 0.0596) sup 0.0889/0.0814 roll 0.2814/0.3015 (λ=1.00) | lr 4.11e-04
Epoch  25 | train 0.3684 (IM@1 0.0194 FM@1 0.0686) | val 0.3833 (IM@1 0.0216 FM@1 0.0605) sup 0.0880/0.0821 roll 0.2804/0.3012 (λ=1.00) | lr 4.11e-04
Epoch  26 | train 0.3667 (IM@1 0.0194 FM@1 0.0686) | val 0.3781 (IM@1 0.0212 FM@1 0.0598) sup 0.0881/0.0810 roll 0.2787/0.2971 (λ=1.00) | lr 4.11e-04
Epoch  27 | train 0.3637 (IM@1 0.0192 FM@1 0.0671) | val 0.3822 (IM@1 0.0218 FM@1 0.0603) sup 0.0863/0.0821 roll 0.2774/0.3001 (λ=1.00) | lr 4.11e-04
Epoch  28 | train 0.3634 (IM@1 0.0196 FM@1 0.0668) | val 0.3877 (IM@1 0.0221 FM@1 0.0584) sup 0.0865/0.0805 roll 0.2769/0.3071 (λ=1.00) | lr 4.11e-04
Epoch  29 | train 0.3588 (IM@1 0.0193 FM@1 0.0662) | val 0.3778 (IM@1 0.0211 FM@1 0.0587) sup 0.0855/0.0799 roll 0.2733/0.2979 (λ=1.00) | lr 4.11e-04
Epoch  30 | train 0.3586 (IM@1 0.0192 FM@1 0.0659) | val 0.3758 (IM@1 0.0213 FM@1 0.0578) sup 0.0851/0.0790 roll 0.2735/0.2968 (λ=1.00) | lr 4.11e-04
Epoch  31 | train 0.3559 (IM@1 0.0191 FM@1 0.0655) | val 0.3771 (IM@1 0.0219 FM@1 0.0601) sup 0.0846/0.0821 roll 0.2714/0.2950 (λ=1.00) | lr 4.11e-04
Epoch  32 | train 0.3538 (IM@1 0.0192 FM@1 0.0649) | val 0.3836 (IM@1 0.0225 FM@1 0.0597) sup 0.0840/0.0821 roll 0.2698/0.3015 (λ=1.00) | lr 4.11e-04
Epoch  33 | train 0.3515 (IM@1 0.0190 FM@1 0.0651) | val 0.3781 (IM@1 0.0222 FM@1 0.0592) sup 0.0841/0.0814 roll 0.2674/0.2967 (λ=1.00) | lr 4.11e-04
Epoch  34 | train 0.3493 (IM@1 0.0188 FM@1 0.0643) | val 0.3840 (IM@1 0.0226 FM@1 0.0605) sup 0.0831/0.0831 roll 0.2662/0.3009 (λ=1.00) | lr 4.11e-04
Epoch  35 | train 0.3473 (IM@1 0.0189 FM@1 0.0640) | val 0.3794 (IM@1 0.0218 FM@1 0.0579) sup 0.0829/0.0797 roll 0.2644/0.2997 (λ=1.00) | lr 4.11e-04
Epoch  36 | train 0.3456 (IM@1 0.0187 FM@1 0.0640) | val 0.3776 (IM@1 0.0231 FM@1 0.0583) sup 0.0826/0.0814 roll 0.2629/0.2962 (λ=1.00) | lr 4.11e-04
Epoch  37 | train 0.3431 (IM@1 0.0187 FM@1 0.0633) | val 0.3908 (IM@1 0.0219 FM@1 0.0582) sup 0.0821/0.0801 roll 0.2610/0.3107 (λ=1.00) | lr 4.11e-04
Epoch  38 | train 0.3419 (IM@1 0.0188 FM@1 0.0629) | val 0.3829 (IM@1 0.0225 FM@1 0.0591) sup 0.0816/0.0816 roll 0.2603/0.3013 (λ=1.00) | lr 4.11e-04
Epoch  39 | train 0.3392 (IM@1 0.0188 FM@1 0.0617) | val 0.3865 (IM@1 0.0230 FM@1 0.0586) sup 0.0805/0.0816 roll 0.2588/0.3049 (λ=1.00) | lr 4.11e-04

Training completato (combo). Best val (sup + 1.0*roll, da epoch 10): 0.3758 a epoch 30
[I 2026-09-26 21:06:42,338] Trial 94 finished with value: 0.37581988737032923 and parameters: {'gru_hidden_fm': 128, 'mlp_hidden_fm': 128, 'dropout_fm': 0.1546084480811928, 'weight_decay_fm': 1.9154192227029336e-06, 'gru_hidden_im': 64, 'mlp_hidden_im': 64, 'dropout_im': 0.029685688317322823, 'weight_decay_im': 2.3802871347748475e-06, 'lr': 0.00041122913720826297, 'batch_size': 64, 'clip_norm': 1.0}. Best is trial 58 with value: 0.3605886232752144.
Split per-trial: 26015 finestre train | 6505 finestre val
Epoch   0 | train 0.2182 (IM@1 0.0600 FM@1 0.1582) | val 0.1305 (IM@1 0.0241 FM@1 0.1064) sup 0.2182/0.1305 roll 0.9182/0.6784 (λ=0.00) | lr 2.12e-03
Epoch   1 | train 0.1737 (IM@1 0.0274 FM@1 0.1002) | val 0.1278 (IM@1 0.0213 FM@1 0.0719) sup 0.1276/0.0932 roll 0.4606/0.3459 (λ=0.10) | lr 2.12e-03
Epoch   2 | train 0.1902 (IM@1 0.0258 FM@1 0.0863) | val 0.1551 (IM@1 0.0201 FM@1 0.0699) sup 0.1121/0.0900 roll 0.3907/0.3256 (λ=0.20) | lr 2.12e-03
Epoch   3 | train 0.2226 (IM@1 0.0266 FM@1 0.0834) | val 0.2013 (IM@1 0.0264 FM@1 0.0710) sup 0.1100/0.0975 roll 0.3752/0.3461 (λ=0.30) | lr 2.12e-03
Epoch   4 | train 0.2462 (IM@1 0.0261 FM@1 0.0797) | val 0.2460 (IM@1 0.0236 FM@1 0.0766) sup 0.1058/0.1001 roll 0.3510/0.3646 (λ=0.40) | lr 2.12e-03
Epoch   5 | train 0.2727 (IM@1 0.0259 FM@1 0.0769) | val 0.2536 (IM@1 0.0224 FM@1 0.0712) sup 0.1028/0.0936 roll 0.3396/0.3201 (λ=0.50) | lr 2.12e-03
Epoch   6 | train 0.2985 (IM@1 0.0264 FM@1 0.0738) | val 0.2849 (IM@1 0.0243 FM@1 0.0713) sup 0.1002/0.0956 roll 0.3305/0.3156 (λ=0.60) | lr 2.12e-03
Epoch   7 | train 0.3242 (IM@1 0.0266 FM@1 0.0727) | val 0.3063 (IM@1 0.0255 FM@1 0.0648) sup 0.0993/0.0903 roll 0.3213/0.3086 (λ=0.70) | lr 2.12e-03
Epoch   8 | train 0.3475 (IM@1 0.0267 FM@1 0.0697) | val 0.3440 (IM@1 0.0235 FM@1 0.0634) sup 0.0964/0.0869 roll 0.3139/0.3214 (λ=0.80) | lr 2.12e-03
Epoch   9 | train 0.3731 (IM@1 0.0264 FM@1 0.0702) | val 0.3817 (IM@1 0.0250 FM@1 0.0654) sup 0.0966/0.0904 roll 0.3072/0.3237 (λ=0.90) | lr 2.12e-03
Epoch  10 | train 0.3891 (IM@1 0.0256 FM@1 0.0681) | val 0.4403 (IM@1 0.0292 FM@1 0.0767) sup 0.0937/0.1060 roll 0.2953/0.3343 (λ=1.00) | lr 2.12e-03
Epoch  11 | train 0.3816 (IM@1 0.0251 FM@1 0.0671) | val 0.3873 (IM@1 0.0248 FM@1 0.0646) sup 0.0922/0.0894 roll 0.2894/0.2979 (λ=1.00) | lr 2.12e-03
Epoch  12 | train 0.3757 (IM@1 0.0252 FM@1 0.0655) | val 0.3935 (IM@1 0.0258 FM@1 0.0628) sup 0.0907/0.0886 roll 0.2851/0.3049 (λ=1.00) | lr 2.12e-03
Epoch  13 | train 0.3681 (IM@1 0.0253 FM@1 0.0638) | val 0.3823 (IM@1 0.0237 FM@1 0.0641) sup 0.0891/0.0878 roll 0.2790/0.2945 (λ=1.00) | lr 2.12e-03
Epoch  14 | train 0.3648 (IM@1 0.0251 FM@1 0.0627) | val 0.3900 (IM@1 0.0225 FM@1 0.0646) sup 0.0878/0.0871 roll 0.2770/0.3029 (λ=1.00) | lr 2.12e-03
Epoch  15 | train 0.3586 (IM@1 0.0245 FM@1 0.0613) | val 0.4042 (IM@1 0.0257 FM@1 0.0701) sup 0.0859/0.0958 roll 0.2727/0.3084 (λ=1.00) | lr 2.12e-03
Epoch  16 | train 0.3513 (IM@1 0.0242 FM@1 0.0600) | val 0.3967 (IM@1 0.0241 FM@1 0.0663) sup 0.0841/0.0904 roll 0.2671/0.3063 (λ=1.00) | lr 2.12e-03
Epoch  17 | train 0.3496 (IM@1 0.0245 FM@1 0.0590) | val 0.3939 (IM@1 0.0245 FM@1 0.0658) sup 0.0835/0.0903 roll 0.2661/0.3036 (λ=1.00) | lr 2.12e-03
Epoch  18 | train 0.3479 (IM@1 0.0246 FM@1 0.0591) | val 0.4301 (IM@1 0.0280 FM@1 0.0807) sup 0.0837/0.1087 roll 0.2642/0.3214 (λ=1.00) | lr 2.12e-03
Epoch  19 | train 0.3406 (IM@1 0.0240 FM@1 0.0575) | val 0.4014 (IM@1 0.0231 FM@1 0.0642) sup 0.0815/0.0873 roll 0.2590/0.3141 (λ=1.00) | lr 2.12e-03
Epoch  20 | train 0.3370 (IM@1 0.0240 FM@1 0.0570) | val 0.4068 (IM@1 0.0254 FM@1 0.0694) sup 0.0810/0.0948 roll 0.2560/0.3120 (λ=1.00) | lr 2.12e-03
[I 2026-09-26 21:57:50,557] Trial 98 pruned. 

Best val: 0.35983
  gru_hidden_fm: 128
  mlp_hidden_fm: 512
  dropout_fm: 0.19931977379143886
  weight_decay_fm: 1.0216647704793357e-05
  gru_hidden_im: 128
  mlp_hidden_im: 256
  dropout_im: 0.06367278116520242
  weight_decay_im: 0.0007406462387410057
  lr: 0.0002298046446717069
  batch_size: 64
  clip_norm: 1.0
Report: /home/gemma/tesi/aquabot/src/net/Estimator/tuning/tuning_results/best_joint_combo_p1_k10.txt
