Studio: joint_combo_p1_k10 | device cpu | mode=combo P=1 K=10 T=10
Caricamento dataset...
Trovati 120 trial.
Dataset grezzo: 120 trial letti. Scaler e finestre costruiti in split_by_trial() (fit solo su train).
/home/gemma/tesi/aquabot/src/net/Estimator/tuning/tune_joint.py:245: ExperimentalWarning: Argument ``multivariate`` is an experimental feature. The interface can change in the future.
  sampler = optuna.samplers.TPESampler(
/home/gemma/tesi/aquabot/src/net/Estimator/tuning/tune_joint.py:245: ExperimentalWarning: Argument ``group`` is an experimental feature. The interface can change in the future.
  sampler = optuna.samplers.TPESampler(
/home/gemma/tesi/aquabot/src/net/Estimator/tuning/tune_joint.py:245: ExperimentalWarning: Argument ``constant_liar`` is an experimental feature. The interface can change in the future.
  sampler = optuna.samplers.TPESampler(
[I 2026-09-26 12:52:16,376] Using an existing study with name 'joint_combo_p1_k10' instead of creating a new one.
Normalizzatore caricato da /home/gemma/tesi/aquabot/src/net/scaler/scalers_joint.pkl (nessun refit).
Dataset: 32520 campioni da 120 trial. H=20 P=10 | seq_cmd=(20, 1) seq_sens=(20, 2)
Split per-trial: 26015 finestre train | 6505 finestre val
Epoch   0 | train 1.7454 (IM@1 0.7603 FM@1 0.9851) | val 1.1523 (IM@1 0.2980 FM@1 0.8543) sup 1.7454/1.1523 roll 1.9547/1.7332 (λ=0.00) | lr 6.86e-05
Epoch   1 | train 1.1581 (IM@1 0.2067 FM@1 0.7836) | val 0.7915 (IM@1 0.0812 FM@1 0.5814) sup 0.9903/0.6626 roll 1.6775/1.2883 (λ=0.10) | lr 6.86e-05
Epoch   2 | train 0.9695 (IM@1 0.0835 FM@1 0.6299) | val 0.7402 (IM@1 0.0513 FM@1 0.4945) sup 0.7134/0.5458 roll 1.2804/0.9720 (λ=0.20) | lr 6.86e-05
Epoch   3 | train 0.9497 (IM@1 0.0596 FM@1 0.5751) | val 0.7352 (IM@1 0.0438 FM@1 0.4386) sup 0.6347/0.4824 roll 1.0502/0.8427 (λ=0.30) | lr 6.86e-05
Epoch   4 | train 0.9588 (IM@1 0.0516 FM@1 0.5316) | val 0.7289 (IM@1 0.0389 FM@1 0.3988) sup 0.5831/0.4377 roll 0.9391/0.7280 (λ=0.40) | lr 6.86e-05
Epoch   5 | train 0.9921 (IM@1 0.0464 FM@1 0.5077) | val 0.7418 (IM@1 0.0345 FM@1 0.3716) sup 0.5541/0.4061 roll 0.8760/0.6714 (λ=0.50) | lr 6.86e-05
Epoch   6 | train 1.0239 (IM@1 0.0438 FM@1 0.4847) | val 0.7640 (IM@1 0.0314 FM@1 0.3526) sup 0.5284/0.3840 roll 0.8257/0.6333 (λ=0.60) | lr 6.86e-05
Epoch   7 | train 1.0476 (IM@1 0.0396 FM@1 0.4613) | val 0.7819 (IM@1 0.0288 FM@1 0.3340) sup 0.5009/0.3628 roll 0.7811/0.5988 (λ=0.70) | lr 6.86e-05
Epoch   8 | train 1.0898 (IM@1 0.0384 FM@1 0.4487) | val 0.8046 (IM@1 0.0271 FM@1 0.3204) sup 0.4871/0.3475 roll 0.7533/0.5714 (λ=0.80) | lr 6.86e-05
Epoch   9 | train 1.1170 (IM@1 0.0366 FM@1 0.4327) | val 0.8461 (IM@1 0.0283 FM@1 0.3018) sup 0.4693/0.3300 roll 0.7196/0.5734 (λ=0.90) | lr 6.86e-05
Epoch  10 | train 1.1540 (IM@1 0.0356 FM@1 0.4156) | val 0.8475 (IM@1 0.0254 FM@1 0.2891) sup 0.4512/0.3145 roll 0.7027/0.5330 (λ=1.00) | lr 6.86e-05
Epoch  11 | train 1.1078 (IM@1 0.0351 FM@1 0.4000) | val 0.8128 (IM@1 0.0253 FM@1 0.2760) sup 0.4351/0.3012 roll 0.6727/0.5116 (λ=1.00) | lr 6.86e-05
Epoch  12 | train 1.0775 (IM@1 0.0337 FM@1 0.3866) | val 0.7776 (IM@1 0.0241 FM@1 0.2612) sup 0.4202/0.2853 roll 0.6573/0.4923 (λ=1.00) | lr 6.86e-05
Epoch  13 | train 1.0480 (IM@1 0.0334 FM@1 0.3759) | val 0.7563 (IM@1 0.0238 FM@1 0.2509) sup 0.4093/0.2748 roll 0.6387/0.4816 (λ=1.00) | lr 6.86e-05
Epoch  14 | train 1.0211 (IM@1 0.0328 FM@1 0.3624) | val 0.7389 (IM@1 0.0235 FM@1 0.2441) sup 0.3952/0.2676 roll 0.6259/0.4713 (λ=1.00) | lr 6.86e-05
Epoch  15 | train 1.0042 (IM@1 0.0318 FM@1 0.3578) | val 0.7139 (IM@1 0.0233 FM@1 0.2337) sup 0.3896/0.2570 roll 0.6146/0.4569 (λ=1.00) | lr 6.86e-05
Epoch  16 | train 0.9861 (IM@1 0.0319 FM@1 0.3524) | val 0.7125 (IM@1 0.0229 FM@1 0.2298) sup 0.3843/0.2527 roll 0.6018/0.4599 (λ=1.00) | lr 6.86e-05
Epoch  17 | train 0.9683 (IM@1 0.0317 FM@1 0.3411) | val 0.6968 (IM@1 0.0230 FM@1 0.2217) sup 0.3728/0.2448 roll 0.5955/0.4520 (λ=1.00) | lr 6.86e-05
Epoch  18 | train 0.9522 (IM@1 0.0312 FM@1 0.3354) | val 0.6776 (IM@1 0.0233 FM@1 0.2142) sup 0.3667/0.2375 roll 0.5855/0.4401 (λ=1.00) | lr 6.86e-05
Epoch  19 | train 0.9427 (IM@1 0.0312 FM@1 0.3325) | val 0.6734 (IM@1 0.0231 FM@1 0.2113) sup 0.3637/0.2345 roll 0.5789/0.4390 (λ=1.00) | lr 6.86e-05
Epoch  20 | train 0.9296 (IM@1 0.0312 FM@1 0.3260) | val 0.6605 (IM@1 0.0223 FM@1 0.2096) sup 0.3572/0.2319 roll 0.5724/0.4285 (λ=1.00) | lr 6.86e-05
Epoch  21 | train 0.9143 (IM@1 0.0308 FM@1 0.3189) | val 0.6544 (IM@1 0.0224 FM@1 0.2057) sup 0.3497/0.2281 roll 0.5646/0.4262 (λ=1.00) | lr 6.86e-05
Epoch  22 | train 0.9010 (IM@1 0.0305 FM@1 0.3163) | val 0.6580 (IM@1 0.0237 FM@1 0.1998) sup 0.3468/0.2236 roll 0.5542/0.4345 (λ=1.00) | lr 6.86e-05
Epoch  23 | train 0.8881 (IM@1 0.0305 FM@1 0.3093) | val 0.6382 (IM@1 0.0233 FM@1 0.1924) sup 0.3398/0.2157 roll 0.5483/0.4225 (λ=1.00) | lr 6.86e-05
Epoch  24 | train 0.8799 (IM@1 0.0303 FM@1 0.3063) | val 0.6292 (IM@1 0.0231 FM@1 0.1905) sup 0.3365/0.2136 roll 0.5434/0.4155 (λ=1.00) | lr 6.86e-05
Epoch  25 | train 0.8638 (IM@1 0.0304 FM@1 0.2954) | val 0.6249 (IM@1 0.0229 FM@1 0.1882) sup 0.3258/0.2111 roll 0.5379/0.4139 (λ=1.00) | lr 6.86e-05
Epoch  26 | train 0.8519 (IM@1 0.0302 FM@1 0.2922) | val 0.6065 (IM@1 0.0223 FM@1 0.1824) sup 0.3224/0.2047 roll 0.5295/0.4018 (λ=1.00) | lr 6.86e-05
Epoch  27 | train 0.8428 (IM@1 0.0303 FM@1 0.2885) | val 0.5978 (IM@1 0.0223 FM@1 0.1769) sup 0.3187/0.1992 roll 0.5240/0.3987 (λ=1.00) | lr 6.86e-05
Epoch  28 | train 0.8329 (IM@1 0.0298 FM@1 0.2834) | val 0.5889 (IM@1 0.0222 FM@1 0.1742) sup 0.3132/0.1963 roll 0.5197/0.3926 (λ=1.00) | lr 6.86e-05
Epoch  29 | train 0.8244 (IM@1 0.0299 FM@1 0.2801) | val 0.5811 (IM@1 0.0221 FM@1 0.1677) sup 0.3099/0.1898 roll 0.5145/0.3912 (λ=1.00) | lr 6.86e-05
Epoch  30 | train 0.8167 (IM@1 0.0294 FM@1 0.2745) | val 0.5793 (IM@1 0.0223 FM@1 0.1679) sup 0.3039/0.1903 roll 0.5128/0.3890 (λ=1.00) | lr 6.86e-05
Epoch  31 | train 0.8174 (IM@1 0.0299 FM@1 0.2771) | val 0.5815 (IM@1 0.0234 FM@1 0.1646) sup 0.3070/0.1881 roll 0.5103/0.3934 (λ=1.00) | lr 6.86e-05
Epoch  32 | train 0.8015 (IM@1 0.0296 FM@1 0.2664) | val 0.5746 (IM@1 0.0239 FM@1 0.1616) sup 0.2960/0.1855 roll 0.5055/0.3891 (λ=1.00) | lr 6.86e-05
Epoch  33 | train 0.7952 (IM@1 0.0294 FM@1 0.2656) | val 0.5662 (IM@1 0.0241 FM@1 0.1570) sup 0.2950/0.1811 roll 0.5002/0.3851 (λ=1.00) | lr 6.86e-05
Epoch  34 | train 0.7883 (IM@1 0.0295 FM@1 0.2612) | val 0.5626 (IM@1 0.0235 FM@1 0.1561) sup 0.2907/0.1796 roll 0.4976/0.3830 (λ=1.00) | lr 6.86e-05
Epoch  35 | train 0.7848 (IM@1 0.0296 FM@1 0.2589) | val 0.5637 (IM@1 0.0231 FM@1 0.1516) sup 0.2885/0.1747 roll 0.4963/0.3890 (λ=1.00) | lr 6.86e-05
Epoch  36 | train 0.7730 (IM@1 0.0294 FM@1 0.2536) | val 0.5417 (IM@1 0.0233 FM@1 0.1478) sup 0.2830/0.1711 roll 0.4900/0.3707 (λ=1.00) | lr 6.86e-05
Epoch  37 | train 0.7709 (IM@1 0.0296 FM@1 0.2523) | val 0.5549 (IM@1 0.0234 FM@1 0.1504) sup 0.2820/0.1738 roll 0.4889/0.3811 (λ=1.00) | lr 6.86e-05
Epoch  38 | train 0.7686 (IM@1 0.0294 FM@1 0.2518) | val 0.5429 (IM@1 0.0233 FM@1 0.1472) sup 0.2812/0.1705 roll 0.4875/0.3724 (λ=1.00) | lr 6.86e-05
Epoch  39 | train 0.7645 (IM@1 0.0294 FM@1 0.2516) | val 0.5362 (IM@1 0.0247 FM@1 0.1416) sup 0.2810/0.1664 roll 0.4834/0.3699 (λ=1.00) | lr 6.86e-05

Training completato (combo). Best val (sup + 1.0*roll, da epoch 10): 0.5362 a epoch 39
[I 2026-09-26 14:07:29,980] Trial 12 finished with value: 0.5362110974992998 and parameters: {'gru_hidden_fm': 256, 'mlp_hidden_fm': 32, 'dropout_fm': 0.3073369053535624, 'weight_decay_fm': 0.000981103233710594, 'gru_hidden_im': 256, 'mlp_hidden_im': 256, 'dropout_im': 0.2593268961965495, 'weight_decay_im': 9.951960706814264e-06, 'lr': 6.856274502953519e-05, 'batch_size': 256, 'clip_norm': 0.5}. Best is trial 13 with value: 0.38012470600984816.
Split per-trial: 26015 finestre train | 6505 finestre val
Epoch   0 | train 1.3720 (IM@1 0.5708 FM@1 0.8011) | val 0.6564 (IM@1 0.1587 FM@1 0.4977) sup 1.3720/0.6564 roll 1.9084/1.4378 (λ=0.00) | lr 9.72e-05
Epoch   1 | train 0.9459 (IM@1 0.2056 FM@1 0.5814) | val 0.5823 (IM@1 0.0957 FM@1 0.3740) sup 0.7871/0.4698 roll 1.5881/1.1249 (λ=0.10) | lr 9.72e-05
Epoch   2 | train 0.9221 (IM@1 0.1503 FM@1 0.5097) | val 0.5631 (IM@1 0.0727 FM@1 0.3121) sup 0.6600/0.3848 roll 1.3105/0.8918 (λ=0.20) | lr 9.72e-05
Epoch   3 | train 0.9368 (IM@1 0.1320 FM@1 0.4703) | val 0.5766 (IM@1 0.0627 FM@1 0.2839) sup 0.6024/0.3466 roll 1.1148/0.7668 (λ=0.30) | lr 9.72e-05
Epoch   4 | train 0.9781 (IM@1 0.1243 FM@1 0.4511) | val 0.6289 (IM@1 0.0554 FM@1 0.2839) sup 0.5753/0.3393 roll 1.0070/0.7238 (λ=0.40) | lr 9.72e-05
Epoch   5 | train 1.0216 (IM@1 0.1193 FM@1 0.4287) | val 0.6569 (IM@1 0.0547 FM@1 0.2603) sup 0.5480/0.3150 roll 0.9473/0.6838 (λ=0.50) | lr 9.72e-05
Epoch   6 | train 1.0738 (IM@1 0.1146 FM@1 0.4129) | val 0.6864 (IM@1 0.0518 FM@1 0.2436) sup 0.5274/0.2954 roll 0.9106/0.6517 (λ=0.60) | lr 9.72e-05
Epoch   7 | train 1.1269 (IM@1 0.1124 FM@1 0.4001) | val 0.7301 (IM@1 0.0510 FM@1 0.2415) sup 0.5125/0.2925 roll 0.8778/0.6253 (λ=0.70) | lr 9.72e-05
Epoch   8 | train 1.1774 (IM@1 0.1109 FM@1 0.3883) | val 0.7586 (IM@1 0.0533 FM@1 0.2256) sup 0.4992/0.2789 roll 0.8477/0.5997 (λ=0.80) | lr 9.72e-05
Epoch   9 | train 1.2241 (IM@1 0.1097 FM@1 0.3769) | val 0.7702 (IM@1 0.0499 FM@1 0.2126) sup 0.4866/0.2625 roll 0.8195/0.5642 (λ=0.90) | lr 9.72e-05
Epoch  10 | train 1.2701 (IM@1 0.1063 FM@1 0.3712) | val 0.8162 (IM@1 0.0480 FM@1 0.2147) sup 0.4775/0.2627 roll 0.7926/0.5535 (λ=1.00) | lr 9.72e-05
Epoch  11 | train 1.2393 (IM@1 0.1059 FM@1 0.3686) | val 0.7631 (IM@1 0.0454 FM@1 0.1997) sup 0.4745/0.2451 roll 0.7648/0.5180 (λ=1.00) | lr 9.72e-05
Epoch  12 | train 1.2064 (IM@1 0.1013 FM@1 0.3591) | val 0.7627 (IM@1 0.0470 FM@1 0.2020) sup 0.4604/0.2490 roll 0.7460/0.5137 (λ=1.00) | lr 9.72e-05
Epoch  13 | train 1.1793 (IM@1 0.1017 FM@1 0.3543) | val 0.7506 (IM@1 0.0481 FM@1 0.1973) sup 0.4560/0.2454 roll 0.7233/0.5052 (λ=1.00) | lr 9.72e-05
Epoch  14 | train 1.1555 (IM@1 0.1010 FM@1 0.3502) | val 0.7052 (IM@1 0.0436 FM@1 0.1884) sup 0.4512/0.2320 roll 0.7043/0.4732 (λ=1.00) | lr 9.72e-05
Epoch  15 | train 1.1261 (IM@1 0.0992 FM@1 0.3411) | val 0.6991 (IM@1 0.0437 FM@1 0.1851) sup 0.4403/0.2288 roll 0.6858/0.4702 (λ=1.00) | lr 9.72e-05
Epoch  16 | train 1.1101 (IM@1 0.0974 FM@1 0.3375) | val 0.6654 (IM@1 0.0406 FM@1 0.1795) sup 0.4348/0.2201 roll 0.6752/0.4453 (λ=1.00) | lr 9.72e-05
Epoch  17 | train 1.0939 (IM@1 0.0979 FM@1 0.3345) | val 0.6827 (IM@1 0.0435 FM@1 0.1778) sup 0.4324/0.2212 roll 0.6615/0.4615 (λ=1.00) | lr 9.72e-05
Epoch  18 | train 1.0770 (IM@1 0.0951 FM@1 0.3315) | val 0.6568 (IM@1 0.0403 FM@1 0.1766) sup 0.4267/0.2169 roll 0.6504/0.4399 (λ=1.00) | lr 9.72e-05
[I 2026-09-26 17:03:32,613] Trial 28 pruned. 
Split per-trial: 26015 finestre train | 6505 finestre val
Epoch   0 | train 1.0468 (IM@1 0.5024 FM@1 0.5444) | val 0.4139 (IM@1 0.1265 FM@1 0.2874) sup 1.0468/0.4139 roll 1.6899/1.3591 (λ=0.00) | lr 1.75e-04
Epoch   1 | train 0.4536 (IM@1 0.0789 FM@1 0.2681) | val 0.3381 (IM@1 0.0513 FM@1 0.2067) sup 0.3470/0.2580 roll 1.0665/0.8007 (λ=0.10) | lr 1.75e-04
Epoch   2 | train 0.4132 (IM@1 0.0475 FM@1 0.2096) | val 0.3285 (IM@1 0.0405 FM@1 0.1660) sup 0.2571/0.2065 roll 0.7805/0.6101 (λ=0.20) | lr 1.75e-04
Epoch   3 | train 0.4171 (IM@1 0.0399 FM@1 0.1828) | val 0.3381 (IM@1 0.0360 FM@1 0.1480) sup 0.2227/0.1840 roll 0.6482/0.5139 (λ=0.30) | lr 1.75e-04
Epoch   4 | train 0.4287 (IM@1 0.0345 FM@1 0.1674) | val 0.3530 (IM@1 0.0328 FM@1 0.1346) sup 0.2020/0.1674 roll 0.5668/0.4639 (λ=0.40) | lr 1.75e-04
Epoch   5 | train 0.4416 (IM@1 0.0313 FM@1 0.1548) | val 0.3615 (IM@1 0.0278 FM@1 0.1239) sup 0.1862/0.1517 roll 0.5108/0.4196 (λ=0.50) | lr 1.75e-04
Epoch   6 | train 0.4576 (IM@1 0.0282 FM@1 0.1476) | val 0.3659 (IM@1 0.0251 FM@1 0.1148) sup 0.1758/0.1399 roll 0.4697/0.3767 (λ=0.60) | lr 1.75e-04
Epoch   7 | train 0.4755 (IM@1 0.0265 FM@1 0.1416) | val 0.3903 (IM@1 0.0237 FM@1 0.1107) sup 0.1681/0.1344 roll 0.4391/0.3656 (λ=0.70) | lr 1.75e-04
Epoch   8 | train 0.5032 (IM@1 0.0254 FM@1 0.1378) | val 0.4191 (IM@1 0.0242 FM@1 0.1065) sup 0.1631/0.1306 roll 0.4250/0.3606 (λ=0.80) | lr 1.75e-04
Epoch   9 | train 0.5281 (IM@1 0.0249 FM@1 0.1322) | val 0.4428 (IM@1 0.0225 FM@1 0.1041) sup 0.1571/0.1266 roll 0.4122/0.3514 (λ=0.90) | lr 1.75e-04
Epoch  10 | train 0.5518 (IM@1 0.0244 FM@1 0.1287) | val 0.4746 (IM@1 0.0228 FM@1 0.0998) sup 0.1532/0.1226 roll 0.3986/0.3519 (λ=1.00) | lr 1.75e-04
Epoch  11 | train 0.5402 (IM@1 0.0240 FM@1 0.1256) | val 0.4730 (IM@1 0.0237 FM@1 0.0976) sup 0.1497/0.1213 roll 0.3906/0.3517 (λ=1.00) | lr 1.75e-04
Epoch  12 | train 0.5287 (IM@1 0.0240 FM@1 0.1220) | val 0.4520 (IM@1 0.0217 FM@1 0.0946) sup 0.1460/0.1163 roll 0.3827/0.3358 (λ=1.00) | lr 1.75e-04
Epoch  13 | train 0.5165 (IM@1 0.0235 FM@1 0.1189) | val 0.4490 (IM@1 0.0221 FM@1 0.0932) sup 0.1424/0.1153 roll 0.3741/0.3337 (λ=1.00) | lr 1.75e-04
Epoch  14 | train 0.5111 (IM@1 0.0236 FM@1 0.1176) | val 0.4462 (IM@1 0.0224 FM@1 0.0917) sup 0.1412/0.1141 roll 0.3700/0.3321 (λ=1.00) | lr 1.75e-04
Epoch  15 | train 0.5020 (IM@1 0.0232 FM@1 0.1153) | val 0.4490 (IM@1 0.0231 FM@1 0.0898) sup 0.1386/0.1129 roll 0.3634/0.3361 (λ=1.00) | lr 1.75e-04
Epoch  16 | train 0.4955 (IM@1 0.0229 FM@1 0.1126) | val 0.4295 (IM@1 0.0217 FM@1 0.0868) sup 0.1355/0.1085 roll 0.3599/0.3209 (λ=1.00) | lr 1.75e-04
Epoch  17 | train 0.4890 (IM@1 0.0224 FM@1 0.1106) | val 0.4276 (IM@1 0.0220 FM@1 0.0851) sup 0.1330/0.1071 roll 0.3560/0.3206 (λ=1.00) | lr 1.75e-04
Epoch  18 | train 0.4846 (IM@1 0.0226 FM@1 0.1088) | val 0.4389 (IM@1 0.0220 FM@1 0.0880) sup 0.1315/0.1100 roll 0.3531/0.3289 (λ=1.00) | lr 1.75e-04
[I 2026-09-26 18:08:24,582] Trial 51 pruned. 
Split per-trial: 26015 finestre train | 6505 finestre val
Epoch   0 | train 0.4125 (IM@1 0.1553 FM@1 0.2572) | val 0.1562 (IM@1 0.0307 FM@1 0.1254) sup 0.4125/0.1562 roll 1.1178/0.6668 (λ=0.00) | lr 3.32e-04
Epoch   1 | train 0.1923 (IM@1 0.0306 FM@1 0.1098) | val 0.1681 (IM@1 0.0226 FM@1 0.1064) sup 0.1404/0.1290 roll 0.5191/0.3916 (λ=0.10) | lr 3.32e-04
Epoch   2 | train 0.2021 (IM@1 0.0268 FM@1 0.0922) | val 0.1734 (IM@1 0.0211 FM@1 0.0838) sup 0.1190/0.1049 roll 0.4155/0.3425 (λ=0.20) | lr 3.32e-04
Epoch   3 | train 0.2242 (IM@1 0.0260 FM@1 0.0840) | val 0.2091 (IM@1 0.0228 FM@1 0.0778) sup 0.1099/0.1006 roll 0.3809/0.3615 (λ=0.30) | lr 3.32e-04
Epoch   4 | train 0.2493 (IM@1 0.0263 FM@1 0.0784) | val 0.2250 (IM@1 0.0209 FM@1 0.0734) sup 0.1047/0.0942 roll 0.3614/0.3270 (λ=0.40) | lr 3.32e-04
Epoch   5 | train 0.2744 (IM@1 0.0263 FM@1 0.0741) | val 0.2635 (IM@1 0.0226 FM@1 0.0753) sup 0.1004/0.0979 roll 0.3480/0.3313 (λ=0.50) | lr 3.32e-04
Epoch   6 | train 0.2991 (IM@1 0.0258 FM@1 0.0723) | val 0.2890 (IM@1 0.0219 FM@1 0.0732) sup 0.0980/0.0951 roll 0.3351/0.3232 (λ=0.60) | lr 3.32e-04
Epoch   7 | train 0.3235 (IM@1 0.0257 FM@1 0.0700) | val 0.3063 (IM@1 0.0228 FM@1 0.0673) sup 0.0957/0.0901 roll 0.3254/0.3088 (λ=0.70) | lr 3.32e-04
Epoch   8 | train 0.3485 (IM@1 0.0259 FM@1 0.0677) | val 0.3335 (IM@1 0.0225 FM@1 0.0664) sup 0.0936/0.0889 roll 0.3186/0.3057 (λ=0.80) | lr 3.32e-04
Epoch   9 | train 0.3758 (IM@1 0.0262 FM@1 0.0662) | val 0.3714 (IM@1 0.0231 FM@1 0.0667) sup 0.0924/0.0898 roll 0.3149/0.3129 (λ=0.90) | lr 3.32e-04
Epoch  10 | train 0.4026 (IM@1 0.0264 FM@1 0.0650) | val 0.3993 (IM@1 0.0231 FM@1 0.0681) sup 0.0914/0.0912 roll 0.3112/0.3080 (λ=1.00) | lr 3.32e-04
Epoch  11 | train 0.3932 (IM@1 0.0259 FM@1 0.0642) | val 0.4008 (IM@1 0.0240 FM@1 0.0678) sup 0.0901/0.0918 roll 0.3031/0.3090 (λ=1.00) | lr 3.32e-04
Epoch  12 | train 0.3849 (IM@1 0.0256 FM@1 0.0624) | val 0.3881 (IM@1 0.0248 FM@1 0.0636) sup 0.0880/0.0884 roll 0.2969/0.2997 (λ=1.00) | lr 3.32e-04
Epoch  13 | train 0.3809 (IM@1 0.0260 FM@1 0.0612) | val 0.3918 (IM@1 0.0235 FM@1 0.0632) sup 0.0872/0.0867 roll 0.2937/0.3051 (λ=1.00) | lr 3.32e-04
Epoch  14 | train 0.3784 (IM@1 0.0259 FM@1 0.0605) | val 0.4015 (IM@1 0.0236 FM@1 0.0627) sup 0.0864/0.0862 roll 0.2920/0.3153 (λ=1.00) | lr 3.32e-04
Epoch  15 | train 0.3717 (IM@1 0.0252 FM@1 0.0589) | val 0.3904 (IM@1 0.0253 FM@1 0.0628) sup 0.0841/0.0881 roll 0.2876/0.3023 (λ=1.00) | lr 3.32e-04
Epoch  16 | train 0.3677 (IM@1 0.0249 FM@1 0.0588) | val 0.3860 (IM@1 0.0256 FM@1 0.0606) sup 0.0837/0.0862 roll 0.2840/0.2998 (λ=1.00) | lr 3.32e-04
Epoch  17 | train 0.3632 (IM@1 0.0253 FM@1 0.0571) | val 0.4002 (IM@1 0.0250 FM@1 0.0615) sup 0.0823/0.0865 roll 0.2809/0.3136 (λ=1.00) | lr 3.32e-04
Epoch  18 | train 0.3598 (IM@1 0.0250 FM@1 0.0566) | val 0.4072 (IM@1 0.0240 FM@1 0.0633) sup 0.0816/0.0873 roll 0.2783/0.3199 (λ=1.00) | lr 3.32e-04
Epoch  19 | train 0.3566 (IM@1 0.0249 FM@1 0.0555) | val 0.3839 (IM@1 0.0231 FM@1 0.0598) sup 0.0805/0.0828 roll 0.2761/0.3011 (λ=1.00) | lr 3.32e-04
Epoch  20 | train 0.3524 (IM@1 0.0244 FM@1 0.0550) | val 0.3821 (IM@1 0.0235 FM@1 0.0594) sup 0.0794/0.0829 roll 0.2729/0.2992 (λ=1.00) | lr 3.32e-04
Epoch  21 | train 0.3492 (IM@1 0.0244 FM@1 0.0542) | val 0.3866 (IM@1 0.0257 FM@1 0.0608) sup 0.0786/0.0864 roll 0.2706/0.3001 (λ=1.00) | lr 3.32e-04
Epoch  22 | train 0.3451 (IM@1 0.0244 FM@1 0.0536) | val 0.3944 (IM@1 0.0240 FM@1 0.0600) sup 0.0780/0.0840 roll 0.2671/0.3103 (λ=1.00) | lr 3.32e-04
Epoch  23 | train 0.3423 (IM@1 0.0242 FM@1 0.0529) | val 0.3815 (IM@1 0.0242 FM@1 0.0597) sup 0.0772/0.0839 roll 0.2652/0.2976 (λ=1.00) | lr 3.32e-04
Epoch  24 | train 0.3393 (IM@1 0.0242 FM@1 0.0520) | val 0.3858 (IM@1 0.0244 FM@1 0.0578) sup 0.0762/0.0822 roll 0.2631/0.3036 (λ=1.00) | lr 3.32e-04
Epoch  25 | train 0.3352 (IM@1 0.0238 FM@1 0.0513) | val 0.3831 (IM@1 0.0246 FM@1 0.0597) sup 0.0751/0.0843 roll 0.2601/0.2987 (λ=1.00) | lr 3.32e-04
Epoch  26 | train 0.3325 (IM@1 0.0239 FM@1 0.0509) | val 0.3849 (IM@1 0.0240 FM@1 0.0586) sup 0.0748/0.0826 roll 0.2578/0.3023 (λ=1.00) | lr 3.32e-04
Epoch  27 | train 0.3307 (IM@1 0.0237 FM@1 0.0511) | val 0.3897 (IM@1 0.0254 FM@1 0.0587) sup 0.0749/0.0841 roll 0.2558/0.3056 (λ=1.00) | lr 3.32e-04
Epoch  28 | train 0.3254 (IM@1 0.0237 FM@1 0.0492) | val 0.3836 (IM@1 0.0247 FM@1 0.0585) sup 0.0729/0.0832 roll 0.2525/0.3004 (λ=1.00) | lr 3.32e-04
Epoch  29 | train 0.3239 (IM@1 0.0237 FM@1 0.0490) | val 0.3879 (IM@1 0.0243 FM@1 0.0602) sup 0.0728/0.0845 roll 0.2511/0.3034 (λ=1.00) | lr 3.32e-04
[I 2026-09-26 20:05:37,623] Trial 63 pruned. 
Split per-trial: 26015 finestre train | 6505 finestre val
Epoch   0 | train 0.2990 (IM@1 0.0729 FM@1 0.2261) | val 0.1455 (IM@1 0.0343 FM@1 0.1112) sup 0.2990/0.1455 roll 1.1279/0.8739 (λ=0.00) | lr 1.36e-03
Epoch   1 | train 0.1874 (IM@1 0.0279 FM@1 0.1096) | val 0.1466 (IM@1 0.0212 FM@1 0.0875) sup 0.1374/0.1087 roll 0.4995/0.3790 (λ=0.10) | lr 1.36e-03
Epoch   2 | train 0.1980 (IM@1 0.0263 FM@1 0.0912) | val 0.1745 (IM@1 0.0220 FM@1 0.0821) sup 0.1174/0.1041 roll 0.4028/0.3522 (λ=0.20) | lr 1.36e-03
Epoch   3 | train 0.2174 (IM@1 0.0255 FM@1 0.0831) | val 0.2003 (IM@1 0.0230 FM@1 0.0675) sup 0.1086/0.0905 roll 0.3628/0.3659 (λ=0.30) | lr 1.36e-03
Epoch   4 | train 0.2402 (IM@1 0.0254 FM@1 0.0772) | val 0.2192 (IM@1 0.0221 FM@1 0.0665) sup 0.1026/0.0886 roll 0.3440/0.3264 (λ=0.40) | lr 1.36e-03
Epoch   5 | train 0.2628 (IM@1 0.0248 FM@1 0.0743) | val 0.2459 (IM@1 0.0218 FM@1 0.0643) sup 0.0991/0.0861 roll 0.3274/0.3197 (λ=0.50) | lr 1.36e-03
Epoch   6 | train 0.2863 (IM@1 0.0252 FM@1 0.0703) | val 0.2726 (IM@1 0.0234 FM@1 0.0631) sup 0.0955/0.0865 roll 0.3180/0.3102 (λ=0.60) | lr 1.36e-03
Epoch   7 | train 0.3116 (IM@1 0.0248 FM@1 0.0689) | val 0.2942 (IM@1 0.0233 FM@1 0.0602) sup 0.0937/0.0835 roll 0.3112/0.3010 (λ=0.70) | lr 1.36e-03
Epoch   8 | train 0.3318 (IM@1 0.0245 FM@1 0.0680) | val 0.3240 (IM@1 0.0218 FM@1 0.0611) sup 0.0925/0.0829 roll 0.2992/0.3014 (λ=0.80) | lr 1.36e-03
Epoch   9 | train 0.3498 (IM@1 0.0240 FM@1 0.0654) | val 0.3496 (IM@1 0.0216 FM@1 0.0597) sup 0.0894/0.0813 roll 0.2894/0.2980 (λ=0.90) | lr 1.36e-03
Epoch  10 | train 0.3758 (IM@1 0.0242 FM@1 0.0639) | val 0.3900 (IM@1 0.0229 FM@1 0.0622) sup 0.0881/0.0851 roll 0.2877/0.3048 (λ=1.00) | lr 1.36e-03
Epoch  11 | train 0.3647 (IM@1 0.0236 FM@1 0.0626) | val 0.3824 (IM@1 0.0240 FM@1 0.0585) sup 0.0862/0.0825 roll 0.2785/0.2999 (λ=1.00) | lr 1.36e-03
Epoch  12 | train 0.3610 (IM@1 0.0239 FM@1 0.0618) | val 0.3820 (IM@1 0.0228 FM@1 0.0591) sup 0.0857/0.0819 roll 0.2753/0.3001 (λ=1.00) | lr 1.36e-03
Epoch  13 | train 0.3543 (IM@1 0.0234 FM@1 0.0605) | val 0.3821 (IM@1 0.0240 FM@1 0.0606) sup 0.0839/0.0846 roll 0.2704/0.2975 (λ=1.00) | lr 1.36e-03
Epoch  14 | train 0.3504 (IM@1 0.0229 FM@1 0.0595) | val 0.3758 (IM@1 0.0220 FM@1 0.0590) sup 0.0823/0.0810 roll 0.2681/0.2948 (λ=1.00) | lr 1.36e-03
Epoch  15 | train 0.3432 (IM@1 0.0228 FM@1 0.0587) | val 0.3902 (IM@1 0.0225 FM@1 0.0585) sup 0.0816/0.0810 roll 0.2616/0.3091 (λ=1.00) | lr 1.36e-03
Epoch  16 | train 0.3379 (IM@1 0.0232 FM@1 0.0569) | val 0.3873 (IM@1 0.0227 FM@1 0.0595) sup 0.0801/0.0822 roll 0.2579/0.3051 (λ=1.00) | lr 1.36e-03
Epoch  17 | train 0.3307 (IM@1 0.0224 FM@1 0.0567) | val 0.3868 (IM@1 0.0231 FM@1 0.0626) sup 0.0791/0.0857 roll 0.2517/0.3012 (λ=1.00) | lr 1.36e-03
Epoch  18 | train 0.3253 (IM@1 0.0226 FM@1 0.0557) | val 0.4107 (IM@1 0.0259 FM@1 0.0632) sup 0.0783/0.0891 roll 0.2470/0.3216 (λ=1.00) | lr 1.36e-03
Epoch  19 | train 0.3189 (IM@1 0.0223 FM@1 0.0550) | val 0.3917 (IM@1 0.0235 FM@1 0.0608) sup 0.0773/0.0843 roll 0.2416/0.3074 (λ=1.00) | lr 1.36e-03
Epoch  20 | train 0.3093 (IM@1 0.0223 FM@1 0.0535) | val 0.3981 (IM@1 0.0253 FM@1 0.0631) sup 0.0758/0.0884 roll 0.2334/0.3096 (λ=1.00) | lr 1.36e-03
Epoch  21 | train 0.3014 (IM@1 0.0219 FM@1 0.0533) | val 0.4026 (IM@1 0.0238 FM@1 0.0630) sup 0.0752/0.0868 roll 0.2261/0.3158 (λ=1.00) | lr 1.36e-03
Epoch  22 | train 0.2916 (IM@1 0.0218 FM@1 0.0518) | val 0.4073 (IM@1 0.0248 FM@1 0.0652) sup 0.0736/0.0900 roll 0.2180/0.3173 (λ=1.00) | lr 1.36e-03
Epoch  23 | train 0.2815 (IM@1 0.0217 FM@1 0.0503) | val 0.4420 (IM@1 0.0296 FM@1 0.0690) sup 0.0720/0.0985 roll 0.2095/0.3434 (λ=1.00) | lr 1.36e-03
Epoch  24 | train 0.2788 (IM@1 0.0222 FM@1 0.0500) | val 0.4476 (IM@1 0.0282 FM@1 0.0659) sup 0.0722/0.0941 roll 0.2067/0.3535 (λ=1.00) | lr 1.36e-03
Epoch  25 | train 0.2608 (IM@1 0.0208 FM@1 0.0482) | val 0.4355 (IM@1 0.0285 FM@1 0.0695) sup 0.0690/0.0981 roll 0.1917/0.3374 (λ=1.00) | lr 6.79e-04
Epoch  26 | train 0.2266 (IM@1 0.0189 FM@1 0.0434) | val 0.4327 (IM@1 0.0265 FM@1 0.0686) sup 0.0623/0.0952 roll 0.1643/0.3375 (λ=1.00) | lr 6.79e-04
Epoch  27 | train 0.2187 (IM@1 0.0186 FM@1 0.0434) | val 0.4341 (IM@1 0.0268 FM@1 0.0705) sup 0.0620/0.0973 roll 0.1567/0.3368 (λ=1.00) | lr 6.79e-04
Epoch  28 | train 0.2060 (IM@1 0.0181 FM@1 0.0411) | val 0.4490 (IM@1 0.0276 FM@1 0.0718) sup 0.0592/0.0994 roll 0.1468/0.3496 (λ=1.00) | lr 6.79e-04
Epoch  29 | train 0.2007 (IM@1 0.0178 FM@1 0.0406) | val 0.4479 (IM@1 0.0276 FM@1 0.0735) sup 0.0584/0.1010 roll 0.1423/0.3468 (λ=1.00) | lr 6.79e-04

Training completato (combo). Best val (sup + 1.0*roll, da epoch 10): 0.3758 a epoch 14
[I 2026-09-26 21:22:22,960] Trial 90 finished with value: 0.3757505581515922 and parameters: {'gru_hidden_fm': 256, 'mlp_hidden_fm': 32, 'dropout_fm': 0.03588199937286782, 'weight_decay_fm': 0.029813542772554883, 'gru_hidden_im': 256, 'mlp_hidden_im': 128, 'dropout_im': 0.10913290843409738, 'weight_decay_im': 1.8916522838129246e-05, 'lr': 0.00135826491061157, 'batch_size': 64, 'clip_norm': 5.0}. Best is trial 58 with value: 0.3605886232752144.

Best val: 0.36059
  gru_hidden_fm: 128
  mlp_hidden_fm: 128
  dropout_fm: 0.053228712735840886
  weight_decay_fm: 2.3447806287056487e-05
  gru_hidden_im: 128
  mlp_hidden_im: 64
  dropout_im: 0.002043343117720862
  weight_decay_im: 1.4562760771452169e-06
  lr: 0.0003755740523370064
  batch_size: 64
  clip_norm: 1.0
Report: /home/gemma/tesi/aquabot/src/net/Estimator/tuning/tuning_results/best_joint_combo_p1_k10.txt
