Studio: joint_combo_p1_k10 | device cpu | mode=combo P=1 K=10 T=10
Caricamento dataset...
Trovati 120 trial.
Dataset grezzo: 120 trial letti. Scaler e finestre costruiti in split_by_trial() (fit solo su train).
/home/gemma/tesi/aquabot/src/net/Estimator/tuning/tune_joint.py:245: ExperimentalWarning: Argument ``multivariate`` is an experimental feature. The interface can change in the future.
  sampler = optuna.samplers.TPESampler(
/home/gemma/tesi/aquabot/src/net/Estimator/tuning/tune_joint.py:245: ExperimentalWarning: Argument ``group`` is an experimental feature. The interface can change in the future.
  sampler = optuna.samplers.TPESampler(
/home/gemma/tesi/aquabot/src/net/Estimator/tuning/tune_joint.py:245: ExperimentalWarning: Argument ``constant_liar`` is an experimental feature. The interface can change in the future.
  sampler = optuna.samplers.TPESampler(
[I 2026-09-26 12:52:12,536] Using an existing study with name 'joint_combo_p1_k10' instead of creating a new one.
Normalizzatore caricato da /home/gemma/tesi/aquabot/src/net/scaler/scalers_joint.pkl (nessun refit).
Dataset: 32520 campioni da 120 trial. H=20 P=10 | seq_cmd=(20, 1) seq_sens=(20, 2)
Split per-trial: 26015 finestre train | 6505 finestre val
Epoch   0 | train 0.7386 (IM@1 0.2102 FM@1 0.5284) | val 0.2931 (IM@1 0.0327 FM@1 0.2604) sup 0.7386/0.2931 roll 1.3770/0.8001 (λ=0.00) | lr 1.80e-04
Epoch   1 | train 0.4071 (IM@1 0.0237 FM@1 0.3100) | val 0.2861 (IM@1 0.0243 FM@1 0.2116) sup 0.3337/0.2359 roll 0.7343/0.5015 (λ=0.10) | lr 1.80e-04
Epoch   2 | train 0.4044 (IM@1 0.0193 FM@1 0.2691) | val 0.2856 (IM@1 0.0221 FM@1 0.1758) sup 0.2884/0.1979 roll 0.5796/0.4387 (λ=0.20) | lr 1.80e-04
Epoch   3 | train 0.4153 (IM@1 0.0178 FM@1 0.2421) | val 0.3042 (IM@1 0.0212 FM@1 0.1581) sup 0.2599/0.1793 roll 0.5180/0.4161 (λ=0.30) | lr 1.80e-04
Epoch   4 | train 0.4392 (IM@1 0.0170 FM@1 0.2289) | val 0.3300 (IM@1 0.0210 FM@1 0.1460) sup 0.2459/0.1669 roll 0.4833/0.4078 (λ=0.40) | lr 1.80e-04
Epoch   5 | train 0.4583 (IM@1 0.0163 FM@1 0.2136) | val 0.3547 (IM@1 0.0205 FM@1 0.1392) sup 0.2299/0.1597 roll 0.4568/0.3901 (λ=0.50) | lr 1.80e-04
Epoch   6 | train 0.4933 (IM@1 0.0161 FM@1 0.2115) | val 0.3666 (IM@1 0.0203 FM@1 0.1261) sup 0.2276/0.1464 roll 0.4429/0.3670 (λ=0.60) | lr 1.80e-04
Epoch   7 | train 0.5177 (IM@1 0.0158 FM@1 0.2018) | val 0.3991 (IM@1 0.0202 FM@1 0.1229) sup 0.2177/0.1430 roll 0.4286/0.3658 (λ=0.70) | lr 1.80e-04
Epoch   8 | train 0.5462 (IM@1 0.0158 FM@1 0.1960) | val 0.4149 (IM@1 0.0196 FM@1 0.1152) sup 0.2117/0.1348 roll 0.4181/0.3501 (λ=0.80) | lr 1.80e-04
Epoch   9 | train 0.5769 (IM@1 0.0156 FM@1 0.1919) | val 0.4415 (IM@1 0.0198 FM@1 0.1102) sup 0.2075/0.1299 roll 0.4104/0.3462 (λ=0.90) | lr 1.80e-04
Epoch  10 | train 0.6027 (IM@1 0.0156 FM@1 0.1854) | val 0.4770 (IM@1 0.0197 FM@1 0.1112) sup 0.2010/0.1309 roll 0.4017/0.3461 (λ=1.00) | lr 1.80e-04
Epoch  11 | train 0.5933 (IM@1 0.0154 FM@1 0.1816) | val 0.4777 (IM@1 0.0196 FM@1 0.1083) sup 0.1970/0.1278 roll 0.3963/0.3498 (λ=1.00) | lr 1.80e-04
Epoch  12 | train 0.5852 (IM@1 0.0154 FM@1 0.1776) | val 0.4730 (IM@1 0.0199 FM@1 0.1005) sup 0.1930/0.1204 roll 0.3922/0.3526 (λ=1.00) | lr 1.80e-04
Epoch  13 | train 0.5812 (IM@1 0.0154 FM@1 0.1773) | val 0.4665 (IM@1 0.0205 FM@1 0.0978) sup 0.1927/0.1182 roll 0.3885/0.3483 (λ=1.00) | lr 1.80e-04
Epoch  14 | train 0.5677 (IM@1 0.0153 FM@1 0.1714) | val 0.4467 (IM@1 0.0199 FM@1 0.0962) sup 0.1867/0.1161 roll 0.3810/0.3306 (λ=1.00) | lr 1.80e-04
Epoch  15 | train 0.5586 (IM@1 0.0152 FM@1 0.1675) | val 0.4442 (IM@1 0.0198 FM@1 0.0929) sup 0.1828/0.1127 roll 0.3758/0.3315 (λ=1.00) | lr 1.80e-04
Epoch  16 | train 0.5523 (IM@1 0.0152 FM@1 0.1654) | val 0.4489 (IM@1 0.0198 FM@1 0.0942) sup 0.1806/0.1140 roll 0.3718/0.3349 (λ=1.00) | lr 1.80e-04
Epoch  17 | train 0.5461 (IM@1 0.0151 FM@1 0.1639) | val 0.4350 (IM@1 0.0194 FM@1 0.0908) sup 0.1791/0.1102 roll 0.3671/0.3247 (λ=1.00) | lr 1.80e-04
Epoch  18 | train 0.5430 (IM@1 0.0152 FM@1 0.1598) | val 0.4228 (IM@1 0.0195 FM@1 0.0856) sup 0.1749/0.1050 roll 0.3680/0.3177 (λ=1.00) | lr 1.80e-04
Epoch  19 | train 0.5335 (IM@1 0.0149 FM@1 0.1569) | val 0.4309 (IM@1 0.0195 FM@1 0.0859) sup 0.1718/0.1055 roll 0.3617/0.3255 (λ=1.00) | lr 1.80e-04
Epoch  20 | train 0.5283 (IM@1 0.0148 FM@1 0.1552) | val 0.4194 (IM@1 0.0197 FM@1 0.0803) sup 0.1701/0.1000 roll 0.3582/0.3194 (λ=1.00) | lr 1.80e-04
Epoch  21 | train 0.5263 (IM@1 0.0148 FM@1 0.1543) | val 0.4160 (IM@1 0.0194 FM@1 0.0823) sup 0.1691/0.1017 roll 0.3572/0.3144 (λ=1.00) | lr 1.80e-04
Epoch  22 | train 0.5214 (IM@1 0.0149 FM@1 0.1533) | val 0.4212 (IM@1 0.0190 FM@1 0.0869) sup 0.1681/0.1058 roll 0.3532/0.3153 (λ=1.00) | lr 1.80e-04
Epoch  23 | train 0.5143 (IM@1 0.0147 FM@1 0.1486) | val 0.4136 (IM@1 0.0195 FM@1 0.0780) sup 0.1633/0.0976 roll 0.3510/0.3161 (λ=1.00) | lr 1.80e-04
Epoch  24 | train 0.5101 (IM@1 0.0147 FM@1 0.1463) | val 0.4219 (IM@1 0.0196 FM@1 0.0786) sup 0.1610/0.0982 roll 0.3491/0.3236 (λ=1.00) | lr 1.80e-04
Epoch  25 | train 0.5106 (IM@1 0.0146 FM@1 0.1485) | val 0.4031 (IM@1 0.0192 FM@1 0.0760) sup 0.1631/0.0952 roll 0.3475/0.3079 (λ=1.00) | lr 1.80e-04
Epoch  26 | train 0.5062 (IM@1 0.0145 FM@1 0.1488) | val 0.4227 (IM@1 0.0200 FM@1 0.0782) sup 0.1632/0.0982 roll 0.3430/0.3245 (λ=1.00) | lr 1.80e-04
Epoch  27 | train 0.5028 (IM@1 0.0145 FM@1 0.1454) | val 0.4227 (IM@1 0.0190 FM@1 0.0820) sup 0.1599/0.1010 roll 0.3430/0.3216 (λ=1.00) | lr 1.80e-04
Epoch  28 | train 0.5010 (IM@1 0.0145 FM@1 0.1452) | val 0.4042 (IM@1 0.0190 FM@1 0.0775) sup 0.1597/0.0966 roll 0.3413/0.3076 (λ=1.00) | lr 1.80e-04
Epoch  29 | train 0.4978 (IM@1 0.0145 FM@1 0.1450) | val 0.4126 (IM@1 0.0197 FM@1 0.0744) sup 0.1595/0.0941 roll 0.3383/0.3185 (λ=1.00) | lr 1.80e-04
Epoch  30 | train 0.4963 (IM@1 0.0145 FM@1 0.1447) | val 0.4298 (IM@1 0.0199 FM@1 0.0768) sup 0.1592/0.0967 roll 0.3371/0.3331 (λ=1.00) | lr 1.80e-04
Epoch  31 | train 0.4941 (IM@1 0.0143 FM@1 0.1439) | val 0.3977 (IM@1 0.0191 FM@1 0.0726) sup 0.1582/0.0917 roll 0.3359/0.3061 (λ=1.00) | lr 1.80e-04
Epoch  32 | train 0.4925 (IM@1 0.0143 FM@1 0.1440) | val 0.4128 (IM@1 0.0200 FM@1 0.0753) sup 0.1583/0.0954 roll 0.3341/0.3175 (λ=1.00) | lr 1.80e-04
Epoch  33 | train 0.4897 (IM@1 0.0142 FM@1 0.1433) | val 0.3995 (IM@1 0.0192 FM@1 0.0720) sup 0.1575/0.0912 roll 0.3322/0.3083 (λ=1.00) | lr 1.80e-04
Epoch  34 | train 0.4839 (IM@1 0.0142 FM@1 0.1406) | val 0.4109 (IM@1 0.0195 FM@1 0.0747) sup 0.1548/0.0943 roll 0.3291/0.3167 (λ=1.00) | lr 1.80e-04
Epoch  35 | train 0.4793 (IM@1 0.0140 FM@1 0.1396) | val 0.3914 (IM@1 0.0192 FM@1 0.0682) sup 0.1536/0.0874 roll 0.3257/0.3040 (λ=1.00) | lr 1.80e-04
Epoch  36 | train 0.4818 (IM@1 0.0141 FM@1 0.1400) | val 0.3987 (IM@1 0.0187 FM@1 0.0724) sup 0.1540/0.0911 roll 0.3278/0.3075 (λ=1.00) | lr 1.80e-04
Epoch  37 | train 0.4781 (IM@1 0.0139 FM@1 0.1392) | val 0.4100 (IM@1 0.0197 FM@1 0.0707) sup 0.1531/0.0904 roll 0.3250/0.3196 (λ=1.00) | lr 1.80e-04
[I 2026-09-26 15:37:51,564] Trial 11 pruned. 
Split per-trial: 26015 finestre train | 6505 finestre val
Epoch   0 | train 0.9130 (IM@1 0.4092 FM@1 0.5039) | val 0.3607 (IM@1 0.0896 FM@1 0.2711) sup 0.9130/0.3607 roll 1.5858/1.0533 (λ=0.00) | lr 2.20e-04
Epoch   1 | train 0.3898 (IM@1 0.0704 FM@1 0.2337) | val 0.2702 (IM@1 0.0369 FM@1 0.1767) sup 0.3041/0.2136 roll 0.8577/0.5655 (λ=0.10) | lr 2.20e-04
Epoch   2 | train 0.3424 (IM@1 0.0470 FM@1 0.1740) | val 0.2594 (IM@1 0.0271 FM@1 0.1442) sup 0.2209/0.1714 roll 0.6075/0.4401 (λ=0.20) | lr 2.20e-04
Epoch   3 | train 0.3428 (IM@1 0.0410 FM@1 0.1465) | val 0.2658 (IM@1 0.0257 FM@1 0.1222) sup 0.1875/0.1479 roll 0.5176/0.3930 (λ=0.30) | lr 2.20e-04
Epoch   4 | train 0.3591 (IM@1 0.0395 FM@1 0.1321) | val 0.2895 (IM@1 0.0249 FM@1 0.1148) sup 0.1716/0.1397 roll 0.4687/0.3746 (λ=0.40) | lr 2.20e-04
Epoch   5 | train 0.3855 (IM@1 0.0389 FM@1 0.1243) | val 0.3202 (IM@1 0.0263 FM@1 0.1098) sup 0.1632/0.1361 roll 0.4445/0.3681 (λ=0.50) | lr 2.20e-04
Epoch   6 | train 0.4134 (IM@1 0.0386 FM@1 0.1193) | val 0.3466 (IM@1 0.0261 FM@1 0.1042) sup 0.1579/0.1303 roll 0.4259/0.3604 (λ=0.60) | lr 2.20e-04
Epoch   7 | train 0.4402 (IM@1 0.0384 FM@1 0.1149) | val 0.3686 (IM@1 0.0258 FM@1 0.1003) sup 0.1533/0.1261 roll 0.4099/0.3463 (λ=0.70) | lr 2.20e-04
Epoch   8 | train 0.4682 (IM@1 0.0387 FM@1 0.1104) | val 0.3970 (IM@1 0.0254 FM@1 0.0968) sup 0.1491/0.1222 roll 0.3990/0.3435 (λ=0.80) | lr 2.20e-04
Epoch   9 | train 0.4953 (IM@1 0.0383 FM@1 0.1080) | val 0.4228 (IM@1 0.0260 FM@1 0.0945) sup 0.1463/0.1205 roll 0.3878/0.3359 (λ=0.90) | lr 2.20e-04
Epoch  10 | train 0.5208 (IM@1 0.0386 FM@1 0.1036) | val 0.4534 (IM@1 0.0252 FM@1 0.0925) sup 0.1422/0.1177 roll 0.3786/0.3357 (λ=1.00) | lr 2.20e-04
Epoch  11 | train 0.5131 (IM@1 0.0382 FM@1 0.1024) | val 0.4456 (IM@1 0.0259 FM@1 0.0904) sup 0.1406/0.1163 roll 0.3725/0.3293 (λ=1.00) | lr 2.20e-04
Epoch  12 | train 0.5016 (IM@1 0.0382 FM@1 0.0990) | val 0.4382 (IM@1 0.0262 FM@1 0.0869) sup 0.1373/0.1131 roll 0.3643/0.3251 (λ=1.00) | lr 2.20e-04
Epoch  13 | train 0.4959 (IM@1 0.0378 FM@1 0.0976) | val 0.4330 (IM@1 0.0264 FM@1 0.0861) sup 0.1354/0.1126 roll 0.3606/0.3205 (λ=1.00) | lr 2.20e-04
Epoch  14 | train 0.4846 (IM@1 0.0380 FM@1 0.0943) | val 0.4366 (IM@1 0.0276 FM@1 0.0840) sup 0.1323/0.1117 roll 0.3522/0.3249 (λ=1.00) | lr 2.20e-04
Epoch  15 | train 0.4806 (IM@1 0.0379 FM@1 0.0920) | val 0.4329 (IM@1 0.0283 FM@1 0.0813) sup 0.1299/0.1096 roll 0.3507/0.3233 (λ=1.00) | lr 2.20e-04
Epoch  16 | train 0.4730 (IM@1 0.0373 FM@1 0.0896) | val 0.4236 (IM@1 0.0263 FM@1 0.0818) sup 0.1269/0.1081 roll 0.3461/0.3155 (λ=1.00) | lr 2.20e-04
Epoch  17 | train 0.4667 (IM@1 0.0372 FM@1 0.0880) | val 0.4291 (IM@1 0.0277 FM@1 0.0796) sup 0.1252/0.1073 roll 0.3415/0.3218 (λ=1.00) | lr 2.20e-04
Epoch  18 | train 0.4628 (IM@1 0.0374 FM@1 0.0873) | val 0.4194 (IM@1 0.0287 FM@1 0.0778) sup 0.1247/0.1065 roll 0.3381/0.3130 (λ=1.00) | lr 2.20e-04
[I 2026-09-26 17:43:40,009] Trial 39 pruned. 
Split per-trial: 26015 finestre train | 6505 finestre val
Epoch   0 | train 0.6715 (IM@1 0.3012 FM@1 0.3703) | val 0.2411 (IM@1 0.0524 FM@1 0.1887) sup 0.6715/0.2411 roll 1.4451/0.9591 (λ=0.00) | lr 4.09e-04
Epoch   1 | train 0.2704 (IM@1 0.0406 FM@1 0.1587) | val 0.2073 (IM@1 0.0286 FM@1 0.1305) sup 0.1993/0.1591 roll 0.7101/0.4820 (λ=0.10) | lr 4.09e-04
Epoch   2 | train 0.2510 (IM@1 0.0299 FM@1 0.1213) | val 0.2214 (IM@1 0.0258 FM@1 0.1088) sup 0.1512/0.1346 roll 0.4994/0.4335 (λ=0.20) | lr 4.09e-04
Epoch   3 | train 0.2658 (IM@1 0.0269 FM@1 0.1082) | val 0.2452 (IM@1 0.0244 FM@1 0.0989) sup 0.1351/0.1232 roll 0.4356/0.4065 (λ=0.30) | lr 4.09e-04
Epoch   4 | train 0.2853 (IM@1 0.0258 FM@1 0.0992) | val 0.2620 (IM@1 0.0232 FM@1 0.0937) sup 0.1249/0.1169 roll 0.4008/0.3628 (λ=0.40) | lr 4.09e-04
Epoch   5 | train 0.3087 (IM@1 0.0253 FM@1 0.0935) | val 0.2793 (IM@1 0.0229 FM@1 0.0872) sup 0.1188/0.1101 roll 0.3799/0.3383 (λ=0.50) | lr 4.09e-04
Epoch   6 | train 0.3329 (IM@1 0.0245 FM@1 0.0895) | val 0.3120 (IM@1 0.0226 FM@1 0.0843) sup 0.1140/0.1069 roll 0.3648/0.3418 (λ=0.60) | lr 4.09e-04
Epoch   7 | train 0.3575 (IM@1 0.0247 FM@1 0.0850) | val 0.3392 (IM@1 0.0227 FM@1 0.0812) sup 0.1098/0.1039 roll 0.3539/0.3362 (λ=0.70) | lr 4.09e-04
Epoch   8 | train 0.3835 (IM@1 0.0245 FM@1 0.0831) | val 0.3642 (IM@1 0.0226 FM@1 0.0802) sup 0.1076/0.1028 roll 0.3449/0.3267 (λ=0.80) | lr 4.09e-04
Epoch   9 | train 0.4070 (IM@1 0.0242 FM@1 0.0807) | val 0.3843 (IM@1 0.0221 FM@1 0.0756) sup 0.1049/0.0977 roll 0.3357/0.3184 (λ=0.90) | lr 4.09e-04
Epoch  10 | train 0.4319 (IM@1 0.0245 FM@1 0.0775) | val 0.4120 (IM@1 0.0223 FM@1 0.0745) sup 0.1019/0.0968 roll 0.3299/0.3152 (λ=1.00) | lr 4.09e-04
Epoch  11 | train 0.4241 (IM@1 0.0240 FM@1 0.0763) | val 0.4110 (IM@1 0.0226 FM@1 0.0715) sup 0.1004/0.0941 roll 0.3237/0.3169 (λ=1.00) | lr 4.09e-04
Epoch  12 | train 0.4142 (IM@1 0.0240 FM@1 0.0736) | val 0.4042 (IM@1 0.0228 FM@1 0.0713) sup 0.0976/0.0942 roll 0.3166/0.3100 (λ=1.00) | lr 4.09e-04
Epoch  13 | train 0.4053 (IM@1 0.0237 FM@1 0.0715) | val 0.4148 (IM@1 0.0241 FM@1 0.0708) sup 0.0953/0.0949 roll 0.3100/0.3199 (λ=1.00) | lr 4.09e-04
Epoch  14 | train 0.4017 (IM@1 0.0236 FM@1 0.0707) | val 0.4232 (IM@1 0.0234 FM@1 0.0696) sup 0.0943/0.0931 roll 0.3074/0.3301 (λ=1.00) | lr 4.09e-04
Epoch  15 | train 0.3985 (IM@1 0.0235 FM@1 0.0697) | val 0.4026 (IM@1 0.0231 FM@1 0.0702) sup 0.0931/0.0933 roll 0.3054/0.3093 (λ=1.00) | lr 4.09e-04
Epoch  16 | train 0.3906 (IM@1 0.0232 FM@1 0.0681) | val 0.3980 (IM@1 0.0225 FM@1 0.0688) sup 0.0914/0.0912 roll 0.2993/0.3068 (λ=1.00) | lr 4.09e-04
Epoch  17 | train 0.3868 (IM@1 0.0229 FM@1 0.0675) | val 0.3977 (IM@1 0.0241 FM@1 0.0661) sup 0.0904/0.0902 roll 0.2964/0.3075 (λ=1.00) | lr 4.09e-04
Epoch  18 | train 0.3829 (IM@1 0.0231 FM@1 0.0658) | val 0.3971 (IM@1 0.0232 FM@1 0.0675) sup 0.0889/0.0906 roll 0.2940/0.3064 (λ=1.00) | lr 4.09e-04
Epoch  19 | train 0.3770 (IM@1 0.0226 FM@1 0.0648) | val 0.4063 (IM@1 0.0224 FM@1 0.0686) sup 0.0874/0.0910 roll 0.2896/0.3153 (λ=1.00) | lr 4.09e-04
Epoch  20 | train 0.3737 (IM@1 0.0224 FM@1 0.0641) | val 0.4025 (IM@1 0.0225 FM@1 0.0647) sup 0.0865/0.0872 roll 0.2872/0.3153 (λ=1.00) | lr 4.09e-04
Epoch  21 | train 0.3702 (IM@1 0.0223 FM@1 0.0631) | val 0.3932 (IM@1 0.0221 FM@1 0.0648) sup 0.0854/0.0869 roll 0.2848/0.3063 (λ=1.00) | lr 4.09e-04
Epoch  22 | train 0.3691 (IM@1 0.0226 FM@1 0.0640) | val 0.3893 (IM@1 0.0241 FM@1 0.0642) sup 0.0866/0.0883 roll 0.2824/0.3010 (λ=1.00) | lr 4.09e-04
Epoch  23 | train 0.3631 (IM@1 0.0224 FM@1 0.0617) | val 0.3889 (IM@1 0.0225 FM@1 0.0643) sup 0.0842/0.0868 roll 0.2790/0.3021 (λ=1.00) | lr 4.09e-04
Epoch  24 | train 0.3583 (IM@1 0.0220 FM@1 0.0609) | val 0.3941 (IM@1 0.0231 FM@1 0.0659) sup 0.0828/0.0889 roll 0.2755/0.3052 (λ=1.00) | lr 4.09e-04
Epoch  25 | train 0.3553 (IM@1 0.0220 FM@1 0.0601) | val 0.3896 (IM@1 0.0232 FM@1 0.0634) sup 0.0821/0.0865 roll 0.2732/0.3031 (λ=1.00) | lr 4.09e-04
Epoch  26 | train 0.3514 (IM@1 0.0218 FM@1 0.0598) | val 0.3913 (IM@1 0.0239 FM@1 0.0638) sup 0.0816/0.0876 roll 0.2698/0.3037 (λ=1.00) | lr 4.09e-04
Epoch  27 | train 0.3511 (IM@1 0.0223 FM@1 0.0588) | val 0.3839 (IM@1 0.0225 FM@1 0.0615) sup 0.0811/0.0840 roll 0.2699/0.2999 (λ=1.00) | lr 4.09e-04
Epoch  28 | train 0.3457 (IM@1 0.0217 FM@1 0.0579) | val 0.3889 (IM@1 0.0239 FM@1 0.0619) sup 0.0795/0.0859 roll 0.2661/0.3030 (λ=1.00) | lr 4.09e-04
Epoch  29 | train 0.3410 (IM@1 0.0214 FM@1 0.0572) | val 0.3869 (IM@1 0.0232 FM@1 0.0622) sup 0.0785/0.0854 roll 0.2625/0.3014 (λ=1.00) | lr 4.09e-04
Epoch  30 | train 0.3359 (IM@1 0.0213 FM@1 0.0563) | val 0.4013 (IM@1 0.0236 FM@1 0.0615) sup 0.0776/0.0851 roll 0.2583/0.3162 (λ=1.00) | lr 4.09e-04
Epoch  31 | train 0.3344 (IM@1 0.0215 FM@1 0.0559) | val 0.3899 (IM@1 0.0241 FM@1 0.0614) sup 0.0774/0.0855 roll 0.2570/0.3043 (λ=1.00) | lr 4.09e-04
[I 2026-09-26 19:15:13,537] Trial 57 pruned. 
Split per-trial: 26015 finestre train | 6505 finestre val
Epoch   0 | train 0.3708 (IM@1 0.1558 FM@1 0.2150) | val 0.1221 (IM@1 0.0242 FM@1 0.0979) sup 0.3708/0.1221 roll 1.1350/0.5242 (λ=0.00) | lr 6.01e-03
Epoch   1 | train 0.1808 (IM@1 0.0338 FM@1 0.0925) | val 0.1471 (IM@1 0.0226 FM@1 0.0813) sup 0.1263/0.1039 roll 0.5457/0.4318 (λ=0.10) | lr 6.01e-03
Epoch   2 | train 0.2018 (IM@1 0.0311 FM@1 0.0823) | val 0.1670 (IM@1 0.0223 FM@1 0.0755) sup 0.1134/0.0978 roll 0.4420/0.3459 (λ=0.20) | lr 6.01e-03
Epoch   3 | train 0.2193 (IM@1 0.0298 FM@1 0.0728) | val 0.2105 (IM@1 0.0243 FM@1 0.0760) sup 0.1026/0.1003 roll 0.3892/0.3673 (λ=0.30) | lr 6.01e-03
Epoch   4 | train 0.2407 (IM@1 0.0289 FM@1 0.0692) | val 0.2205 (IM@1 0.0229 FM@1 0.0654) sup 0.0982/0.0883 roll 0.3563/0.3305 (λ=0.40) | lr 6.01e-03
Epoch   5 | train 0.2692 (IM@1 0.0290 FM@1 0.0675) | val 0.2572 (IM@1 0.0233 FM@1 0.0658) sup 0.0964/0.0891 roll 0.3456/0.3362 (λ=0.50) | lr 6.01e-03
Epoch   6 | train 0.2918 (IM@1 0.0290 FM@1 0.0657) | val 0.2922 (IM@1 0.0239 FM@1 0.0631) sup 0.0946/0.0870 roll 0.3286/0.3420 (λ=0.60) | lr 6.01e-03
Epoch   7 | train 0.3112 (IM@1 0.0280 FM@1 0.0632) | val 0.3414 (IM@1 0.0251 FM@1 0.0666) sup 0.0912/0.0918 roll 0.3142/0.3566 (λ=0.70) | lr 6.01e-03
Epoch   8 | train 0.3426 (IM@1 0.0291 FM@1 0.0635) | val 0.3364 (IM@1 0.0223 FM@1 0.0617) sup 0.0925/0.0840 roll 0.3126/0.3156 (λ=0.80) | lr 6.01e-03
Epoch   9 | train 0.3580 (IM@1 0.0287 FM@1 0.0601) | val 0.3562 (IM@1 0.0252 FM@1 0.0608) sup 0.0888/0.0859 roll 0.2992/0.3003 (λ=0.90) | lr 6.01e-03
Epoch  10 | train 0.3744 (IM@1 0.0274 FM@1 0.0588) | val 0.3965 (IM@1 0.0229 FM@1 0.0626) sup 0.0862/0.0855 roll 0.2882/0.3110 (λ=1.00) | lr 6.01e-03
Epoch  11 | train 0.3719 (IM@1 0.0281 FM@1 0.0580) | val 0.3957 (IM@1 0.0224 FM@1 0.0666) sup 0.0861/0.0890 roll 0.2858/0.3067 (λ=1.00) | lr 6.01e-03
Epoch  12 | train 0.3614 (IM@1 0.0276 FM@1 0.0568) | val 0.3970 (IM@1 0.0250 FM@1 0.0697) sup 0.0844/0.0946 roll 0.2771/0.3024 (λ=1.00) | lr 6.01e-03
Epoch  13 | train 0.3469 (IM@1 0.0266 FM@1 0.0531) | val 0.3859 (IM@1 0.0220 FM@1 0.0615) sup 0.0797/0.0835 roll 0.2672/0.3023 (λ=1.00) | lr 6.01e-03
Epoch  14 | train 0.3402 (IM@1 0.0261 FM@1 0.0522) | val 0.3833 (IM@1 0.0221 FM@1 0.0642) sup 0.0783/0.0863 roll 0.2619/0.2970 (λ=1.00) | lr 6.01e-03
Epoch  15 | train 0.3357 (IM@1 0.0263 FM@1 0.0505) | val 0.4113 (IM@1 0.0235 FM@1 0.0643) sup 0.0768/0.0878 roll 0.2589/0.3235 (λ=1.00) | lr 6.01e-03
Epoch  16 | train 0.3254 (IM@1 0.0256 FM@1 0.0498) | val 0.4045 (IM@1 0.0226 FM@1 0.0657) sup 0.0754/0.0882 roll 0.2500/0.3163 (λ=1.00) | lr 6.01e-03
Epoch  17 | train 0.3323 (IM@1 0.0269 FM@1 0.0512) | val 0.3939 (IM@1 0.0219 FM@1 0.0647) sup 0.0781/0.0867 roll 0.2542/0.3073 (λ=1.00) | lr 6.01e-03
Epoch  18 | train 0.3174 (IM@1 0.0252 FM@1 0.0490) | val 0.3965 (IM@1 0.0239 FM@1 0.0626) sup 0.0742/0.0865 roll 0.2432/0.3100 (λ=1.00) | lr 6.01e-03
Epoch  19 | train 0.3100 (IM@1 0.0255 FM@1 0.0474) | val 0.4011 (IM@1 0.0244 FM@1 0.0645) sup 0.0730/0.0890 roll 0.2370/0.3121 (λ=1.00) | lr 6.01e-03
Epoch  20 | train 0.3121 (IM@1 0.0266 FM@1 0.0473) | val 0.4101 (IM@1 0.0271 FM@1 0.0687) sup 0.0739/0.0957 roll 0.2382/0.3144 (λ=1.00) | lr 6.01e-03
Epoch  21 | train 0.2973 (IM@1 0.0255 FM@1 0.0458) | val 0.4293 (IM@1 0.0285 FM@1 0.0712) sup 0.0713/0.0998 roll 0.2259/0.3296 (λ=1.00) | lr 6.01e-03
Epoch  22 | train 0.2966 (IM@1 0.0256 FM@1 0.0460) | val 0.4170 (IM@1 0.0265 FM@1 0.0677) sup 0.0715/0.0942 roll 0.2251/0.3229 (λ=1.00) | lr 6.01e-03
Epoch  23 | train 0.2804 (IM@1 0.0253 FM@1 0.0425) | val 0.4332 (IM@1 0.0259 FM@1 0.0737) sup 0.0678/0.0996 roll 0.2126/0.3337 (λ=1.00) | lr 6.01e-03
Epoch  24 | train 0.2676 (IM@1 0.0241 FM@1 0.0419) | val 0.4156 (IM@1 0.0248 FM@1 0.0685) sup 0.0660/0.0933 roll 0.2016/0.3223 (λ=1.00) | lr 6.01e-03
Epoch  25 | train 0.2612 (IM@1 0.0243 FM@1 0.0404) | val 0.4438 (IM@1 0.0277 FM@1 0.0752) sup 0.0647/0.1029 roll 0.1965/0.3409 (λ=1.00) | lr 3.00e-03
Epoch  26 | train 0.2299 (IM@1 0.0220 FM@1 0.0361) | val 0.4297 (IM@1 0.0289 FM@1 0.0700) sup 0.0581/0.0989 roll 0.1718/0.3308 (λ=1.00) | lr 3.00e-03
[I 2026-09-26 20:03:05,101] Trial 77 pruned. 
Split per-trial: 26015 finestre train | 6505 finestre val
Epoch   0 | train 0.6924 (IM@1 0.2302 FM@1 0.4622) | val 0.2872 (IM@1 0.0359 FM@1 0.2513) sup 0.6924/0.2872 roll 1.3964/0.8340 (λ=0.00) | lr 1.87e-04
Epoch   1 | train 0.3249 (IM@1 0.0338 FM@1 0.2230) | val 0.2314 (IM@1 0.0246 FM@1 0.1624) sup 0.2567/0.1870 roll 0.6817/0.4435 (λ=0.10) | lr 1.87e-04
Epoch   2 | train 0.2767 (IM@1 0.0268 FM@1 0.1531) | val 0.2227 (IM@1 0.0224 FM@1 0.1236) sup 0.1799/0.1461 roll 0.4837/0.3832 (λ=0.20) | lr 1.87e-04
Epoch   3 | train 0.2836 (IM@1 0.0251 FM@1 0.1313) | val 0.2381 (IM@1 0.0212 FM@1 0.1094) sup 0.1564/0.1306 roll 0.4238/0.3584 (λ=0.30) | lr 1.87e-04
Epoch   4 | train 0.3009 (IM@1 0.0237 FM@1 0.1182) | val 0.2732 (IM@1 0.0219 FM@1 0.1027) sup 0.1419/0.1246 roll 0.3976/0.3714 (λ=0.40) | lr 1.87e-04
Epoch   5 | train 0.3235 (IM@1 0.0236 FM@1 0.1117) | val 0.2939 (IM@1 0.0214 FM@1 0.0969) sup 0.1353/0.1184 roll 0.3764/0.3511 (λ=0.50) | lr 1.87e-04
Epoch   6 | train 0.3469 (IM@1 0.0228 FM@1 0.1067) | val 0.3105 (IM@1 0.0208 FM@1 0.0915) sup 0.1294/0.1122 roll 0.3623/0.3305 (λ=0.60) | lr 1.87e-04
Epoch   7 | train 0.3722 (IM@1 0.0226 FM@1 0.1026) | val 0.3405 (IM@1 0.0212 FM@1 0.0888) sup 0.1253/0.1100 roll 0.3527/0.3292 (λ=0.70) | lr 1.87e-04
Epoch   8 | train 0.4014 (IM@1 0.0225 FM@1 0.0989) | val 0.3738 (IM@1 0.0219 FM@1 0.0875) sup 0.1214/0.1094 roll 0.3499/0.3305 (λ=0.80) | lr 1.87e-04
Epoch   9 | train 0.4252 (IM@1 0.0227 FM@1 0.0959) | val 0.4015 (IM@1 0.0215 FM@1 0.0853) sup 0.1186/0.1068 roll 0.3407/0.3275 (λ=0.90) | lr 1.87e-04
Epoch  10 | train 0.4524 (IM@1 0.0226 FM@1 0.0940) | val 0.4258 (IM@1 0.0217 FM@1 0.0846) sup 0.1166/0.1063 roll 0.3358/0.3196 (λ=1.00) | lr 1.87e-04
Epoch  11 | train 0.4432 (IM@1 0.0225 FM@1 0.0913) | val 0.4434 (IM@1 0.0256 FM@1 0.0817) sup 0.1138/0.1072 roll 0.3294/0.3361 (λ=1.00) | lr 1.87e-04
Epoch  12 | train 0.4407 (IM@1 0.0225 FM@1 0.0901) | val 0.4264 (IM@1 0.0216 FM@1 0.0804) sup 0.1126/0.1019 roll 0.3281/0.3245 (λ=1.00) | lr 1.87e-04
Epoch  13 | train 0.4344 (IM@1 0.0226 FM@1 0.0876) | val 0.4185 (IM@1 0.0221 FM@1 0.0783) sup 0.1102/0.1004 roll 0.3242/0.3180 (λ=1.00) | lr 1.87e-04
Epoch  14 | train 0.4301 (IM@1 0.0224 FM@1 0.0863) | val 0.4041 (IM@1 0.0220 FM@1 0.0767) sup 0.1086/0.0987 roll 0.3214/0.3055 (λ=1.00) | lr 1.87e-04
Epoch  15 | train 0.4242 (IM@1 0.0221 FM@1 0.0851) | val 0.4096 (IM@1 0.0226 FM@1 0.0761) sup 0.1073/0.0987 roll 0.3170/0.3109 (λ=1.00) | lr 1.87e-04
Epoch  16 | train 0.4190 (IM@1 0.0221 FM@1 0.0836) | val 0.4122 (IM@1 0.0220 FM@1 0.0751) sup 0.1058/0.0971 roll 0.3132/0.3151 (λ=1.00) | lr 1.87e-04
Epoch  17 | train 0.4145 (IM@1 0.0222 FM@1 0.0814) | val 0.4011 (IM@1 0.0216 FM@1 0.0731) sup 0.1036/0.0948 roll 0.3109/0.3063 (λ=1.00) | lr 1.87e-04
Epoch  18 | train 0.4097 (IM@1 0.0220 FM@1 0.0803) | val 0.4015 (IM@1 0.0226 FM@1 0.0739) sup 0.1023/0.0965 roll 0.3075/0.3050 (λ=1.00) | lr 1.87e-04
[I 2026-09-26 20:32:02,216] Trial 89 pruned. 

Best val: 0.36059
  gru_hidden_fm: 128
  mlp_hidden_fm: 128
  dropout_fm: 0.053228712735840886
  weight_decay_fm: 2.3447806287056487e-05
  gru_hidden_im: 128
  mlp_hidden_im: 64
  dropout_im: 0.002043343117720862
  weight_decay_im: 1.4562760771452169e-06
  lr: 0.0003755740523370064
  batch_size: 64
  clip_norm: 1.0
Report: /home/gemma/tesi/aquabot/src/net/Estimator/tuning/tuning_results/best_joint_combo_p1_k10.txt
