Studio: joint_combo_p1_k10 | device cpu | mode=combo P=1 K=10 T=10
Caricamento dataset...
Trovati 120 trial.
Dataset grezzo: 120 trial letti. Scaler e finestre costruiti in split_by_trial() (fit solo su train).
/home/gemma/tesi/aquabot/src/net/Estimator/tuning/tune_joint.py:245: ExperimentalWarning: Argument ``multivariate`` is an experimental feature. The interface can change in the future.
  sampler = optuna.samplers.TPESampler(
/home/gemma/tesi/aquabot/src/net/Estimator/tuning/tune_joint.py:245: ExperimentalWarning: Argument ``group`` is an experimental feature. The interface can change in the future.
  sampler = optuna.samplers.TPESampler(
/home/gemma/tesi/aquabot/src/net/Estimator/tuning/tune_joint.py:245: ExperimentalWarning: Argument ``constant_liar`` is an experimental feature. The interface can change in the future.
  sampler = optuna.samplers.TPESampler(
[I 2026-09-26 12:52:06,365] Using an existing study with name 'joint_combo_p1_k10' instead of creating a new one.
Normalizzatore caricato da /home/gemma/tesi/aquabot/src/net/scaler/scalers_joint.pkl (nessun refit).
Dataset: 32520 campioni da 120 trial. H=20 P=10 | seq_cmd=(20, 1) seq_sens=(20, 2)
Split per-trial: 26015 finestre train | 6505 finestre val
Epoch   0 | train 0.3067 (IM@1 0.1141 FM@1 0.1926) | val 0.1196 (IM@1 0.0235 FM@1 0.0961) sup 0.3067/0.1196 roll 0.9793/0.4633 (λ=0.00) | lr 4.99e-04
Epoch   1 | train 0.1664 (IM@1 0.0277 FM@1 0.0930) | val 0.1389 (IM@1 0.0217 FM@1 0.0819) sup 0.1207/0.1036 roll 0.4570/0.3522 (λ=0.10) | lr 4.99e-04
Epoch   2 | train 0.1821 (IM@1 0.0253 FM@1 0.0798) | val 0.1628 (IM@1 0.0216 FM@1 0.0736) sup 0.1051/0.0951 roll 0.3847/0.3384 (λ=0.20) | lr 4.99e-04
Epoch   3 | train 0.2065 (IM@1 0.0249 FM@1 0.0735) | val 0.1887 (IM@1 0.0206 FM@1 0.0703) sup 0.0984/0.0910 roll 0.3602/0.3256 (λ=0.30) | lr 4.99e-04
Epoch   4 | train 0.2329 (IM@1 0.0243 FM@1 0.0708) | val 0.2243 (IM@1 0.0223 FM@1 0.0717) sup 0.0951/0.0940 roll 0.3447/0.3259 (λ=0.40) | lr 4.99e-04
Epoch   5 | train 0.2611 (IM@1 0.0246 FM@1 0.0686) | val 0.2528 (IM@1 0.0210 FM@1 0.0680) sup 0.0932/0.0890 roll 0.3358/0.3275 (λ=0.50) | lr 4.99e-04
Epoch   6 | train 0.2875 (IM@1 0.0246 FM@1 0.0666) | val 0.2780 (IM@1 0.0218 FM@1 0.0674) sup 0.0912/0.0892 roll 0.3272/0.3147 (λ=0.60) | lr 4.99e-04
Epoch   7 | train 0.3125 (IM@1 0.0247 FM@1 0.0648) | val 0.3075 (IM@1 0.0218 FM@1 0.0676) sup 0.0895/0.0894 roll 0.3185/0.3115 (λ=0.70) | lr 4.99e-04
Epoch   8 | train 0.3396 (IM@1 0.0248 FM@1 0.0634) | val 0.3422 (IM@1 0.0223 FM@1 0.0654) sup 0.0882/0.0877 roll 0.3142/0.3181 (λ=0.80) | lr 4.99e-04
Epoch   9 | train 0.3631 (IM@1 0.0247 FM@1 0.0616) | val 0.3618 (IM@1 0.0224 FM@1 0.0639) sup 0.0862/0.0863 roll 0.3077/0.3061 (λ=0.90) | lr 4.99e-04
Epoch  10 | train 0.3913 (IM@1 0.0250 FM@1 0.0617) | val 0.3927 (IM@1 0.0222 FM@1 0.0638) sup 0.0866/0.0860 roll 0.3046/0.3067 (λ=1.00) | lr 4.99e-04
Epoch  11 | train 0.3827 (IM@1 0.0247 FM@1 0.0597) | val 0.4016 (IM@1 0.0236 FM@1 0.0637) sup 0.0844/0.0873 roll 0.2983/0.3143 (λ=1.00) | lr 4.99e-04
Epoch  12 | train 0.3788 (IM@1 0.0250 FM@1 0.0591) | val 0.3898 (IM@1 0.0221 FM@1 0.0620) sup 0.0841/0.0841 roll 0.2947/0.3057 (λ=1.00) | lr 4.99e-04
Epoch  13 | train 0.3745 (IM@1 0.0248 FM@1 0.0589) | val 0.3856 (IM@1 0.0244 FM@1 0.0609) sup 0.0837/0.0852 roll 0.2908/0.3003 (λ=1.00) | lr 4.99e-04
Epoch  14 | train 0.3679 (IM@1 0.0242 FM@1 0.0575) | val 0.3794 (IM@1 0.0226 FM@1 0.0596) sup 0.0817/0.0822 roll 0.2862/0.2972 (λ=1.00) | lr 4.99e-04
Epoch  15 | train 0.3660 (IM@1 0.0242 FM@1 0.0574) | val 0.3899 (IM@1 0.0269 FM@1 0.0593) sup 0.0816/0.0862 roll 0.2844/0.3037 (λ=1.00) | lr 4.99e-04
Epoch  16 | train 0.3621 (IM@1 0.0241 FM@1 0.0556) | val 0.3790 (IM@1 0.0230 FM@1 0.0596) sup 0.0797/0.0825 roll 0.2824/0.2965 (λ=1.00) | lr 4.99e-04
Epoch  17 | train 0.3595 (IM@1 0.0238 FM@1 0.0560) | val 0.3869 (IM@1 0.0255 FM@1 0.0613) sup 0.0798/0.0868 roll 0.2797/0.3000 (λ=1.00) | lr 4.99e-04
Epoch  18 | train 0.3559 (IM@1 0.0242 FM@1 0.0547) | val 0.3740 (IM@1 0.0237 FM@1 0.0556) sup 0.0789/0.0793 roll 0.2770/0.2947 (λ=1.00) | lr 4.99e-04
Epoch  19 | train 0.3531 (IM@1 0.0240 FM@1 0.0540) | val 0.3852 (IM@1 0.0226 FM@1 0.0595) sup 0.0781/0.0821 roll 0.2750/0.3031 (λ=1.00) | lr 4.99e-04
Epoch  20 | train 0.3487 (IM@1 0.0237 FM@1 0.0533) | val 0.3802 (IM@1 0.0249 FM@1 0.0593) sup 0.0770/0.0842 roll 0.2717/0.2960 (λ=1.00) | lr 4.99e-04
Epoch  21 | train 0.3475 (IM@1 0.0233 FM@1 0.0533) | val 0.3771 (IM@1 0.0229 FM@1 0.0572) sup 0.0767/0.0801 roll 0.2708/0.2970 (λ=1.00) | lr 4.99e-04
Epoch  22 | train 0.3451 (IM@1 0.0234 FM@1 0.0524) | val 0.3767 (IM@1 0.0234 FM@1 0.0559) sup 0.0758/0.0793 roll 0.2693/0.2974 (λ=1.00) | lr 4.99e-04
Epoch  23 | train 0.3420 (IM@1 0.0233 FM@1 0.0518) | val 0.3828 (IM@1 0.0235 FM@1 0.0610) sup 0.0750/0.0845 roll 0.2670/0.2983 (λ=1.00) | lr 4.99e-04
Epoch  24 | train 0.3401 (IM@1 0.0233 FM@1 0.0511) | val 0.3821 (IM@1 0.0227 FM@1 0.0585) sup 0.0744/0.0812 roll 0.2657/0.3009 (λ=1.00) | lr 4.99e-04
Epoch  25 | train 0.3371 (IM@1 0.0231 FM@1 0.0515) | val 0.3775 (IM@1 0.0222 FM@1 0.0567) sup 0.0746/0.0788 roll 0.2626/0.2987 (λ=1.00) | lr 4.99e-04
Epoch  26 | train 0.3352 (IM@1 0.0230 FM@1 0.0500) | val 0.3758 (IM@1 0.0247 FM@1 0.0565) sup 0.0730/0.0812 roll 0.2622/0.2946 (λ=1.00) | lr 4.99e-04
Epoch  27 | train 0.3320 (IM@1 0.0231 FM@1 0.0500) | val 0.3780 (IM@1 0.0228 FM@1 0.0583) sup 0.0730/0.0811 roll 0.2590/0.2969 (λ=1.00) | lr 4.99e-04
Epoch  28 | train 0.3311 (IM@1 0.0225 FM@1 0.0495) | val 0.3979 (IM@1 0.0244 FM@1 0.0611) sup 0.0720/0.0854 roll 0.2591/0.3125 (λ=1.00) | lr 4.99e-04
Epoch  29 | train 0.3265 (IM@1 0.0225 FM@1 0.0488) | val 0.3745 (IM@1 0.0220 FM@1 0.0592) sup 0.0713/0.0811 roll 0.2553/0.2934 (λ=1.00) | lr 2.50e-04
Epoch  30 | train 0.3142 (IM@1 0.0213 FM@1 0.0453) | val 0.3708 (IM@1 0.0219 FM@1 0.0561) sup 0.0667/0.0780 roll 0.2475/0.2928 (λ=1.00) | lr 2.50e-04
Epoch  31 | train 0.3127 (IM@1 0.0216 FM@1 0.0454) | val 0.3666 (IM@1 0.0222 FM@1 0.0556) sup 0.0670/0.0778 roll 0.2456/0.2888 (λ=1.00) | lr 2.50e-04
Epoch  32 | train 0.3118 (IM@1 0.0219 FM@1 0.0449) | val 0.3758 (IM@1 0.0222 FM@1 0.0559) sup 0.0668/0.0782 roll 0.2450/0.2976 (λ=1.00) | lr 2.50e-04
Epoch  33 | train 0.3089 (IM@1 0.0219 FM@1 0.0439) | val 0.3701 (IM@1 0.0221 FM@1 0.0556) sup 0.0658/0.0777 roll 0.2431/0.2924 (λ=1.00) | lr 2.50e-04
Epoch  34 | train 0.3072 (IM@1 0.0214 FM@1 0.0441) | val 0.3680 (IM@1 0.0220 FM@1 0.0552) sup 0.0656/0.0772 roll 0.2416/0.2908 (λ=1.00) | lr 2.50e-04
Epoch  35 | train 0.3058 (IM@1 0.0216 FM@1 0.0441) | val 0.3687 (IM@1 0.0221 FM@1 0.0544) sup 0.0657/0.0766 roll 0.2401/0.2922 (λ=1.00) | lr 2.50e-04
Epoch  36 | train 0.3055 (IM@1 0.0215 FM@1 0.0437) | val 0.3728 (IM@1 0.0220 FM@1 0.0558) sup 0.0652/0.0778 roll 0.2403/0.2950 (λ=1.00) | lr 2.50e-04
Epoch  37 | train 0.3042 (IM@1 0.0213 FM@1 0.0437) | val 0.3730 (IM@1 0.0230 FM@1 0.0554) sup 0.0650/0.0784 roll 0.2391/0.2946 (λ=1.00) | lr 2.50e-04
Epoch  38 | train 0.3021 (IM@1 0.0212 FM@1 0.0435) | val 0.3742 (IM@1 0.0223 FM@1 0.0552) sup 0.0647/0.0774 roll 0.2374/0.2968 (λ=1.00) | lr 2.50e-04
Epoch  39 | train 0.3008 (IM@1 0.0214 FM@1 0.0427) | val 0.3699 (IM@1 0.0229 FM@1 0.0543) sup 0.0642/0.0772 roll 0.2367/0.2927 (λ=1.00) | lr 2.50e-04

Training completato (combo). Best val (sup + 1.0*roll, da epoch 10): 0.3666 a epoch 31
[I 2026-09-26 14:09:20,849] Trial 9 finished with value: 0.3666087365695644 and parameters: {'gru_hidden_fm': 128, 'mlp_hidden_fm': 512, 'dropout_fm': 0.1643653775916888, 'weight_decay_fm': 9.536260202623294e-06, 'gru_hidden_im': 128, 'mlp_hidden_im': 128, 'dropout_im': 0.11749334471728365, 'weight_decay_im': 0.00011641165598923504, 'lr': 0.0004990025477485132, 'batch_size': 64, 'clip_norm': 1.0}. Best is trial 9 with value: 0.3666087365695644.
Split per-trial: 26015 finestre train | 6505 finestre val
Epoch   0 | train 0.3265 (IM@1 0.1137 FM@1 0.2128) | val 0.1447 (IM@1 0.0351 FM@1 0.1096) sup 0.3265/0.1447 roll 1.5770/0.9139 (λ=0.00) | lr 1.58e-03
Epoch   1 | train 0.2517 (IM@1 0.0570 FM@1 0.1229) | val 0.1506 (IM@1 0.0253 FM@1 0.0858) sup 0.1799/0.1111 roll 0.7176/0.3954 (λ=0.10) | lr 1.58e-03
Epoch   2 | train 0.2547 (IM@1 0.0523 FM@1 0.1039) | val 0.1856 (IM@1 0.0293 FM@1 0.0816) sup 0.1562/0.1109 roll 0.4925/0.3735 (λ=0.20) | lr 1.58e-03
Epoch   3 | train 0.2811 (IM@1 0.0521 FM@1 0.0969) | val 0.2149 (IM@1 0.0264 FM@1 0.0810) sup 0.1490/0.1073 roll 0.4404/0.3587 (λ=0.30) | lr 1.58e-03
Epoch   4 | train 0.3086 (IM@1 0.0517 FM@1 0.0929) | val 0.2287 (IM@1 0.0243 FM@1 0.0769) sup 0.1446/0.1012 roll 0.4100/0.3187 (λ=0.40) | lr 1.58e-03
Epoch   5 | train 0.3360 (IM@1 0.0516 FM@1 0.0896) | val 0.2844 (IM@1 0.0322 FM@1 0.0767) sup 0.1412/0.1089 roll 0.3897/0.3510 (λ=0.50) | lr 1.58e-03
Epoch   6 | train 0.3591 (IM@1 0.0512 FM@1 0.0847) | val 0.3190 (IM@1 0.0343 FM@1 0.0803) sup 0.1359/0.1145 roll 0.3722/0.3407 (λ=0.60) | lr 1.58e-03
Epoch   7 | train 0.3846 (IM@1 0.0502 FM@1 0.0824) | val 0.3365 (IM@1 0.0292 FM@1 0.0753) sup 0.1326/0.1045 roll 0.3600/0.3313 (λ=0.70) | lr 1.58e-03
Epoch   8 | train 0.4146 (IM@1 0.0505 FM@1 0.0825) | val 0.3404 (IM@1 0.0256 FM@1 0.0675) sup 0.1330/0.0931 roll 0.3519/0.3092 (λ=0.80) | lr 1.58e-03
Epoch   9 | train 0.4360 (IM@1 0.0504 FM@1 0.0795) | val 0.3709 (IM@1 0.0282 FM@1 0.0668) sup 0.1299/0.0950 roll 0.3401/0.3066 (λ=0.90) | lr 1.58e-03
Epoch  10 | train 0.4603 (IM@1 0.0494 FM@1 0.0786) | val 0.4137 (IM@1 0.0331 FM@1 0.0686) sup 0.1280/0.1017 roll 0.3323/0.3120 (λ=1.00) | lr 1.58e-03
Epoch  11 | train 0.4521 (IM@1 0.0495 FM@1 0.0763) | val 0.4029 (IM@1 0.0279 FM@1 0.0698) sup 0.1258/0.0977 roll 0.3263/0.3052 (λ=1.00) | lr 1.58e-03
Epoch  12 | train 0.4398 (IM@1 0.0482 FM@1 0.0743) | val 0.4059 (IM@1 0.0291 FM@1 0.0713) sup 0.1225/0.1004 roll 0.3173/0.3056 (λ=1.00) | lr 1.58e-03
Epoch  13 | train 0.4335 (IM@1 0.0480 FM@1 0.0726) | val 0.4120 (IM@1 0.0290 FM@1 0.0725) sup 0.1207/0.1014 roll 0.3128/0.3106 (λ=1.00) | lr 1.58e-03
Epoch  14 | train 0.4297 (IM@1 0.0489 FM@1 0.0725) | val 0.4017 (IM@1 0.0291 FM@1 0.0697) sup 0.1214/0.0989 roll 0.3084/0.3029 (λ=1.00) | lr 1.58e-03
Epoch  15 | train 0.4190 (IM@1 0.0468 FM@1 0.0702) | val 0.4047 (IM@1 0.0283 FM@1 0.0697) sup 0.1170/0.0980 roll 0.3020/0.3067 (λ=1.00) | lr 1.58e-03
Epoch  16 | train 0.4110 (IM@1 0.0473 FM@1 0.0687) | val 0.4279 (IM@1 0.0288 FM@1 0.0775) sup 0.1161/0.1063 roll 0.2949/0.3216 (λ=1.00) | lr 1.58e-03
Epoch  17 | train 0.4002 (IM@1 0.0470 FM@1 0.0667) | val 0.4072 (IM@1 0.0276 FM@1 0.0734) sup 0.1136/0.1010 roll 0.2866/0.3062 (λ=1.00) | lr 1.58e-03
Epoch  18 | train 0.3938 (IM@1 0.0461 FM@1 0.0667) | val 0.4364 (IM@1 0.0304 FM@1 0.0745) sup 0.1129/0.1050 roll 0.2810/0.3314 (λ=1.00) | lr 1.58e-03
Epoch  19 | train 0.3861 (IM@1 0.0475 FM@1 0.0650) | val 0.4340 (IM@1 0.0285 FM@1 0.0742) sup 0.1125/0.1027 roll 0.2736/0.3313 (λ=1.00) | lr 1.58e-03
Epoch  20 | train 0.3746 (IM@1 0.0466 FM@1 0.0637) | val 0.4371 (IM@1 0.0296 FM@1 0.0784) sup 0.1104/0.1080 roll 0.2642/0.3291 (λ=1.00) | lr 7.90e-04
Epoch  21 | train 0.3354 (IM@1 0.0437 FM@1 0.0583) | val 0.4290 (IM@1 0.0277 FM@1 0.0769) sup 0.1021/0.1047 roll 0.2334/0.3243 (λ=1.00) | lr 7.90e-04
Epoch  22 | train 0.3183 (IM@1 0.0427 FM@1 0.0567) | val 0.4481 (IM@1 0.0305 FM@1 0.0809) sup 0.0994/0.1114 roll 0.2189/0.3366 (λ=1.00) | lr 7.90e-04
Epoch  23 | train 0.3065 (IM@1 0.0426 FM@1 0.0551) | val 0.4609 (IM@1 0.0335 FM@1 0.0824) sup 0.0977/0.1160 roll 0.2088/0.3449 (λ=1.00) | lr 7.90e-04
Epoch  24 | train 0.2916 (IM@1 0.0422 FM@1 0.0531) | val 0.4721 (IM@1 0.0340 FM@1 0.0862) sup 0.0953/0.1201 roll 0.1963/0.3519 (λ=1.00) | lr 7.90e-04
Epoch  25 | train 0.2795 (IM@1 0.0407 FM@1 0.0532) | val 0.4847 (IM@1 0.0344 FM@1 0.0881) sup 0.0939/0.1225 roll 0.1855/0.3621 (λ=1.00) | lr 7.90e-04
Epoch  26 | train 0.2673 (IM@1 0.0407 FM@1 0.0507) | val 0.5036 (IM@1 0.0339 FM@1 0.0909) sup 0.0914/0.1248 roll 0.1759/0.3788 (λ=1.00) | lr 7.90e-04
Epoch  27 | train 0.2524 (IM@1 0.0392 FM@1 0.0492) | val 0.5141 (IM@1 0.0363 FM@1 0.0965) sup 0.0883/0.1328 roll 0.1640/0.3813 (λ=1.00) | lr 7.90e-04
Epoch  28 | train 0.2455 (IM@1 0.0396 FM@1 0.0480) | val 0.5272 (IM@1 0.0394 FM@1 0.0964) sup 0.0877/0.1358 roll 0.1578/0.3913 (λ=1.00) | lr 7.90e-04
[I 2026-09-26 18:44:52,047] Trial 30 pruned. 
Split per-trial: 26015 finestre train | 6505 finestre val
Epoch   0 | train 0.5384 (IM@1 0.1914 FM@1 0.3470) | val 0.2140 (IM@1 0.0325 FM@1 0.1815) sup 0.5384/0.2140 roll 1.2470/0.7334 (λ=0.00) | lr 2.11e-04
Epoch   1 | train 0.2247 (IM@1 0.0270 FM@1 0.1421) | val 0.1861 (IM@1 0.0223 FM@1 0.1230) sup 0.1692/0.1453 roll 0.5553/0.4073 (λ=0.10) | lr 2.11e-04
Epoch   2 | train 0.2173 (IM@1 0.0225 FM@1 0.1096) | val 0.1968 (IM@1 0.0216 FM@1 0.1022) sup 0.1321/0.1238 roll 0.4258/0.3650 (λ=0.20) | lr 2.11e-04
Epoch   3 | train 0.2296 (IM@1 0.0206 FM@1 0.0969) | val 0.2201 (IM@1 0.0214 FM@1 0.0942) sup 0.1175/0.1156 roll 0.3736/0.3482 (λ=0.30) | lr 2.11e-04
Epoch   4 | train 0.2521 (IM@1 0.0202 FM@1 0.0904) | val 0.2421 (IM@1 0.0203 FM@1 0.0873) sup 0.1106/0.1076 roll 0.3537/0.3362 (λ=0.40) | lr 2.11e-04
Epoch   5 | train 0.2748 (IM@1 0.0194 FM@1 0.0852) | val 0.2668 (IM@1 0.0204 FM@1 0.0830) sup 0.1046/0.1034 roll 0.3404/0.3268 (λ=0.50) | lr 2.11e-04
Epoch   6 | train 0.2995 (IM@1 0.0192 FM@1 0.0822) | val 0.3028 (IM@1 0.0219 FM@1 0.0809) sup 0.1014/0.1028 roll 0.3301/0.3333 (λ=0.60) | lr 2.11e-04
Epoch   7 | train 0.3252 (IM@1 0.0193 FM@1 0.0789) | val 0.3284 (IM@1 0.0206 FM@1 0.0794) sup 0.0982/0.1000 roll 0.3243/0.3263 (λ=0.70) | lr 2.11e-04
Epoch   8 | train 0.3489 (IM@1 0.0190 FM@1 0.0764) | val 0.3535 (IM@1 0.0206 FM@1 0.0770) sup 0.0954/0.0976 roll 0.3169/0.3199 (λ=0.80) | lr 2.11e-04
Epoch   9 | train 0.3725 (IM@1 0.0189 FM@1 0.0739) | val 0.3943 (IM@1 0.0211 FM@1 0.0757) sup 0.0928/0.0968 roll 0.3108/0.3305 (λ=0.90) | lr 2.11e-04
Epoch  10 | train 0.3977 (IM@1 0.0189 FM@1 0.0723) | val 0.4128 (IM@1 0.0202 FM@1 0.0749) sup 0.0912/0.0951 roll 0.3065/0.3177 (λ=1.00) | lr 2.11e-04
Epoch  11 | train 0.3897 (IM@1 0.0188 FM@1 0.0702) | val 0.4104 (IM@1 0.0208 FM@1 0.0729) sup 0.0891/0.0937 roll 0.3006/0.3167 (λ=1.00) | lr 2.11e-04
Epoch  12 | train 0.3820 (IM@1 0.0184 FM@1 0.0681) | val 0.4067 (IM@1 0.0208 FM@1 0.0716) sup 0.0865/0.0925 roll 0.2955/0.3143 (λ=1.00) | lr 2.11e-04
Epoch  13 | train 0.3787 (IM@1 0.0185 FM@1 0.0671) | val 0.3969 (IM@1 0.0208 FM@1 0.0687) sup 0.0855/0.0895 roll 0.2932/0.3073 (λ=1.00) | lr 2.11e-04
Epoch  14 | train 0.3738 (IM@1 0.0182 FM@1 0.0653) | val 0.3963 (IM@1 0.0202 FM@1 0.0676) sup 0.0835/0.0879 roll 0.2903/0.3085 (λ=1.00) | lr 2.11e-04
Epoch  15 | train 0.3724 (IM@1 0.0183 FM@1 0.0647) | val 0.3900 (IM@1 0.0200 FM@1 0.0673) sup 0.0829/0.0873 roll 0.2895/0.3027 (λ=1.00) | lr 2.11e-04
Epoch  16 | train 0.3677 (IM@1 0.0182 FM@1 0.0633) | val 0.4010 (IM@1 0.0208 FM@1 0.0659) sup 0.0815/0.0867 roll 0.2862/0.3143 (λ=1.00) | lr 2.11e-04
Epoch  17 | train 0.3611 (IM@1 0.0180 FM@1 0.0617) | val 0.3858 (IM@1 0.0200 FM@1 0.0654) sup 0.0797/0.0853 roll 0.2813/0.3004 (λ=1.00) | lr 2.11e-04
Epoch  18 | train 0.3596 (IM@1 0.0177 FM@1 0.0612) | val 0.3896 (IM@1 0.0209 FM@1 0.0648) sup 0.0789/0.0857 roll 0.2806/0.3039 (λ=1.00) | lr 2.11e-04
Epoch  19 | train 0.3567 (IM@1 0.0177 FM@1 0.0601) | val 0.3752 (IM@1 0.0199 FM@1 0.0626) sup 0.0778/0.0825 roll 0.2789/0.2927 (λ=1.00) | lr 2.11e-04
Epoch  20 | train 0.3526 (IM@1 0.0179 FM@1 0.0594) | val 0.3841 (IM@1 0.0207 FM@1 0.0630) sup 0.0773/0.0837 roll 0.2753/0.3004 (λ=1.00) | lr 2.11e-04
Epoch  21 | train 0.3510 (IM@1 0.0178 FM@1 0.0587) | val 0.3742 (IM@1 0.0200 FM@1 0.0613) sup 0.0765/0.0813 roll 0.2745/0.2929 (λ=1.00) | lr 2.11e-04
Epoch  22 | train 0.3476 (IM@1 0.0175 FM@1 0.0577) | val 0.3851 (IM@1 0.0213 FM@1 0.0606) sup 0.0753/0.0819 roll 0.2723/0.3032 (λ=1.00) | lr 2.11e-04
Epoch  23 | train 0.3463 (IM@1 0.0176 FM@1 0.0575) | val 0.3881 (IM@1 0.0203 FM@1 0.0609) sup 0.0751/0.0812 roll 0.2712/0.3069 (λ=1.00) | lr 2.11e-04
Epoch  24 | train 0.3425 (IM@1 0.0174 FM@1 0.0565) | val 0.3854 (IM@1 0.0205 FM@1 0.0600) sup 0.0740/0.0805 roll 0.2686/0.3049 (λ=1.00) | lr 2.11e-04
Epoch  25 | train 0.3399 (IM@1 0.0174 FM@1 0.0557) | val 0.3782 (IM@1 0.0209 FM@1 0.0594) sup 0.0731/0.0804 roll 0.2668/0.2978 (λ=1.00) | lr 2.11e-04
Epoch  26 | train 0.3399 (IM@1 0.0176 FM@1 0.0552) | val 0.3816 (IM@1 0.0203 FM@1 0.0594) sup 0.0728/0.0797 roll 0.2672/0.3020 (λ=1.00) | lr 2.11e-04
Epoch  27 | train 0.3356 (IM@1 0.0173 FM@1 0.0547) | val 0.3749 (IM@1 0.0211 FM@1 0.0579) sup 0.0720/0.0790 roll 0.2636/0.2960 (λ=1.00) | lr 2.11e-04
Epoch  28 | train 0.3334 (IM@1 0.0174 FM@1 0.0538) | val 0.3754 (IM@1 0.0208 FM@1 0.0583) sup 0.0712/0.0791 roll 0.2622/0.2963 (λ=1.00) | lr 2.11e-04
Epoch  29 | train 0.3318 (IM@1 0.0175 FM@1 0.0533) | val 0.3768 (IM@1 0.0209 FM@1 0.0586) sup 0.0708/0.0795 roll 0.2610/0.2972 (λ=1.00) | lr 2.11e-04
Epoch  30 | train 0.3296 (IM@1 0.0171 FM@1 0.0534) | val 0.3721 (IM@1 0.0208 FM@1 0.0567) sup 0.0705/0.0775 roll 0.2591/0.2946 (λ=1.00) | lr 2.11e-04
Epoch  31 | train 0.3289 (IM@1 0.0172 FM@1 0.0526) | val 0.3793 (IM@1 0.0210 FM@1 0.0578) sup 0.0699/0.0787 roll 0.2591/0.3006 (λ=1.00) | lr 2.11e-04
Epoch  32 | train 0.3261 (IM@1 0.0173 FM@1 0.0527) | val 0.3773 (IM@1 0.0212 FM@1 0.0566) sup 0.0700/0.0778 roll 0.2562/0.2995 (λ=1.00) | lr 2.11e-04
Epoch  33 | train 0.3235 (IM@1 0.0171 FM@1 0.0518) | val 0.3743 (IM@1 0.0215 FM@1 0.0564) sup 0.0689/0.0779 roll 0.2546/0.2964 (λ=1.00) | lr 2.11e-04
Epoch  34 | train 0.3209 (IM@1 0.0171 FM@1 0.0510) | val 0.3696 (IM@1 0.0207 FM@1 0.0572) sup 0.0681/0.0779 roll 0.2527/0.2918 (λ=1.00) | lr 2.11e-04
Epoch  35 | train 0.3190 (IM@1 0.0169 FM@1 0.0509) | val 0.3783 (IM@1 0.0210 FM@1 0.0576) sup 0.0678/0.0787 roll 0.2513/0.2997 (λ=1.00) | lr 2.11e-04
Epoch  36 | train 0.3185 (IM@1 0.0172 FM@1 0.0505) | val 0.3845 (IM@1 0.0215 FM@1 0.0555) sup 0.0678/0.0769 roll 0.2507/0.3076 (λ=1.00) | lr 2.11e-04
Epoch  37 | train 0.3158 (IM@1 0.0170 FM@1 0.0504) | val 0.3752 (IM@1 0.0208 FM@1 0.0554) sup 0.0675/0.0762 roll 0.2483/0.2990 (λ=1.00) | lr 2.11e-04
Epoch  38 | train 0.3152 (IM@1 0.0170 FM@1 0.0496) | val 0.3742 (IM@1 0.0212 FM@1 0.0555) sup 0.0666/0.0767 roll 0.2485/0.2975 (λ=1.00) | lr 2.11e-04
Epoch  39 | train 0.3133 (IM@1 0.0169 FM@1 0.0493) | val 0.3820 (IM@1 0.0212 FM@1 0.0568) sup 0.0662/0.0779 roll 0.2471/0.3041 (λ=1.00) | lr 2.11e-04

Training completato (combo). Best val (sup + 1.0*roll, da epoch 10): 0.3696 a epoch 34
[I 2026-09-26 20:25:40,109] Trial 70 finished with value: 0.36961383871923126 and parameters: {'gru_hidden_fm': 256, 'mlp_hidden_fm': 128, 'dropout_fm': 0.03398149411054692, 'weight_decay_fm': 6.671292306705055e-05, 'gru_hidden_im': 128, 'mlp_hidden_im': 128, 'dropout_im': 0.03738376255066146, 'weight_decay_im': 2.392521929004682e-06, 'lr': 0.00021145119154374994, 'batch_size': 64, 'clip_norm': 5.0}. Best is trial 58 with value: 0.3605886232752144.
Split per-trial: 26015 finestre train | 6505 finestre val
Epoch   0 | train 0.9997 (IM@1 0.4872 FM@1 0.5126) | val 0.4624 (IM@1 0.1600 FM@1 0.3024) sup 0.9997/0.4624 roll 1.6666/1.4206 (λ=0.00) | lr 1.77e-04
Epoch   1 | train 0.4407 (IM@1 0.0846 FM@1 0.2507) | val 0.3617 (IM@1 0.0588 FM@1 0.2142) sup 0.3353/0.2730 roll 1.0533/0.8877 (λ=0.10) | lr 1.77e-04
Epoch   2 | train 0.3978 (IM@1 0.0441 FM@1 0.1975) | val 0.4106 (IM@1 0.0498 FM@1 0.1854) sup 0.2416/0.2351 roll 0.7808/0.8775 (λ=0.20) | lr 1.77e-04
Epoch   3 | train 0.3943 (IM@1 0.0341 FM@1 0.1725) | val 0.4010 (IM@1 0.0388 FM@1 0.1745) sup 0.2067/0.2133 roll 0.6254/0.6255 (λ=0.30) | lr 1.77e-04
Epoch   4 | train 0.3979 (IM@1 0.0282 FM@1 0.1573) | val 0.3830 (IM@1 0.0321 FM@1 0.1516) sup 0.1855/0.1837 roll 0.5310/0.4982 (λ=0.40) | lr 1.77e-04
Epoch   5 | train 0.3966 (IM@1 0.0241 FM@1 0.1420) | val 0.3989 (IM@1 0.0287 FM@1 0.1391) sup 0.1661/0.1678 roll 0.4610/0.4621 (λ=0.50) | lr 1.77e-04
Epoch   6 | train 0.4205 (IM@1 0.0227 FM@1 0.1309) | val 0.4097 (IM@1 0.0268 FM@1 0.1314) sup 0.1536/0.1582 roll 0.4448/0.4192 (λ=0.60) | lr 1.77e-04
Epoch   7 | train 0.4240 (IM@1 0.0209 FM@1 0.1219) | val 0.4508 (IM@1 0.0259 FM@1 0.1218) sup 0.1428/0.1478 roll 0.4018/0.4330 (λ=0.70) | lr 1.77e-04
Epoch   8 | train 0.4383 (IM@1 0.0199 FM@1 0.1126) | val 0.4498 (IM@1 0.0246 FM@1 0.1109) sup 0.1325/0.1355 roll 0.3823/0.3929 (λ=0.80) | lr 1.77e-04
Epoch   9 | train 0.4530 (IM@1 0.0190 FM@1 0.1045) | val 0.4609 (IM@1 0.0232 FM@1 0.1051) sup 0.1235/0.1283 roll 0.3662/0.3696 (λ=0.90) | lr 1.77e-04
Epoch  10 | train 0.4673 (IM@1 0.0182 FM@1 0.0990) | val 0.4849 (IM@1 0.0227 FM@1 0.1000) sup 0.1173/0.1227 roll 0.3500/0.3622 (λ=1.00) | lr 1.77e-04
Epoch  11 | train 0.4557 (IM@1 0.0176 FM@1 0.0956) | val 0.4896 (IM@1 0.0225 FM@1 0.0959) sup 0.1132/0.1184 roll 0.3426/0.3712 (λ=1.00) | lr 1.77e-04
Epoch  12 | train 0.4444 (IM@1 0.0172 FM@1 0.0918) | val 0.4692 (IM@1 0.0222 FM@1 0.0951) sup 0.1090/0.1173 roll 0.3354/0.3520 (λ=1.00) | lr 1.77e-04
Epoch  13 | train 0.4286 (IM@1 0.0166 FM@1 0.0891) | val 0.4573 (IM@1 0.0218 FM@1 0.0891) sup 0.1057/0.1108 roll 0.3229/0.3465 (λ=1.00) | lr 1.77e-04
Epoch  14 | train 0.4241 (IM@1 0.0165 FM@1 0.0867) | val 0.4419 (IM@1 0.0208 FM@1 0.0869) sup 0.1031/0.1077 roll 0.3210/0.3342 (λ=1.00) | lr 1.77e-04
Epoch  15 | train 0.4197 (IM@1 0.0161 FM@1 0.0856) | val 0.4397 (IM@1 0.0206 FM@1 0.0858) sup 0.1017/0.1064 roll 0.3180/0.3334 (λ=1.00) | lr 1.77e-04
Epoch  16 | train 0.4104 (IM@1 0.0159 FM@1 0.0815) | val 0.4253 (IM@1 0.0203 FM@1 0.0834) sup 0.0974/0.1038 roll 0.3131/0.3215 (λ=1.00) | lr 1.77e-04
Epoch  17 | train 0.4026 (IM@1 0.0158 FM@1 0.0805) | val 0.4240 (IM@1 0.0203 FM@1 0.0818) sup 0.0962/0.1021 roll 0.3063/0.3219 (λ=1.00) | lr 1.77e-04
Epoch  18 | train 0.3969 (IM@1 0.0155 FM@1 0.0787) | val 0.4259 (IM@1 0.0199 FM@1 0.0818) sup 0.0942/0.1017 roll 0.3027/0.3242 (λ=1.00) | lr 1.77e-04
[I 2026-09-26 21:23:21,312] Trial 96 pruned. 
Split per-trial: 26015 finestre train | 6505 finestre val
Epoch   0 | train 0.5326 (IM@1 0.2219 FM@1 0.3107) | val 0.1841 (IM@1 0.0357 FM@1 0.1484) sup 0.5326/0.1841 roll 1.3429/0.7438 (λ=0.00) | lr 1.59e-04
Epoch   1 | train 0.2272 (IM@1 0.0398 FM@1 0.1235) | val 0.1813 (IM@1 0.0295 FM@1 0.1054) sup 0.1633/0.1348 roll 0.6388/0.4652 (λ=0.10) | lr 1.59e-04
Epoch   2 | train 0.2291 (IM@1 0.0321 FM@1 0.1013) | val 0.1882 (IM@1 0.0232 FM@1 0.0929) sup 0.1334/0.1161 roll 0.4784/0.3604 (λ=0.20) | lr 1.59e-04
Epoch   3 | train 0.2427 (IM@1 0.0294 FM@1 0.0902) | val 0.2156 (IM@1 0.0219 FM@1 0.0863) sup 0.1197/0.1082 roll 0.4102/0.3582 (λ=0.30) | lr 1.59e-04
Epoch   4 | train 0.2638 (IM@1 0.0282 FM@1 0.0834) | val 0.2343 (IM@1 0.0219 FM@1 0.0815) sup 0.1116/0.1033 roll 0.3805/0.3275 (λ=0.40) | lr 1.59e-04
Epoch   5 | train 0.2907 (IM@1 0.0278 FM@1 0.0795) | val 0.2651 (IM@1 0.0227 FM@1 0.0780) sup 0.1073/0.1007 roll 0.3667/0.3287 (λ=0.50) | lr 1.59e-04
Epoch   6 | train 0.3135 (IM@1 0.0272 FM@1 0.0755) | val 0.2872 (IM@1 0.0214 FM@1 0.0764) sup 0.1027/0.0978 roll 0.3514/0.3158 (λ=0.60) | lr 1.59e-04
Epoch   7 | train 0.3389 (IM@1 0.0270 FM@1 0.0730) | val 0.3235 (IM@1 0.0220 FM@1 0.0758) sup 0.1000/0.0978 roll 0.3413/0.3224 (λ=0.70) | lr 1.59e-04
Epoch   8 | train 0.3651 (IM@1 0.0266 FM@1 0.0716) | val 0.3467 (IM@1 0.0223 FM@1 0.0720) sup 0.0982/0.0943 roll 0.3337/0.3155 (λ=0.80) | lr 1.59e-04
Epoch   9 | train 0.3921 (IM@1 0.0268 FM@1 0.0691) | val 0.3792 (IM@1 0.0230 FM@1 0.0710) sup 0.0959/0.0939 roll 0.3291/0.3170 (λ=0.90) | lr 1.59e-04
Epoch  10 | train 0.4199 (IM@1 0.0268 FM@1 0.0685) | val 0.4071 (IM@1 0.0236 FM@1 0.0716) sup 0.0953/0.0952 roll 0.3245/0.3119 (λ=1.00) | lr 1.59e-04
Epoch  11 | train 0.4139 (IM@1 0.0270 FM@1 0.0679) | val 0.3960 (IM@1 0.0225 FM@1 0.0688) sup 0.0949/0.0913 roll 0.3190/0.3047 (λ=1.00) | lr 1.59e-04
Epoch  12 | train 0.4045 (IM@1 0.0264 FM@1 0.0659) | val 0.4060 (IM@1 0.0239 FM@1 0.0697) sup 0.0923/0.0936 roll 0.3122/0.3124 (λ=1.00) | lr 1.59e-04
Epoch  13 | train 0.4010 (IM@1 0.0262 FM@1 0.0649) | val 0.4009 (IM@1 0.0226 FM@1 0.0681) sup 0.0910/0.0907 roll 0.3099/0.3102 (λ=1.00) | lr 1.59e-04
Epoch  14 | train 0.3962 (IM@1 0.0265 FM@1 0.0641) | val 0.3963 (IM@1 0.0223 FM@1 0.0677) sup 0.0906/0.0901 roll 0.3056/0.3062 (λ=1.00) | lr 1.59e-04
Epoch  15 | train 0.3919 (IM@1 0.0262 FM@1 0.0633) | val 0.3963 (IM@1 0.0229 FM@1 0.0674) sup 0.0895/0.0903 roll 0.3023/0.3060 (λ=1.00) | lr 1.59e-04
Epoch  16 | train 0.3911 (IM@1 0.0261 FM@1 0.0630) | val 0.3991 (IM@1 0.0231 FM@1 0.0661) sup 0.0891/0.0892 roll 0.3020/0.3099 (λ=1.00) | lr 1.59e-04
Epoch  17 | train 0.3864 (IM@1 0.0256 FM@1 0.0616) | val 0.3950 (IM@1 0.0238 FM@1 0.0647) sup 0.0872/0.0885 roll 0.2992/0.3065 (λ=1.00) | lr 1.59e-04
Epoch  18 | train 0.3822 (IM@1 0.0254 FM@1 0.0611) | val 0.3904 (IM@1 0.0240 FM@1 0.0642) sup 0.0866/0.0882 roll 0.2957/0.3022 (λ=1.00) | lr 1.59e-04
[I 2026-09-26 22:22:16,833] Trial 99 pruned. 

Best val: 0.35983
  gru_hidden_fm: 128
  mlp_hidden_fm: 512
  dropout_fm: 0.19931977379143886
  weight_decay_fm: 1.0216647704793357e-05
  gru_hidden_im: 128
  mlp_hidden_im: 256
  dropout_im: 0.06367278116520242
  weight_decay_im: 0.0007406462387410057
  lr: 0.0002298046446717069
  batch_size: 64
  clip_norm: 1.0
Report: /home/gemma/tesi/aquabot/src/net/Estimator/tuning/tuning_results/best_joint_combo_p1_k10.txt
