Studio: joint_combo_p1_k10 | device cpu | mode=combo P=1 K=10 T=10
Caricamento dataset...
Trovati 120 trial.
Dataset grezzo: 120 trial letti. Scaler e finestre costruiti in split_by_trial() (fit solo su train).
/home/gemma/tesi/aquabot/src/net/Estimator/tuning/tune_joint.py:245: ExperimentalWarning: Argument ``multivariate`` is an experimental feature. The interface can change in the future.
  sampler = optuna.samplers.TPESampler(
/home/gemma/tesi/aquabot/src/net/Estimator/tuning/tune_joint.py:245: ExperimentalWarning: Argument ``group`` is an experimental feature. The interface can change in the future.
  sampler = optuna.samplers.TPESampler(
/home/gemma/tesi/aquabot/src/net/Estimator/tuning/tune_joint.py:245: ExperimentalWarning: Argument ``constant_liar`` is an experimental feature. The interface can change in the future.
  sampler = optuna.samplers.TPESampler(
[I 2026-09-26 12:52:22,283] Using an existing study with name 'joint_combo_p1_k10' instead of creating a new one.
Normalizzatore caricato da /home/gemma/tesi/aquabot/src/net/scaler/scalers_joint.pkl (nessun refit).
Dataset: 32520 campioni da 120 trial. H=20 P=10 | seq_cmd=(20, 1) seq_sens=(20, 2)
Split per-trial: 26015 finestre train | 6505 finestre val
Epoch   0 | train 0.8787 (IM@1 0.4413 FM@1 0.4374) | val 0.2713 (IM@1 0.0781 FM@1 0.1932) sup 0.8787/0.2713 roll 1.6418/1.0345 (λ=0.00) | lr 6.64e-04
Epoch   1 | train 0.3969 (IM@1 0.1072 FM@1 0.1785) | val 0.2521 (IM@1 0.0504 FM@1 0.1319) sup 0.2856/0.1822 roll 1.1122/0.6986 (λ=0.10) | lr 6.64e-04
Epoch   2 | train 0.4035 (IM@1 0.0913 FM@1 0.1438) | val 0.2562 (IM@1 0.0437 FM@1 0.1075) sup 0.2351/0.1512 roll 0.8416/0.5252 (λ=0.20) | lr 6.64e-04
Epoch   3 | train 0.4197 (IM@1 0.0870 FM@1 0.1300) | val 0.2742 (IM@1 0.0402 FM@1 0.0991) sup 0.2169/0.1393 roll 0.6758/0.4495 (λ=0.30) | lr 6.64e-04
Epoch   4 | train 0.4402 (IM@1 0.0820 FM@1 0.1209) | val 0.3015 (IM@1 0.0378 FM@1 0.0970) sup 0.2029/0.1348 roll 0.5932/0.4168 (λ=0.40) | lr 6.64e-04
Epoch   5 | train 0.4646 (IM@1 0.0805 FM@1 0.1174) | val 0.3467 (IM@1 0.0425 FM@1 0.0952) sup 0.1979/0.1377 roll 0.5335/0.4181 (λ=0.50) | lr 6.64e-04
Epoch   6 | train 0.4900 (IM@1 0.0785 FM@1 0.1132) | val 0.3601 (IM@1 0.0349 FM@1 0.0942) sup 0.1917/0.1291 roll 0.4972/0.3850 (λ=0.60) | lr 6.64e-04
Epoch   7 | train 0.5191 (IM@1 0.0781 FM@1 0.1113) | val 0.3761 (IM@1 0.0370 FM@1 0.0899) sup 0.1894/0.1269 roll 0.4711/0.3560 (λ=0.70) | lr 6.64e-04
Epoch   8 | train 0.5443 (IM@1 0.0776 FM@1 0.1089) | val 0.4090 (IM@1 0.0380 FM@1 0.0897) sup 0.1865/0.1278 roll 0.4473/0.3516 (λ=0.80) | lr 6.64e-04
Epoch   9 | train 0.5716 (IM@1 0.0776 FM@1 0.1066) | val 0.4457 (IM@1 0.0357 FM@1 0.0902) sup 0.1841/0.1258 roll 0.4305/0.3555 (λ=0.90) | lr 6.64e-04
Epoch  10 | train 0.6004 (IM@1 0.0769 FM@1 0.1050) | val 0.4620 (IM@1 0.0372 FM@1 0.0860) sup 0.1818/0.1232 roll 0.4185/0.3388 (λ=1.00) | lr 6.64e-04
Epoch  11 | train 0.5876 (IM@1 0.0771 FM@1 0.1032) | val 0.4580 (IM@1 0.0387 FM@1 0.0832) sup 0.1803/0.1219 roll 0.4073/0.3361 (λ=1.00) | lr 6.64e-04
Epoch  12 | train 0.5766 (IM@1 0.0763 FM@1 0.1017) | val 0.4647 (IM@1 0.0398 FM@1 0.0870) sup 0.1780/0.1268 roll 0.3986/0.3379 (λ=1.00) | lr 6.64e-04
Epoch  13 | train 0.5694 (IM@1 0.0753 FM@1 0.0999) | val 0.4565 (IM@1 0.0377 FM@1 0.0866) sup 0.1752/0.1243 roll 0.3942/0.3322 (λ=1.00) | lr 6.64e-04
Epoch  14 | train 0.5556 (IM@1 0.0732 FM@1 0.0980) | val 0.4464 (IM@1 0.0356 FM@1 0.0845) sup 0.1712/0.1201 roll 0.3844/0.3263 (λ=1.00) | lr 6.64e-04
Epoch  15 | train 0.5482 (IM@1 0.0738 FM@1 0.0969) | val 0.4365 (IM@1 0.0364 FM@1 0.0809) sup 0.1708/0.1173 roll 0.3774/0.3191 (λ=1.00) | lr 6.64e-04
Epoch  16 | train 0.5428 (IM@1 0.0743 FM@1 0.0964) | val 0.4499 (IM@1 0.0388 FM@1 0.0824) sup 0.1707/0.1211 roll 0.3721/0.3287 (λ=1.00) | lr 6.64e-04
Epoch  17 | train 0.5349 (IM@1 0.0708 FM@1 0.0942) | val 0.4488 (IM@1 0.0372 FM@1 0.0857) sup 0.1651/0.1229 roll 0.3698/0.3259 (λ=1.00) | lr 6.64e-04
Epoch  18 | train 0.5273 (IM@1 0.0704 FM@1 0.0929) | val 0.4400 (IM@1 0.0342 FM@1 0.0849) sup 0.1633/0.1191 roll 0.3640/0.3209 (λ=1.00) | lr 6.64e-04
Epoch  19 | train 0.5212 (IM@1 0.0702 FM@1 0.0918) | val 0.4362 (IM@1 0.0346 FM@1 0.0817) sup 0.1620/0.1164 roll 0.3592/0.3199 (λ=1.00) | lr 6.64e-04
Epoch  20 | train 0.5202 (IM@1 0.0711 FM@1 0.0911) | val 0.4456 (IM@1 0.0377 FM@1 0.0793) sup 0.1622/0.1171 roll 0.3580/0.3285 (λ=1.00) | lr 6.64e-04
Epoch  21 | train 0.5112 (IM@1 0.0693 FM@1 0.0895) | val 0.4276 (IM@1 0.0350 FM@1 0.0792) sup 0.1588/0.1142 roll 0.3524/0.3134 (λ=1.00) | lr 6.64e-04
Epoch  22 | train 0.5069 (IM@1 0.0685 FM@1 0.0890) | val 0.4307 (IM@1 0.0348 FM@1 0.0798) sup 0.1575/0.1146 roll 0.3494/0.3161 (λ=1.00) | lr 6.64e-04
Epoch  23 | train 0.5032 (IM@1 0.0687 FM@1 0.0874) | val 0.4346 (IM@1 0.0343 FM@1 0.0820) sup 0.1562/0.1164 roll 0.3470/0.3182 (λ=1.00) | lr 6.64e-04
Epoch  24 | train 0.4968 (IM@1 0.0670 FM@1 0.0873) | val 0.4286 (IM@1 0.0353 FM@1 0.0777) sup 0.1543/0.1129 roll 0.3425/0.3157 (λ=1.00) | lr 6.64e-04
Epoch  25 | train 0.4914 (IM@1 0.0684 FM@1 0.0839) | val 0.4361 (IM@1 0.0343 FM@1 0.0808) sup 0.1524/0.1151 roll 0.3390/0.3209 (λ=1.00) | lr 6.64e-04
Epoch  26 | train 0.4894 (IM@1 0.0670 FM@1 0.0843) | val 0.4313 (IM@1 0.0340 FM@1 0.0788) sup 0.1514/0.1128 roll 0.3380/0.3184 (λ=1.00) | lr 6.64e-04
Epoch  27 | train 0.4853 (IM@1 0.0666 FM@1 0.0839) | val 0.4371 (IM@1 0.0344 FM@1 0.0787) sup 0.1505/0.1132 roll 0.3347/0.3239 (λ=1.00) | lr 6.64e-04
Epoch  28 | train 0.4808 (IM@1 0.0664 FM@1 0.0826) | val 0.4477 (IM@1 0.0406 FM@1 0.0761) sup 0.1490/0.1167 roll 0.3317/0.3310 (λ=1.00) | lr 6.64e-04
Epoch  29 | train 0.4803 (IM@1 0.0673 FM@1 0.0827) | val 0.4357 (IM@1 0.0345 FM@1 0.0805) sup 0.1500/0.1150 roll 0.3304/0.3206 (λ=1.00) | lr 6.64e-04
Epoch  30 | train 0.4756 (IM@1 0.0674 FM@1 0.0828) | val 0.4325 (IM@1 0.0334 FM@1 0.0776) sup 0.1502/0.1111 roll 0.3255/0.3214 (λ=1.00) | lr 6.64e-04
Epoch  31 | train 0.4701 (IM@1 0.0668 FM@1 0.0807) | val 0.4370 (IM@1 0.0364 FM@1 0.0780) sup 0.1475/0.1144 roll 0.3227/0.3226 (λ=1.00) | lr 6.64e-04
Epoch  32 | train 0.4658 (IM@1 0.0655 FM@1 0.0796) | val 0.4390 (IM@1 0.0365 FM@1 0.0798) sup 0.1451/0.1164 roll 0.3207/0.3226 (λ=1.00) | lr 3.32e-04
Epoch  33 | train 0.4525 (IM@1 0.0650 FM@1 0.0765) | val 0.4303 (IM@1 0.0350 FM@1 0.0784) sup 0.1415/0.1134 roll 0.3110/0.3169 (λ=1.00) | lr 3.32e-04
Epoch  34 | train 0.4469 (IM@1 0.0642 FM@1 0.0762) | val 0.4304 (IM@1 0.0343 FM@1 0.0786) sup 0.1404/0.1129 roll 0.3065/0.3175 (λ=1.00) | lr 3.32e-04
Epoch  35 | train 0.4437 (IM@1 0.0640 FM@1 0.0760) | val 0.4347 (IM@1 0.0361 FM@1 0.0776) sup 0.1400/0.1137 roll 0.3037/0.3210 (λ=1.00) | lr 3.32e-04
Epoch  36 | train 0.4411 (IM@1 0.0628 FM@1 0.0755) | val 0.4390 (IM@1 0.0358 FM@1 0.0795) sup 0.1383/0.1153 roll 0.3028/0.3237 (λ=1.00) | lr 3.32e-04

Training completato (combo). Best val (sup + 1.0*roll, da epoch 10): 0.4276 a epoch 21
[I 2026-09-26 14:08:29,465] Trial 14 finished with value: 0.4276385497384856 and parameters: {'gru_hidden_fm': 384, 'mlp_hidden_fm': 128, 'dropout_fm': 0.20975595626347077, 'weight_decay_fm': 9.64078760450335e-05, 'gru_hidden_im': 128, 'mlp_hidden_im': 32, 'dropout_im': 0.19627622059365776, 'weight_decay_im': 0.03426907804387157, 'lr': 0.0006642726629579737, 'batch_size': 256, 'clip_norm': 0.5}. Best is trial 13 with value: 0.38012470600984816.
Split per-trial: 26015 finestre train | 6505 finestre val
Epoch   0 | train 0.4317 (IM@1 0.1963 FM@1 0.2354) | val 0.1561 (IM@1 0.0438 FM@1 0.1124) sup 0.4317/0.1561 roll 1.6381/1.0803 (λ=0.00) | lr 8.23e-04
Epoch   1 | train 0.3104 (IM@1 0.0889 FM@1 0.1269) | val 0.1758 (IM@1 0.0338 FM@1 0.0907) sup 0.2158/0.1245 roll 0.9466/0.5136 (λ=0.10) | lr 8.23e-04
Epoch   2 | train 0.3231 (IM@1 0.0817 FM@1 0.1109) | val 0.1967 (IM@1 0.0329 FM@1 0.0839) sup 0.1925/0.1168 roll 0.6530/0.3997 (λ=0.20) | lr 8.23e-04
Epoch   3 | train 0.3474 (IM@1 0.0809 FM@1 0.1035) | val 0.2237 (IM@1 0.0328 FM@1 0.0819) sup 0.1844/0.1147 roll 0.5435/0.3630 (λ=0.30) | lr 8.23e-04
Epoch   4 | train 0.3769 (IM@1 0.0820 FM@1 0.1002) | val 0.2532 (IM@1 0.0322 FM@1 0.0817) sup 0.1822/0.1140 roll 0.4867/0.3480 (λ=0.40) | lr 8.23e-04
Epoch   5 | train 0.4020 (IM@1 0.0809 FM@1 0.0965) | val 0.2895 (IM@1 0.0349 FM@1 0.0784) sup 0.1774/0.1133 roll 0.4492/0.3525 (λ=0.50) | lr 8.23e-04
Epoch   6 | train 0.4302 (IM@1 0.0796 FM@1 0.0943) | val 0.2968 (IM@1 0.0303 FM@1 0.0768) sup 0.1739/0.1071 roll 0.4272/0.3161 (λ=0.60) | lr 8.23e-04
Epoch   7 | train 0.4533 (IM@1 0.0774 FM@1 0.0914) | val 0.3345 (IM@1 0.0319 FM@1 0.0769) sup 0.1688/0.1088 roll 0.4064/0.3225 (λ=0.70) | lr 8.23e-04
Epoch   8 | train 0.4796 (IM@1 0.0768 FM@1 0.0886) | val 0.3649 (IM@1 0.0329 FM@1 0.0785) sup 0.1654/0.1114 roll 0.3927/0.3168 (λ=0.80) | lr 8.23e-04
Epoch   9 | train 0.5090 (IM@1 0.0761 FM@1 0.0887) | val 0.4126 (IM@1 0.0371 FM@1 0.0791) sup 0.1648/0.1162 roll 0.3824/0.3293 (λ=0.90) | lr 8.23e-04
Epoch  10 | train 0.5360 (IM@1 0.0751 FM@1 0.0874) | val 0.4274 (IM@1 0.0324 FM@1 0.0792) sup 0.1625/0.1116 roll 0.3735/0.3158 (λ=1.00) | lr 8.23e-04
Epoch  11 | train 0.5250 (IM@1 0.0744 FM@1 0.0854) | val 0.4262 (IM@1 0.0349 FM@1 0.0746) sup 0.1597/0.1095 roll 0.3652/0.3167 (λ=1.00) | lr 8.23e-04
Epoch  12 | train 0.5192 (IM@1 0.0737 FM@1 0.0851) | val 0.4305 (IM@1 0.0316 FM@1 0.0813) sup 0.1587/0.1129 roll 0.3605/0.3176 (λ=1.00) | lr 8.23e-04
Epoch  13 | train 0.5115 (IM@1 0.0729 FM@1 0.0837) | val 0.4246 (IM@1 0.0344 FM@1 0.0749) sup 0.1566/0.1093 roll 0.3549/0.3153 (λ=1.00) | lr 8.23e-04
Epoch  14 | train 0.5073 (IM@1 0.0741 FM@1 0.0813) | val 0.4189 (IM@1 0.0321 FM@1 0.0775) sup 0.1554/0.1096 roll 0.3519/0.3093 (λ=1.00) | lr 8.23e-04
Epoch  15 | train 0.4980 (IM@1 0.0720 FM@1 0.0804) | val 0.4411 (IM@1 0.0339 FM@1 0.0795) sup 0.1524/0.1134 roll 0.3455/0.3277 (λ=1.00) | lr 8.23e-04
Epoch  16 | train 0.4928 (IM@1 0.0725 FM@1 0.0790) | val 0.4221 (IM@1 0.0344 FM@1 0.0740) sup 0.1515/0.1084 roll 0.3412/0.3138 (λ=1.00) | lr 8.23e-04
Epoch  17 | train 0.4855 (IM@1 0.0711 FM@1 0.0779) | val 0.4277 (IM@1 0.0354 FM@1 0.0769) sup 0.1490/0.1122 roll 0.3366/0.3155 (λ=1.00) | lr 8.23e-04
Epoch  18 | train 0.4775 (IM@1 0.0698 FM@1 0.0763) | val 0.4268 (IM@1 0.0344 FM@1 0.0789) sup 0.1461/0.1132 roll 0.3314/0.3136 (λ=1.00) | lr 8.23e-04
Epoch  19 | train 0.4701 (IM@1 0.0701 FM@1 0.0747) | val 0.4498 (IM@1 0.0400 FM@1 0.0807) sup 0.1448/0.1207 roll 0.3253/0.3291 (λ=1.00) | lr 8.23e-04
Epoch  20 | train 0.4661 (IM@1 0.0698 FM@1 0.0739) | val 0.4322 (IM@1 0.0340 FM@1 0.0756) sup 0.1437/0.1096 roll 0.3224/0.3226 (λ=1.00) | lr 8.23e-04
[I 2026-09-26 16:57:37,376] Trial 29 pruned. 
Split per-trial: 26015 finestre train | 6505 finestre val
Epoch   0 | train 0.2703 (IM@1 0.1013 FM@1 0.1690) | val 0.1463 (IM@1 0.0245 FM@1 0.1218) sup 0.2703/0.1463 roll 1.1519/0.6247 (λ=0.00) | lr 1.35e-03
Epoch   1 | train 0.1623 (IM@1 0.0327 FM@1 0.0790) | val 0.1340 (IM@1 0.0209 FM@1 0.0766) sup 0.1117/0.0974 roll 0.5053/0.3657 (λ=0.10) | lr 1.35e-03
Epoch   2 | train 0.1814 (IM@1 0.0310 FM@1 0.0686) | val 0.1734 (IM@1 0.0220 FM@1 0.0819) sup 0.0996/0.1039 roll 0.4091/0.3475 (λ=0.20) | lr 1.35e-03
Epoch   3 | train 0.2074 (IM@1 0.0310 FM@1 0.0643) | val 0.1977 (IM@1 0.0237 FM@1 0.0730) sup 0.0954/0.0968 roll 0.3736/0.3364 (λ=0.30) | lr 1.35e-03
Epoch   4 | train 0.2338 (IM@1 0.0312 FM@1 0.0613) | val 0.2218 (IM@1 0.0218 FM@1 0.0679) sup 0.0926/0.0898 roll 0.3532/0.3301 (λ=0.40) | lr 1.35e-03
Epoch   5 | train 0.2581 (IM@1 0.0306 FM@1 0.0592) | val 0.2642 (IM@1 0.0268 FM@1 0.0684) sup 0.0898/0.0952 roll 0.3366/0.3381 (λ=0.50) | lr 1.35e-03
Epoch   6 | train 0.2850 (IM@1 0.0306 FM@1 0.0590) | val 0.2944 (IM@1 0.0266 FM@1 0.0694) sup 0.0896/0.0961 roll 0.3256/0.3306 (λ=0.60) | lr 1.35e-03
Epoch   7 | train 0.3099 (IM@1 0.0309 FM@1 0.0568) | val 0.3077 (IM@1 0.0245 FM@1 0.0639) sup 0.0876/0.0884 roll 0.3175/0.3132 (λ=0.70) | lr 1.35e-03
Epoch   8 | train 0.3324 (IM@1 0.0307 FM@1 0.0552) | val 0.3364 (IM@1 0.0236 FM@1 0.0636) sup 0.0859/0.0872 roll 0.3081/0.3115 (λ=0.80) | lr 1.35e-03
Epoch   9 | train 0.3586 (IM@1 0.0306 FM@1 0.0557) | val 0.3664 (IM@1 0.0254 FM@1 0.0640) sup 0.0863/0.0894 roll 0.3026/0.3078 (λ=0.90) | lr 1.35e-03
Epoch  10 | train 0.3785 (IM@1 0.0304 FM@1 0.0528) | val 0.4197 (IM@1 0.0269 FM@1 0.0635) sup 0.0832/0.0905 roll 0.2953/0.3292 (λ=1.00) | lr 1.35e-03
Epoch  11 | train 0.3759 (IM@1 0.0303 FM@1 0.0530) | val 0.3946 (IM@1 0.0240 FM@1 0.0647) sup 0.0833/0.0886 roll 0.2927/0.3060 (λ=1.00) | lr 1.35e-03
Epoch  12 | train 0.3694 (IM@1 0.0302 FM@1 0.0515) | val 0.4069 (IM@1 0.0278 FM@1 0.0653) sup 0.0817/0.0931 roll 0.2877/0.3138 (λ=1.00) | lr 1.35e-03
Epoch  13 | train 0.3621 (IM@1 0.0298 FM@1 0.0503) | val 0.4014 (IM@1 0.0239 FM@1 0.0625) sup 0.0800/0.0864 roll 0.2821/0.3149 (λ=1.00) | lr 1.35e-03
Epoch  14 | train 0.3575 (IM@1 0.0293 FM@1 0.0500) | val 0.3810 (IM@1 0.0260 FM@1 0.0605) sup 0.0793/0.0865 roll 0.2782/0.2945 (λ=1.00) | lr 1.35e-03
Epoch  15 | train 0.3510 (IM@1 0.0293 FM@1 0.0485) | val 0.4035 (IM@1 0.0240 FM@1 0.0691) sup 0.0779/0.0931 roll 0.2731/0.3104 (λ=1.00) | lr 1.35e-03
Epoch  16 | train 0.3456 (IM@1 0.0288 FM@1 0.0474) | val 0.3845 (IM@1 0.0246 FM@1 0.0600) sup 0.0762/0.0847 roll 0.2695/0.2998 (λ=1.00) | lr 1.35e-03
Epoch  17 | train 0.3418 (IM@1 0.0283 FM@1 0.0470) | val 0.3991 (IM@1 0.0271 FM@1 0.0621) sup 0.0754/0.0892 roll 0.2665/0.3099 (λ=1.00) | lr 1.35e-03
Epoch  18 | train 0.3359 (IM@1 0.0285 FM@1 0.0452) | val 0.3904 (IM@1 0.0247 FM@1 0.0606) sup 0.0737/0.0853 roll 0.2622/0.3050 (λ=1.00) | lr 1.35e-03
Epoch  19 | train 0.3316 (IM@1 0.0280 FM@1 0.0445) | val 0.3844 (IM@1 0.0237 FM@1 0.0605) sup 0.0724/0.0842 roll 0.2592/0.3001 (λ=1.00) | lr 1.35e-03
Epoch  20 | train 0.3260 (IM@1 0.0277 FM@1 0.0433) | val 0.3799 (IM@1 0.0247 FM@1 0.0598) sup 0.0710/0.0844 roll 0.2550/0.2955 (λ=1.00) | lr 1.35e-03
Epoch  21 | train 0.3224 (IM@1 0.0279 FM@1 0.0428) | val 0.3952 (IM@1 0.0234 FM@1 0.0632) sup 0.0707/0.0866 roll 0.2517/0.3086 (λ=1.00) | lr 1.35e-03
Epoch  22 | train 0.3147 (IM@1 0.0273 FM@1 0.0411) | val 0.3808 (IM@1 0.0227 FM@1 0.0641) sup 0.0684/0.0868 roll 0.2462/0.2940 (λ=1.00) | lr 1.35e-03
Epoch  23 | train 0.3106 (IM@1 0.0277 FM@1 0.0398) | val 0.3974 (IM@1 0.0237 FM@1 0.0634) sup 0.0675/0.0871 roll 0.2431/0.3103 (λ=1.00) | lr 1.35e-03
Epoch  24 | train 0.3076 (IM@1 0.0270 FM@1 0.0393) | val 0.3894 (IM@1 0.0246 FM@1 0.0630) sup 0.0663/0.0876 roll 0.2412/0.3019 (λ=1.00) | lr 1.35e-03
Epoch  25 | train 0.3003 (IM@1 0.0274 FM@1 0.0380) | val 0.3940 (IM@1 0.0230 FM@1 0.0634) sup 0.0653/0.0863 roll 0.2350/0.3077 (λ=1.00) | lr 1.35e-03
Epoch  26 | train 0.2961 (IM@1 0.0272 FM@1 0.0369) | val 0.3967 (IM@1 0.0250 FM@1 0.0655) sup 0.0641/0.0905 roll 0.2320/0.3062 (λ=1.00) | lr 1.35e-03
Epoch  27 | train 0.2877 (IM@1 0.0269 FM@1 0.0359) | val 0.4002 (IM@1 0.0257 FM@1 0.0684) sup 0.0628/0.0941 roll 0.2249/0.3061 (λ=1.00) | lr 1.35e-03
Epoch  28 | train 0.2816 (IM@1 0.0265 FM@1 0.0351) | val 0.4070 (IM@1 0.0246 FM@1 0.0684) sup 0.0616/0.0930 roll 0.2200/0.3139 (λ=1.00) | lr 1.35e-03
Epoch  29 | train 0.2744 (IM@1 0.0263 FM@1 0.0352) | val 0.4071 (IM@1 0.0232 FM@1 0.0684) sup 0.0615/0.0915 roll 0.2130/0.3155 (λ=1.00) | lr 1.35e-03
Epoch  30 | train 0.2673 (IM@1 0.0265 FM@1 0.0337) | val 0.4074 (IM@1 0.0243 FM@1 0.0691) sup 0.0601/0.0934 roll 0.2072/0.3140 (λ=1.00) | lr 1.35e-03
Epoch  31 | train 0.2581 (IM@1 0.0262 FM@1 0.0332) | val 0.4293 (IM@1 0.0253 FM@1 0.0720) sup 0.0594/0.0973 roll 0.1987/0.3319 (λ=1.00) | lr 6.77e-04
Epoch  32 | train 0.2291 (IM@1 0.0248 FM@1 0.0280) | val 0.4132 (IM@1 0.0240 FM@1 0.0702) sup 0.0528/0.0942 roll 0.1763/0.3190 (λ=1.00) | lr 6.77e-04
Epoch  33 | train 0.2184 (IM@1 0.0247 FM@1 0.0261) | val 0.4249 (IM@1 0.0246 FM@1 0.0751) sup 0.0507/0.0997 roll 0.1677/0.3252 (λ=1.00) | lr 6.77e-04
Epoch  34 | train 0.2090 (IM@1 0.0244 FM@1 0.0253) | val 0.4363 (IM@1 0.0262 FM@1 0.0732) sup 0.0497/0.0994 roll 0.1593/0.3369 (λ=1.00) | lr 6.77e-04
Epoch  35 | train 0.2009 (IM@1 0.0238 FM@1 0.0246) | val 0.4421 (IM@1 0.0262 FM@1 0.0762) sup 0.0484/0.1024 roll 0.1524/0.3397 (λ=1.00) | lr 6.77e-04

Training completato (combo). Best val (sup + 1.0*roll, da epoch 10): 0.3799 a epoch 20
[I 2026-09-26 19:14:51,785] Trial 50 finished with value: 0.3798911280225645 and parameters: {'gru_hidden_fm': 256, 'mlp_hidden_fm': 512, 'dropout_fm': 0.022618011315127147, 'weight_decay_fm': 0.003487279623698116, 'gru_hidden_im': 256, 'mlp_hidden_im': 128, 'dropout_im': 0.1794899981754119, 'weight_decay_im': 9.245915015247445e-06, 'lr': 0.001354947494773451, 'batch_size': 128, 'clip_norm': 0.5}. Best is trial 58 with value: 0.3605886232752144.
Split per-trial: 26015 finestre train | 6505 finestre val
Epoch   0 | train 0.5965 (IM@1 0.2262 FM@1 0.3703) | val 0.2333 (IM@1 0.0349 FM@1 0.1985) sup 0.5965/0.2333 roll 1.3264/0.7041 (λ=0.00) | lr 2.50e-04
Epoch   1 | train 0.2507 (IM@1 0.0290 FM@1 0.1610) | val 0.2065 (IM@1 0.0251 FM@1 0.1360) sup 0.1899/0.1610 roll 0.6079/0.4549 (λ=0.10) | lr 2.50e-04
Epoch   2 | train 0.2324 (IM@1 0.0231 FM@1 0.1180) | val 0.2085 (IM@1 0.0219 FM@1 0.1117) sup 0.1411/0.1336 roll 0.4567/0.3747 (λ=0.20) | lr 2.50e-04
Epoch   3 | train 0.2408 (IM@1 0.0213 FM@1 0.1018) | val 0.2418 (IM@1 0.0218 FM@1 0.1029) sup 0.1231/0.1247 roll 0.3923/0.3906 (λ=0.30) | lr 2.50e-04
Epoch   4 | train 0.2583 (IM@1 0.0203 FM@1 0.0929) | val 0.2514 (IM@1 0.0207 FM@1 0.0938) sup 0.1132/0.1146 roll 0.3627/0.3421 (λ=0.40) | lr 2.50e-04
Epoch   5 | train 0.2805 (IM@1 0.0199 FM@1 0.0870) | val 0.2832 (IM@1 0.0207 FM@1 0.0868) sup 0.1068/0.1075 roll 0.3472/0.3514 (λ=0.50) | lr 2.50e-04
Epoch   6 | train 0.3021 (IM@1 0.0194 FM@1 0.0827) | val 0.3084 (IM@1 0.0212 FM@1 0.0864) sup 0.1021/0.1076 roll 0.3333/0.3347 (λ=0.60) | lr 2.50e-04
Epoch   7 | train 0.3259 (IM@1 0.0188 FM@1 0.0797) | val 0.3394 (IM@1 0.0220 FM@1 0.0825) sup 0.0985/0.1045 roll 0.3248/0.3356 (λ=0.70) | lr 2.50e-04
Epoch   8 | train 0.3519 (IM@1 0.0189 FM@1 0.0775) | val 0.3599 (IM@1 0.0204 FM@1 0.0803) sup 0.0963/0.1008 roll 0.3194/0.3239 (λ=0.80) | lr 2.50e-04
Epoch   9 | train 0.3766 (IM@1 0.0186 FM@1 0.0747) | val 0.3915 (IM@1 0.0210 FM@1 0.0778) sup 0.0934/0.0988 roll 0.3147/0.3252 (λ=0.90) | lr 2.50e-04
Epoch  10 | train 0.4015 (IM@1 0.0187 FM@1 0.0730) | val 0.4189 (IM@1 0.0211 FM@1 0.0766) sup 0.0917/0.0978 roll 0.3098/0.3211 (λ=1.00) | lr 2.50e-04
Epoch  11 | train 0.3947 (IM@1 0.0184 FM@1 0.0711) | val 0.4066 (IM@1 0.0205 FM@1 0.0751) sup 0.0895/0.0955 roll 0.3051/0.3110 (λ=1.00) | lr 2.50e-04
Epoch  12 | train 0.3908 (IM@1 0.0184 FM@1 0.0696) | val 0.4198 (IM@1 0.0214 FM@1 0.0747) sup 0.0879/0.0960 roll 0.3029/0.3238 (λ=1.00) | lr 2.50e-04
Epoch  13 | train 0.3853 (IM@1 0.0182 FM@1 0.0681) | val 0.4233 (IM@1 0.0215 FM@1 0.0741) sup 0.0863/0.0957 roll 0.2991/0.3277 (λ=1.00) | lr 2.50e-04
Epoch  14 | train 0.3832 (IM@1 0.0183 FM@1 0.0670) | val 0.4031 (IM@1 0.0208 FM@1 0.0710) sup 0.0853/0.0918 roll 0.2978/0.3113 (λ=1.00) | lr 2.50e-04
Epoch  15 | train 0.3783 (IM@1 0.0182 FM@1 0.0659) | val 0.3959 (IM@1 0.0205 FM@1 0.0693) sup 0.0841/0.0897 roll 0.2943/0.3061 (λ=1.00) | lr 2.50e-04
Epoch  16 | train 0.3745 (IM@1 0.0178 FM@1 0.0647) | val 0.4063 (IM@1 0.0211 FM@1 0.0688) sup 0.0824/0.0899 roll 0.2921/0.3164 (λ=1.00) | lr 2.50e-04
Epoch  17 | train 0.3708 (IM@1 0.0180 FM@1 0.0629) | val 0.3973 (IM@1 0.0206 FM@1 0.0676) sup 0.0810/0.0883 roll 0.2898/0.3090 (λ=1.00) | lr 2.50e-04
Epoch  18 | train 0.3680 (IM@1 0.0178 FM@1 0.0627) | val 0.3868 (IM@1 0.0203 FM@1 0.0663) sup 0.0806/0.0867 roll 0.2874/0.3002 (λ=1.00) | lr 2.50e-04
Epoch  19 | train 0.3647 (IM@1 0.0178 FM@1 0.0616) | val 0.3910 (IM@1 0.0203 FM@1 0.0654) sup 0.0794/0.0858 roll 0.2853/0.3053 (λ=1.00) | lr 2.50e-04
Epoch  20 | train 0.3608 (IM@1 0.0177 FM@1 0.0604) | val 0.3902 (IM@1 0.0205 FM@1 0.0646) sup 0.0781/0.0851 roll 0.2826/0.3051 (λ=1.00) | lr 2.50e-04
Epoch  21 | train 0.3581 (IM@1 0.0176 FM@1 0.0596) | val 0.3978 (IM@1 0.0208 FM@1 0.0651) sup 0.0773/0.0859 roll 0.2808/0.3120 (λ=1.00) | lr 2.50e-04
Epoch  22 | train 0.3567 (IM@1 0.0175 FM@1 0.0589) | val 0.4031 (IM@1 0.0215 FM@1 0.0646) sup 0.0764/0.0861 roll 0.2803/0.3170 (λ=1.00) | lr 2.50e-04
Epoch  23 | train 0.3549 (IM@1 0.0174 FM@1 0.0584) | val 0.3832 (IM@1 0.0202 FM@1 0.0637) sup 0.0758/0.0838 roll 0.2790/0.2994 (λ=1.00) | lr 2.50e-04
Epoch  24 | train 0.3502 (IM@1 0.0174 FM@1 0.0572) | val 0.3846 (IM@1 0.0205 FM@1 0.0642) sup 0.0747/0.0846 roll 0.2756/0.3000 (λ=1.00) | lr 2.50e-04
Epoch  25 | train 0.3478 (IM@1 0.0173 FM@1 0.0570) | val 0.3864 (IM@1 0.0198 FM@1 0.0619) sup 0.0742/0.0818 roll 0.2736/0.3046 (λ=1.00) | lr 2.50e-04
Epoch  26 | train 0.3465 (IM@1 0.0173 FM@1 0.0560) | val 0.3792 (IM@1 0.0209 FM@1 0.0607) sup 0.0732/0.0816 roll 0.2733/0.2976 (λ=1.00) | lr 2.50e-04
Epoch  27 | train 0.3436 (IM@1 0.0173 FM@1 0.0555) | val 0.3838 (IM@1 0.0212 FM@1 0.0598) sup 0.0729/0.0810 roll 0.2707/0.3028 (λ=1.00) | lr 2.50e-04
Epoch  28 | train 0.3403 (IM@1 0.0172 FM@1 0.0546) | val 0.3821 (IM@1 0.0202 FM@1 0.0601) sup 0.0718/0.0803 roll 0.2685/0.3017 (λ=1.00) | lr 2.50e-04
Epoch  29 | train 0.3389 (IM@1 0.0171 FM@1 0.0538) | val 0.3810 (IM@1 0.0205 FM@1 0.0593) sup 0.0709/0.0798 roll 0.2680/0.3012 (λ=1.00) | lr 2.50e-04
Epoch  30 | train 0.3372 (IM@1 0.0169 FM@1 0.0536) | val 0.3756 (IM@1 0.0211 FM@1 0.0600) sup 0.0705/0.0811 roll 0.2667/0.2946 (λ=1.00) | lr 2.50e-04
Epoch  31 | train 0.3339 (IM@1 0.0170 FM@1 0.0530) | val 0.3725 (IM@1 0.0199 FM@1 0.0587) sup 0.0701/0.0787 roll 0.2638/0.2939 (λ=1.00) | lr 2.50e-04
Epoch  32 | train 0.3332 (IM@1 0.0170 FM@1 0.0526) | val 0.3710 (IM@1 0.0205 FM@1 0.0578) sup 0.0696/0.0783 roll 0.2635/0.2928 (λ=1.00) | lr 2.50e-04
Epoch  33 | train 0.3315 (IM@1 0.0168 FM@1 0.0517) | val 0.3784 (IM@1 0.0205 FM@1 0.0578) sup 0.0685/0.0783 roll 0.2630/0.3001 (λ=1.00) | lr 2.50e-04
Epoch  34 | train 0.3299 (IM@1 0.0168 FM@1 0.0518) | val 0.3707 (IM@1 0.0206 FM@1 0.0580) sup 0.0686/0.0786 roll 0.2614/0.2922 (λ=1.00) | lr 2.50e-04
Epoch  35 | train 0.3276 (IM@1 0.0169 FM@1 0.0512) | val 0.3714 (IM@1 0.0201 FM@1 0.0579) sup 0.0680/0.0780 roll 0.2596/0.2934 (λ=1.00) | lr 2.50e-04
Epoch  36 | train 0.3269 (IM@1 0.0167 FM@1 0.0508) | val 0.3730 (IM@1 0.0209 FM@1 0.0578) sup 0.0675/0.0787 roll 0.2593/0.2943 (λ=1.00) | lr 2.50e-04
Epoch  37 | train 0.3248 (IM@1 0.0166 FM@1 0.0501) | val 0.3648 (IM@1 0.0202 FM@1 0.0556) sup 0.0668/0.0758 roll 0.2580/0.2890 (λ=1.00) | lr 2.50e-04
Epoch  38 | train 0.3237 (IM@1 0.0169 FM@1 0.0501) | val 0.3700 (IM@1 0.0205 FM@1 0.0572) sup 0.0669/0.0777 roll 0.2568/0.2922 (λ=1.00) | lr 2.50e-04
Epoch  39 | train 0.3220 (IM@1 0.0168 FM@1 0.0497) | val 0.3694 (IM@1 0.0201 FM@1 0.0557) sup 0.0665/0.0758 roll 0.2555/0.2936 (λ=1.00) | lr 2.50e-04

Training completato (combo). Best val (sup + 1.0*roll, da epoch 10): 0.3648 a epoch 37
[I 2026-09-26 20:21:59,755] Trial 76 finished with value: 0.36476431369014106 and parameters: {'gru_hidden_fm': 128, 'mlp_hidden_fm': 128, 'dropout_fm': 0.01722744893235017, 'weight_decay_fm': 4.882605730455085e-05, 'gru_hidden_im': 128, 'mlp_hidden_im': 64, 'dropout_im': 0.013806225802944225, 'weight_decay_im': 3.426944253753332e-06, 'lr': 0.0002496032685456178, 'batch_size': 64, 'clip_norm': 0.5}. Best is trial 58 with value: 0.3605886232752144.
Split per-trial: 26015 finestre train | 6505 finestre val
Epoch   0 | train 0.6463 (IM@1 0.2585 FM@1 0.3879) | val 0.2293 (IM@1 0.0377 FM@1 0.1916) sup 0.6463/0.2293 roll 1.4465/0.7885 (λ=0.00) | lr 2.21e-04
Epoch   1 | train 0.2888 (IM@1 0.0450 FM@1 0.1672) | val 0.2166 (IM@1 0.0320 FM@1 0.1289) sup 0.2122/0.1608 roll 0.7661/0.5578 (λ=0.10) | lr 2.21e-04
Epoch   2 | train 0.2740 (IM@1 0.0361 FM@1 0.1266) | val 0.2209 (IM@1 0.0262 FM@1 0.1112) sup 0.1627/0.1374 roll 0.5565/0.4171 (λ=0.20) | lr 2.21e-04
Epoch   3 | train 0.2821 (IM@1 0.0316 FM@1 0.1106) | val 0.2331 (IM@1 0.0234 FM@1 0.0967) sup 0.1421/0.1201 roll 0.4666/0.3765 (λ=0.30) | lr 2.21e-04
Epoch   4 | train 0.2983 (IM@1 0.0298 FM@1 0.1004) | val 0.2568 (IM@1 0.0231 FM@1 0.0902) sup 0.1302/0.1133 roll 0.4200/0.3589 (λ=0.40) | lr 2.21e-04
Epoch   5 | train 0.3196 (IM@1 0.0291 FM@1 0.0942) | val 0.2742 (IM@1 0.0225 FM@1 0.0868) sup 0.1232/0.1094 roll 0.3928/0.3296 (λ=0.50) | lr 2.21e-04
Epoch   6 | train 0.3446 (IM@1 0.0292 FM@1 0.0907) | val 0.3021 (IM@1 0.0224 FM@1 0.0841) sup 0.1199/0.1065 roll 0.3745/0.3260 (λ=0.60) | lr 2.21e-04
Epoch   7 | train 0.3692 (IM@1 0.0284 FM@1 0.0861) | val 0.3313 (IM@1 0.0234 FM@1 0.0805) sup 0.1145/0.1039 roll 0.3637/0.3249 (λ=0.70) | lr 2.21e-04
Epoch   8 | train 0.3966 (IM@1 0.0289 FM@1 0.0844) | val 0.3599 (IM@1 0.0224 FM@1 0.0800) sup 0.1134/0.1024 roll 0.3541/0.3218 (λ=0.80) | lr 2.21e-04
Epoch   9 | train 0.4234 (IM@1 0.0284 FM@1 0.0823) | val 0.3865 (IM@1 0.0235 FM@1 0.0776) sup 0.1107/0.1011 roll 0.3474/0.3171 (λ=0.90) | lr 2.21e-04
Epoch  10 | train 0.4524 (IM@1 0.0285 FM@1 0.0800) | val 0.4210 (IM@1 0.0243 FM@1 0.0762) sup 0.1086/0.1005 roll 0.3438/0.3204 (λ=1.00) | lr 2.21e-04
Epoch  11 | train 0.4415 (IM@1 0.0283 FM@1 0.0788) | val 0.4166 (IM@1 0.0230 FM@1 0.0772) sup 0.1070/0.1002 roll 0.3344/0.3164 (λ=1.00) | lr 2.21e-04
Epoch  12 | train 0.4347 (IM@1 0.0287 FM@1 0.0774) | val 0.4167 (IM@1 0.0242 FM@1 0.0747) sup 0.1062/0.0989 roll 0.3285/0.3178 (λ=1.00) | lr 2.21e-04
Epoch  13 | train 0.4307 (IM@1 0.0284 FM@1 0.0756) | val 0.4198 (IM@1 0.0258 FM@1 0.0746) sup 0.1041/0.1004 roll 0.3267/0.3195 (λ=1.00) | lr 2.21e-04
Epoch  14 | train 0.4259 (IM@1 0.0284 FM@1 0.0751) | val 0.4100 (IM@1 0.0235 FM@1 0.0724) sup 0.1035/0.0960 roll 0.3224/0.3141 (λ=1.00) | lr 2.21e-04
Epoch  15 | train 0.4197 (IM@1 0.0280 FM@1 0.0738) | val 0.4033 (IM@1 0.0246 FM@1 0.0718) sup 0.1018/0.0963 roll 0.3179/0.3070 (λ=1.00) | lr 2.21e-04
Epoch  16 | train 0.4145 (IM@1 0.0280 FM@1 0.0721) | val 0.4033 (IM@1 0.0240 FM@1 0.0704) sup 0.1001/0.0944 roll 0.3144/0.3089 (λ=1.00) | lr 2.21e-04
Epoch  17 | train 0.4092 (IM@1 0.0275 FM@1 0.0722) | val 0.3950 (IM@1 0.0241 FM@1 0.0693) sup 0.0997/0.0934 roll 0.3095/0.3016 (λ=1.00) | lr 2.21e-04
Epoch  18 | train 0.4055 (IM@1 0.0276 FM@1 0.0706) | val 0.3973 (IM@1 0.0248 FM@1 0.0704) sup 0.0982/0.0952 roll 0.3073/0.3021 (λ=1.00) | lr 2.21e-04
[I 2026-09-26 20:48:04,026] Trial 95 pruned. 

Best val: 0.36059
  gru_hidden_fm: 128
  mlp_hidden_fm: 128
  dropout_fm: 0.053228712735840886
  weight_decay_fm: 2.3447806287056487e-05
  gru_hidden_im: 128
  mlp_hidden_im: 64
  dropout_im: 0.002043343117720862
  weight_decay_im: 1.4562760771452169e-06
  lr: 0.0003755740523370064
  batch_size: 64
  clip_norm: 1.0
Report: /home/gemma/tesi/aquabot/src/net/Estimator/tuning/tuning_results/best_joint_combo_p1_k10.txt
