Studio: joint_combo_p1_k10 | device cpu | mode=combo P=1 K=10 T=10
Caricamento dataset...
Trovati 120 trial.
Dataset grezzo: 120 trial letti. Scaler e finestre costruiti in split_by_trial() (fit solo su train).
/home/gemma/tesi/aquabot/src/net/Estimator/tuning/tune_joint.py:245: ExperimentalWarning: Argument ``multivariate`` is an experimental feature. The interface can change in the future.
  sampler = optuna.samplers.TPESampler(
/home/gemma/tesi/aquabot/src/net/Estimator/tuning/tune_joint.py:245: ExperimentalWarning: Argument ``group`` is an experimental feature. The interface can change in the future.
  sampler = optuna.samplers.TPESampler(
/home/gemma/tesi/aquabot/src/net/Estimator/tuning/tune_joint.py:245: ExperimentalWarning: Argument ``constant_liar`` is an experimental feature. The interface can change in the future.
  sampler = optuna.samplers.TPESampler(
[I 2026-09-26 12:51:45,784] Using an existing study with name 'joint_combo_p1_k10' instead of creating a new one.
Normalizzatore caricato da /home/gemma/tesi/aquabot/src/net/scaler/scalers_joint.pkl (nessun refit).
Dataset: 32520 campioni da 120 trial. H=20 P=10 | seq_cmd=(20, 1) seq_sens=(20, 2)
Split per-trial: 26015 finestre train | 6505 finestre val
Epoch   0 | train 1.3390 (IM@1 0.6220 FM@1 0.7170) | val 0.7215 (IM@1 0.2751 FM@1 0.4464) sup 1.3390/0.7215 roll 1.8416/1.5426 (λ=0.00) | lr 8.88e-05
Epoch   1 | train 0.7953 (IM@1 0.1898 FM@1 0.4613) | val 0.5157 (IM@1 0.0878 FM@1 0.3184) sup 0.6511/0.4062 roll 1.4423/1.0955 (λ=0.10) | lr 8.88e-05
Epoch   2 | train 0.7027 (IM@1 0.0852 FM@1 0.3888) | val 0.4889 (IM@1 0.0541 FM@1 0.2725) sup 0.4740/0.3266 roll 1.1436/0.8116 (λ=0.20) | lr 8.88e-05
Epoch   3 | train 0.7063 (IM@1 0.0622 FM@1 0.3610) | val 0.4966 (IM@1 0.0452 FM@1 0.2475) sup 0.4231/0.2928 roll 0.9438/0.6795 (λ=0.30) | lr 8.88e-05
Epoch   4 | train 0.7179 (IM@1 0.0531 FM@1 0.3364) | val 0.5059 (IM@1 0.0402 FM@1 0.2267) sup 0.3895/0.2670 roll 0.8209/0.5974 (λ=0.40) | lr 8.88e-05
Epoch   5 | train 0.7531 (IM@1 0.0484 FM@1 0.3270) | val 0.5206 (IM@1 0.0347 FM@1 0.2139) sup 0.3754/0.2486 roll 0.7554/0.5439 (λ=0.50) | lr 8.88e-05
Epoch   6 | train 0.7728 (IM@1 0.0450 FM@1 0.3079) | val 0.5413 (IM@1 0.0343 FM@1 0.1963) sup 0.3529/0.2306 roll 0.6999/0.5177 (λ=0.60) | lr 8.88e-05
Epoch   7 | train 0.8068 (IM@1 0.0435 FM@1 0.2973) | val 0.5657 (IM@1 0.0315 FM@1 0.1901) sup 0.3408/0.2216 roll 0.6657/0.4916 (λ=0.70) | lr 8.88e-05
Epoch   8 | train 0.8427 (IM@1 0.0420 FM@1 0.2874) | val 0.5855 (IM@1 0.0300 FM@1 0.1815) sup 0.3294/0.2114 roll 0.6415/0.4676 (λ=0.80) | lr 8.88e-05
Epoch   9 | train 0.8762 (IM@1 0.0406 FM@1 0.2807) | val 0.6161 (IM@1 0.0294 FM@1 0.1711) sup 0.3213/0.2005 roll 0.6166/0.4618 (λ=0.90) | lr 8.88e-05
Epoch  10 | train 0.9104 (IM@1 0.0402 FM@1 0.2712) | val 0.6605 (IM@1 0.0293 FM@1 0.1679) sup 0.3114/0.1972 roll 0.5990/0.4633 (λ=1.00) | lr 8.88e-05
Epoch  11 | train 0.8876 (IM@1 0.0392 FM@1 0.2644) | val 0.6236 (IM@1 0.0286 FM@1 0.1592) sup 0.3036/0.1879 roll 0.5840/0.4357 (λ=1.00) | lr 8.88e-05
Epoch  12 | train 0.8683 (IM@1 0.0384 FM@1 0.2605) | val 0.6110 (IM@1 0.0284 FM@1 0.1537) sup 0.2989/0.1820 roll 0.5694/0.4289 (λ=1.00) | lr 8.88e-05
Epoch  13 | train 0.8472 (IM@1 0.0377 FM@1 0.2519) | val 0.5880 (IM@1 0.0266 FM@1 0.1512) sup 0.2897/0.1778 roll 0.5576/0.4102 (λ=1.00) | lr 8.88e-05
Epoch  14 | train 0.8334 (IM@1 0.0371 FM@1 0.2500) | val 0.5833 (IM@1 0.0270 FM@1 0.1459) sup 0.2871/0.1729 roll 0.5463/0.4104 (λ=1.00) | lr 8.88e-05
Epoch  15 | train 0.8175 (IM@1 0.0364 FM@1 0.2468) | val 0.5774 (IM@1 0.0262 FM@1 0.1445) sup 0.2833/0.1707 roll 0.5342/0.4068 (λ=1.00) | lr 8.88e-05
Epoch  16 | train 0.8014 (IM@1 0.0358 FM@1 0.2404) | val 0.5621 (IM@1 0.0265 FM@1 0.1398) sup 0.2762/0.1663 roll 0.5252/0.3957 (λ=1.00) | lr 8.88e-05
Epoch  17 | train 0.7895 (IM@1 0.0352 FM@1 0.2351) | val 0.5396 (IM@1 0.0253 FM@1 0.1357) sup 0.2703/0.1610 roll 0.5192/0.3786 (λ=1.00) | lr 8.88e-05
Epoch  18 | train 0.7793 (IM@1 0.0353 FM@1 0.2349) | val 0.5395 (IM@1 0.0260 FM@1 0.1313) sup 0.2702/0.1573 roll 0.5092/0.3822 (λ=1.00) | lr 8.88e-05
Epoch  19 | train 0.7691 (IM@1 0.0353 FM@1 0.2294) | val 0.5250 (IM@1 0.0258 FM@1 0.1281) sup 0.2647/0.1539 roll 0.5044/0.3711 (λ=1.00) | lr 8.88e-05
Epoch  20 | train 0.7658 (IM@1 0.0352 FM@1 0.2309) | val 0.5197 (IM@1 0.0258 FM@1 0.1265) sup 0.2661/0.1523 roll 0.4997/0.3674 (λ=1.00) | lr 8.88e-05
Epoch  21 | train 0.7537 (IM@1 0.0351 FM@1 0.2261) | val 0.5195 (IM@1 0.0250 FM@1 0.1283) sup 0.2612/0.1534 roll 0.4925/0.3662 (λ=1.00) | lr 8.88e-05
Epoch  22 | train 0.7463 (IM@1 0.0343 FM@1 0.2242) | val 0.5313 (IM@1 0.0254 FM@1 0.1313) sup 0.2586/0.1567 roll 0.4878/0.3746 (λ=1.00) | lr 8.88e-05
Epoch  23 | train 0.7375 (IM@1 0.0347 FM@1 0.2192) | val 0.5161 (IM@1 0.0265 FM@1 0.1204) sup 0.2539/0.1469 roll 0.4836/0.3692 (λ=1.00) | lr 8.88e-05
Epoch  24 | train 0.7397 (IM@1 0.0356 FM@1 0.2224) | val 0.5099 (IM@1 0.0261 FM@1 0.1216) sup 0.2579/0.1477 roll 0.4817/0.3622 (λ=1.00) | lr 8.88e-05
Epoch  25 | train 0.7267 (IM@1 0.0339 FM@1 0.2162) | val 0.5030 (IM@1 0.0256 FM@1 0.1205) sup 0.2501/0.1461 roll 0.4766/0.3569 (λ=1.00) | lr 8.88e-05
Epoch  26 | train 0.7252 (IM@1 0.0342 FM@1 0.2181) | val 0.5031 (IM@1 0.0256 FM@1 0.1202) sup 0.2523/0.1457 roll 0.4729/0.3574 (λ=1.00) | lr 8.88e-05
Epoch  27 | train 0.7234 (IM@1 0.0349 FM@1 0.2185) | val 0.4918 (IM@1 0.0251 FM@1 0.1152) sup 0.2533/0.1403 roll 0.4701/0.3515 (λ=1.00) | lr 8.88e-05
Epoch  28 | train 0.7167 (IM@1 0.0337 FM@1 0.2161) | val 0.4999 (IM@1 0.0255 FM@1 0.1194) sup 0.2498/0.1449 roll 0.4669/0.3551 (λ=1.00) | lr 8.88e-05
Epoch  29 | train 0.7094 (IM@1 0.0343 FM@1 0.2124) | val 0.4890 (IM@1 0.0255 FM@1 0.1137) sup 0.2466/0.1392 roll 0.4628/0.3498 (λ=1.00) | lr 8.88e-05
Epoch  30 | train 0.7056 (IM@1 0.0339 FM@1 0.2113) | val 0.4785 (IM@1 0.0257 FM@1 0.1101) sup 0.2453/0.1358 roll 0.4603/0.3427 (λ=1.00) | lr 8.88e-05
Epoch  31 | train 0.7031 (IM@1 0.0339 FM@1 0.2111) | val 0.4945 (IM@1 0.0262 FM@1 0.1162) sup 0.2450/0.1423 roll 0.4581/0.3521 (λ=1.00) | lr 8.88e-05
Epoch  32 | train 0.7005 (IM@1 0.0337 FM@1 0.2113) | val 0.4874 (IM@1 0.0262 FM@1 0.1119) sup 0.2450/0.1381 roll 0.4555/0.3494 (λ=1.00) | lr 8.88e-05
Epoch  33 | train 0.6943 (IM@1 0.0337 FM@1 0.2064) | val 0.4869 (IM@1 0.0256 FM@1 0.1131) sup 0.2400/0.1388 roll 0.4543/0.3481 (λ=1.00) | lr 8.88e-05
Epoch  34 | train 0.6877 (IM@1 0.0331 FM@1 0.2053) | val 0.4857 (IM@1 0.0268 FM@1 0.1114) sup 0.2384/0.1381 roll 0.4493/0.3475 (λ=1.00) | lr 8.88e-05
Epoch  35 | train 0.6856 (IM@1 0.0340 FM@1 0.2028) | val 0.4755 (IM@1 0.0261 FM@1 0.1069) sup 0.2369/0.1330 roll 0.4487/0.3424 (λ=1.00) | lr 8.88e-05
Epoch  36 | train 0.6885 (IM@1 0.0334 FM@1 0.2069) | val 0.4739 (IM@1 0.0252 FM@1 0.1100) sup 0.2404/0.1352 roll 0.4481/0.3386 (λ=1.00) | lr 8.88e-05
Epoch  37 | train 0.6787 (IM@1 0.0335 FM@1 0.1998) | val 0.4783 (IM@1 0.0262 FM@1 0.1081) sup 0.2333/0.1343 roll 0.4454/0.3440 (λ=1.00) | lr 8.88e-05
Epoch  38 | train 0.6820 (IM@1 0.0335 FM@1 0.2035) | val 0.4767 (IM@1 0.0258 FM@1 0.1092) sup 0.2370/0.1350 roll 0.4450/0.3418 (λ=1.00) | lr 8.88e-05
Epoch  39 | train 0.6758 (IM@1 0.0334 FM@1 0.2013) | val 0.4707 (IM@1 0.0258 FM@1 0.1080) sup 0.2346/0.1338 roll 0.4411/0.3370 (λ=1.00) | lr 8.88e-05

Training completato (combo). Best val (sup + 1.0*roll, da epoch 10): 0.4707 a epoch 39
[I 2026-09-26 14:23:19,847] Trial 2 finished with value: 0.47073252009690314 and parameters: {'gru_hidden_fm': 256, 'mlp_hidden_fm': 64, 'dropout_fm': 0.4591696632141083, 'weight_decay_fm': 0.0008144537070287468, 'gru_hidden_im': 64, 'mlp_hidden_im': 32, 'dropout_im': 0.057623105108317516, 'weight_decay_im': 0.022968630231394005, 'lr': 8.877880263006149e-05, 'batch_size': 64, 'clip_norm': 0.5}. Best is trial 9 with value: 0.3666087365695644.
Split per-trial: 26015 finestre train | 6505 finestre val
Epoch   0 | train 1.0729 (IM@1 0.4295 FM@1 0.6434) | val 0.4578 (IM@1 0.1140 FM@1 0.3438) sup 1.0729/0.4578 roll 1.6632/1.2577 (λ=0.00) | lr 8.97e-05
Epoch   1 | train 0.4756 (IM@1 0.0526 FM@1 0.3345) | val 0.3417 (IM@1 0.0282 FM@1 0.2548) sup 0.3872/0.2831 roll 0.8841/0.5862 (λ=0.10) | lr 8.97e-05
Epoch   2 | train 0.4192 (IM@1 0.0275 FM@1 0.2721) | val 0.3255 (IM@1 0.0230 FM@1 0.2101) sup 0.2996/0.2331 roll 0.5982/0.4621 (λ=0.20) | lr 8.97e-05
Epoch   3 | train 0.4161 (IM@1 0.0248 FM@1 0.2345) | val 0.3299 (IM@1 0.0231 FM@1 0.1779) sup 0.2592/0.2010 roll 0.5228/0.4298 (λ=0.30) | lr 8.97e-05
Epoch   4 | train 0.4259 (IM@1 0.0238 FM@1 0.2097) | val 0.3416 (IM@1 0.0220 FM@1 0.1608) sup 0.2335/0.1827 roll 0.4810/0.3972 (λ=0.40) | lr 8.97e-05
Epoch   5 | train 0.4444 (IM@1 0.0225 FM@1 0.1962) | val 0.3556 (IM@1 0.0212 FM@1 0.1451) sup 0.2188/0.1663 roll 0.4514/0.3786 (λ=0.50) | lr 8.97e-05
Epoch   6 | train 0.4648 (IM@1 0.0220 FM@1 0.1827) | val 0.3800 (IM@1 0.0212 FM@1 0.1370) sup 0.2047/0.1582 roll 0.4336/0.3698 (λ=0.60) | lr 8.97e-05
Epoch   7 | train 0.4889 (IM@1 0.0216 FM@1 0.1742) | val 0.4072 (IM@1 0.0211 FM@1 0.1301) sup 0.1957/0.1511 roll 0.4187/0.3658 (λ=0.70) | lr 8.97e-05
Epoch   8 | train 0.5175 (IM@1 0.0213 FM@1 0.1684) | val 0.4345 (IM@1 0.0213 FM@1 0.1245) sup 0.1896/0.1458 roll 0.4098/0.3609 (λ=0.80) | lr 8.97e-05
Epoch   9 | train 0.5469 (IM@1 0.0208 FM@1 0.1634) | val 0.4630 (IM@1 0.0215 FM@1 0.1210) sup 0.1842/0.1425 roll 0.4030/0.3562 (λ=0.90) | lr 8.97e-05
Epoch  10 | train 0.5768 (IM@1 0.0207 FM@1 0.1604) | val 0.5064 (IM@1 0.0215 FM@1 0.1188) sup 0.1811/0.1403 roll 0.3957/0.3661 (λ=1.00) | lr 8.97e-05
Epoch  11 | train 0.5653 (IM@1 0.0204 FM@1 0.1550) | val 0.4805 (IM@1 0.0212 FM@1 0.1129) sup 0.1754/0.1341 roll 0.3899/0.3464 (λ=1.00) | lr 8.97e-05
Epoch  12 | train 0.5575 (IM@1 0.0204 FM@1 0.1523) | val 0.4836 (IM@1 0.0219 FM@1 0.1092) sup 0.1727/0.1311 roll 0.3848/0.3525 (λ=1.00) | lr 8.97e-05
Epoch  13 | train 0.5488 (IM@1 0.0204 FM@1 0.1488) | val 0.4785 (IM@1 0.0214 FM@1 0.1076) sup 0.1692/0.1290 roll 0.3796/0.3495 (λ=1.00) | lr 8.97e-05
Epoch  14 | train 0.5417 (IM@1 0.0200 FM@1 0.1451) | val 0.4580 (IM@1 0.0207 FM@1 0.1040) sup 0.1651/0.1248 roll 0.3767/0.3332 (λ=1.00) | lr 8.97e-05
Epoch  15 | train 0.5342 (IM@1 0.0199 FM@1 0.1421) | val 0.4582 (IM@1 0.0204 FM@1 0.1028) sup 0.1620/0.1231 roll 0.3722/0.3350 (λ=1.00) | lr 8.97e-05
Epoch  16 | train 0.5267 (IM@1 0.0195 FM@1 0.1399) | val 0.4509 (IM@1 0.0212 FM@1 0.0986) sup 0.1594/0.1197 roll 0.3673/0.3312 (λ=1.00) | lr 8.97e-05
Epoch  17 | train 0.5201 (IM@1 0.0194 FM@1 0.1376) | val 0.4480 (IM@1 0.0207 FM@1 0.0963) sup 0.1570/0.1170 roll 0.3630/0.3310 (λ=1.00) | lr 8.97e-05
Epoch  18 | train 0.5158 (IM@1 0.0195 FM@1 0.1357) | val 0.4565 (IM@1 0.0207 FM@1 0.0964) sup 0.1551/0.1172 roll 0.3607/0.3393 (λ=1.00) | lr 8.97e-05
[I 2026-09-26 15:44:56,615] Trial 32 pruned. 
Split per-trial: 26015 finestre train | 6505 finestre val
Epoch   0 | train 0.4472 (IM@1 0.2575 FM@1 0.1897) | val 0.1445 (IM@1 0.0425 FM@1 0.1019) sup 0.4472/0.1445 roll 1.8598/0.9863 (λ=0.00) | lr 1.28e-03
Epoch   1 | train 0.3376 (IM@1 0.1345 FM@1 0.1006) | val 0.2001 (IM@1 0.0470 FM@1 0.0983) sup 0.2351/0.1453 roll 1.0254/0.5486 (λ=0.10) | lr 1.28e-03
Epoch   2 | train 0.3672 (IM@1 0.1325 FM@1 0.0930) | val 0.2265 (IM@1 0.0515 FM@1 0.0809) sup 0.2255/0.1324 roll 0.7085/0.4704 (λ=0.20) | lr 1.28e-03
Epoch   3 | train 0.3953 (IM@1 0.1315 FM@1 0.0892) | val 0.2647 (IM@1 0.0510 FM@1 0.0871) sup 0.2208/0.1381 roll 0.5817/0.4219 (λ=0.30) | lr 1.28e-03
Epoch   4 | train 0.4184 (IM@1 0.1287 FM@1 0.0878) | val 0.2990 (IM@1 0.0492 FM@1 0.0896) sup 0.2165/0.1387 roll 0.5047/0.4007 (λ=0.40) | lr 1.28e-03
Epoch   5 | train 0.4471 (IM@1 0.1281 FM@1 0.0855) | val 0.3213 (IM@1 0.0481 FM@1 0.0823) sup 0.2136/0.1304 roll 0.4669/0.3819 (λ=0.50) | lr 1.28e-03
Epoch   6 | train 0.4713 (IM@1 0.1255 FM@1 0.0834) | val 0.3674 (IM@1 0.0562 FM@1 0.0917) sup 0.2088/0.1479 roll 0.4374/0.3658 (λ=0.60) | lr 1.28e-03
Epoch   7 | train 0.5014 (IM@1 0.1250 FM@1 0.0810) | val 0.3747 (IM@1 0.0460 FM@1 0.0834) sup 0.2060/0.1294 roll 0.4220/0.3504 (λ=0.70) | lr 1.28e-03
Epoch   8 | train 0.5304 (IM@1 0.1247 FM@1 0.0792) | val 0.3924 (IM@1 0.0448 FM@1 0.0816) sup 0.2039/0.1264 roll 0.4081/0.3325 (λ=0.80) | lr 1.28e-03
Epoch   9 | train 0.5597 (IM@1 0.1256 FM@1 0.0771) | val 0.4393 (IM@1 0.0483 FM@1 0.0828) sup 0.2027/0.1311 roll 0.3966/0.3424 (λ=0.90) | lr 1.28e-03
Epoch  10 | train 0.5833 (IM@1 0.1238 FM@1 0.0745) | val 0.4764 (IM@1 0.0536 FM@1 0.0836) sup 0.1984/0.1371 roll 0.3849/0.3393 (λ=1.00) | lr 1.28e-03
Epoch  11 | train 0.5715 (IM@1 0.1238 FM@1 0.0724) | val 0.4947 (IM@1 0.0552 FM@1 0.0862) sup 0.1962/0.1414 roll 0.3753/0.3533 (λ=1.00) | lr 1.28e-03
Epoch  12 | train 0.5562 (IM@1 0.1229 FM@1 0.0697) | val 0.4841 (IM@1 0.0493 FM@1 0.0855) sup 0.1926/0.1348 roll 0.3636/0.3493 (λ=1.00) | lr 1.28e-03
Epoch  13 | train 0.5436 (IM@1 0.1220 FM@1 0.0676) | val 0.5008 (IM@1 0.0506 FM@1 0.0883) sup 0.1896/0.1389 roll 0.3540/0.3619 (λ=1.00) | lr 1.28e-03
Epoch  14 | train 0.5289 (IM@1 0.1213 FM@1 0.0650) | val 0.4971 (IM@1 0.0540 FM@1 0.0869) sup 0.1863/0.1410 roll 0.3426/0.3561 (λ=1.00) | lr 1.28e-03
Epoch  15 | train 0.5128 (IM@1 0.1208 FM@1 0.0622) | val 0.5016 (IM@1 0.0519 FM@1 0.0902) sup 0.1830/0.1421 roll 0.3298/0.3595 (λ=1.00) | lr 1.28e-03
Epoch  16 | train 0.4999 (IM@1 0.1213 FM@1 0.0604) | val 0.5224 (IM@1 0.0533 FM@1 0.0986) sup 0.1817/0.1518 roll 0.3183/0.3706 (λ=1.00) | lr 1.28e-03
Epoch  17 | train 0.4752 (IM@1 0.1194 FM@1 0.0565) | val 0.5380 (IM@1 0.0584 FM@1 0.0957) sup 0.1759/0.1541 roll 0.2994/0.3838 (λ=1.00) | lr 1.28e-03
Epoch  18 | train 0.4609 (IM@1 0.1178 FM@1 0.0560) | val 0.5397 (IM@1 0.0560 FM@1 0.0975) sup 0.1738/0.1535 roll 0.2871/0.3862 (λ=1.00) | lr 1.28e-03
[I 2026-09-26 18:42:20,155] Trial 40 pruned. 
Split per-trial: 26015 finestre train | 6505 finestre val
Epoch   0 | train 0.3612 (IM@1 0.1421 FM@1 0.2191) | val 0.1357 (IM@1 0.0256 FM@1 0.1100) sup 0.3612/0.1357 roll 1.0458/0.5489 (λ=0.00) | lr 3.78e-04
Epoch   1 | train 0.1799 (IM@1 0.0292 FM@1 0.1018) | val 0.1503 (IM@1 0.0218 FM@1 0.0913) sup 0.1310/0.1132 roll 0.4892/0.3712 (λ=0.10) | lr 3.78e-04
Epoch   2 | train 0.1898 (IM@1 0.0254 FM@1 0.0864) | val 0.1710 (IM@1 0.0202 FM@1 0.0837) sup 0.1117/0.1039 roll 0.3902/0.3353 (λ=0.20) | lr 3.78e-04
Epoch   3 | train 0.2126 (IM@1 0.0238 FM@1 0.0798) | val 0.1906 (IM@1 0.0203 FM@1 0.0739) sup 0.1036/0.0943 roll 0.3634/0.3212 (λ=0.30) | lr 3.78e-04
Epoch   4 | train 0.2381 (IM@1 0.0235 FM@1 0.0754) | val 0.2282 (IM@1 0.0216 FM@1 0.0756) sup 0.0989/0.0972 roll 0.3479/0.3275 (λ=0.40) | lr 3.78e-04
Epoch   5 | train 0.2641 (IM@1 0.0233 FM@1 0.0725) | val 0.2527 (IM@1 0.0202 FM@1 0.0707) sup 0.0958/0.0909 roll 0.3366/0.3235 (λ=0.50) | lr 3.78e-04
Epoch   6 | train 0.2911 (IM@1 0.0231 FM@1 0.0698) | val 0.2812 (IM@1 0.0212 FM@1 0.0706) sup 0.0929/0.0918 roll 0.3303/0.3157 (λ=0.60) | lr 3.78e-04
Epoch   7 | train 0.3172 (IM@1 0.0229 FM@1 0.0692) | val 0.3231 (IM@1 0.0214 FM@1 0.0732) sup 0.0922/0.0946 roll 0.3215/0.3265 (λ=0.70) | lr 3.78e-04
Epoch   8 | train 0.3404 (IM@1 0.0227 FM@1 0.0660) | val 0.3366 (IM@1 0.0219 FM@1 0.0683) sup 0.0887/0.0902 roll 0.3145/0.3079 (λ=0.80) | lr 3.78e-04
Epoch   9 | train 0.3701 (IM@1 0.0230 FM@1 0.0656) | val 0.3759 (IM@1 0.0222 FM@1 0.0673) sup 0.0885/0.0895 roll 0.3128/0.3183 (λ=0.90) | lr 3.78e-04
Epoch  10 | train 0.3934 (IM@1 0.0229 FM@1 0.0646) | val 0.4057 (IM@1 0.0225 FM@1 0.0706) sup 0.0874/0.0931 roll 0.3059/0.3126 (λ=1.00) | lr 3.78e-04
Epoch  11 | train 0.3877 (IM@1 0.0227 FM@1 0.0635) | val 0.4075 (IM@1 0.0220 FM@1 0.0662) sup 0.0862/0.0882 roll 0.3015/0.3193 (λ=1.00) | lr 3.78e-04
Epoch  12 | train 0.3823 (IM@1 0.0224 FM@1 0.0626) | val 0.3922 (IM@1 0.0220 FM@1 0.0644) sup 0.0850/0.0863 roll 0.2973/0.3059 (λ=1.00) | lr 3.78e-04
Epoch  13 | train 0.3796 (IM@1 0.0226 FM@1 0.0614) | val 0.3901 (IM@1 0.0219 FM@1 0.0624) sup 0.0840/0.0843 roll 0.2956/0.3058 (λ=1.00) | lr 3.78e-04
Epoch  14 | train 0.3734 (IM@1 0.0226 FM@1 0.0606) | val 0.3878 (IM@1 0.0222 FM@1 0.0615) sup 0.0832/0.0837 roll 0.2902/0.3041 (λ=1.00) | lr 3.78e-04
Epoch  15 | train 0.3700 (IM@1 0.0223 FM@1 0.0596) | val 0.3955 (IM@1 0.0220 FM@1 0.0648) sup 0.0818/0.0868 roll 0.2882/0.3087 (λ=1.00) | lr 3.78e-04
Epoch  16 | train 0.3682 (IM@1 0.0222 FM@1 0.0590) | val 0.3911 (IM@1 0.0235 FM@1 0.0636) sup 0.0811/0.0871 roll 0.2871/0.3040 (λ=1.00) | lr 3.78e-04
Epoch  17 | train 0.3627 (IM@1 0.0222 FM@1 0.0581) | val 0.3773 (IM@1 0.0232 FM@1 0.0580) sup 0.0803/0.0811 roll 0.2824/0.2962 (λ=1.00) | lr 3.78e-04
Epoch  18 | train 0.3593 (IM@1 0.0221 FM@1 0.0573) | val 0.3792 (IM@1 0.0223 FM@1 0.0568) sup 0.0794/0.0792 roll 0.2799/0.3000 (λ=1.00) | lr 3.78e-04
Epoch  19 | train 0.3581 (IM@1 0.0219 FM@1 0.0562) | val 0.3704 (IM@1 0.0219 FM@1 0.0571) sup 0.0780/0.0791 roll 0.2801/0.2913 (λ=1.00) | lr 3.78e-04
Epoch  20 | train 0.3534 (IM@1 0.0217 FM@1 0.0562) | val 0.3734 (IM@1 0.0219 FM@1 0.0573) sup 0.0779/0.0792 roll 0.2755/0.2942 (λ=1.00) | lr 3.78e-04
Epoch  21 | train 0.3499 (IM@1 0.0216 FM@1 0.0544) | val 0.3749 (IM@1 0.0226 FM@1 0.0580) sup 0.0759/0.0805 roll 0.2740/0.2944 (λ=1.00) | lr 3.78e-04
Epoch  22 | train 0.3486 (IM@1 0.0218 FM@1 0.0548) | val 0.3884 (IM@1 0.0232 FM@1 0.0574) sup 0.0765/0.0806 roll 0.2721/0.3079 (λ=1.00) | lr 3.78e-04
Epoch  23 | train 0.3445 (IM@1 0.0214 FM@1 0.0538) | val 0.3706 (IM@1 0.0225 FM@1 0.0554) sup 0.0752/0.0779 roll 0.2693/0.2927 (λ=1.00) | lr 3.78e-04
Epoch  24 | train 0.3433 (IM@1 0.0216 FM@1 0.0536) | val 0.3719 (IM@1 0.0231 FM@1 0.0561) sup 0.0753/0.0793 roll 0.2681/0.2927 (λ=1.00) | lr 3.78e-04
Epoch  25 | train 0.3412 (IM@1 0.0213 FM@1 0.0529) | val 0.3683 (IM@1 0.0219 FM@1 0.0568) sup 0.0741/0.0788 roll 0.2671/0.2895 (λ=1.00) | lr 3.78e-04
Epoch  26 | train 0.3372 (IM@1 0.0210 FM@1 0.0527) | val 0.3801 (IM@1 0.0222 FM@1 0.0567) sup 0.0737/0.0789 roll 0.2635/0.3012 (λ=1.00) | lr 3.78e-04
Epoch  27 | train 0.3375 (IM@1 0.0212 FM@1 0.0526) | val 0.3721 (IM@1 0.0224 FM@1 0.0547) sup 0.0738/0.0771 roll 0.2637/0.2949 (λ=1.00) | lr 3.78e-04
Epoch  28 | train 0.3326 (IM@1 0.0212 FM@1 0.0517) | val 0.3852 (IM@1 0.0221 FM@1 0.0571) sup 0.0728/0.0792 roll 0.2597/0.3060 (λ=1.00) | lr 3.78e-04
Epoch  29 | train 0.3329 (IM@1 0.0212 FM@1 0.0507) | val 0.3724 (IM@1 0.0224 FM@1 0.0560) sup 0.0719/0.0784 roll 0.2610/0.2940 (λ=1.00) | lr 3.78e-04
Epoch  30 | train 0.3322 (IM@1 0.0210 FM@1 0.0512) | val 0.3685 (IM@1 0.0221 FM@1 0.0558) sup 0.0722/0.0779 roll 0.2600/0.2906 (λ=1.00) | lr 3.78e-04
Epoch  31 | train 0.3290 (IM@1 0.0208 FM@1 0.0505) | val 0.3702 (IM@1 0.0225 FM@1 0.0547) sup 0.0712/0.0772 roll 0.2578/0.2930 (λ=1.00) | lr 3.78e-04
Epoch  32 | train 0.3254 (IM@1 0.0205 FM@1 0.0505) | val 0.3707 (IM@1 0.0234 FM@1 0.0546) sup 0.0710/0.0780 roll 0.2544/0.2928 (λ=1.00) | lr 3.78e-04
Epoch  33 | train 0.3226 (IM@1 0.0203 FM@1 0.0498) | val 0.3744 (IM@1 0.0224 FM@1 0.0553) sup 0.0701/0.0776 roll 0.2525/0.2968 (λ=1.00) | lr 3.78e-04
Epoch  34 | train 0.3215 (IM@1 0.0203 FM@1 0.0494) | val 0.3742 (IM@1 0.0223 FM@1 0.0556) sup 0.0697/0.0778 roll 0.2518/0.2963 (λ=1.00) | lr 3.78e-04
Epoch  35 | train 0.3210 (IM@1 0.0208 FM@1 0.0498) | val 0.3686 (IM@1 0.0221 FM@1 0.0545) sup 0.0705/0.0766 roll 0.2505/0.2920 (λ=1.00) | lr 3.78e-04
Epoch  36 | train 0.3195 (IM@1 0.0205 FM@1 0.0489) | val 0.3669 (IM@1 0.0214 FM@1 0.0549) sup 0.0694/0.0762 roll 0.2501/0.2907 (λ=1.00) | lr 3.78e-04
Epoch  37 | train 0.3182 (IM@1 0.0203 FM@1 0.0485) | val 0.3691 (IM@1 0.0223 FM@1 0.0549) sup 0.0689/0.0772 roll 0.2494/0.2919 (λ=1.00) | lr 3.78e-04
Epoch  38 | train 0.3166 (IM@1 0.0202 FM@1 0.0485) | val 0.3713 (IM@1 0.0216 FM@1 0.0549) sup 0.0687/0.0765 roll 0.2479/0.2948 (λ=1.00) | lr 3.78e-04
Epoch  39 | train 0.3158 (IM@1 0.0201 FM@1 0.0478) | val 0.3836 (IM@1 0.0230 FM@1 0.0560) sup 0.0679/0.0790 roll 0.2479/0.3046 (λ=1.00) | lr 3.78e-04

Training completato (combo). Best val (sup + 1.0*roll, da epoch 10): 0.3669 a epoch 36
[I 2026-09-26 20:02:06,542] Trial 69 finished with value: 0.3669279309085568 and parameters: {'gru_hidden_fm': 128, 'mlp_hidden_fm': 512, 'dropout_fm': 0.18473889006128924, 'weight_decay_fm': 4.662339674583839e-06, 'gru_hidden_im': 128, 'mlp_hidden_im': 128, 'dropout_im': 0.08342066663371045, 'weight_decay_im': 5.1936210615580916e-05, 'lr': 0.00037765126631309463, 'batch_size': 64, 'clip_norm': 5.0}. Best is trial 58 with value: 0.3605886232752144.
Split per-trial: 26015 finestre train | 6505 finestre val
Epoch   0 | train 0.2583 (IM@1 0.0799 FM@1 0.1784) | val 0.1173 (IM@1 0.0220 FM@1 0.0953) sup 0.2583/0.1173 roll 0.8757/0.4621 (λ=0.00) | lr 8.70e-04
Epoch   1 | train 0.1549 (IM@1 0.0204 FM@1 0.0944) | val 0.1321 (IM@1 0.0198 FM@1 0.0783) sup 0.1148/0.0981 roll 0.4010/0.3397 (λ=0.10) | lr 8.70e-04
Epoch   2 | train 0.1742 (IM@1 0.0191 FM@1 0.0842) | val 0.1632 (IM@1 0.0201 FM@1 0.0761) sup 0.1033/0.0962 roll 0.3544/0.3350 (λ=0.20) | lr 8.70e-04
Epoch   3 | train 0.1960 (IM@1 0.0185 FM@1 0.0769) | val 0.1912 (IM@1 0.0194 FM@1 0.0706) sup 0.0955/0.0901 roll 0.3351/0.3369 (λ=0.30) | lr 8.70e-04
Epoch   4 | train 0.2230 (IM@1 0.0186 FM@1 0.0729) | val 0.2084 (IM@1 0.0193 FM@1 0.0645) sup 0.0915/0.0838 roll 0.3287/0.3115 (λ=0.40) | lr 8.70e-04
Epoch   5 | train 0.2476 (IM@1 0.0182 FM@1 0.0712) | val 0.2511 (IM@1 0.0204 FM@1 0.0664) sup 0.0894/0.0868 roll 0.3164/0.3288 (λ=0.50) | lr 8.70e-04
Epoch   6 | train 0.2752 (IM@1 0.0187 FM@1 0.0686) | val 0.2861 (IM@1 0.0210 FM@1 0.0655) sup 0.0873/0.0866 roll 0.3132/0.3326 (λ=0.60) | lr 8.70e-04
Epoch   7 | train 0.3059 (IM@1 0.0190 FM@1 0.0675) | val 0.3082 (IM@1 0.0212 FM@1 0.0654) sup 0.0865/0.0866 roll 0.3135/0.3166 (λ=0.70) | lr 8.70e-04
Epoch   8 | train 0.3247 (IM@1 0.0186 FM@1 0.0656) | val 0.3282 (IM@1 0.0211 FM@1 0.0611) sup 0.0842/0.0822 roll 0.3007/0.3075 (λ=0.80) | lr 8.70e-04
Epoch   9 | train 0.3479 (IM@1 0.0185 FM@1 0.0646) | val 0.3517 (IM@1 0.0208 FM@1 0.0592) sup 0.0831/0.0801 roll 0.2943/0.3018 (λ=0.90) | lr 8.70e-04
Epoch  10 | train 0.3733 (IM@1 0.0187 FM@1 0.0631) | val 0.3889 (IM@1 0.0208 FM@1 0.0598) sup 0.0819/0.0806 roll 0.2915/0.3082 (λ=1.00) | lr 8.70e-04
Epoch  11 | train 0.3652 (IM@1 0.0189 FM@1 0.0607) | val 0.3831 (IM@1 0.0216 FM@1 0.0593) sup 0.0796/0.0809 roll 0.2856/0.3022 (λ=1.00) | lr 8.70e-04
Epoch  12 | train 0.3606 (IM@1 0.0186 FM@1 0.0612) | val 0.3849 (IM@1 0.0230 FM@1 0.0625) sup 0.0798/0.0856 roll 0.2808/0.2993 (λ=1.00) | lr 8.70e-04
Epoch  13 | train 0.3553 (IM@1 0.0186 FM@1 0.0592) | val 0.3790 (IM@1 0.0215 FM@1 0.0577) sup 0.0779/0.0792 roll 0.2774/0.2998 (λ=1.00) | lr 8.70e-04
Epoch  14 | train 0.3516 (IM@1 0.0183 FM@1 0.0588) | val 0.3901 (IM@1 0.0234 FM@1 0.0543) sup 0.0771/0.0777 roll 0.2746/0.3123 (λ=1.00) | lr 8.70e-04
Epoch  15 | train 0.3460 (IM@1 0.0183 FM@1 0.0570) | val 0.4015 (IM@1 0.0223 FM@1 0.0627) sup 0.0753/0.0850 roll 0.2706/0.3165 (λ=1.00) | lr 8.70e-04
Epoch  16 | train 0.3443 (IM@1 0.0180 FM@1 0.0577) | val 0.3727 (IM@1 0.0209 FM@1 0.0582) sup 0.0757/0.0791 roll 0.2686/0.2936 (λ=1.00) | lr 8.70e-04
Epoch  17 | train 0.3380 (IM@1 0.0180 FM@1 0.0562) | val 0.3821 (IM@1 0.0220 FM@1 0.0604) sup 0.0742/0.0823 roll 0.2638/0.2998 (λ=1.00) | lr 8.70e-04
Epoch  18 | train 0.3362 (IM@1 0.0178 FM@1 0.0555) | val 0.3942 (IM@1 0.0225 FM@1 0.0593) sup 0.0733/0.0818 roll 0.2628/0.3123 (λ=1.00) | lr 8.70e-04
Epoch  19 | train 0.3324 (IM@1 0.0175 FM@1 0.0551) | val 0.3710 (IM@1 0.0208 FM@1 0.0555) sup 0.0726/0.0763 roll 0.2598/0.2946 (λ=1.00) | lr 8.70e-04
Epoch  20 | train 0.3294 (IM@1 0.0176 FM@1 0.0547) | val 0.3731 (IM@1 0.0208 FM@1 0.0569) sup 0.0723/0.0777 roll 0.2571/0.2953 (λ=1.00) | lr 8.70e-04
Epoch  21 | train 0.3257 (IM@1 0.0177 FM@1 0.0534) | val 0.3632 (IM@1 0.0208 FM@1 0.0546) sup 0.0711/0.0754 roll 0.2546/0.2879 (λ=1.00) | lr 8.70e-04
Epoch  22 | train 0.3217 (IM@1 0.0173 FM@1 0.0532) | val 0.3721 (IM@1 0.0207 FM@1 0.0576) sup 0.0705/0.0783 roll 0.2512/0.2938 (λ=1.00) | lr 8.70e-04
Epoch  23 | train 0.3199 (IM@1 0.0175 FM@1 0.0519) | val 0.3743 (IM@1 0.0216 FM@1 0.0567) sup 0.0694/0.0783 roll 0.2506/0.2960 (λ=1.00) | lr 8.70e-04
Epoch  24 | train 0.3142 (IM@1 0.0173 FM@1 0.0508) | val 0.3765 (IM@1 0.0214 FM@1 0.0590) sup 0.0681/0.0804 roll 0.2461/0.2961 (λ=1.00) | lr 8.70e-04
Epoch  25 | train 0.3116 (IM@1 0.0172 FM@1 0.0510) | val 0.3753 (IM@1 0.0213 FM@1 0.0595) sup 0.0682/0.0808 roll 0.2435/0.2946 (λ=1.00) | lr 8.70e-04
Epoch  26 | train 0.3103 (IM@1 0.0173 FM@1 0.0503) | val 0.3759 (IM@1 0.0222 FM@1 0.0583) sup 0.0676/0.0804 roll 0.2427/0.2954 (λ=1.00) | lr 8.70e-04
Epoch  27 | train 0.3048 (IM@1 0.0169 FM@1 0.0495) | val 0.3708 (IM@1 0.0208 FM@1 0.0559) sup 0.0664/0.0767 roll 0.2384/0.2941 (λ=1.00) | lr 8.70e-04
Epoch  28 | train 0.3034 (IM@1 0.0169 FM@1 0.0498) | val 0.3810 (IM@1 0.0221 FM@1 0.0585) sup 0.0666/0.0806 roll 0.2368/0.3005 (λ=1.00) | lr 8.70e-04
Epoch  29 | train 0.2990 (IM@1 0.0167 FM@1 0.0481) | val 0.3800 (IM@1 0.0224 FM@1 0.0574) sup 0.0648/0.0797 roll 0.2342/0.3002 (λ=1.00) | lr 8.70e-04
Epoch  30 | train 0.2957 (IM@1 0.0168 FM@1 0.0473) | val 0.3926 (IM@1 0.0243 FM@1 0.0575) sup 0.0641/0.0817 roll 0.2317/0.3108 (λ=1.00) | lr 8.70e-04
Epoch  31 | train 0.2941 (IM@1 0.0169 FM@1 0.0473) | val 0.3735 (IM@1 0.0208 FM@1 0.0564) sup 0.0642/0.0771 roll 0.2298/0.2963 (λ=1.00) | lr 8.70e-04
Epoch  32 | train 0.2922 (IM@1 0.0169 FM@1 0.0468) | val 0.3824 (IM@1 0.0213 FM@1 0.0581) sup 0.0637/0.0793 roll 0.2285/0.3031 (λ=1.00) | lr 4.35e-04
Epoch  33 | train 0.2722 (IM@1 0.0160 FM@1 0.0426) | val 0.3699 (IM@1 0.0207 FM@1 0.0562) sup 0.0587/0.0769 roll 0.2136/0.2930 (λ=1.00) | lr 4.35e-04
Epoch  34 | train 0.2657 (IM@1 0.0158 FM@1 0.0411) | val 0.3786 (IM@1 0.0210 FM@1 0.0582) sup 0.0570/0.0792 roll 0.2087/0.2994 (λ=1.00) | lr 4.35e-04
Epoch  35 | train 0.2630 (IM@1 0.0155 FM@1 0.0410) | val 0.3739 (IM@1 0.0216 FM@1 0.0557) sup 0.0565/0.0772 roll 0.2065/0.2966 (λ=1.00) | lr 4.35e-04
Epoch  36 | train 0.2607 (IM@1 0.0157 FM@1 0.0409) | val 0.3758 (IM@1 0.0214 FM@1 0.0567) sup 0.0567/0.0781 roll 0.2040/0.2977 (λ=1.00) | lr 4.35e-04

Training completato (combo). Best val (sup + 1.0*roll, da epoch 10): 0.3632 a epoch 21
[I 2026-09-26 20:56:45,506] Trial 88 finished with value: 0.36322345899491015 and parameters: {'gru_hidden_fm': 128, 'mlp_hidden_fm': 512, 'dropout_fm': 0.2363405052777648, 'weight_decay_fm': 1.988297829361697e-06, 'gru_hidden_im': 128, 'mlp_hidden_im': 128, 'dropout_im': 0.041001410905047206, 'weight_decay_im': 8.202403470946264e-06, 'lr': 0.0008704708854656541, 'batch_size': 64, 'clip_norm': 5.0}. Best is trial 58 with value: 0.3605886232752144.

Best val: 0.36059
  gru_hidden_fm: 128
  mlp_hidden_fm: 128
  dropout_fm: 0.053228712735840886
  weight_decay_fm: 2.3447806287056487e-05
  gru_hidden_im: 128
  mlp_hidden_im: 64
  dropout_im: 0.002043343117720862
  weight_decay_im: 1.4562760771452169e-06
  lr: 0.0003755740523370064
  batch_size: 64
  clip_norm: 1.0
Report: /home/gemma/tesi/aquabot/src/net/Estimator/tuning/tuning_results/best_joint_combo_p1_k10.txt
