Studio: joint_combo_p1_k10 | device cpu | mode=combo P=1 K=10 T=10
Caricamento dataset...
Trovati 120 trial.
Dataset grezzo: 120 trial letti. Scaler e finestre costruiti in split_by_trial() (fit solo su train).
/home/gemma/tesi/aquabot/src/net/Estimator/tuning/tune_joint.py:245: ExperimentalWarning: Argument ``multivariate`` is an experimental feature. The interface can change in the future.
  sampler = optuna.samplers.TPESampler(
/home/gemma/tesi/aquabot/src/net/Estimator/tuning/tune_joint.py:245: ExperimentalWarning: Argument ``group`` is an experimental feature. The interface can change in the future.
  sampler = optuna.samplers.TPESampler(
/home/gemma/tesi/aquabot/src/net/Estimator/tuning/tune_joint.py:245: ExperimentalWarning: Argument ``constant_liar`` is an experimental feature. The interface can change in the future.
  sampler = optuna.samplers.TPESampler(
[I 2026-09-26 12:52:04,620] Using an existing study with name 'joint_combo_p1_k10' instead of creating a new one.
Normalizzatore caricato da /home/gemma/tesi/aquabot/src/net/scaler/scalers_joint.pkl (nessun refit).
Dataset: 32520 campioni da 120 trial. H=20 P=10 | seq_cmd=(20, 1) seq_sens=(20, 2)
Split per-trial: 26015 finestre train | 6505 finestre val
Epoch   0 | train 0.5638 (IM@1 0.2072 FM@1 0.3566) | val 0.1666 (IM@1 0.0341 FM@1 0.1325) sup 0.5638/0.1666 roll 1.6149/0.7293 (λ=0.00) | lr 1.81e-03
Epoch   1 | train 0.3427 (IM@1 0.0602 FM@1 0.1912) | val 0.1808 (IM@1 0.0303 FM@1 0.1004) sup 0.2514/0.1307 roll 0.9135/0.5012 (λ=0.10) | lr 1.81e-03
Epoch   2 | train 0.3545 (IM@1 0.0547 FM@1 0.1675) | val 0.2066 (IM@1 0.0289 FM@1 0.0898) sup 0.2222/0.1187 roll 0.6614/0.4398 (λ=0.20) | lr 1.81e-03
Epoch   3 | train 0.3715 (IM@1 0.0511 FM@1 0.1589) | val 0.2361 (IM@1 0.0290 FM@1 0.0926) sup 0.2100/0.1216 roll 0.5385/0.3817 (λ=0.30) | lr 1.81e-03
Epoch   4 | train 0.3940 (IM@1 0.0517 FM@1 0.1499) | val 0.2564 (IM@1 0.0275 FM@1 0.0896) sup 0.2015/0.1171 roll 0.4813/0.3484 (λ=0.40) | lr 1.81e-03
Epoch   5 | train 0.4237 (IM@1 0.0514 FM@1 0.1438) | val 0.3012 (IM@1 0.0330 FM@1 0.0895) sup 0.1952/0.1225 roll 0.4570/0.3574 (λ=0.50) | lr 1.81e-03
Epoch   6 | train 0.4540 (IM@1 0.0518 FM@1 0.1417) | val 0.3189 (IM@1 0.0298 FM@1 0.0865) sup 0.1935/0.1163 roll 0.4341/0.3376 (λ=0.60) | lr 1.81e-03
Epoch   7 | train 0.4806 (IM@1 0.0494 FM@1 0.1377) | val 0.3876 (IM@1 0.0392 FM@1 0.0855) sup 0.1871/0.1247 roll 0.4192/0.3755 (λ=0.70) | lr 1.81e-03
Epoch   8 | train 0.5116 (IM@1 0.0493 FM@1 0.1359) | val 0.3833 (IM@1 0.0310 FM@1 0.0840) sup 0.1852/0.1149 roll 0.4079/0.3355 (λ=0.80) | lr 1.81e-03
Epoch   9 | train 0.5433 (IM@1 0.0499 FM@1 0.1333) | val 0.4227 (IM@1 0.0315 FM@1 0.0930) sup 0.1832/0.1245 roll 0.4001/0.3312 (λ=0.90) | lr 1.81e-03
Epoch  10 | train 0.5717 (IM@1 0.0492 FM@1 0.1318) | val 0.4576 (IM@1 0.0338 FM@1 0.0878) sup 0.1811/0.1216 roll 0.3907/0.3360 (λ=1.00) | lr 1.81e-03
Epoch  11 | train 0.5644 (IM@1 0.0493 FM@1 0.1306) | val 0.4742 (IM@1 0.0361 FM@1 0.0841) sup 0.1799/0.1202 roll 0.3845/0.3539 (λ=1.00) | lr 1.81e-03
Epoch  12 | train 0.5591 (IM@1 0.0503 FM@1 0.1299) | val 0.4724 (IM@1 0.0316 FM@1 0.0959) sup 0.1802/0.1275 roll 0.3789/0.3449 (λ=1.00) | lr 1.81e-03
Epoch  13 | train 0.5511 (IM@1 0.0484 FM@1 0.1287) | val 0.4692 (IM@1 0.0378 FM@1 0.0865) sup 0.1771/0.1243 roll 0.3741/0.3450 (λ=1.00) | lr 1.81e-03
Epoch  14 | train 0.5446 (IM@1 0.0486 FM@1 0.1290) | val 0.4520 (IM@1 0.0315 FM@1 0.0882) sup 0.1777/0.1197 roll 0.3669/0.3322 (λ=1.00) | lr 1.81e-03
Epoch  15 | train 0.5326 (IM@1 0.0472 FM@1 0.1260) | val 0.4667 (IM@1 0.0357 FM@1 0.0883) sup 0.1733/0.1240 roll 0.3593/0.3427 (λ=1.00) | lr 1.81e-03
Epoch  16 | train 0.5243 (IM@1 0.0471 FM@1 0.1252) | val 0.4698 (IM@1 0.0322 FM@1 0.0875) sup 0.1723/0.1197 roll 0.3519/0.3500 (λ=1.00) | lr 1.81e-03
Epoch  17 | train 0.5129 (IM@1 0.0464 FM@1 0.1221) | val 0.4747 (IM@1 0.0336 FM@1 0.0914) sup 0.1685/0.1250 roll 0.3444/0.3497 (λ=1.00) | lr 1.81e-03
Epoch  18 | train 0.5051 (IM@1 0.0467 FM@1 0.1210) | val 0.4709 (IM@1 0.0316 FM@1 0.0909) sup 0.1676/0.1225 roll 0.3375/0.3484 (λ=1.00) | lr 1.81e-03
Epoch  19 | train 0.4916 (IM@1 0.0463 FM@1 0.1204) | val 0.4838 (IM@1 0.0338 FM@1 0.0931) sup 0.1667/0.1269 roll 0.3250/0.3569 (λ=1.00) | lr 9.04e-04
Epoch  20 | train 0.4608 (IM@1 0.0449 FM@1 0.1159) | val 0.4939 (IM@1 0.0347 FM@1 0.0946) sup 0.1608/0.1293 roll 0.3001/0.3646 (λ=1.00) | lr 9.04e-04
Epoch  21 | train 0.4444 (IM@1 0.0435 FM@1 0.1151) | val 0.5113 (IM@1 0.0372 FM@1 0.0947) sup 0.1586/0.1319 roll 0.2858/0.3793 (λ=1.00) | lr 9.04e-04
Epoch  22 | train 0.4298 (IM@1 0.0426 FM@1 0.1127) | val 0.5300 (IM@1 0.0404 FM@1 0.1000) sup 0.1553/0.1403 roll 0.2745/0.3897 (λ=1.00) | lr 9.04e-04
Epoch  23 | train 0.4169 (IM@1 0.0432 FM@1 0.1124) | val 0.5474 (IM@1 0.0430 FM@1 0.0977) sup 0.1556/0.1407 roll 0.2613/0.4067 (λ=1.00) | lr 9.04e-04
Epoch  24 | train 0.4032 (IM@1 0.0417 FM@1 0.1119) | val 0.5633 (IM@1 0.0451 FM@1 0.1043) sup 0.1536/0.1494 roll 0.2496/0.4139 (λ=1.00) | lr 9.04e-04
Epoch  25 | train 0.3878 (IM@1 0.0408 FM@1 0.1072) | val 0.5582 (IM@1 0.0416 FM@1 0.1042) sup 0.1480/0.1458 roll 0.2398/0.4124 (λ=1.00) | lr 9.04e-04
Epoch  26 | train 0.3776 (IM@1 0.0411 FM@1 0.1067) | val 0.5756 (IM@1 0.0429 FM@1 0.1117) sup 0.1478/0.1546 roll 0.2298/0.4210 (λ=1.00) | lr 9.04e-04
Epoch  27 | train 0.3669 (IM@1 0.0397 FM@1 0.1055) | val 0.5709 (IM@1 0.0468 FM@1 0.1071) sup 0.1452/0.1539 roll 0.2218/0.4169 (λ=1.00) | lr 9.04e-04
Epoch  28 | train 0.3555 (IM@1 0.0390 FM@1 0.1031) | val 0.5882 (IM@1 0.0451 FM@1 0.1137) sup 0.1421/0.1588 roll 0.2134/0.4293 (λ=1.00) | lr 9.04e-04
Epoch  29 | train 0.3486 (IM@1 0.0375 FM@1 0.1034) | val 0.6175 (IM@1 0.0518 FM@1 0.1131) sup 0.1409/0.1649 roll 0.2077/0.4526 (λ=1.00) | lr 9.04e-04

Training completato (combo). Best val (sup + 1.0*roll, da epoch 10): 0.4520 a epoch 14
[I 2026-09-26 14:06:36,910] Trial 8 finished with value: 0.45195677903388487 and parameters: {'gru_hidden_fm': 384, 'mlp_hidden_fm': 32, 'dropout_fm': 0.18628673151967245, 'weight_decay_fm': 0.00010420738612031725, 'gru_hidden_im': 128, 'mlp_hidden_im': 16, 'dropout_im': 0.06714268943342626, 'weight_decay_im': 7.528323228670678e-06, 'lr': 0.001808750899038347, 'batch_size': 128, 'clip_norm': 0.5}. Best is trial 13 with value: 0.38012470600984816.
Split per-trial: 26015 finestre train | 6505 finestre val
Epoch   0 | train 0.7924 (IM@1 0.3069 FM@1 0.4855) | val 0.2855 (IM@1 0.0481 FM@1 0.2374) sup 0.7924/0.2855 roll 1.5773/0.9081 (λ=0.00) | lr 7.00e-04
Epoch   1 | train 0.3725 (IM@1 0.0660 FM@1 0.2098) | val 0.2520 (IM@1 0.0418 FM@1 0.1502) sup 0.2758/0.1921 roll 0.9673/0.5993 (λ=0.10) | lr 7.00e-04
Epoch   2 | train 0.3404 (IM@1 0.0560 FM@1 0.1447) | val 0.2628 (IM@1 0.0344 FM@1 0.1220) sup 0.2007/0.1564 roll 0.6985/0.5321 (λ=0.20) | lr 7.00e-04
Epoch   3 | train 0.3546 (IM@1 0.0516 FM@1 0.1244) | val 0.2689 (IM@1 0.0304 FM@1 0.1064) sup 0.1761/0.1369 roll 0.5951/0.4403 (λ=0.30) | lr 7.00e-04
Epoch   4 | train 0.3762 (IM@1 0.0510 FM@1 0.1145) | val 0.2851 (IM@1 0.0285 FM@1 0.1013) sup 0.1656/0.1299 roll 0.5266/0.3880 (λ=0.40) | lr 7.00e-04
Epoch   5 | train 0.3932 (IM@1 0.0492 FM@1 0.1079) | val 0.3198 (IM@1 0.0310 FM@1 0.0967) sup 0.1571/0.1277 roll 0.4723/0.3843 (λ=0.50) | lr 7.00e-04
Epoch   6 | train 0.4150 (IM@1 0.0495 FM@1 0.1018) | val 0.3324 (IM@1 0.0275 FM@1 0.0931) sup 0.1513/0.1206 roll 0.4394/0.3529 (λ=0.60) | lr 7.00e-04
Epoch   7 | train 0.4431 (IM@1 0.0491 FM@1 0.0989) | val 0.3610 (IM@1 0.0290 FM@1 0.0905) sup 0.1479/0.1195 roll 0.4216/0.3450 (λ=0.70) | lr 7.00e-04
Epoch   8 | train 0.4658 (IM@1 0.0485 FM@1 0.0951) | val 0.4097 (IM@1 0.0295 FM@1 0.0888) sup 0.1436/0.1183 roll 0.4027/0.3642 (λ=0.80) | lr 7.00e-04
Epoch   9 | train 0.4983 (IM@1 0.0497 FM@1 0.0935) | val 0.4153 (IM@1 0.0305 FM@1 0.0866) sup 0.1431/0.1171 roll 0.3947/0.3313 (λ=0.90) | lr 7.00e-04
Epoch  10 | train 0.5194 (IM@1 0.0498 FM@1 0.0918) | val 0.4735 (IM@1 0.0368 FM@1 0.0872) sup 0.1417/0.1240 roll 0.3777/0.3494 (λ=1.00) | lr 7.00e-04
Epoch  11 | train 0.5028 (IM@1 0.0489 FM@1 0.0881) | val 0.4362 (IM@1 0.0295 FM@1 0.0841) sup 0.1370/0.1136 roll 0.3658/0.3226 (λ=1.00) | lr 7.00e-04
Epoch  12 | train 0.4984 (IM@1 0.0487 FM@1 0.0878) | val 0.4445 (IM@1 0.0312 FM@1 0.0837) sup 0.1364/0.1150 roll 0.3619/0.3295 (λ=1.00) | lr 7.00e-04
Epoch  13 | train 0.4863 (IM@1 0.0479 FM@1 0.0849) | val 0.4660 (IM@1 0.0334 FM@1 0.0830) sup 0.1328/0.1164 roll 0.3536/0.3496 (λ=1.00) | lr 7.00e-04
Epoch  14 | train 0.4825 (IM@1 0.0475 FM@1 0.0828) | val 0.4289 (IM@1 0.0310 FM@1 0.0808) sup 0.1304/0.1118 roll 0.3521/0.3171 (λ=1.00) | lr 7.00e-04
Epoch  15 | train 0.4734 (IM@1 0.0471 FM@1 0.0820) | val 0.4227 (IM@1 0.0293 FM@1 0.0811) sup 0.1291/0.1104 roll 0.3444/0.3122 (λ=1.00) | lr 7.00e-04
Epoch  16 | train 0.4708 (IM@1 0.0479 FM@1 0.0801) | val 0.4181 (IM@1 0.0294 FM@1 0.0773) sup 0.1281/0.1066 roll 0.3427/0.3115 (λ=1.00) | lr 7.00e-04
Epoch  17 | train 0.4660 (IM@1 0.0469 FM@1 0.0787) | val 0.4366 (IM@1 0.0303 FM@1 0.0770) sup 0.1256/0.1072 roll 0.3404/0.3294 (λ=1.00) | lr 7.00e-04
Epoch  18 | train 0.4593 (IM@1 0.0467 FM@1 0.0776) | val 0.4155 (IM@1 0.0317 FM@1 0.0744) sup 0.1243/0.1061 roll 0.3350/0.3094 (λ=1.00) | lr 7.00e-04
Epoch  19 | train 0.4588 (IM@1 0.0469 FM@1 0.0764) | val 0.4203 (IM@1 0.0306 FM@1 0.0757) sup 0.1233/0.1063 roll 0.3355/0.3139 (λ=1.00) | lr 7.00e-04
Epoch  20 | train 0.4481 (IM@1 0.0466 FM@1 0.0739) | val 0.4235 (IM@1 0.0309 FM@1 0.0740) sup 0.1205/0.1049 roll 0.3276/0.3187 (λ=1.00) | lr 7.00e-04
Epoch  21 | train 0.4453 (IM@1 0.0456 FM@1 0.0724) | val 0.4131 (IM@1 0.0290 FM@1 0.0720) sup 0.1180/0.1010 roll 0.3273/0.3121 (λ=1.00) | lr 7.00e-04
Epoch  22 | train 0.4428 (IM@1 0.0464 FM@1 0.0723) | val 0.4125 (IM@1 0.0277 FM@1 0.0722) sup 0.1187/0.0999 roll 0.3240/0.3126 (λ=1.00) | lr 7.00e-04
Epoch  23 | train 0.4367 (IM@1 0.0448 FM@1 0.0703) | val 0.4050 (IM@1 0.0288 FM@1 0.0712) sup 0.1151/0.1000 roll 0.3216/0.3050 (λ=1.00) | lr 7.00e-04
Epoch  24 | train 0.4361 (IM@1 0.0452 FM@1 0.0710) | val 0.4153 (IM@1 0.0304 FM@1 0.0721) sup 0.1162/0.1025 roll 0.3198/0.3128 (λ=1.00) | lr 7.00e-04
Epoch  25 | train 0.4313 (IM@1 0.0451 FM@1 0.0688) | val 0.4042 (IM@1 0.0273 FM@1 0.0699) sup 0.1138/0.0972 roll 0.3175/0.3069 (λ=1.00) | lr 7.00e-04
Epoch  26 | train 0.4270 (IM@1 0.0440 FM@1 0.0685) | val 0.4015 (IM@1 0.0279 FM@1 0.0705) sup 0.1125/0.0984 roll 0.3145/0.3031 (λ=1.00) | lr 7.00e-04
Epoch  27 | train 0.4233 (IM@1 0.0442 FM@1 0.0666) | val 0.4025 (IM@1 0.0282 FM@1 0.0681) sup 0.1108/0.0963 roll 0.3125/0.3062 (λ=1.00) | lr 7.00e-04
Epoch  28 | train 0.4207 (IM@1 0.0441 FM@1 0.0665) | val 0.4026 (IM@1 0.0280 FM@1 0.0684) sup 0.1105/0.0964 roll 0.3101/0.3062 (λ=1.00) | lr 7.00e-04
Epoch  29 | train 0.4178 (IM@1 0.0436 FM@1 0.0668) | val 0.4093 (IM@1 0.0301 FM@1 0.0689) sup 0.1104/0.0989 roll 0.3073/0.3104 (λ=1.00) | lr 7.00e-04
Epoch  30 | train 0.4159 (IM@1 0.0430 FM@1 0.0661) | val 0.4005 (IM@1 0.0268 FM@1 0.0682) sup 0.1091/0.0950 roll 0.3068/0.3055 (λ=1.00) | lr 7.00e-04
Epoch  31 | train 0.4122 (IM@1 0.0431 FM@1 0.0646) | val 0.4030 (IM@1 0.0267 FM@1 0.0690) sup 0.1078/0.0957 roll 0.3044/0.3072 (λ=1.00) | lr 7.00e-04
Epoch  32 | train 0.4100 (IM@1 0.0431 FM@1 0.0646) | val 0.4102 (IM@1 0.0313 FM@1 0.0671) sup 0.1077/0.0984 roll 0.3022/0.3118 (λ=1.00) | lr 7.00e-04
[I 2026-09-26 16:20:51,582] Trial 27 pruned. 
Split per-trial: 26015 finestre train | 6505 finestre val
Epoch   0 | train 0.3486 (IM@1 0.1447 FM@1 0.2039) | val 0.1492 (IM@1 0.0303 FM@1 0.1189) sup 0.3486/0.1492 roll 0.9698/0.5512 (λ=0.00) | lr 4.30e-04
Epoch   1 | train 0.1782 (IM@1 0.0341 FM@1 0.0951) | val 0.1490 (IM@1 0.0228 FM@1 0.0899) sup 0.1292/0.1128 roll 0.4894/0.3621 (λ=0.10) | lr 4.30e-04
Epoch   2 | train 0.1937 (IM@1 0.0307 FM@1 0.0817) | val 0.1674 (IM@1 0.0227 FM@1 0.0774) sup 0.1125/0.1002 roll 0.4061/0.3363 (λ=0.20) | lr 4.30e-04
Epoch   3 | train 0.2184 (IM@1 0.0298 FM@1 0.0749) | val 0.1991 (IM@1 0.0237 FM@1 0.0742) sup 0.1047/0.0979 roll 0.3791/0.3374 (λ=0.30) | lr 4.30e-04
Epoch   4 | train 0.2445 (IM@1 0.0295 FM@1 0.0711) | val 0.2241 (IM@1 0.0226 FM@1 0.0744) sup 0.1006/0.0970 roll 0.3599/0.3177 (λ=0.40) | lr 4.30e-04
Epoch   5 | train 0.2699 (IM@1 0.0288 FM@1 0.0677) | val 0.2545 (IM@1 0.0220 FM@1 0.0715) sup 0.0965/0.0935 roll 0.3468/0.3220 (λ=0.50) | lr 4.30e-04
Epoch   6 | train 0.2961 (IM@1 0.0288 FM@1 0.0664) | val 0.2860 (IM@1 0.0217 FM@1 0.0702) sup 0.0952/0.0919 roll 0.3349/0.3235 (λ=0.60) | lr 4.30e-04
Epoch   7 | train 0.3234 (IM@1 0.0292 FM@1 0.0649) | val 0.3271 (IM@1 0.0262 FM@1 0.0684) sup 0.0942/0.0946 roll 0.3274/0.3321 (λ=0.70) | lr 4.30e-04
Epoch   8 | train 0.3507 (IM@1 0.0290 FM@1 0.0640) | val 0.3414 (IM@1 0.0233 FM@1 0.0690) sup 0.0930/0.0923 roll 0.3222/0.3114 (λ=0.80) | lr 4.30e-04
Epoch   9 | train 0.3745 (IM@1 0.0286 FM@1 0.0623) | val 0.3742 (IM@1 0.0239 FM@1 0.0670) sup 0.0909/0.0909 roll 0.3150/0.3149 (λ=0.90) | lr 4.30e-04
Epoch  10 | train 0.3985 (IM@1 0.0283 FM@1 0.0608) | val 0.3976 (IM@1 0.0228 FM@1 0.0668) sup 0.0892/0.0896 roll 0.3093/0.3080 (λ=1.00) | lr 4.30e-04
Epoch  11 | train 0.3923 (IM@1 0.0286 FM@1 0.0603) | val 0.4064 (IM@1 0.0263 FM@1 0.0655) sup 0.0889/0.0918 roll 0.3035/0.3145 (λ=1.00) | lr 4.30e-04
Epoch  12 | train 0.3865 (IM@1 0.0283 FM@1 0.0590) | val 0.3879 (IM@1 0.0231 FM@1 0.0623) sup 0.0873/0.0854 roll 0.2992/0.3025 (λ=1.00) | lr 4.30e-04
Epoch  13 | train 0.3813 (IM@1 0.0284 FM@1 0.0578) | val 0.4116 (IM@1 0.0248 FM@1 0.0670) sup 0.0862/0.0918 roll 0.2950/0.3198 (λ=1.00) | lr 4.30e-04
Epoch  14 | train 0.3777 (IM@1 0.0285 FM@1 0.0574) | val 0.3919 (IM@1 0.0251 FM@1 0.0640) sup 0.0859/0.0892 roll 0.2919/0.3027 (λ=1.00) | lr 4.30e-04
Epoch  15 | train 0.3722 (IM@1 0.0280 FM@1 0.0562) | val 0.3872 (IM@1 0.0242 FM@1 0.0618) sup 0.0842/0.0860 roll 0.2880/0.3011 (λ=1.00) | lr 4.30e-04
Epoch  16 | train 0.3677 (IM@1 0.0274 FM@1 0.0553) | val 0.3875 (IM@1 0.0241 FM@1 0.0617) sup 0.0826/0.0859 roll 0.2851/0.3016 (λ=1.00) | lr 4.30e-04
Epoch  17 | train 0.3633 (IM@1 0.0275 FM@1 0.0540) | val 0.3822 (IM@1 0.0233 FM@1 0.0610) sup 0.0815/0.0843 roll 0.2818/0.2979 (λ=1.00) | lr 4.30e-04
Epoch  18 | train 0.3616 (IM@1 0.0278 FM@1 0.0540) | val 0.3850 (IM@1 0.0245 FM@1 0.0604) sup 0.0818/0.0848 roll 0.2798/0.3002 (λ=1.00) | lr 4.30e-04
Epoch  19 | train 0.3577 (IM@1 0.0275 FM@1 0.0531) | val 0.3970 (IM@1 0.0243 FM@1 0.0631) sup 0.0806/0.0874 roll 0.2771/0.3096 (λ=1.00) | lr 4.30e-04
Epoch  20 | train 0.3543 (IM@1 0.0272 FM@1 0.0517) | val 0.3859 (IM@1 0.0236 FM@1 0.0628) sup 0.0790/0.0864 roll 0.2754/0.2995 (λ=1.00) | lr 4.30e-04
Epoch  21 | train 0.3532 (IM@1 0.0277 FM@1 0.0520) | val 0.3858 (IM@1 0.0234 FM@1 0.0598) sup 0.0797/0.0832 roll 0.2735/0.3026 (λ=1.00) | lr 4.30e-04
Epoch  22 | train 0.3489 (IM@1 0.0273 FM@1 0.0510) | val 0.3824 (IM@1 0.0247 FM@1 0.0602) sup 0.0782/0.0849 roll 0.2707/0.2975 (λ=1.00) | lr 4.30e-04
Epoch  23 | train 0.3467 (IM@1 0.0272 FM@1 0.0507) | val 0.3859 (IM@1 0.0244 FM@1 0.0594) sup 0.0779/0.0838 roll 0.2687/0.3020 (λ=1.00) | lr 4.30e-04
Epoch  24 | train 0.3448 (IM@1 0.0269 FM@1 0.0502) | val 0.3881 (IM@1 0.0249 FM@1 0.0606) sup 0.0771/0.0855 roll 0.2677/0.3026 (λ=1.00) | lr 4.30e-04
Epoch  25 | train 0.3405 (IM@1 0.0269 FM@1 0.0497) | val 0.3797 (IM@1 0.0230 FM@1 0.0586) sup 0.0766/0.0816 roll 0.2639/0.2981 (λ=1.00) | lr 4.30e-04
Epoch  26 | train 0.3384 (IM@1 0.0274 FM@1 0.0491) | val 0.3896 (IM@1 0.0272 FM@1 0.0592) sup 0.0765/0.0864 roll 0.2619/0.3032 (λ=1.00) | lr 4.30e-04
Epoch  27 | train 0.3340 (IM@1 0.0267 FM@1 0.0480) | val 0.3827 (IM@1 0.0236 FM@1 0.0599) sup 0.0747/0.0835 roll 0.2593/0.2993 (λ=1.00) | lr 4.30e-04
Epoch  28 | train 0.3319 (IM@1 0.0266 FM@1 0.0472) | val 0.3916 (IM@1 0.0253 FM@1 0.0621) sup 0.0738/0.0874 roll 0.2582/0.3042 (λ=1.00) | lr 4.30e-04
Epoch  29 | train 0.3291 (IM@1 0.0264 FM@1 0.0474) | val 0.3814 (IM@1 0.0243 FM@1 0.0597) sup 0.0738/0.0840 roll 0.2553/0.2974 (λ=1.00) | lr 4.30e-04
Epoch  30 | train 0.3276 (IM@1 0.0268 FM@1 0.0468) | val 0.3820 (IM@1 0.0238 FM@1 0.0584) sup 0.0736/0.0823 roll 0.2540/0.2997 (λ=1.00) | lr 4.30e-04
Epoch  31 | train 0.3243 (IM@1 0.0263 FM@1 0.0460) | val 0.3864 (IM@1 0.0232 FM@1 0.0601) sup 0.0723/0.0833 roll 0.2520/0.3031 (λ=1.00) | lr 4.30e-04
Epoch  32 | train 0.3209 (IM@1 0.0262 FM@1 0.0455) | val 0.3772 (IM@1 0.0245 FM@1 0.0581) sup 0.0716/0.0826 roll 0.2492/0.2945 (λ=1.00) | lr 4.30e-04
Epoch  33 | train 0.3178 (IM@1 0.0265 FM@1 0.0449) | val 0.3827 (IM@1 0.0252 FM@1 0.0602) sup 0.0714/0.0854 roll 0.2463/0.2974 (λ=1.00) | lr 4.30e-04
Epoch  34 | train 0.3166 (IM@1 0.0264 FM@1 0.0449) | val 0.3890 (IM@1 0.0252 FM@1 0.0598) sup 0.0714/0.0850 roll 0.2453/0.3040 (λ=1.00) | lr 4.30e-04
Epoch  35 | train 0.3114 (IM@1 0.0263 FM@1 0.0430) | val 0.3828 (IM@1 0.0236 FM@1 0.0608) sup 0.0693/0.0845 roll 0.2421/0.2983 (λ=1.00) | lr 4.30e-04
Epoch  36 | train 0.3094 (IM@1 0.0258 FM@1 0.0430) | val 0.3905 (IM@1 0.0238 FM@1 0.0610) sup 0.0688/0.0848 roll 0.2406/0.3057 (λ=1.00) | lr 4.30e-04
Epoch  37 | train 0.3065 (IM@1 0.0260 FM@1 0.0429) | val 0.3867 (IM@1 0.0248 FM@1 0.0605) sup 0.0689/0.0852 roll 0.2375/0.3014 (λ=1.00) | lr 4.30e-04
Epoch  38 | train 0.3045 (IM@1 0.0258 FM@1 0.0424) | val 0.3920 (IM@1 0.0252 FM@1 0.0628) sup 0.0682/0.0880 roll 0.2363/0.3040 (λ=1.00) | lr 4.30e-04
Epoch  39 | train 0.2998 (IM@1 0.0256 FM@1 0.0413) | val 0.3949 (IM@1 0.0262 FM@1 0.0613) sup 0.0668/0.0874 roll 0.2330/0.3075 (λ=1.00) | lr 4.30e-04

Training completato (combo). Best val (sup + 1.0*roll, da epoch 10): 0.3772 a epoch 32
[I 2026-09-26 19:16:37,828] Trial 46 finished with value: 0.3771551702770016 and parameters: {'gru_hidden_fm': 256, 'mlp_hidden_fm': 512, 'dropout_fm': 0.10792287283998091, 'weight_decay_fm': 0.028245705760595263, 'gru_hidden_im': 64, 'mlp_hidden_im': 128, 'dropout_im': 0.16084964810267602, 'weight_decay_im': 0.0029328717429607013, 'lr': 0.0004300612078637543, 'batch_size': 64, 'clip_norm': 0.5}. Best is trial 58 with value: 0.3605886232752144.
Split per-trial: 26015 finestre train | 6505 finestre val
Epoch   0 | train 0.3529 (IM@1 0.1464 FM@1 0.2065) | val 0.1408 (IM@1 0.0297 FM@1 0.1111) sup 0.3529/0.1408 roll 1.0950/0.6403 (λ=0.00) | lr 4.42e-04
Epoch   1 | train 0.1882 (IM@1 0.0382 FM@1 0.0961) | val 0.1363 (IM@1 0.0212 FM@1 0.0812) sup 0.1343/0.1024 roll 0.5399/0.3393 (λ=0.10) | lr 4.42e-04
Epoch   2 | train 0.2064 (IM@1 0.0353 FM@1 0.0844) | val 0.1664 (IM@1 0.0216 FM@1 0.0792) sup 0.1197/0.1007 roll 0.4334/0.3282 (λ=0.20) | lr 4.42e-04
Epoch   3 | train 0.2333 (IM@1 0.0350 FM@1 0.0787) | val 0.1959 (IM@1 0.0230 FM@1 0.0744) sup 0.1137/0.0974 roll 0.3987/0.3284 (λ=0.30) | lr 4.42e-04
Epoch   4 | train 0.2602 (IM@1 0.0351 FM@1 0.0749) | val 0.2247 (IM@1 0.0228 FM@1 0.0739) sup 0.1100/0.0967 roll 0.3755/0.3198 (λ=0.40) | lr 4.42e-04
Epoch   5 | train 0.2875 (IM@1 0.0351 FM@1 0.0717) | val 0.2514 (IM@1 0.0232 FM@1 0.0714) sup 0.1069/0.0946 roll 0.3613/0.3136 (λ=0.50) | lr 4.42e-04
Epoch   6 | train 0.3140 (IM@1 0.0350 FM@1 0.0694) | val 0.2766 (IM@1 0.0240 FM@1 0.0675) sup 0.1044/0.0915 roll 0.3493/0.3085 (λ=0.60) | lr 4.42e-04
Epoch   7 | train 0.3391 (IM@1 0.0342 FM@1 0.0676) | val 0.3205 (IM@1 0.0255 FM@1 0.0718) sup 0.1018/0.0973 roll 0.3390/0.3188 (λ=0.70) | lr 4.42e-04
Epoch   8 | train 0.3670 (IM@1 0.0351 FM@1 0.0667) | val 0.3391 (IM@1 0.0246 FM@1 0.0672) sup 0.1019/0.0918 roll 0.3314/0.3091 (λ=0.80) | lr 4.42e-04
Epoch   9 | train 0.3932 (IM@1 0.0349 FM@1 0.0665) | val 0.3742 (IM@1 0.0268 FM@1 0.0675) sup 0.1014/0.0944 roll 0.3242/0.3109 (λ=0.90) | lr 4.42e-04
Epoch  10 | train 0.4165 (IM@1 0.0344 FM@1 0.0648) | val 0.3999 (IM@1 0.0267 FM@1 0.0679) sup 0.0992/0.0945 roll 0.3172/0.3053 (λ=1.00) | lr 4.42e-04
Epoch  11 | train 0.4120 (IM@1 0.0350 FM@1 0.0638) | val 0.3977 (IM@1 0.0265 FM@1 0.0671) sup 0.0988/0.0935 roll 0.3132/0.3042 (λ=1.00) | lr 4.42e-04
Epoch  12 | train 0.4080 (IM@1 0.0346 FM@1 0.0637) | val 0.4041 (IM@1 0.0247 FM@1 0.0684) sup 0.0983/0.0931 roll 0.3097/0.3110 (λ=1.00) | lr 4.42e-04
Epoch  13 | train 0.4015 (IM@1 0.0343 FM@1 0.0622) | val 0.4000 (IM@1 0.0251 FM@1 0.0677) sup 0.0965/0.0928 roll 0.3050/0.3072 (λ=1.00) | lr 4.42e-04
Epoch  14 | train 0.3980 (IM@1 0.0339 FM@1 0.0611) | val 0.3932 (IM@1 0.0269 FM@1 0.0644) sup 0.0950/0.0913 roll 0.3029/0.3019 (λ=1.00) | lr 4.42e-04
Epoch  15 | train 0.3930 (IM@1 0.0336 FM@1 0.0610) | val 0.3892 (IM@1 0.0263 FM@1 0.0648) sup 0.0946/0.0910 roll 0.2984/0.2982 (λ=1.00) | lr 4.42e-04
Epoch  16 | train 0.3900 (IM@1 0.0334 FM@1 0.0602) | val 0.3914 (IM@1 0.0258 FM@1 0.0636) sup 0.0936/0.0894 roll 0.2963/0.3020 (λ=1.00) | lr 4.42e-04
Epoch  17 | train 0.3841 (IM@1 0.0328 FM@1 0.0587) | val 0.3941 (IM@1 0.0270 FM@1 0.0640) sup 0.0915/0.0910 roll 0.2926/0.3031 (λ=1.00) | lr 4.42e-04
Epoch  18 | train 0.3825 (IM@1 0.0330 FM@1 0.0577) | val 0.3901 (IM@1 0.0251 FM@1 0.0652) sup 0.0907/0.0903 roll 0.2918/0.2998 (λ=1.00) | lr 4.42e-04
Epoch  19 | train 0.3799 (IM@1 0.0326 FM@1 0.0574) | val 0.3939 (IM@1 0.0265 FM@1 0.0633) sup 0.0901/0.0898 roll 0.2898/0.3041 (λ=1.00) | lr 4.42e-04
Epoch  20 | train 0.3791 (IM@1 0.0330 FM@1 0.0577) | val 0.3913 (IM@1 0.0249 FM@1 0.0629) sup 0.0907/0.0878 roll 0.2884/0.3035 (λ=1.00) | lr 4.42e-04
Epoch  21 | train 0.3731 (IM@1 0.0327 FM@1 0.0565) | val 0.3818 (IM@1 0.0248 FM@1 0.0620) sup 0.0891/0.0868 roll 0.2839/0.2950 (λ=1.00) | lr 4.42e-04
Epoch  22 | train 0.3714 (IM@1 0.0319 FM@1 0.0552) | val 0.3925 (IM@1 0.0255 FM@1 0.0634) sup 0.0871/0.0889 roll 0.2843/0.3036 (λ=1.00) | lr 4.42e-04
Epoch  23 | train 0.3686 (IM@1 0.0323 FM@1 0.0555) | val 0.3887 (IM@1 0.0258 FM@1 0.0610) sup 0.0878/0.0868 roll 0.2808/0.3019 (λ=1.00) | lr 4.42e-04
Epoch  24 | train 0.3681 (IM@1 0.0322 FM@1 0.0543) | val 0.3848 (IM@1 0.0253 FM@1 0.0637) sup 0.0865/0.0889 roll 0.2816/0.2959 (λ=1.00) | lr 4.42e-04
Epoch  25 | train 0.3622 (IM@1 0.0320 FM@1 0.0539) | val 0.3876 (IM@1 0.0249 FM@1 0.0605) sup 0.0859/0.0853 roll 0.2763/0.3023 (λ=1.00) | lr 4.42e-04
Epoch  26 | train 0.3622 (IM@1 0.0316 FM@1 0.0537) | val 0.3922 (IM@1 0.0259 FM@1 0.0642) sup 0.0853/0.0901 roll 0.2769/0.3021 (λ=1.00) | lr 4.42e-04
Epoch  27 | train 0.3598 (IM@1 0.0319 FM@1 0.0533) | val 0.3904 (IM@1 0.0254 FM@1 0.0644) sup 0.0852/0.0898 roll 0.2745/0.3006 (λ=1.00) | lr 4.42e-04
Epoch  28 | train 0.3570 (IM@1 0.0313 FM@1 0.0530) | val 0.3929 (IM@1 0.0245 FM@1 0.0647) sup 0.0842/0.0892 roll 0.2727/0.3037 (λ=1.00) | lr 4.42e-04
Epoch  29 | train 0.3558 (IM@1 0.0316 FM@1 0.0526) | val 0.3858 (IM@1 0.0255 FM@1 0.0621) sup 0.0842/0.0876 roll 0.2716/0.2982 (λ=1.00) | lr 4.42e-04
[I 2026-09-26 20:15:34,602] Trial 78 pruned. 
Split per-trial: 26015 finestre train | 6505 finestre val
Epoch   0 | train 0.4100 (IM@1 0.1677 FM@1 0.2423) | val 0.1459 (IM@1 0.0335 FM@1 0.1125) sup 0.4100/0.1459 roll 1.3892/0.8201 (λ=0.00) | lr 7.79e-04
Epoch   1 | train 0.2279 (IM@1 0.0412 FM@1 0.1121) | val 0.1772 (IM@1 0.0293 FM@1 0.0969) sup 0.1533/0.1263 roll 0.7460/0.5090 (λ=0.10) | lr 7.79e-04
Epoch   2 | train 0.2279 (IM@1 0.0335 FM@1 0.0952) | val 0.1831 (IM@1 0.0250 FM@1 0.0810) sup 0.1286/0.1060 roll 0.4965/0.3852 (λ=0.20) | lr 7.79e-04
Epoch   3 | train 0.2431 (IM@1 0.0302 FM@1 0.0853) | val 0.2163 (IM@1 0.0233 FM@1 0.0852) sup 0.1155/0.1085 roll 0.4253/0.3593 (λ=0.30) | lr 7.79e-04
Epoch   4 | train 0.2638 (IM@1 0.0286 FM@1 0.0809) | val 0.2372 (IM@1 0.0248 FM@1 0.0730) sup 0.1095/0.0979 roll 0.3856/0.3484 (λ=0.40) | lr 7.79e-04
Epoch   5 | train 0.2831 (IM@1 0.0282 FM@1 0.0753) | val 0.2583 (IM@1 0.0235 FM@1 0.0698) sup 0.1035/0.0933 roll 0.3591/0.3301 (λ=0.50) | lr 7.79e-04
Epoch   6 | train 0.3080 (IM@1 0.0281 FM@1 0.0741) | val 0.2882 (IM@1 0.0247 FM@1 0.0669) sup 0.1022/0.0916 roll 0.3430/0.3276 (λ=0.60) | lr 7.79e-04
Epoch   7 | train 0.3324 (IM@1 0.0275 FM@1 0.0721) | val 0.3332 (IM@1 0.0250 FM@1 0.0754) sup 0.0997/0.1004 roll 0.3325/0.3326 (λ=0.70) | lr 7.79e-04
Epoch   8 | train 0.3555 (IM@1 0.0274 FM@1 0.0695) | val 0.3393 (IM@1 0.0237 FM@1 0.0650) sup 0.0970/0.0888 roll 0.3232/0.3132 (λ=0.80) | lr 7.79e-04
Epoch   9 | train 0.3791 (IM@1 0.0270 FM@1 0.0685) | val 0.3866 (IM@1 0.0259 FM@1 0.0681) sup 0.0955/0.0940 roll 0.3152/0.3251 (λ=0.90) | lr 7.79e-04
Epoch  10 | train 0.4035 (IM@1 0.0269 FM@1 0.0675) | val 0.3992 (IM@1 0.0244 FM@1 0.0661) sup 0.0944/0.0905 roll 0.3091/0.3086 (λ=1.00) | lr 7.79e-04
Epoch  11 | train 0.3945 (IM@1 0.0269 FM@1 0.0663) | val 0.4040 (IM@1 0.0260 FM@1 0.0660) sup 0.0932/0.0920 roll 0.3013/0.3120 (λ=1.00) | lr 7.79e-04
Epoch  12 | train 0.3872 (IM@1 0.0260 FM@1 0.0651) | val 0.3929 (IM@1 0.0237 FM@1 0.0628) sup 0.0911/0.0865 roll 0.2961/0.3064 (λ=1.00) | lr 7.79e-04
Epoch  13 | train 0.3843 (IM@1 0.0263 FM@1 0.0648) | val 0.3931 (IM@1 0.0243 FM@1 0.0642) sup 0.0911/0.0885 roll 0.2932/0.3046 (λ=1.00) | lr 7.79e-04
Epoch  14 | train 0.3791 (IM@1 0.0259 FM@1 0.0633) | val 0.4039 (IM@1 0.0259 FM@1 0.0636) sup 0.0892/0.0895 roll 0.2899/0.3144 (λ=1.00) | lr 7.79e-04
Epoch  15 | train 0.3758 (IM@1 0.0259 FM@1 0.0627) | val 0.3956 (IM@1 0.0264 FM@1 0.0630) sup 0.0886/0.0895 roll 0.2872/0.3061 (λ=1.00) | lr 7.79e-04
Epoch  16 | train 0.3699 (IM@1 0.0259 FM@1 0.0609) | val 0.3923 (IM@1 0.0238 FM@1 0.0618) sup 0.0868/0.0856 roll 0.2831/0.3067 (λ=1.00) | lr 7.79e-04
Epoch  17 | train 0.3659 (IM@1 0.0253 FM@1 0.0594) | val 0.3892 (IM@1 0.0248 FM@1 0.0623) sup 0.0847/0.0870 roll 0.2813/0.3022 (λ=1.00) | lr 7.79e-04
Epoch  18 | train 0.3636 (IM@1 0.0248 FM@1 0.0604) | val 0.3957 (IM@1 0.0247 FM@1 0.0620) sup 0.0852/0.0867 roll 0.2784/0.3090 (λ=1.00) | lr 7.79e-04
Epoch  19 | train 0.3600 (IM@1 0.0251 FM@1 0.0591) | val 0.3862 (IM@1 0.0240 FM@1 0.0614) sup 0.0843/0.0854 roll 0.2757/0.3008 (λ=1.00) | lr 7.79e-04
Epoch  20 | train 0.3539 (IM@1 0.0247 FM@1 0.0570) | val 0.3972 (IM@1 0.0240 FM@1 0.0622) sup 0.0817/0.0862 roll 0.2722/0.3110 (λ=1.00) | lr 7.79e-04
Epoch  21 | train 0.3505 (IM@1 0.0243 FM@1 0.0570) | val 0.3913 (IM@1 0.0253 FM@1 0.0623) sup 0.0813/0.0876 roll 0.2692/0.3038 (λ=1.00) | lr 7.79e-04
Epoch  22 | train 0.3478 (IM@1 0.0242 FM@1 0.0562) | val 0.3798 (IM@1 0.0238 FM@1 0.0590) sup 0.0805/0.0828 roll 0.2674/0.2970 (λ=1.00) | lr 7.79e-04
Epoch  23 | train 0.3470 (IM@1 0.0246 FM@1 0.0562) | val 0.3883 (IM@1 0.0238 FM@1 0.0612) sup 0.0808/0.0850 roll 0.2661/0.3033 (λ=1.00) | lr 7.79e-04
Epoch  24 | train 0.3424 (IM@1 0.0246 FM@1 0.0549) | val 0.3813 (IM@1 0.0240 FM@1 0.0619) sup 0.0795/0.0858 roll 0.2629/0.2955 (λ=1.00) | lr 7.79e-04
Epoch  25 | train 0.3404 (IM@1 0.0241 FM@1 0.0546) | val 0.3863 (IM@1 0.0244 FM@1 0.0609) sup 0.0787/0.0853 roll 0.2617/0.3010 (λ=1.00) | lr 7.79e-04
Epoch  26 | train 0.3345 (IM@1 0.0242 FM@1 0.0535) | val 0.3866 (IM@1 0.0251 FM@1 0.0608) sup 0.0776/0.0859 roll 0.2568/0.3006 (λ=1.00) | lr 7.79e-04
Epoch  27 | train 0.3345 (IM@1 0.0242 FM@1 0.0539) | val 0.3892 (IM@1 0.0233 FM@1 0.0629) sup 0.0781/0.0863 roll 0.2564/0.3030 (λ=1.00) | lr 7.79e-04
Epoch  28 | train 0.3292 (IM@1 0.0239 FM@1 0.0521) | val 0.3866 (IM@1 0.0245 FM@1 0.0619) sup 0.0760/0.0864 roll 0.2532/0.3002 (λ=1.00) | lr 7.79e-04
Epoch  29 | train 0.3254 (IM@1 0.0238 FM@1 0.0516) | val 0.3810 (IM@1 0.0238 FM@1 0.0602) sup 0.0754/0.0840 roll 0.2500/0.2971 (λ=1.00) | lr 7.79e-04
Epoch  30 | train 0.3229 (IM@1 0.0236 FM@1 0.0515) | val 0.3825 (IM@1 0.0238 FM@1 0.0616) sup 0.0751/0.0854 roll 0.2478/0.2971 (λ=1.00) | lr 7.79e-04
[I 2026-09-26 20:59:14,224] Trial 92 pruned. 

Best val: 0.36059
  gru_hidden_fm: 128
  mlp_hidden_fm: 128
  dropout_fm: 0.053228712735840886
  weight_decay_fm: 2.3447806287056487e-05
  gru_hidden_im: 128
  mlp_hidden_im: 64
  dropout_im: 0.002043343117720862
  weight_decay_im: 1.4562760771452169e-06
  lr: 0.0003755740523370064
  batch_size: 64
  clip_norm: 1.0
Report: /home/gemma/tesi/aquabot/src/net/Estimator/tuning/tuning_results/best_joint_combo_p1_k10.txt
