Studio: joint_combo_p1_k10 | device cpu | mode=combo P=1 K=10 T=10
Caricamento dataset...
Trovati 120 trial.
Dataset grezzo: 120 trial letti. Scaler e finestre costruiti in split_by_trial() (fit solo su train).
/home/gemma/tesi/aquabot/src/net/Estimator/tuning/tune_joint.py:245: ExperimentalWarning: Argument ``multivariate`` is an experimental feature. The interface can change in the future.
  sampler = optuna.samplers.TPESampler(
/home/gemma/tesi/aquabot/src/net/Estimator/tuning/tune_joint.py:245: ExperimentalWarning: Argument ``group`` is an experimental feature. The interface can change in the future.
  sampler = optuna.samplers.TPESampler(
/home/gemma/tesi/aquabot/src/net/Estimator/tuning/tune_joint.py:245: ExperimentalWarning: Argument ``constant_liar`` is an experimental feature. The interface can change in the future.
  sampler = optuna.samplers.TPESampler(
[I 2026-09-26 12:52:28,331] Using an existing study with name 'joint_combo_p1_k10' instead of creating a new one.
Normalizzatore caricato da /home/gemma/tesi/aquabot/src/net/scaler/scalers_joint.pkl (nessun refit).
Dataset: 32520 campioni da 120 trial. H=20 P=10 | seq_cmd=(20, 1) seq_sens=(20, 2)
Split per-trial: 26015 finestre train | 6505 finestre val
Epoch   0 | train 0.7688 (IM@1 0.3692 FM@1 0.3996) | val 0.2639 (IM@1 0.0737 FM@1 0.1902) sup 0.7688/0.2639 roll 1.5869/0.9940 (λ=0.00) | lr 2.38e-04
Epoch   1 | train 0.3791 (IM@1 0.0857 FM@1 0.1848) | val 0.2638 (IM@1 0.0548 FM@1 0.1321) sup 0.2705/0.1868 roll 1.0862/0.7693 (λ=0.10) | lr 2.38e-04
Epoch   2 | train 0.3809 (IM@1 0.0669 FM@1 0.1511) | val 0.2855 (IM@1 0.0480 FM@1 0.1178) sup 0.2180/0.1658 roll 0.8143/0.5981 (λ=0.20) | lr 2.38e-04
Epoch   3 | train 0.4059 (IM@1 0.0598 FM@1 0.1390) | val 0.2965 (IM@1 0.0436 FM@1 0.0998) sup 0.1988/0.1434 roll 0.6902/0.5103 (λ=0.30) | lr 2.38e-04
Epoch   4 | train 0.4248 (IM@1 0.0558 FM@1 0.1293) | val 0.3113 (IM@1 0.0362 FM@1 0.0951) sup 0.1851/0.1313 roll 0.5992/0.4499 (λ=0.40) | lr 2.38e-04
Epoch   5 | train 0.4494 (IM@1 0.0505 FM@1 0.1224) | val 0.3395 (IM@1 0.0352 FM@1 0.0928) sup 0.1729/0.1280 roll 0.5529/0.4230 (λ=0.50) | lr 2.38e-04
Epoch   6 | train 0.4694 (IM@1 0.0492 FM@1 0.1165) | val 0.3711 (IM@1 0.0331 FM@1 0.0921) sup 0.1657/0.1251 roll 0.5061/0.4099 (λ=0.60) | lr 2.38e-04
Epoch   7 | train 0.4956 (IM@1 0.0483 FM@1 0.1128) | val 0.3758 (IM@1 0.0306 FM@1 0.0848) sup 0.1611/0.1154 roll 0.4779/0.3720 (λ=0.70) | lr 2.38e-04
Epoch   8 | train 0.5195 (IM@1 0.0473 FM@1 0.1109) | val 0.3980 (IM@1 0.0305 FM@1 0.0843) sup 0.1583/0.1149 roll 0.4516/0.3540 (λ=0.80) | lr 2.38e-04
Epoch   9 | train 0.5445 (IM@1 0.0471 FM@1 0.1083) | val 0.4484 (IM@1 0.0309 FM@1 0.0862) sup 0.1554/0.1171 roll 0.4324/0.3681 (λ=0.90) | lr 2.38e-04
Epoch  10 | train 0.5673 (IM@1 0.0463 FM@1 0.1061) | val 0.4602 (IM@1 0.0297 FM@1 0.0815) sup 0.1524/0.1112 roll 0.4150/0.3490 (λ=1.00) | lr 2.38e-04
Epoch  11 | train 0.5535 (IM@1 0.0460 FM@1 0.1055) | val 0.4425 (IM@1 0.0295 FM@1 0.0798) sup 0.1515/0.1093 roll 0.4021/0.3332 (λ=1.00) | lr 2.38e-04
Epoch  12 | train 0.5417 (IM@1 0.0466 FM@1 0.1031) | val 0.4419 (IM@1 0.0287 FM@1 0.0792) sup 0.1497/0.1080 roll 0.3920/0.3339 (λ=1.00) | lr 2.38e-04
Epoch  13 | train 0.5305 (IM@1 0.0466 FM@1 0.1007) | val 0.4353 (IM@1 0.0287 FM@1 0.0795) sup 0.1473/0.1082 roll 0.3832/0.3270 (λ=1.00) | lr 2.38e-04
Epoch  14 | train 0.5210 (IM@1 0.0453 FM@1 0.0996) | val 0.4302 (IM@1 0.0299 FM@1 0.0768) sup 0.1449/0.1067 roll 0.3761/0.3236 (λ=1.00) | lr 2.38e-04
Epoch  15 | train 0.5074 (IM@1 0.0443 FM@1 0.0974) | val 0.4348 (IM@1 0.0289 FM@1 0.0775) sup 0.1417/0.1064 roll 0.3657/0.3284 (λ=1.00) | lr 2.38e-04
Epoch  16 | train 0.5007 (IM@1 0.0444 FM@1 0.0964) | val 0.4322 (IM@1 0.0293 FM@1 0.0766) sup 0.1408/0.1058 roll 0.3599/0.3264 (λ=1.00) | lr 2.38e-04
Epoch  17 | train 0.4952 (IM@1 0.0436 FM@1 0.0976) | val 0.4192 (IM@1 0.0280 FM@1 0.0740) sup 0.1413/0.1020 roll 0.3540/0.3172 (λ=1.00) | lr 2.38e-04
Epoch  18 | train 0.4898 (IM@1 0.0437 FM@1 0.0940) | val 0.4232 (IM@1 0.0290 FM@1 0.0731) sup 0.1377/0.1021 roll 0.3521/0.3211 (λ=1.00) | lr 2.38e-04
Epoch  19 | train 0.4847 (IM@1 0.0436 FM@1 0.0926) | val 0.4120 (IM@1 0.0284 FM@1 0.0727) sup 0.1362/0.1011 roll 0.3485/0.3109 (λ=1.00) | lr 2.38e-04
Epoch  20 | train 0.4781 (IM@1 0.0425 FM@1 0.0919) | val 0.4322 (IM@1 0.0293 FM@1 0.0789) sup 0.1344/0.1082 roll 0.3437/0.3239 (λ=1.00) | lr 2.38e-04
Epoch  21 | train 0.4760 (IM@1 0.0436 FM@1 0.0920) | val 0.4178 (IM@1 0.0279 FM@1 0.0752) sup 0.1357/0.1031 roll 0.3403/0.3146 (λ=1.00) | lr 2.38e-04
Epoch  22 | train 0.4682 (IM@1 0.0427 FM@1 0.0913) | val 0.4169 (IM@1 0.0288 FM@1 0.0765) sup 0.1339/0.1053 roll 0.3343/0.3116 (λ=1.00) | lr 2.38e-04
Epoch  23 | train 0.4675 (IM@1 0.0433 FM@1 0.0902) | val 0.4132 (IM@1 0.0291 FM@1 0.0715) sup 0.1335/0.1006 roll 0.3341/0.3125 (λ=1.00) | lr 2.38e-04
Epoch  24 | train 0.4622 (IM@1 0.0425 FM@1 0.0888) | val 0.4258 (IM@1 0.0292 FM@1 0.0721) sup 0.1314/0.1013 roll 0.3308/0.3245 (λ=1.00) | lr 2.38e-04
Epoch  25 | train 0.4611 (IM@1 0.0423 FM@1 0.0883) | val 0.4109 (IM@1 0.0284 FM@1 0.0723) sup 0.1306/0.1007 roll 0.3305/0.3101 (λ=1.00) | lr 2.38e-04
Epoch  26 | train 0.4538 (IM@1 0.0417 FM@1 0.0865) | val 0.4137 (IM@1 0.0300 FM@1 0.0748) sup 0.1282/0.1047 roll 0.3256/0.3090 (λ=1.00) | lr 2.38e-04
Epoch  27 | train 0.4521 (IM@1 0.0424 FM@1 0.0862) | val 0.4148 (IM@1 0.0307 FM@1 0.0740) sup 0.1286/0.1047 roll 0.3235/0.3100 (λ=1.00) | lr 2.38e-04
Epoch  28 | train 0.4519 (IM@1 0.0426 FM@1 0.0859) | val 0.4139 (IM@1 0.0288 FM@1 0.0749) sup 0.1285/0.1038 roll 0.3233/0.3102 (λ=1.00) | lr 2.38e-04
Epoch  29 | train 0.4460 (IM@1 0.0426 FM@1 0.0846) | val 0.4010 (IM@1 0.0288 FM@1 0.0684) sup 0.1272/0.0972 roll 0.3188/0.3038 (λ=1.00) | lr 2.38e-04
Epoch  30 | train 0.4442 (IM@1 0.0412 FM@1 0.0850) | val 0.4054 (IM@1 0.0289 FM@1 0.0705) sup 0.1262/0.0994 roll 0.3180/0.3060 (λ=1.00) | lr 2.38e-04
Epoch  31 | train 0.4397 (IM@1 0.0412 FM@1 0.0830) | val 0.4111 (IM@1 0.0279 FM@1 0.0728) sup 0.1242/0.1007 roll 0.3155/0.3104 (λ=1.00) | lr 2.38e-04
Epoch  32 | train 0.4388 (IM@1 0.0416 FM@1 0.0825) | val 0.4099 (IM@1 0.0282 FM@1 0.0710) sup 0.1241/0.0992 roll 0.3147/0.3107 (λ=1.00) | lr 2.38e-04
Epoch  33 | train 0.4386 (IM@1 0.0412 FM@1 0.0833) | val 0.4019 (IM@1 0.0275 FM@1 0.0691) sup 0.1244/0.0966 roll 0.3141/0.3052 (λ=1.00) | lr 2.38e-04
Epoch  34 | train 0.4355 (IM@1 0.0415 FM@1 0.0823) | val 0.4078 (IM@1 0.0284 FM@1 0.0699) sup 0.1238/0.0982 roll 0.3117/0.3096 (λ=1.00) | lr 2.38e-04
Epoch  35 | train 0.4309 (IM@1 0.0403 FM@1 0.0813) | val 0.4100 (IM@1 0.0290 FM@1 0.0696) sup 0.1216/0.0986 roll 0.3092/0.3114 (λ=1.00) | lr 2.38e-04
Epoch  36 | train 0.4285 (IM@1 0.0401 FM@1 0.0809) | val 0.4026 (IM@1 0.0285 FM@1 0.0689) sup 0.1209/0.0974 roll 0.3076/0.3052 (λ=1.00) | lr 2.38e-04
[I 2026-09-26 16:08:18,522] Trial 16 pruned. 
Split per-trial: 26015 finestre train | 6505 finestre val
Epoch   0 | train 0.8497 (IM@1 0.3915 FM@1 0.4581) | val 0.3178 (IM@1 0.0763 FM@1 0.2416) sup 0.8497/0.3178 roll 1.6426/1.1003 (λ=0.00) | lr 3.00e-04
Epoch   1 | train 0.3872 (IM@1 0.0748 FM@1 0.2132) | val 0.2733 (IM@1 0.0456 FM@1 0.1552) sup 0.2880/0.2008 roll 0.9916/0.7251 (λ=0.10) | lr 3.00e-04
Epoch   2 | train 0.3657 (IM@1 0.0565 FM@1 0.1603) | val 0.2698 (IM@1 0.0371 FM@1 0.1252) sup 0.2168/0.1622 roll 0.7444/0.5377 (λ=0.20) | lr 3.00e-04
Epoch   3 | train 0.3770 (IM@1 0.0508 FM@1 0.1400) | val 0.2788 (IM@1 0.0305 FM@1 0.1123) sup 0.1908/0.1428 roll 0.6208/0.4534 (λ=0.30) | lr 3.00e-04
Epoch   4 | train 0.3876 (IM@1 0.0455 FM@1 0.1271) | val 0.2834 (IM@1 0.0267 FM@1 0.1024) sup 0.1727/0.1290 roll 0.5374/0.3858 (λ=0.40) | lr 3.00e-04
Epoch   5 | train 0.4095 (IM@1 0.0447 FM@1 0.1185) | val 0.3076 (IM@1 0.0267 FM@1 0.0952) sup 0.1632/0.1219 roll 0.4925/0.3714 (λ=0.50) | lr 3.00e-04
Epoch   6 | train 0.4345 (IM@1 0.0439 FM@1 0.1134) | val 0.3311 (IM@1 0.0273 FM@1 0.0922) sup 0.1573/0.1195 roll 0.4620/0.3528 (λ=0.60) | lr 3.00e-04
Epoch   7 | train 0.4613 (IM@1 0.0438 FM@1 0.1097) | val 0.3704 (IM@1 0.0279 FM@1 0.0917) sup 0.1535/0.1196 roll 0.4398/0.3583 (λ=0.70) | lr 3.00e-04
Epoch   8 | train 0.4854 (IM@1 0.0433 FM@1 0.1067) | val 0.3911 (IM@1 0.0281 FM@1 0.0873) sup 0.1501/0.1154 roll 0.4191/0.3446 (λ=0.80) | lr 3.00e-04
Epoch   9 | train 0.5100 (IM@1 0.0428 FM@1 0.1024) | val 0.4233 (IM@1 0.0267 FM@1 0.0855) sup 0.1452/0.1122 roll 0.4054/0.3456 (λ=0.90) | lr 3.00e-04
Epoch  10 | train 0.5349 (IM@1 0.0429 FM@1 0.1005) | val 0.4365 (IM@1 0.0273 FM@1 0.0833) sup 0.1434/0.1106 roll 0.3915/0.3259 (λ=1.00) | lr 3.00e-04
Epoch  11 | train 0.5221 (IM@1 0.0426 FM@1 0.0983) | val 0.4374 (IM@1 0.0279 FM@1 0.0821) sup 0.1409/0.1099 roll 0.3813/0.3274 (λ=1.00) | lr 3.00e-04
Epoch  12 | train 0.5148 (IM@1 0.0425 FM@1 0.0958) | val 0.4229 (IM@1 0.0265 FM@1 0.0793) sup 0.1383/0.1058 roll 0.3765/0.3170 (λ=1.00) | lr 3.00e-04
Epoch  13 | train 0.5052 (IM@1 0.0422 FM@1 0.0943) | val 0.4276 (IM@1 0.0284 FM@1 0.0801) sup 0.1365/0.1085 roll 0.3686/0.3191 (λ=1.00) | lr 3.00e-04
Epoch  14 | train 0.4994 (IM@1 0.0430 FM@1 0.0931) | val 0.4281 (IM@1 0.0288 FM@1 0.0801) sup 0.1361/0.1089 roll 0.3633/0.3192 (λ=1.00) | lr 3.00e-04
Epoch  15 | train 0.4916 (IM@1 0.0418 FM@1 0.0925) | val 0.4267 (IM@1 0.0286 FM@1 0.0777) sup 0.1344/0.1064 roll 0.3572/0.3203 (λ=1.00) | lr 3.00e-04
Epoch  16 | train 0.4874 (IM@1 0.0422 FM@1 0.0903) | val 0.4273 (IM@1 0.0285 FM@1 0.0778) sup 0.1324/0.1063 roll 0.3550/0.3210 (λ=1.00) | lr 3.00e-04
Epoch  17 | train 0.4777 (IM@1 0.0419 FM@1 0.0891) | val 0.4398 (IM@1 0.0285 FM@1 0.0784) sup 0.1310/0.1070 roll 0.3468/0.3328 (λ=1.00) | lr 3.00e-04
Epoch  18 | train 0.4751 (IM@1 0.0417 FM@1 0.0886) | val 0.4212 (IM@1 0.0278 FM@1 0.0752) sup 0.1303/0.1031 roll 0.3448/0.3182 (λ=1.00) | lr 3.00e-04
[I 2026-09-26 18:04:43,288] Trial 43 pruned. 
Split per-trial: 26015 finestre train | 6505 finestre val
Epoch   0 | train 0.3543 (IM@1 0.1155 FM@1 0.2388) | val 0.1386 (IM@1 0.0264 FM@1 0.1122) sup 0.3543/0.1386 roll 1.0223/0.6154 (λ=0.00) | lr 2.00e-03
Epoch   1 | train 0.1970 (IM@1 0.0314 FM@1 0.1145) | val 0.1418 (IM@1 0.0213 FM@1 0.0860) sup 0.1459/0.1073 roll 0.5107/0.3443 (λ=0.10) | lr 2.00e-03
Epoch   2 | train 0.2178 (IM@1 0.0311 FM@1 0.0987) | val 0.1792 (IM@1 0.0263 FM@1 0.0796) sup 0.1297/0.1059 roll 0.4401/0.3666 (λ=0.20) | lr 2.00e-03
Epoch   3 | train 0.2397 (IM@1 0.0299 FM@1 0.0917) | val 0.2118 (IM@1 0.0217 FM@1 0.0863) sup 0.1217/0.1080 roll 0.3933/0.3460 (λ=0.30) | lr 2.00e-03
Epoch   4 | train 0.2757 (IM@1 0.0305 FM@1 0.0921) | val 0.2269 (IM@1 0.0219 FM@1 0.0750) sup 0.1226/0.0969 roll 0.3828/0.3250 (λ=0.40) | lr 2.00e-03
Epoch   5 | train 0.2986 (IM@1 0.0301 FM@1 0.0849) | val 0.2681 (IM@1 0.0230 FM@1 0.0718) sup 0.1150/0.0948 roll 0.3671/0.3467 (λ=0.50) | lr 2.00e-03
Epoch   6 | train 0.3263 (IM@1 0.0298 FM@1 0.0849) | val 0.3000 (IM@1 0.0260 FM@1 0.0746) sup 0.1147/0.1006 roll 0.3526/0.3323 (λ=0.60) | lr 2.00e-03
Epoch   7 | train 0.3580 (IM@1 0.0308 FM@1 0.0829) | val 0.3192 (IM@1 0.0250 FM@1 0.0691) sup 0.1137/0.0941 roll 0.3490/0.3215 (λ=0.70) | lr 2.00e-03
Epoch   8 | train 0.3793 (IM@1 0.0295 FM@1 0.0801) | val 0.3762 (IM@1 0.0261 FM@1 0.0695) sup 0.1095/0.0955 roll 0.3372/0.3508 (λ=0.80) | lr 2.00e-03
Epoch   9 | train 0.4098 (IM@1 0.0303 FM@1 0.0792) | val 0.3760 (IM@1 0.0258 FM@1 0.0677) sup 0.1095/0.0935 roll 0.3337/0.3139 (λ=0.90) | lr 2.00e-03
Epoch  10 | train 0.4329 (IM@1 0.0299 FM@1 0.0782) | val 0.4189 (IM@1 0.0300 FM@1 0.0688) sup 0.1082/0.0988 roll 0.3248/0.3202 (λ=1.00) | lr 2.00e-03
Epoch  11 | train 0.4272 (IM@1 0.0297 FM@1 0.0766) | val 0.4121 (IM@1 0.0250 FM@1 0.0664) sup 0.1063/0.0914 roll 0.3209/0.3207 (λ=1.00) | lr 2.00e-03
Epoch  12 | train 0.4178 (IM@1 0.0288 FM@1 0.0752) | val 0.3984 (IM@1 0.0240 FM@1 0.0698) sup 0.1040/0.0938 roll 0.3137/0.3046 (λ=1.00) | lr 2.00e-03
Epoch  13 | train 0.4166 (IM@1 0.0292 FM@1 0.0755) | val 0.3913 (IM@1 0.0253 FM@1 0.0649) sup 0.1047/0.0903 roll 0.3120/0.3010 (λ=1.00) | lr 2.00e-03
Epoch  14 | train 0.4089 (IM@1 0.0287 FM@1 0.0732) | val 0.3921 (IM@1 0.0260 FM@1 0.0634) sup 0.1019/0.0895 roll 0.3070/0.3026 (λ=1.00) | lr 2.00e-03
Epoch  15 | train 0.4032 (IM@1 0.0288 FM@1 0.0714) | val 0.4096 (IM@1 0.0275 FM@1 0.0641) sup 0.1001/0.0915 roll 0.3031/0.3180 (λ=1.00) | lr 2.00e-03
Epoch  16 | train 0.4040 (IM@1 0.0284 FM@1 0.0734) | val 0.4064 (IM@1 0.0261 FM@1 0.0696) sup 0.1018/0.0957 roll 0.3022/0.3107 (λ=1.00) | lr 2.00e-03
Epoch  17 | train 0.3935 (IM@1 0.0280 FM@1 0.0709) | val 0.3904 (IM@1 0.0242 FM@1 0.0607) sup 0.0990/0.0848 roll 0.2946/0.3056 (λ=1.00) | lr 2.00e-03
Epoch  18 | train 0.3905 (IM@1 0.0275 FM@1 0.0693) | val 0.4005 (IM@1 0.0274 FM@1 0.0622) sup 0.0968/0.0896 roll 0.2937/0.3109 (λ=1.00) | lr 2.00e-03
Epoch  19 | train 0.3886 (IM@1 0.0283 FM@1 0.0687) | val 0.3946 (IM@1 0.0238 FM@1 0.0644) sup 0.0970/0.0882 roll 0.2916/0.3064 (λ=1.00) | lr 2.00e-03
Epoch  20 | train 0.3843 (IM@1 0.0273 FM@1 0.0689) | val 0.3791 (IM@1 0.0235 FM@1 0.0626) sup 0.0962/0.0861 roll 0.2881/0.2930 (λ=1.00) | lr 2.00e-03
Epoch  21 | train 0.3777 (IM@1 0.0270 FM@1 0.0675) | val 0.3877 (IM@1 0.0229 FM@1 0.0614) sup 0.0946/0.0842 roll 0.2832/0.3035 (λ=1.00) | lr 2.00e-03
Epoch  22 | train 0.3754 (IM@1 0.0271 FM@1 0.0665) | val 0.3840 (IM@1 0.0235 FM@1 0.0603) sup 0.0936/0.0838 roll 0.2818/0.3002 (λ=1.00) | lr 2.00e-03
Epoch  23 | train 0.3740 (IM@1 0.0272 FM@1 0.0673) | val 0.3822 (IM@1 0.0240 FM@1 0.0628) sup 0.0944/0.0868 roll 0.2795/0.2954 (λ=1.00) | lr 2.00e-03
Epoch  24 | train 0.3747 (IM@1 0.0273 FM@1 0.0662) | val 0.3850 (IM@1 0.0232 FM@1 0.0609) sup 0.0935/0.0841 roll 0.2812/0.3008 (λ=1.00) | lr 2.00e-03
Epoch  25 | train 0.3666 (IM@1 0.0269 FM@1 0.0639) | val 0.3861 (IM@1 0.0244 FM@1 0.0620) sup 0.0908/0.0864 roll 0.2759/0.2997 (λ=1.00) | lr 2.00e-03
Epoch  26 | train 0.3645 (IM@1 0.0269 FM@1 0.0647) | val 0.3889 (IM@1 0.0239 FM@1 0.0637) sup 0.0915/0.0876 roll 0.2729/0.3013 (λ=1.00) | lr 2.00e-03
Epoch  27 | train 0.3591 (IM@1 0.0263 FM@1 0.0638) | val 0.3945 (IM@1 0.0227 FM@1 0.0655) sup 0.0901/0.0882 roll 0.2690/0.3063 (λ=1.00) | lr 2.00e-03
Epoch  28 | train 0.3649 (IM@1 0.0272 FM@1 0.0642) | val 0.3863 (IM@1 0.0238 FM@1 0.0617) sup 0.0915/0.0855 roll 0.2735/0.3008 (λ=1.00) | lr 2.00e-03
Epoch  29 | train 0.3583 (IM@1 0.0265 FM@1 0.0636) | val 0.3928 (IM@1 0.0258 FM@1 0.0633) sup 0.0901/0.0891 roll 0.2682/0.3038 (λ=1.00) | lr 2.00e-03
Epoch  30 | train 0.3544 (IM@1 0.0264 FM@1 0.0626) | val 0.4090 (IM@1 0.0241 FM@1 0.0695) sup 0.0891/0.0937 roll 0.2653/0.3154 (λ=1.00) | lr 2.00e-03
Epoch  31 | train 0.3512 (IM@1 0.0266 FM@1 0.0615) | val 0.3956 (IM@1 0.0255 FM@1 0.0607) sup 0.0880/0.0863 roll 0.2632/0.3093 (λ=1.00) | lr 1.00e-03
Epoch  32 | train 0.3307 (IM@1 0.0249 FM@1 0.0577) | val 0.3937 (IM@1 0.0254 FM@1 0.0616) sup 0.0826/0.0871 roll 0.2481/0.3067 (λ=1.00) | lr 1.00e-03
Epoch  33 | train 0.3235 (IM@1 0.0248 FM@1 0.0561) | val 0.3885 (IM@1 0.0235 FM@1 0.0613) sup 0.0809/0.0848 roll 0.2426/0.3037 (λ=1.00) | lr 1.00e-03
Epoch  34 | train 0.3184 (IM@1 0.0248 FM@1 0.0553) | val 0.3886 (IM@1 0.0243 FM@1 0.0621) sup 0.0801/0.0863 roll 0.2383/0.3022 (λ=1.00) | lr 1.00e-03
Epoch  35 | train 0.3153 (IM@1 0.0250 FM@1 0.0546) | val 0.3978 (IM@1 0.0256 FM@1 0.0630) sup 0.0796/0.0886 roll 0.2357/0.3092 (λ=1.00) | lr 1.00e-03

Training completato (combo). Best val (sup + 1.0*roll, da epoch 10): 0.3791 a epoch 20
[I 2026-09-26 19:20:42,519] Trial 61 finished with value: 0.3790869915186442 and parameters: {'gru_hidden_fm': 256, 'mlp_hidden_fm': 512, 'dropout_fm': 0.3933590713781825, 'weight_decay_fm': 0.0002565373000304565, 'gru_hidden_im': 128, 'mlp_hidden_im': 256, 'dropout_im': 0.27617283912522345, 'weight_decay_im': 2.9085877547193122e-05, 'lr': 0.002000530671078313, 'batch_size': 256, 'clip_norm': 5.0}. Best is trial 58 with value: 0.3605886232752144.
Split per-trial: 26015 finestre train | 6505 finestre val
Epoch   0 | train 0.3862 (IM@1 0.1329 FM@1 0.2533) | val 0.1422 (IM@1 0.0257 FM@1 0.1165) sup 0.3862/0.1422 roll 1.0534/0.6351 (λ=0.00) | lr 4.17e-03
Epoch   1 | train 0.1841 (IM@1 0.0250 FM@1 0.1117) | val 0.1438 (IM@1 0.0202 FM@1 0.0890) sup 0.1367/0.1092 roll 0.4738/0.3464 (λ=0.10) | lr 4.17e-03
Epoch   2 | train 0.2023 (IM@1 0.0231 FM@1 0.0984) | val 0.1695 (IM@1 0.0198 FM@1 0.0831) sup 0.1215/0.1028 roll 0.4039/0.3332 (λ=0.20) | lr 4.17e-03
Epoch   3 | train 0.2202 (IM@1 0.0220 FM@1 0.0893) | val 0.2004 (IM@1 0.0217 FM@1 0.0773) sup 0.1113/0.0990 roll 0.3629/0.3381 (λ=0.30) | lr 4.17e-03
Epoch   4 | train 0.2440 (IM@1 0.0219 FM@1 0.0831) | val 0.2161 (IM@1 0.0213 FM@1 0.0690) sup 0.1050/0.0904 roll 0.3475/0.3143 (λ=0.40) | lr 4.17e-03
Epoch   5 | train 0.2750 (IM@1 0.0225 FM@1 0.0807) | val 0.2649 (IM@1 0.0218 FM@1 0.0713) sup 0.1033/0.0932 roll 0.3435/0.3434 (λ=0.50) | lr 4.17e-03
Epoch   6 | train 0.2968 (IM@1 0.0225 FM@1 0.0756) | val 0.2924 (IM@1 0.0248 FM@1 0.0672) sup 0.0981/0.0920 roll 0.3311/0.3340 (λ=0.60) | lr 4.17e-03
Epoch   7 | train 0.3246 (IM@1 0.0228 FM@1 0.0742) | val 0.3260 (IM@1 0.0247 FM@1 0.0705) sup 0.0970/0.0952 roll 0.3250/0.3297 (λ=0.70) | lr 4.17e-03
Epoch   8 | train 0.3448 (IM@1 0.0228 FM@1 0.0726) | val 0.3569 (IM@1 0.0237 FM@1 0.0662) sup 0.0954/0.0900 roll 0.3118/0.3337 (λ=0.80) | lr 4.17e-03
Epoch   9 | train 0.3702 (IM@1 0.0230 FM@1 0.0713) | val 0.3978 (IM@1 0.0261 FM@1 0.0637) sup 0.0943/0.0898 roll 0.3066/0.3422 (λ=0.90) | lr 4.17e-03
Epoch  10 | train 0.3932 (IM@1 0.0232 FM@1 0.0701) | val 0.3949 (IM@1 0.0253 FM@1 0.0633) sup 0.0933/0.0886 roll 0.3000/0.3063 (λ=1.00) | lr 4.17e-03
Epoch  11 | train 0.4010 (IM@1 0.0241 FM@1 0.0706) | val 0.3935 (IM@1 0.0246 FM@1 0.0607) sup 0.0947/0.0853 roll 0.3063/0.3082 (λ=1.00) | lr 4.17e-03
Epoch  12 | train 0.3828 (IM@1 0.0228 FM@1 0.0677) | val 0.3899 (IM@1 0.0240 FM@1 0.0609) sup 0.0905/0.0849 roll 0.2923/0.3050 (λ=1.00) | lr 4.17e-03
Epoch  13 | train 0.3677 (IM@1 0.0217 FM@1 0.0664) | val 0.4253 (IM@1 0.0241 FM@1 0.0653) sup 0.0881/0.0894 roll 0.2796/0.3359 (λ=1.00) | lr 4.17e-03
Epoch  14 | train 0.3697 (IM@1 0.0224 FM@1 0.0663) | val 0.4372 (IM@1 0.0310 FM@1 0.0629) sup 0.0887/0.0940 roll 0.2810/0.3433 (λ=1.00) | lr 4.17e-03
Epoch  15 | train 0.3604 (IM@1 0.0219 FM@1 0.0652) | val 0.4122 (IM@1 0.0243 FM@1 0.0608) sup 0.0872/0.0851 roll 0.2732/0.3271 (λ=1.00) | lr 4.17e-03
Epoch  16 | train 0.3505 (IM@1 0.0212 FM@1 0.0629) | val 0.4104 (IM@1 0.0237 FM@1 0.0607) sup 0.0842/0.0844 roll 0.2663/0.3260 (λ=1.00) | lr 4.17e-03
Epoch  17 | train 0.3449 (IM@1 0.0209 FM@1 0.0625) | val 0.4034 (IM@1 0.0229 FM@1 0.0641) sup 0.0834/0.0870 roll 0.2616/0.3164 (λ=1.00) | lr 4.17e-03
Epoch  18 | train 0.3416 (IM@1 0.0212 FM@1 0.0614) | val 0.3974 (IM@1 0.0233 FM@1 0.0600) sup 0.0825/0.0834 roll 0.2591/0.3140 (λ=1.00) | lr 4.17e-03
Epoch  19 | train 0.3451 (IM@1 0.0218 FM@1 0.0612) | val 0.4016 (IM@1 0.0251 FM@1 0.0646) sup 0.0830/0.0897 roll 0.2621/0.3118 (λ=1.00) | lr 4.17e-03
Epoch  20 | train 0.3271 (IM@1 0.0210 FM@1 0.0588) | val 0.4090 (IM@1 0.0260 FM@1 0.0654) sup 0.0798/0.0914 roll 0.2473/0.3177 (λ=1.00) | lr 4.17e-03
Epoch  21 | train 0.3180 (IM@1 0.0207 FM@1 0.0582) | val 0.4023 (IM@1 0.0256 FM@1 0.0626) sup 0.0790/0.0883 roll 0.2390/0.3140 (λ=1.00) | lr 4.17e-03
Epoch  22 | train 0.3074 (IM@1 0.0206 FM@1 0.0572) | val 0.4215 (IM@1 0.0285 FM@1 0.0631) sup 0.0778/0.0916 roll 0.2297/0.3299 (λ=1.00) | lr 4.17e-03
Epoch  23 | train 0.3031 (IM@1 0.0204 FM@1 0.0568) | val 0.4289 (IM@1 0.0271 FM@1 0.0642) sup 0.0772/0.0913 roll 0.2259/0.3376 (λ=1.00) | lr 2.09e-03
Epoch  24 | train 0.2842 (IM@1 0.0194 FM@1 0.0544) | val 0.4386 (IM@1 0.0296 FM@1 0.0646) sup 0.0738/0.0942 roll 0.2105/0.3444 (λ=1.00) | lr 2.09e-03
[I 2026-09-26 19:55:28,316] Trial 79 pruned. 
Split per-trial: 26015 finestre train | 6505 finestre val
Epoch   0 | train 0.4127 (IM@1 0.1136 FM@1 0.2991) | val 0.1411 (IM@1 0.0238 FM@1 0.1173) sup 0.4127/0.1411 roll 1.2240/0.4578 (λ=0.00) | lr 5.87e-03
Epoch   1 | train 0.2523 (IM@1 0.0310 FM@1 0.1576) | val 0.1610 (IM@1 0.0209 FM@1 0.0987) sup 0.1885/0.1197 roll 0.6380/0.4134 (λ=0.10) | lr 5.87e-03
Epoch   2 | train 0.2514 (IM@1 0.0265 FM@1 0.1315) | val 0.1822 (IM@1 0.0224 FM@1 0.0863) sup 0.1581/0.1088 roll 0.4664/0.3674 (λ=0.20) | lr 5.87e-03
Epoch   3 | train 0.2679 (IM@1 0.0257 FM@1 0.1178) | val 0.2201 (IM@1 0.0250 FM@1 0.0775) sup 0.1435/0.1025 roll 0.4147/0.3919 (λ=0.30) | lr 5.87e-03
Epoch   4 | train 0.2881 (IM@1 0.0239 FM@1 0.1128) | val 0.2415 (IM@1 0.0219 FM@1 0.0772) sup 0.1367/0.0990 roll 0.3786/0.3563 (λ=0.40) | lr 5.87e-03
Epoch   5 | train 0.3200 (IM@1 0.0244 FM@1 0.1104) | val 0.3063 (IM@1 0.0280 FM@1 0.0720) sup 0.1349/0.1000 roll 0.3703/0.4126 (λ=0.50) | lr 5.87e-03
Epoch   6 | train 0.3770 (IM@1 0.0299 FM@1 0.1091) | val 0.3483 (IM@1 0.0417 FM@1 0.0796) sup 0.1389/0.1213 roll 0.3967/0.3784 (λ=0.60) | lr 5.87e-03
Epoch   7 | train 0.3825 (IM@1 0.0264 FM@1 0.1065) | val 0.3279 (IM@1 0.0225 FM@1 0.0716) sup 0.1328/0.0941 roll 0.3567/0.3340 (λ=0.70) | lr 5.87e-03
Epoch   8 | train 0.4101 (IM@1 0.0254 FM@1 0.1041) | val 0.3795 (IM@1 0.0229 FM@1 0.0753) sup 0.1296/0.0982 roll 0.3506/0.3516 (λ=0.80) | lr 5.87e-03
Epoch   9 | train 0.4373 (IM@1 0.0263 FM@1 0.1018) | val 0.4073 (IM@1 0.0289 FM@1 0.0677) sup 0.1280/0.0966 roll 0.3436/0.3452 (λ=0.90) | lr 5.87e-03
Epoch  10 | train 0.4678 (IM@1 0.0263 FM@1 0.1033) | val 0.4199 (IM@1 0.0246 FM@1 0.0709) sup 0.1296/0.0955 roll 0.3382/0.3243 (λ=1.00) | lr 5.87e-03
Epoch  11 | train 0.4446 (IM@1 0.0245 FM@1 0.0988) | val 0.4081 (IM@1 0.0277 FM@1 0.0672) sup 0.1234/0.0949 roll 0.3212/0.3132 (λ=1.00) | lr 5.87e-03
Epoch  12 | train 0.4540 (IM@1 0.0269 FM@1 0.0983) | val 0.4192 (IM@1 0.0264 FM@1 0.0702) sup 0.1252/0.0966 roll 0.3288/0.3226 (λ=1.00) | lr 5.87e-03
Epoch  13 | train 0.4327 (IM@1 0.0249 FM@1 0.0960) | val 0.4028 (IM@1 0.0225 FM@1 0.0695) sup 0.1209/0.0920 roll 0.3119/0.3109 (λ=1.00) | lr 5.87e-03
Epoch  14 | train 0.4323 (IM@1 0.0251 FM@1 0.0961) | val 0.4048 (IM@1 0.0236 FM@1 0.0675) sup 0.1212/0.0910 roll 0.3111/0.3138 (λ=1.00) | lr 5.87e-03
Epoch  15 | train 0.4368 (IM@1 0.0266 FM@1 0.0954) | val 0.4009 (IM@1 0.0251 FM@1 0.0678) sup 0.1220/0.0930 roll 0.3148/0.3079 (λ=1.00) | lr 5.87e-03
Epoch  16 | train 0.4201 (IM@1 0.0247 FM@1 0.0941) | val 0.3994 (IM@1 0.0274 FM@1 0.0649) sup 0.1188/0.0923 roll 0.3013/0.3072 (λ=1.00) | lr 5.87e-03
Epoch  17 | train 0.4068 (IM@1 0.0226 FM@1 0.0941) | val 0.4129 (IM@1 0.0252 FM@1 0.0719) sup 0.1167/0.0971 roll 0.2901/0.3158 (λ=1.00) | lr 5.87e-03
Epoch  18 | train 0.4231 (IM@1 0.0260 FM@1 0.0933) | val 0.4230 (IM@1 0.0246 FM@1 0.0730) sup 0.1193/0.0976 roll 0.3038/0.3254 (λ=1.00) | lr 5.87e-03
[I 2026-09-26 20:29:23,583] Trial 83 pruned. 

Best val: 0.36059
  gru_hidden_fm: 128
  mlp_hidden_fm: 128
  dropout_fm: 0.053228712735840886
  weight_decay_fm: 2.3447806287056487e-05
  gru_hidden_im: 128
  mlp_hidden_im: 64
  dropout_im: 0.002043343117720862
  weight_decay_im: 1.4562760771452169e-06
  lr: 0.0003755740523370064
  batch_size: 64
  clip_norm: 1.0
Report: /home/gemma/tesi/aquabot/src/net/Estimator/tuning/tuning_results/best_joint_combo_p1_k10.txt
