Studio: joint_combo_p1_k10 | device cpu | mode=combo P=1 K=10 T=10
Caricamento dataset...
Trovati 120 trial.
Dataset grezzo: 120 trial letti. Scaler e finestre costruiti in split_by_trial() (fit solo su train).
/home/gemma/tesi/aquabot/src/net/Estimator/tuning/tune_joint.py:245: ExperimentalWarning: Argument ``multivariate`` is an experimental feature. The interface can change in the future.
  sampler = optuna.samplers.TPESampler(
/home/gemma/tesi/aquabot/src/net/Estimator/tuning/tune_joint.py:245: ExperimentalWarning: Argument ``group`` is an experimental feature. The interface can change in the future.
  sampler = optuna.samplers.TPESampler(
/home/gemma/tesi/aquabot/src/net/Estimator/tuning/tune_joint.py:245: ExperimentalWarning: Argument ``constant_liar`` is an experimental feature. The interface can change in the future.
  sampler = optuna.samplers.TPESampler(
[I 2026-09-26 12:52:01,541] Using an existing study with name 'joint_combo_p1_k10' instead of creating a new one.
Normalizzatore caricato da /home/gemma/tesi/aquabot/src/net/scaler/scalers_joint.pkl (nessun refit).
Dataset: 32520 campioni da 120 trial. H=20 P=10 | seq_cmd=(20, 1) seq_sens=(20, 2)
Split per-trial: 26015 finestre train | 6505 finestre val
Epoch   0 | train 0.5197 (IM@1 0.1189 FM@1 0.4008) | val 0.2090 (IM@1 0.0393 FM@1 0.1697) sup 0.5197/0.2090 roll 1.7225/1.0749 (λ=0.00) | lr 2.19e-03
Epoch   1 | train 0.4522 (IM@1 0.0667 FM@1 0.2962) | val 0.2109 (IM@1 0.0357 FM@1 0.1251) sup 0.3629/0.1608 roll 0.8931/0.5008 (λ=0.10) | lr 2.19e-03
Epoch   2 | train 0.4724 (IM@1 0.0625 FM@1 0.2738) | val 0.2287 (IM@1 0.0284 FM@1 0.1165) sup 0.3363/0.1449 roll 0.6808/0.4194 (λ=0.20) | lr 2.19e-03
Epoch   3 | train 0.5101 (IM@1 0.0607 FM@1 0.2656) | val 0.2890 (IM@1 0.0303 FM@1 0.1266) sup 0.3263/0.1569 roll 0.6125/0.4404 (λ=0.30) | lr 2.19e-03
Epoch   4 | train 0.5529 (IM@1 0.0613 FM@1 0.2616) | val 0.2902 (IM@1 0.0280 FM@1 0.1152) sup 0.3229/0.1432 roll 0.5749/0.3676 (λ=0.40) | lr 2.19e-03
Epoch   5 | train 0.5934 (IM@1 0.0604 FM@1 0.2585) | val 0.3794 (IM@1 0.0282 FM@1 0.1481) sup 0.3189/0.1763 roll 0.5491/0.4063 (λ=0.50) | lr 2.19e-03
Epoch   6 | train 0.6403 (IM@1 0.0598 FM@1 0.2553) | val 0.3745 (IM@1 0.0276 FM@1 0.1264) sup 0.3150/0.1540 roll 0.5421/0.3675 (λ=0.60) | lr 2.19e-03
Epoch   7 | train 0.6822 (IM@1 0.0581 FM@1 0.2559) | val 0.3983 (IM@1 0.0269 FM@1 0.1201) sup 0.3140/0.1470 roll 0.5261/0.3590 (λ=0.70) | lr 2.19e-03
Epoch   8 | train 0.7221 (IM@1 0.0587 FM@1 0.2523) | val 0.4730 (IM@1 0.0353 FM@1 0.1310) sup 0.3109/0.1664 roll 0.5140/0.3833 (λ=0.80) | lr 2.19e-03
Epoch   9 | train 0.7641 (IM@1 0.0590 FM@1 0.2484) | val 0.4559 (IM@1 0.0302 FM@1 0.1140) sup 0.3074/0.1442 roll 0.5074/0.3463 (λ=0.90) | lr 2.19e-03
Epoch  10 | train 0.8063 (IM@1 0.0574 FM@1 0.2483) | val 0.5022 (IM@1 0.0297 FM@1 0.1201) sup 0.3057/0.1498 roll 0.5006/0.3524 (λ=1.00) | lr 2.19e-03
Epoch  11 | train 0.7979 (IM@1 0.0583 FM@1 0.2441) | val 0.5130 (IM@1 0.0297 FM@1 0.1243) sup 0.3024/0.1540 roll 0.4955/0.3590 (λ=1.00) | lr 2.19e-03
Epoch  12 | train 0.7959 (IM@1 0.0582 FM@1 0.2475) | val 0.4915 (IM@1 0.0270 FM@1 0.1223) sup 0.3057/0.1494 roll 0.4902/0.3421 (λ=1.00) | lr 2.19e-03
Epoch  13 | train 0.7896 (IM@1 0.0570 FM@1 0.2460) | val 0.5114 (IM@1 0.0312 FM@1 0.1239) sup 0.3030/0.1551 roll 0.4865/0.3564 (λ=1.00) | lr 2.19e-03
Epoch  14 | train 0.7817 (IM@1 0.0575 FM@1 0.2420) | val 0.4837 (IM@1 0.0318 FM@1 0.1092) sup 0.2995/0.1409 roll 0.4822/0.3427 (λ=1.00) | lr 2.19e-03
Epoch  15 | train 0.7800 (IM@1 0.0564 FM@1 0.2427) | val 0.4899 (IM@1 0.0317 FM@1 0.1145) sup 0.2991/0.1462 roll 0.4809/0.3437 (λ=1.00) | lr 2.19e-03
Epoch  16 | train 0.7783 (IM@1 0.0557 FM@1 0.2426) | val 0.4919 (IM@1 0.0304 FM@1 0.1133) sup 0.2984/0.1437 roll 0.4800/0.3482 (λ=1.00) | lr 2.19e-03
Epoch  17 | train 0.7736 (IM@1 0.0547 FM@1 0.2426) | val 0.4916 (IM@1 0.0290 FM@1 0.1180) sup 0.2973/0.1470 roll 0.4763/0.3446 (λ=1.00) | lr 2.19e-03
Epoch  18 | train 0.7664 (IM@1 0.0558 FM@1 0.2392) | val 0.4744 (IM@1 0.0280 FM@1 0.1090) sup 0.2950/0.1370 roll 0.4714/0.3374 (λ=1.00) | lr 2.19e-03
Epoch  19 | train 0.7670 (IM@1 0.0552 FM@1 0.2403) | val 0.4968 (IM@1 0.0334 FM@1 0.1133) sup 0.2955/0.1466 roll 0.4716/0.3502 (λ=1.00) | lr 2.19e-03
Epoch  20 | train 0.7580 (IM@1 0.0548 FM@1 0.2349) | val 0.4762 (IM@1 0.0280 FM@1 0.1103) sup 0.2897/0.1383 roll 0.4683/0.3379 (λ=1.00) | lr 2.19e-03
Epoch  21 | train 0.7616 (IM@1 0.0568 FM@1 0.2373) | val 0.5048 (IM@1 0.0310 FM@1 0.1196) sup 0.2941/0.1506 roll 0.4675/0.3542 (λ=1.00) | lr 2.19e-03
Epoch  22 | train 0.7560 (IM@1 0.0554 FM@1 0.2374) | val 0.4952 (IM@1 0.0302 FM@1 0.1175) sup 0.2928/0.1478 roll 0.4632/0.3474 (λ=1.00) | lr 2.19e-03
Epoch  23 | train 0.7563 (IM@1 0.0556 FM@1 0.2363) | val 0.4868 (IM@1 0.0287 FM@1 0.1129) sup 0.2919/0.1416 roll 0.4644/0.3452 (λ=1.00) | lr 2.19e-03
Epoch  24 | train 0.7576 (IM@1 0.0550 FM@1 0.2419) | val 0.5280 (IM@1 0.0313 FM@1 0.1325) sup 0.2969/0.1638 roll 0.4606/0.3642 (λ=1.00) | lr 2.19e-03
Epoch  25 | train 0.7464 (IM@1 0.0551 FM@1 0.2350) | val 0.4963 (IM@1 0.0298 FM@1 0.1145) sup 0.2900/0.1443 roll 0.4564/0.3520 (λ=1.00) | lr 2.19e-03
Epoch  26 | train 0.7423 (IM@1 0.0532 FM@1 0.2358) | val 0.4983 (IM@1 0.0314 FM@1 0.1181) sup 0.2890/0.1495 roll 0.4533/0.3488 (λ=1.00) | lr 2.19e-03
Epoch  27 | train 0.7404 (IM@1 0.0545 FM@1 0.2338) | val 0.4807 (IM@1 0.0267 FM@1 0.1101) sup 0.2882/0.1368 roll 0.4522/0.3439 (λ=1.00) | lr 2.19e-03
Epoch  28 | train 0.7411 (IM@1 0.0546 FM@1 0.2353) | val 0.5386 (IM@1 0.0316 FM@1 0.1346) sup 0.2899/0.1662 roll 0.4512/0.3724 (λ=1.00) | lr 2.19e-03
Epoch  29 | train 0.7374 (IM@1 0.0549 FM@1 0.2356) | val 0.5170 (IM@1 0.0339 FM@1 0.1202) sup 0.2905/0.1541 roll 0.4470/0.3629 (λ=1.00) | lr 1.09e-03
Epoch  30 | train 0.7066 (IM@1 0.0520 FM@1 0.2258) | val 0.5012 (IM@1 0.0294 FM@1 0.1217) sup 0.2778/0.1510 roll 0.4288/0.3502 (λ=1.00) | lr 1.09e-03
Epoch  31 | train 0.6995 (IM@1 0.0509 FM@1 0.2256) | val 0.5021 (IM@1 0.0306 FM@1 0.1176) sup 0.2765/0.1482 roll 0.4230/0.3539 (λ=1.00) | lr 1.09e-03
Epoch  32 | train 0.6934 (IM@1 0.0510 FM@1 0.2223) | val 0.4976 (IM@1 0.0316 FM@1 0.1132) sup 0.2732/0.1447 roll 0.4202/0.3529 (λ=1.00) | lr 1.09e-03
Epoch  33 | train 0.6906 (IM@1 0.0511 FM@1 0.2231) | val 0.5017 (IM@1 0.0297 FM@1 0.1145) sup 0.2743/0.1442 roll 0.4163/0.3575 (λ=1.00) | lr 1.09e-03

Training completato (combo). Best val (sup + 1.0*roll, da epoch 10): 0.4744 a epoch 18
[I 2026-09-26 14:09:51,548] Trial 7 finished with value: 0.47442686143606827 and parameters: {'gru_hidden_fm': 128, 'mlp_hidden_fm': 32, 'dropout_fm': 0.4071399568955993, 'weight_decay_fm': 4.148871865904402e-06, 'gru_hidden_im': 256, 'mlp_hidden_im': 32, 'dropout_im': 0.17876004178484178, 'weight_decay_im': 0.01759074580900121, 'lr': 0.0021897147563864974, 'batch_size': 64, 'clip_norm': 1.0}. Best is trial 9 with value: 0.3666087365695644.
Split per-trial: 26015 finestre train | 6505 finestre val
Epoch   0 | train 0.3922 (IM@1 0.0792 FM@1 0.3129) | val 0.1571 (IM@1 0.0266 FM@1 0.1305) sup 0.3922/0.1571 roll 1.1171/0.5893 (λ=0.00) | lr 1.31e-03
Epoch   1 | train 0.2840 (IM@1 0.0314 FM@1 0.1940) | val 0.1654 (IM@1 0.0208 FM@1 0.1071) sup 0.2254/0.1279 roll 0.5868/0.3748 (λ=0.10) | lr 1.31e-03
Epoch   2 | train 0.3066 (IM@1 0.0302 FM@1 0.1772) | val 0.2013 (IM@1 0.0245 FM@1 0.0981) sup 0.2074/0.1227 roll 0.4962/0.3934 (λ=0.20) | lr 1.31e-03
Epoch   3 | train 0.3337 (IM@1 0.0307 FM@1 0.1647) | val 0.2329 (IM@1 0.0255 FM@1 0.0963) sup 0.1954/0.1218 roll 0.4611/0.3701 (λ=0.30) | lr 1.31e-03
Epoch   4 | train 0.3670 (IM@1 0.0303 FM@1 0.1620) | val 0.2960 (IM@1 0.0292 FM@1 0.1016) sup 0.1923/0.1308 roll 0.4369/0.4129 (λ=0.40) | lr 1.31e-03
Epoch   5 | train 0.3959 (IM@1 0.0304 FM@1 0.1555) | val 0.2819 (IM@1 0.0245 FM@1 0.0903) sup 0.1859/0.1148 roll 0.4200/0.3341 (λ=0.50) | lr 1.31e-03
Epoch   6 | train 0.4250 (IM@1 0.0310 FM@1 0.1494) | val 0.3219 (IM@1 0.0259 FM@1 0.0858) sup 0.1803/0.1117 roll 0.4079/0.3503 (λ=0.60) | lr 1.31e-03
Epoch   7 | train 0.4580 (IM@1 0.0303 FM@1 0.1491) | val 0.3332 (IM@1 0.0246 FM@1 0.0819) sup 0.1794/0.1065 roll 0.3980/0.3239 (λ=0.70) | lr 1.31e-03
Epoch   8 | train 0.4881 (IM@1 0.0303 FM@1 0.1468) | val 0.3763 (IM@1 0.0266 FM@1 0.0818) sup 0.1771/0.1084 roll 0.3887/0.3349 (λ=0.80) | lr 1.31e-03
Epoch   9 | train 0.5159 (IM@1 0.0302 FM@1 0.1430) | val 0.3934 (IM@1 0.0248 FM@1 0.0802) sup 0.1732/0.1051 roll 0.3808/0.3204 (λ=0.90) | lr 1.31e-03
Epoch  10 | train 0.5449 (IM@1 0.0302 FM@1 0.1429) | val 0.4239 (IM@1 0.0282 FM@1 0.0733) sup 0.1731/0.1015 roll 0.3718/0.3224 (λ=1.00) | lr 1.31e-03
Epoch  11 | train 0.5381 (IM@1 0.0301 FM@1 0.1409) | val 0.4139 (IM@1 0.0249 FM@1 0.0764) sup 0.1711/0.1013 roll 0.3671/0.3126 (λ=1.00) | lr 1.31e-03
Epoch  12 | train 0.5312 (IM@1 0.0300 FM@1 0.1395) | val 0.4190 (IM@1 0.0250 FM@1 0.0760) sup 0.1695/0.1009 roll 0.3617/0.3180 (λ=1.00) | lr 1.31e-03
Epoch  13 | train 0.5243 (IM@1 0.0303 FM@1 0.1370) | val 0.4506 (IM@1 0.0243 FM@1 0.0852) sup 0.1674/0.1096 roll 0.3569/0.3410 (λ=1.00) | lr 1.31e-03
Epoch  14 | train 0.5139 (IM@1 0.0292 FM@1 0.1362) | val 0.4195 (IM@1 0.0264 FM@1 0.0753) sup 0.1654/0.1017 roll 0.3485/0.3178 (λ=1.00) | lr 1.31e-03
Epoch  15 | train 0.5101 (IM@1 0.0290 FM@1 0.1345) | val 0.4326 (IM@1 0.0265 FM@1 0.0777) sup 0.1634/0.1041 roll 0.3467/0.3285 (λ=1.00) | lr 1.31e-03
Epoch  16 | train 0.5017 (IM@1 0.0292 FM@1 0.1331) | val 0.4227 (IM@1 0.0265 FM@1 0.0747) sup 0.1623/0.1012 roll 0.3394/0.3215 (λ=1.00) | lr 1.31e-03
Epoch  17 | train 0.4951 (IM@1 0.0291 FM@1 0.1317) | val 0.4225 (IM@1 0.0266 FM@1 0.0767) sup 0.1608/0.1033 roll 0.3343/0.3193 (λ=1.00) | lr 1.31e-03
Epoch  18 | train 0.4886 (IM@1 0.0288 FM@1 0.1313) | val 0.4355 (IM@1 0.0263 FM@1 0.0765) sup 0.1601/0.1028 roll 0.3285/0.3327 (λ=1.00) | lr 1.31e-03
Epoch  19 | train 0.4775 (IM@1 0.0284 FM@1 0.1303) | val 0.4404 (IM@1 0.0271 FM@1 0.0848) sup 0.1587/0.1119 roll 0.3188/0.3285 (λ=1.00) | lr 1.31e-03
Epoch  20 | train 0.4671 (IM@1 0.0280 FM@1 0.1304) | val 0.4528 (IM@1 0.0290 FM@1 0.0827) sup 0.1584/0.1116 roll 0.3087/0.3412 (λ=1.00) | lr 1.31e-03
Epoch  21 | train 0.4557 (IM@1 0.0276 FM@1 0.1275) | val 0.4492 (IM@1 0.0306 FM@1 0.0792) sup 0.1552/0.1098 roll 0.3005/0.3394 (λ=1.00) | lr 1.31e-03
Epoch  22 | train 0.4395 (IM@1 0.0271 FM@1 0.1247) | val 0.4666 (IM@1 0.0301 FM@1 0.0826) sup 0.1518/0.1127 roll 0.2877/0.3538 (λ=1.00) | lr 6.57e-04
[I 2026-09-26 17:15:11,623] Trial 31 pruned. 
Split per-trial: 26015 finestre train | 6505 finestre val
Epoch   0 | train 0.9512 (IM@1 0.5122 FM@1 0.4390) | val 0.4463 (IM@1 0.1737 FM@1 0.2726) sup 0.9512/0.4463 roll 1.5993/1.2241 (λ=0.00) | lr 1.04e-04
Epoch   1 | train 0.4035 (IM@1 0.1132 FM@1 0.1931) | val 0.2891 (IM@1 0.0560 FM@1 0.1645) sup 0.3063/0.2205 roll 0.9721/0.6862 (λ=0.10) | lr 1.04e-04
Epoch   2 | train 0.3304 (IM@1 0.0574 FM@1 0.1407) | val 0.2833 (IM@1 0.0408 FM@1 0.1396) sup 0.1981/0.1804 roll 0.6612/0.5148 (λ=0.20) | lr 1.04e-04
Epoch   3 | train 0.3289 (IM@1 0.0474 FM@1 0.1177) | val 0.2881 (IM@1 0.0347 FM@1 0.1186) sup 0.1650/0.1533 roll 0.5462/0.4494 (λ=0.30) | lr 1.04e-04
Epoch   4 | train 0.3434 (IM@1 0.0435 FM@1 0.1057) | val 0.3095 (IM@1 0.0333 FM@1 0.1115) sup 0.1491/0.1448 roll 0.4858/0.4117 (λ=0.40) | lr 1.04e-04
Epoch   5 | train 0.3608 (IM@1 0.0403 FM@1 0.0990) | val 0.3244 (IM@1 0.0310 FM@1 0.1056) sup 0.1393/0.1366 roll 0.4431/0.3755 (λ=0.50) | lr 1.04e-04
Epoch   6 | train 0.3841 (IM@1 0.0382 FM@1 0.0952) | val 0.3560 (IM@1 0.0296 FM@1 0.1056) sup 0.1334/0.1352 roll 0.4178/0.3680 (λ=0.60) | lr 1.04e-04
Epoch   7 | train 0.4098 (IM@1 0.0370 FM@1 0.0918) | val 0.3857 (IM@1 0.0290 FM@1 0.1005) sup 0.1288/0.1295 roll 0.4014/0.3659 (λ=0.70) | lr 1.04e-04
Epoch   8 | train 0.4347 (IM@1 0.0365 FM@1 0.0893) | val 0.4084 (IM@1 0.0292 FM@1 0.0988) sup 0.1259/0.1280 roll 0.3860/0.3505 (λ=0.80) | lr 1.04e-04
Epoch   9 | train 0.4578 (IM@1 0.0358 FM@1 0.0872) | val 0.4329 (IM@1 0.0287 FM@1 0.0964) sup 0.1230/0.1251 roll 0.3721/0.3420 (λ=0.90) | lr 1.04e-04
Epoch  10 | train 0.4845 (IM@1 0.0355 FM@1 0.0852) | val 0.4649 (IM@1 0.0281 FM@1 0.0971) sup 0.1207/0.1252 roll 0.3638/0.3398 (λ=1.00) | lr 1.04e-04
Epoch  11 | train 0.4722 (IM@1 0.0347 FM@1 0.0828) | val 0.4540 (IM@1 0.0275 FM@1 0.0935) sup 0.1175/0.1210 roll 0.3547/0.3330 (λ=1.00) | lr 1.04e-04
Epoch  12 | train 0.4680 (IM@1 0.0346 FM@1 0.0818) | val 0.4512 (IM@1 0.0266 FM@1 0.0914) sup 0.1164/0.1180 roll 0.3516/0.3333 (λ=1.00) | lr 1.04e-04
Epoch  13 | train 0.4569 (IM@1 0.0336 FM@1 0.0797) | val 0.4458 (IM@1 0.0268 FM@1 0.0907) sup 0.1132/0.1175 roll 0.3437/0.3283 (λ=1.00) | lr 1.04e-04
Epoch  14 | train 0.4517 (IM@1 0.0335 FM@1 0.0789) | val 0.4409 (IM@1 0.0268 FM@1 0.0885) sup 0.1125/0.1153 roll 0.3392/0.3256 (λ=1.00) | lr 1.04e-04
Epoch  15 | train 0.4459 (IM@1 0.0329 FM@1 0.0769) | val 0.4380 (IM@1 0.0261 FM@1 0.0880) sup 0.1099/0.1142 roll 0.3361/0.3238 (λ=1.00) | lr 1.04e-04
Epoch  16 | train 0.4400 (IM@1 0.0328 FM@1 0.0758) | val 0.4320 (IM@1 0.0265 FM@1 0.0862) sup 0.1086/0.1127 roll 0.3314/0.3193 (λ=1.00) | lr 1.04e-04
Epoch  17 | train 0.4364 (IM@1 0.0330 FM@1 0.0751) | val 0.4306 (IM@1 0.0262 FM@1 0.0854) sup 0.1081/0.1116 roll 0.3283/0.3189 (λ=1.00) | lr 1.04e-04
Epoch  18 | train 0.4301 (IM@1 0.0322 FM@1 0.0733) | val 0.4239 (IM@1 0.0256 FM@1 0.0833) sup 0.1055/0.1089 roll 0.3246/0.3151 (λ=1.00) | lr 1.04e-04
[I 2026-09-26 18:19:47,611] Trial 54 pruned. 
Split per-trial: 26015 finestre train | 6505 finestre val
Epoch   0 | train 1.2824 (IM@1 0.6774 FM@1 0.6050) | val 0.5402 (IM@1 0.2123 FM@1 0.3279) sup 1.2824/0.5402 roll 1.7995/1.3370 (λ=0.00) | lr 1.98e-04
Epoch   1 | train 0.5785 (IM@1 0.1627 FM@1 0.2858) | val 0.4193 (IM@1 0.0839 FM@1 0.2432) sup 0.4485/0.3271 roll 1.3000/0.9219 (λ=0.10) | lr 1.98e-04
Epoch   2 | train 0.5240 (IM@1 0.0920 FM@1 0.2304) | val 0.4180 (IM@1 0.0621 FM@1 0.2054) sup 0.3224/0.2675 roll 1.0078/0.7524 (λ=0.20) | lr 1.98e-04
Epoch   3 | train 0.5133 (IM@1 0.0714 FM@1 0.1960) | val 0.4146 (IM@1 0.0524 FM@1 0.1756) sup 0.2674/0.2280 roll 0.8196/0.6218 (λ=0.30) | lr 1.98e-04
Epoch   4 | train 0.5079 (IM@1 0.0610 FM@1 0.1701) | val 0.4197 (IM@1 0.0478 FM@1 0.1520) sup 0.2311/0.1997 roll 0.6919/0.5498 (λ=0.40) | lr 1.98e-04
Epoch   5 | train 0.5096 (IM@1 0.0539 FM@1 0.1498) | val 0.4256 (IM@1 0.0432 FM@1 0.1365) sup 0.2037/0.1796 roll 0.6117/0.4920 (λ=0.50) | lr 1.98e-04
Epoch   6 | train 0.5185 (IM@1 0.0497 FM@1 0.1351) | val 0.4391 (IM@1 0.0386 FM@1 0.1254) sup 0.1848/0.1639 roll 0.5563/0.4586 (λ=0.60) | lr 1.98e-04
Epoch   7 | train 0.5351 (IM@1 0.0455 FM@1 0.1248) | val 0.4508 (IM@1 0.0368 FM@1 0.1155) sup 0.1703/0.1523 roll 0.5211/0.4264 (λ=0.70) | lr 1.98e-04
Epoch   8 | train 0.5479 (IM@1 0.0423 FM@1 0.1180) | val 0.4631 (IM@1 0.0325 FM@1 0.1091) sup 0.1603/0.1416 roll 0.4845/0.4019 (λ=0.80) | lr 1.98e-04
Epoch   9 | train 0.5629 (IM@1 0.0402 FM@1 0.1127) | val 0.4830 (IM@1 0.0308 FM@1 0.1052) sup 0.1529/0.1360 roll 0.4556/0.3857 (λ=0.90) | lr 1.98e-04
Epoch  10 | train 0.5822 (IM@1 0.0388 FM@1 0.1068) | val 0.5093 (IM@1 0.0302 FM@1 0.1003) sup 0.1457/0.1306 roll 0.4365/0.3787 (λ=1.00) | lr 1.98e-04
Epoch  11 | train 0.5600 (IM@1 0.0377 FM@1 0.1032) | val 0.4797 (IM@1 0.0283 FM@1 0.0978) sup 0.1409/0.1261 roll 0.4191/0.3535 (λ=1.00) | lr 1.98e-04
Epoch  12 | train 0.5417 (IM@1 0.0365 FM@1 0.0990) | val 0.4686 (IM@1 0.0273 FM@1 0.0949) sup 0.1355/0.1222 roll 0.4062/0.3463 (λ=1.00) | lr 1.98e-04
Epoch  13 | train 0.5283 (IM@1 0.0353 FM@1 0.0977) | val 0.4670 (IM@1 0.0268 FM@1 0.0939) sup 0.1331/0.1208 roll 0.3952/0.3463 (λ=1.00) | lr 1.98e-04
Epoch  14 | train 0.5152 (IM@1 0.0346 FM@1 0.0948) | val 0.4529 (IM@1 0.0259 FM@1 0.0915) sup 0.1294/0.1174 roll 0.3858/0.3355 (λ=1.00) | lr 1.98e-04
Epoch  15 | train 0.5043 (IM@1 0.0341 FM@1 0.0931) | val 0.4573 (IM@1 0.0254 FM@1 0.0907) sup 0.1273/0.1160 roll 0.3770/0.3413 (λ=1.00) | lr 1.98e-04
Epoch  16 | train 0.4978 (IM@1 0.0334 FM@1 0.0916) | val 0.4711 (IM@1 0.0264 FM@1 0.0891) sup 0.1250/0.1154 roll 0.3728/0.3557 (λ=1.00) | lr 1.98e-04
Epoch  17 | train 0.4909 (IM@1 0.0330 FM@1 0.0897) | val 0.4411 (IM@1 0.0249 FM@1 0.0877) sup 0.1228/0.1126 roll 0.3682/0.3285 (λ=1.00) | lr 1.98e-04
Epoch  18 | train 0.4800 (IM@1 0.0324 FM@1 0.0880) | val 0.4455 (IM@1 0.0255 FM@1 0.0877) sup 0.1204/0.1132 roll 0.3595/0.3323 (λ=1.00) | lr 1.98e-04
[I 2026-09-26 19:02:22,105] Trial 64 pruned. 
Split per-trial: 26015 finestre train | 6505 finestre val
Epoch   0 | train 0.2753 (IM@1 0.0858 FM@1 0.1895) | val 0.1330 (IM@1 0.0258 FM@1 0.1072) sup 0.2753/0.1330 roll 0.7745/0.5726 (λ=0.00) | lr 5.02e-04
Epoch   1 | train 0.1536 (IM@1 0.0213 FM@1 0.0933) | val 0.1384 (IM@1 0.0206 FM@1 0.0823) sup 0.1147/0.1029 roll 0.3898/0.3550 (λ=0.10) | lr 5.02e-04
Epoch   2 | train 0.1701 (IM@1 0.0198 FM@1 0.0805) | val 0.1621 (IM@1 0.0198 FM@1 0.0733) sup 0.1002/0.0930 roll 0.3494/0.3454 (λ=0.20) | lr 5.02e-04
Epoch   3 | train 0.1947 (IM@1 0.0191 FM@1 0.0760) | val 0.1836 (IM@1 0.0188 FM@1 0.0711) sup 0.0951/0.0899 roll 0.3320/0.3125 (λ=0.30) | lr 5.02e-04
Epoch   4 | train 0.2197 (IM@1 0.0187 FM@1 0.0719) | val 0.2297 (IM@1 0.0203 FM@1 0.0717) sup 0.0906/0.0920 roll 0.3228/0.3443 (λ=0.40) | lr 5.02e-04
Epoch   5 | train 0.2467 (IM@1 0.0187 FM@1 0.0691) | val 0.2402 (IM@1 0.0200 FM@1 0.0665) sup 0.0878/0.0865 roll 0.3179/0.3074 (λ=0.50) | lr 5.02e-04
Epoch   6 | train 0.2724 (IM@1 0.0189 FM@1 0.0673) | val 0.2820 (IM@1 0.0194 FM@1 0.0682) sup 0.0863/0.0876 roll 0.3103/0.3240 (λ=0.60) | lr 5.02e-04
Epoch   7 | train 0.2964 (IM@1 0.0184 FM@1 0.0653) | val 0.3027 (IM@1 0.0191 FM@1 0.0643) sup 0.0838/0.0835 roll 0.3038/0.3132 (λ=0.70) | lr 5.02e-04
Epoch   8 | train 0.3232 (IM@1 0.0187 FM@1 0.0638) | val 0.3290 (IM@1 0.0202 FM@1 0.0631) sup 0.0825/0.0833 roll 0.3009/0.3072 (λ=0.80) | lr 5.02e-04
Epoch   9 | train 0.3491 (IM@1 0.0189 FM@1 0.0625) | val 0.3584 (IM@1 0.0213 FM@1 0.0622) sup 0.0814/0.0835 roll 0.2975/0.3055 (λ=0.90) | lr 5.02e-04
Epoch  10 | train 0.3726 (IM@1 0.0186 FM@1 0.0611) | val 0.3833 (IM@1 0.0204 FM@1 0.0633) sup 0.0797/0.0837 roll 0.2929/0.2996 (λ=1.00) | lr 5.02e-04
Epoch  11 | train 0.3669 (IM@1 0.0187 FM@1 0.0603) | val 0.3897 (IM@1 0.0211 FM@1 0.0616) sup 0.0790/0.0827 roll 0.2879/0.3069 (λ=1.00) | lr 5.02e-04
Epoch  12 | train 0.3642 (IM@1 0.0187 FM@1 0.0595) | val 0.3944 (IM@1 0.0203 FM@1 0.0626) sup 0.0781/0.0829 roll 0.2861/0.3115 (λ=1.00) | lr 5.02e-04
Epoch  13 | train 0.3617 (IM@1 0.0187 FM@1 0.0594) | val 0.3818 (IM@1 0.0199 FM@1 0.0603) sup 0.0780/0.0802 roll 0.2837/0.3016 (λ=1.00) | lr 5.02e-04
Epoch  14 | train 0.3543 (IM@1 0.0185 FM@1 0.0573) | val 0.3771 (IM@1 0.0212 FM@1 0.0581) sup 0.0759/0.0793 roll 0.2784/0.2978 (λ=1.00) | lr 5.02e-04
Epoch  15 | train 0.3539 (IM@1 0.0187 FM@1 0.0575) | val 0.3771 (IM@1 0.0214 FM@1 0.0575) sup 0.0762/0.0790 roll 0.2776/0.2982 (λ=1.00) | lr 5.02e-04
Epoch  16 | train 0.3501 (IM@1 0.0186 FM@1 0.0565) | val 0.3713 (IM@1 0.0203 FM@1 0.0555) sup 0.0751/0.0757 roll 0.2750/0.2956 (λ=1.00) | lr 5.02e-04
Epoch  17 | train 0.3474 (IM@1 0.0184 FM@1 0.0562) | val 0.3804 (IM@1 0.0206 FM@1 0.0573) sup 0.0746/0.0779 roll 0.2728/0.3025 (λ=1.00) | lr 5.02e-04
Epoch  18 | train 0.3431 (IM@1 0.0185 FM@1 0.0547) | val 0.3685 (IM@1 0.0200 FM@1 0.0567) sup 0.0732/0.0767 roll 0.2699/0.2918 (λ=1.00) | lr 5.02e-04
Epoch  19 | train 0.3404 (IM@1 0.0184 FM@1 0.0545) | val 0.3722 (IM@1 0.0201 FM@1 0.0587) sup 0.0729/0.0788 roll 0.2675/0.2934 (λ=1.00) | lr 5.02e-04
Epoch  20 | train 0.3384 (IM@1 0.0184 FM@1 0.0537) | val 0.3682 (IM@1 0.0208 FM@1 0.0564) sup 0.0721/0.0772 roll 0.2662/0.2910 (λ=1.00) | lr 5.02e-04
Epoch  21 | train 0.3346 (IM@1 0.0182 FM@1 0.0531) | val 0.3807 (IM@1 0.0207 FM@1 0.0581) sup 0.0712/0.0788 roll 0.2634/0.3019 (λ=1.00) | lr 5.02e-04
Epoch  22 | train 0.3325 (IM@1 0.0183 FM@1 0.0531) | val 0.3694 (IM@1 0.0206 FM@1 0.0555) sup 0.0714/0.0761 roll 0.2611/0.2934 (λ=1.00) | lr 5.02e-04
Epoch  23 | train 0.3297 (IM@1 0.0179 FM@1 0.0524) | val 0.3857 (IM@1 0.0217 FM@1 0.0598) sup 0.0704/0.0815 roll 0.2594/0.3042 (λ=1.00) | lr 5.02e-04
Epoch  24 | train 0.3273 (IM@1 0.0181 FM@1 0.0518) | val 0.3939 (IM@1 0.0230 FM@1 0.0586) sup 0.0698/0.0815 roll 0.2574/0.3124 (λ=1.00) | lr 5.02e-04
Epoch  25 | train 0.3248 (IM@1 0.0180 FM@1 0.0511) | val 0.3810 (IM@1 0.0213 FM@1 0.0562) sup 0.0691/0.0775 roll 0.2558/0.3035 (λ=1.00) | lr 5.02e-04
Epoch  26 | train 0.3220 (IM@1 0.0176 FM@1 0.0507) | val 0.3675 (IM@1 0.0212 FM@1 0.0544) sup 0.0683/0.0756 roll 0.2536/0.2918 (λ=1.00) | lr 5.02e-04
Epoch  27 | train 0.3199 (IM@1 0.0177 FM@1 0.0509) | val 0.3774 (IM@1 0.0212 FM@1 0.0554) sup 0.0685/0.0766 roll 0.2514/0.3009 (λ=1.00) | lr 5.02e-04
Epoch  28 | train 0.3188 (IM@1 0.0178 FM@1 0.0506) | val 0.3831 (IM@1 0.0231 FM@1 0.0591) sup 0.0684/0.0822 roll 0.2504/0.3009 (λ=1.00) | lr 5.02e-04
Epoch  29 | train 0.3160 (IM@1 0.0175 FM@1 0.0496) | val 0.3711 (IM@1 0.0208 FM@1 0.0557) sup 0.0671/0.0766 roll 0.2489/0.2946 (λ=1.00) | lr 5.02e-04
Epoch  30 | train 0.3156 (IM@1 0.0177 FM@1 0.0488) | val 0.3727 (IM@1 0.0206 FM@1 0.0555) sup 0.0665/0.0761 roll 0.2491/0.2967 (λ=1.00) | lr 5.02e-04
Epoch  31 | train 0.3120 (IM@1 0.0178 FM@1 0.0486) | val 0.3726 (IM@1 0.0200 FM@1 0.0554) sup 0.0665/0.0754 roll 0.2455/0.2972 (λ=1.00) | lr 5.02e-04
Epoch  32 | train 0.3102 (IM@1 0.0175 FM@1 0.0484) | val 0.3793 (IM@1 0.0204 FM@1 0.0571) sup 0.0659/0.0776 roll 0.2442/0.3017 (λ=1.00) | lr 5.02e-04
Epoch  33 | train 0.3094 (IM@1 0.0174 FM@1 0.0482) | val 0.3705 (IM@1 0.0207 FM@1 0.0543) sup 0.0657/0.0750 roll 0.2437/0.2955 (λ=1.00) | lr 5.02e-04
Epoch  34 | train 0.3060 (IM@1 0.0174 FM@1 0.0475) | val 0.3791 (IM@1 0.0203 FM@1 0.0565) sup 0.0649/0.0767 roll 0.2411/0.3024 (λ=1.00) | lr 5.02e-04
Epoch  35 | train 0.3042 (IM@1 0.0172 FM@1 0.0476) | val 0.3829 (IM@1 0.0215 FM@1 0.0565) sup 0.0648/0.0780 roll 0.2395/0.3049 (λ=1.00) | lr 5.02e-04
Epoch  36 | train 0.3028 (IM@1 0.0173 FM@1 0.0472) | val 0.3782 (IM@1 0.0201 FM@1 0.0559) sup 0.0645/0.0760 roll 0.2383/0.3022 (λ=1.00) | lr 5.02e-04
Epoch  37 | train 0.3011 (IM@1 0.0171 FM@1 0.0467) | val 0.3729 (IM@1 0.0214 FM@1 0.0560) sup 0.0639/0.0775 roll 0.2372/0.2954 (λ=1.00) | lr 2.51e-04
Epoch  38 | train 0.2853 (IM@1 0.0165 FM@1 0.0435) | val 0.3695 (IM@1 0.0207 FM@1 0.0550) sup 0.0600/0.0758 roll 0.2253/0.2938 (λ=1.00) | lr 2.51e-04
Epoch  39 | train 0.2830 (IM@1 0.0164 FM@1 0.0433) | val 0.3722 (IM@1 0.0204 FM@1 0.0546) sup 0.0596/0.0750 roll 0.2234/0.2972 (λ=1.00) | lr 2.51e-04

Training completato (combo). Best val (sup + 1.0*roll, da epoch 10): 0.3675 a epoch 26
[I 2026-09-26 20:15:52,970] Trial 74 finished with value: 0.3674661715245082 and parameters: {'gru_hidden_fm': 128, 'mlp_hidden_fm': 512, 'dropout_fm': 0.18823895551757241, 'weight_decay_fm': 4.851976148258379e-05, 'gru_hidden_im': 128, 'mlp_hidden_im': 256, 'dropout_im': 0.0916610701110542, 'weight_decay_im': 0.0007899924340069708, 'lr': 0.0005020874817102713, 'batch_size': 64, 'clip_norm': 1.0}. Best is trial 58 with value: 0.3605886232752144.

Best val: 0.36059
  gru_hidden_fm: 128
  mlp_hidden_fm: 128
  dropout_fm: 0.053228712735840886
  weight_decay_fm: 2.3447806287056487e-05
  gru_hidden_im: 128
  mlp_hidden_im: 64
  dropout_im: 0.002043343117720862
  weight_decay_im: 1.4562760771452169e-06
  lr: 0.0003755740523370064
  batch_size: 64
  clip_norm: 1.0
Report: /home/gemma/tesi/aquabot/src/net/Estimator/tuning/tuning_results/best_joint_combo_p1_k10.txt
