Device: cuda | threads: 4
lambda_future: fisso a 0.5 in fase 1, cercato in [1e-3, 3.0] (log) nelle fasi 2/3
=== FASE 1 | 4 trial (questo worker) | 30 epoche ===

Caricamento dataset...
Trovati 34 trial.
  [trial_20260519_151133.csv] attenzione: calibrazione a riposo su 37 campioni (< 50)
Dataset grezzo: 34 trial letti. Scaler e finestre verranno costruiti in split_by_trial() (fit solo sul training set).
Feature in input per timestep: 1
[I 2026-09-07 10:42:04,807] A new study created in RDB with name: fish_forward_phase1
Normalizzatore caricato da /home/gemma/tesi/aquabot/src/net/SensorEstimator/../../../src/net/scaler/scalers.pkl (nessun refit).
Dataset: 27324 campioni da 34 trial. seq feature/timestep = 1
  Trial 0 | Epoch  0 | val 0.1423
  Trial 1 | Epoch  0 | val 0.1169
  Trial 2 | Epoch  0 | val 0.1651
  Trial 3 | Epoch  0 | val 0.1299
  Trial 0 | Epoch  1 | val 0.0999
  Trial 1 | Epoch  1 | val 0.0847
  Trial 2 | Epoch  1 | val 0.1052
  Trial 3 | Epoch  1 | val 0.0913
  Trial 0 | Epoch  2 | val 0.0845
  Trial 1 | Epoch  2 | val 0.0769
  Trial 3 | Epoch  2 | val 0.0820
  Trial 2 | Epoch  2 | val 0.0887
  Trial 0 | Epoch  3 | val 0.0810
  Trial 1 | Epoch  3 | val 0.0779
  Trial 2 | Epoch  3 | val 0.0835
  Trial 3 | Epoch  3 | val 0.0799
  Trial 0 | Epoch  4 | val 0.0793
  Trial 1 | Epoch  4 | val 0.0738
  Trial 2 | Epoch  4 | val 0.0870
  Trial 3 | Epoch  4 | val 0.0756
  Trial 0 | Epoch  5 | val 0.0744
  Trial 1 | Epoch  5 | val 0.0722
  Trial 2 | Epoch  5 | val 0.0774
  Trial 3 | Epoch  5 | val 0.0782
  Trial 0 | Epoch  6 | val 0.0736
  Trial 1 | Epoch  6 | val 0.0751
  Trial 2 | Epoch  6 | val 0.0758
  Trial 3 | Epoch  6 | val 0.0749
  Trial 0 | Epoch  7 | val 0.0774
  Trial 1 | Epoch  7 | val 0.0683
  Trial 2 | Epoch  7 | val 0.0748
  Trial 0 | Epoch  8 | val 0.0713
  Trial 3 | Epoch  7 | val 0.0723
  Trial 1 | Epoch  8 | val 0.0755
  Trial 0 | Epoch  9 | val 0.0712
  Trial 2 | Epoch  8 | val 0.0770
  Trial 1 | Epoch  9 | val 0.0716
  Trial 3 | Epoch  8 | val 0.0739
  Trial 0 | Epoch 10 | val 0.0725
  Trial 2 | Epoch  9 | val 0.0781
  Trial 1 | Epoch 10 | val 0.0678
  Trial 3 | Epoch  9 | val 0.0740
  Trial 0 | Epoch 11 | val 0.0702
  Trial 1 | Epoch 11 | val 0.0661
  Trial 2 | Epoch 10 | val 0.0769
  Trial 3 | Epoch 10 | val 0.0688
  Trial 0 | Epoch 12 | val 0.0729
  Trial 1 | Epoch 12 | val 0.0673
  Trial 2 | Epoch 11 | val 0.0711
  Trial 3 | Epoch 11 | val 0.0702
  Trial 0 | Epoch 13 | val 0.0675
  Trial 1 | Epoch 13 | val 0.0655
  Trial 2 | Epoch 12 | val 0.0726
  Trial 3 | Epoch 12 | val 0.0669
  Trial 0 | Epoch 14 | val 0.0677
  Trial 1 | Epoch 14 | val 0.0676
  Trial 2 | Epoch 13 | val 0.0720
  Trial 3 | Epoch 13 | val 0.0704
  Trial 0 | Epoch 15 | val 0.0722
  Trial 1 | Epoch 15 | val 0.0684
  Trial 2 | Epoch 14 | val 0.0723
  Trial 3 | Epoch 14 | val 0.0705
  Trial 0 | Epoch 16 | val 0.0668
  Trial 1 | Epoch 16 | val 0.0652
  Trial 2 | Epoch 15 | val 0.0702
  Trial 3 | Epoch 15 | val 0.0687
  Trial 0 | Epoch 17 | val 0.0682
  Trial 1 | Epoch 17 | val 0.0659
  Trial 2 | Epoch 16 | val 0.0666
  Trial 3 | Epoch 16 | val 0.0678
  Trial 0 | Epoch 18 | val 0.0649
  Trial 1 | Epoch 18 | val 0.0637
  Trial 2 | Epoch 17 | val 0.0677
  Trial 3 | Epoch 17 | val 0.0677
  Trial 0 | Epoch 19 | val 0.0691
  Trial 1 | Epoch 19 | val 0.0623
  Trial 2 | Epoch 18 | val 0.0713
  Trial 3 | Epoch 18 | val 0.0647
  Trial 0 | Epoch 20 | val 0.0654
  Trial 1 | Epoch 20 | val 0.0614
  Trial 2 | Epoch 19 | val 0.0686
  Trial 0 | Epoch 21 | val 0.0670
  Trial 3 | Epoch 19 | val 0.0662
  Trial 1 | Epoch 21 | val 0.0601
  Trial 2 | Epoch 20 | val 0.0691
  Trial 0 | Epoch 22 | val 0.0643
  Trial 3 | Epoch 20 | val 0.0678
  Trial 1 | Epoch 22 | val 0.0627
  Trial 0 | Epoch 23 | val 0.0655
  Trial 2 | Epoch 21 | val 0.0691
  Trial 3 | Epoch 21 | val 0.0642
  Trial 1 | Epoch 23 | val 0.0638
  Trial 0 | Epoch 24 | val 0.0651
  Trial 2 | Epoch 22 | val 0.0709
  Trial 1 | Epoch 24 | val 0.0612
  Trial 3 | Epoch 22 | val 0.0649
  Trial 0 | Epoch 25 | val 0.0636
  Trial 2 | Epoch 23 | val 0.0660
  Trial 1 | Epoch 25 | val 0.0610
  Trial 3 | Epoch 23 | val 0.0652
  Trial 0 | Epoch 26 | val 0.0636
  Trial 2 | Epoch 24 | val 0.0682
  Trial 1 | Epoch 26 | val 0.0599
  Trial 3 | Epoch 24 | val 0.0661
  Trial 0 | Epoch 27 | val 0.0642
  Trial 2 | Epoch 25 | val 0.0677  Trial 1 | Epoch 27 | val 0.0592

  Trial 3 | Epoch 25 | val 0.0633
  Trial 0 | Epoch 28 | val 0.0659
  Trial 1 | Epoch 28 | val 0.0603
  Trial 2 | Epoch 26 | val 0.0671
  Trial 3 | Epoch 26 | val 0.0630
  Trial 0 | Epoch 29 | val 0.0623
[I 2026-09-07 10:45:07,057] Trial 0 finished with value: 0.062327498820290636 and parameters: {'gru_hidden': 64, 'mlp_hidden': 64}. Best is trial 0 with value: 0.062327498820290636.
  Trial 1 | Epoch 29 | val 0.0612
[I 2026-09-07 10:45:09,518] Trial 1 finished with value: 0.059227485654514224 and parameters: {'gru_hidden': 128, 'mlp_hidden': 128}. Best is trial 1 with value: 0.059227485654514224.
  Trial 2 | Epoch 27 | val 0.0670
  Trial 3 | Epoch 27 | val 0.0628
  Trial 2 | Epoch 28 | val 0.0674
  Trial 3 | Epoch 28 | val 0.0639
  Trial 2 | Epoch 29 | val 0.0685
[I 2026-09-07 10:45:18,908] Trial 2 finished with value: 0.06597704716972005 and parameters: {'gru_hidden': 256, 'mlp_hidden': 32}. Best is trial 12 with value: 0.0585242836916847.
  Trial 3 | Epoch 29 | val 0.0659
[I 2026-09-07 10:45:19,811] Trial 3 finished with value: 0.06277994326413122 and parameters: {'gru_hidden': 256, 'mlp_hidden': 64}. Best is trial 12 with value: 0.0585242836916847.

=== Migliori iperparametri - Fase 1 ===
  gru_hidden: 64
  mlp_hidden: 256
  best val loss: 0.0585

Risultati salvati in /home/gemma/tesi/aquabot/src/net/SensorEstimator/tuning_results/best_params_phase1.txt
