Device: cuda | threads: 4
lambda_future: fisso a 0.5 in fase 1, cercato in [1e-3, 3.0] (log) nelle fasi 2/3
=== FASE 2 | 8 trial (questo worker) | 30 epoche ===

Caricamento dataset...
Trovati 69 trial.
Dataset grezzo: 69 trial letti. Scaler e finestre verranno costruiti in split_by_trial() (fit solo sul training set).
Feature in input per timestep: 1

--- Fase 2, architettura #1: gru=512, mlp=256 ---

[I 2026-09-09 10:36:20,554] A new study created in RDB with name: fish_forward_phase2_arch1
Normalizzatore caricato da /home/gemma/tesi/aquabot/src/net/SensorEstimator/../../../src/net/scaler/scalers.pkl (nessun refit).
Dataset: 55461 campioni da 69 trial. seq feature/timestep = 1
  Trial 0 | Epoch  0 | val 0.1785
  Trial 0 | Epoch  1 | val 0.1340
  Trial 0 | Epoch  2 | val 0.1206
  Trial 0 | Epoch  3 | val 0.1173
  Trial 0 | Epoch  4 | val 0.1136
  Trial 0 | Epoch  5 | val 0.1122
  Trial 0 | Epoch  6 | val 0.1111
  Trial 0 | Epoch  7 | val 0.1088
  Trial 0 | Epoch  8 | val 0.1078
  Trial 0 | Epoch  9 | val 0.1075
  Trial 0 | Epoch 10 | val 0.1067
  Trial 0 | Epoch 11 | val 0.1061
  Trial 0 | Epoch 12 | val 0.1059
  Trial 0 | Epoch 13 | val 0.1072
  Trial 0 | Epoch 14 | val 0.1042
  Trial 0 | Epoch 15 | val 0.1077
  Trial 0 | Epoch 16 | val 0.1033
  Trial 0 | Epoch 17 | val 0.1049
  Trial 0 | Epoch 18 | val 0.1056
  Trial 0 | Epoch 19 | val 0.1040
  Trial 0 | Epoch 20 | val 0.1051
  Trial 0 | Epoch 21 | val 0.1039
  Trial 0 | Epoch 22 | val 0.1017
  Trial 0 | Epoch 23 | val 0.1033
  Trial 0 | Epoch 24 | val 0.1051
  Trial 0 | Epoch 25 | val 0.1042
  Trial 0 | Epoch 26 | val 0.1031
  Trial 0 | Epoch 27 | val 0.1041
  Trial 0 | Epoch 28 | val 0.1045
  Trial 0 | Epoch 29 | val 0.1009
[I 2026-09-09 10:38:56,920] Trial 0 finished with value: 0.1009195201741849 and parameters: {'lr': 0.00012655753709375637, 'batch_size': 128, 'lambda_future': 0.02917254064447794}. Best is trial 0 with value: 0.1009195201741849.
  Trial 4 | Epoch  0 | val 0.1091
  Trial 4 | Epoch  1 | val 0.1073
  Trial 4 | Epoch  2 | val 0.1015
  Trial 4 | Epoch  3 | val 0.1026
  Trial 4 | Epoch  4 | val 0.1012
  Trial 4 | Epoch  5 | val 0.1046
  Trial 4 | Epoch  6 | val 0.1046
  Trial 4 | Epoch  7 | val 0.1039
  Trial 4 | Epoch  8 | val 0.1021
  Trial 4 | Epoch  9 | val 0.1020
  Trial 4 | Epoch 10 | val 0.0957
  Trial 4 | Epoch 11 | val 0.1014
  Trial 4 | Epoch 12 | val 0.0995
  Trial 4 | Epoch 13 | val 0.0986
  Trial 4 | Epoch 14 | val 0.1022
  Trial 4 | Epoch 15 | val 0.1062
  Trial 4 | Epoch 16 | val 0.0992
  Trial 4 | Epoch 17 | val 0.1051
  Trial 4 | Epoch 18 | val 0.1015
  Trial 4 | Epoch 19 | val 0.1052
  Trial 4 | Epoch 20 | val 0.1064
  Trial 4 | Epoch 21 | val 0.0996
  Trial 4 | Epoch 22 | val 0.1004
  Trial 4 | Epoch 23 | val 0.1039
  Trial 4 | Epoch 24 | val 0.1043
  Trial 4 | Epoch 25 | val 0.0987
  Trial 4 | Epoch 26 | val 0.1022
  Trial 4 | Epoch 27 | val 0.1014
  Trial 4 | Epoch 28 | val 0.1001
  Trial 4 | Epoch 29 | val 0.1029
[I 2026-09-09 10:42:10,685] Trial 4 finished with value: 0.09569761800729404 and parameters: {'lr': 0.0031548223530599192, 'batch_size': 64, 'lambda_future': 0.03792283637267662}. Best is trial 1 with value: 0.09050412179236776.
  Trial 8 | Epoch  0 | val 0.1459
  Trial 8 | Epoch  1 | val 0.1405
  Trial 8 | Epoch  2 | val 0.1380
  Trial 8 | Epoch  3 | val 0.1327
  Trial 8 | Epoch  4 | val 0.1319
  Trial 8 | Epoch  5 | val 0.1324
[I 2026-09-09 10:42:41,320] Trial 8 pruned. 
  Trial 12 | Epoch  0 | val 0.1146
  Trial 12 | Epoch  1 | val 0.1138
  Trial 12 | Epoch  2 | val 0.1095
  Trial 12 | Epoch  3 | val 0.1084
  Trial 12 | Epoch  4 | val 0.1081
  Trial 12 | Epoch  5 | val 0.1105
[I 2026-09-09 10:43:58,963] Trial 12 pruned. 
  Trial 15 | Epoch  0 | val 0.1292
  Trial 15 | Epoch  1 | val 0.1131
  Trial 15 | Epoch  2 | val 0.1094
  Trial 15 | Epoch  3 | val 0.1048
  Trial 15 | Epoch  4 | val 0.1059
  Trial 15 | Epoch  5 | val 0.1050
[I 2026-09-09 10:44:28,959] Trial 15 pruned. 
  Trial 18 | Epoch  0 | val 0.1202
  Trial 18 | Epoch  1 | val 0.1109
  Trial 18 | Epoch  2 | val 0.1098
  Trial 18 | Epoch  3 | val 0.1085
  Trial 18 | Epoch  4 | val 0.1064
  Trial 18 | Epoch  5 | val 0.1022
  Trial 18 | Epoch  6 | val 0.1053
[I 2026-09-09 10:45:11,073] Trial 18 pruned. 
  Trial 21 | Epoch  0 | val 0.1148
  Trial 21 | Epoch  1 | val 0.1034
  Trial 21 | Epoch  2 | val 0.1014
  Trial 21 | Epoch  3 | val 0.1039
  Trial 21 | Epoch  4 | val 0.1032
  Trial 21 | Epoch  5 | val 0.1095
  Trial 21 | Epoch  6 | val 0.0988
  Trial 21 | Epoch  7 | val 0.1038
  Trial 21 | Epoch  8 | val 0.1033
  Trial 21 | Epoch  9 | val 0.0973
  Trial 21 | Epoch 10 | val 0.1029
  Trial 21 | Epoch 11 | val 0.0981
  Trial 21 | Epoch 12 | val 0.0967
  Trial 21 | Epoch 13 | val 0.0989
  Trial 21 | Epoch 14 | val 0.1024
  Trial 21 | Epoch 15 | val 0.0987
  Trial 21 | Epoch 16 | val 0.1019
  Trial 21 | Epoch 17 | val 0.1011
  Trial 21 | Epoch 18 | val 0.1028
  Trial 21 | Epoch 19 | val 0.0990
  Trial 21 | Epoch 20 | val 0.1004
  Trial 21 | Epoch 21 | val 0.0983
  Trial 21 | Epoch 22 | val 0.0999
  Trial 21 | Epoch 23 | val 0.0988
  Trial 21 | Epoch 24 | val 0.0984
  Trial 21 | Epoch 25 | val 0.0982
  Trial 21 | Epoch 26 | val 0.1014
  Trial 21 | Epoch 27 | val 0.1011
  Trial 21 | Epoch 28 | val 0.0987
  Trial 21 | Epoch 29 | val 0.1028
[I 2026-09-09 10:48:31,041] Trial 21 finished with value: 0.09669980727992619 and parameters: {'lr': 0.0019874437826977818, 'batch_size': 64, 'lambda_future': 0.003627619918304719}. Best is trial 1 with value: 0.09050412179236776.
  Trial 26 | Epoch  0 | val 0.1110
  Trial 26 | Epoch  1 | val 0.1082
  Trial 26 | Epoch  2 | val 0.1102
  Trial 26 | Epoch  3 | val 0.1039
  Trial 26 | Epoch  4 | val 0.1035
  Trial 26 | Epoch  5 | val 0.0990
  Trial 26 | Epoch  6 | val 0.1020
  Trial 26 | Epoch  7 | val 0.0987
  Trial 26 | Epoch  8 | val 0.0967
  Trial 26 | Epoch  9 | val 0.0953
  Trial 26 | Epoch 10 | val 0.0963
  Trial 26 | Epoch 11 | val 0.0982
  Trial 26 | Epoch 12 | val 0.1025
  Trial 26 | Epoch 13 | val 0.0999
  Trial 26 | Epoch 14 | val 0.0982
  Trial 26 | Epoch 15 | val 0.0985
  Trial 26 | Epoch 16 | val 0.0955
  Trial 26 | Epoch 17 | val 0.0996
  Trial 26 | Epoch 18 | val 0.0967
  Trial 26 | Epoch 19 | val 0.0963
  Trial 26 | Epoch 20 | val 0.0960
  Trial 26 | Epoch 21 | val 0.0931
  Trial 26 | Epoch 22 | val 0.0992
  Trial 26 | Epoch 23 | val 0.1027
  Trial 26 | Epoch 24 | val 0.0986
  Trial 26 | Epoch 25 | val 0.0993
  Trial 26 | Epoch 26 | val 0.0979
  Trial 26 | Epoch 27 | val 0.1003
  Trial 26 | Epoch 28 | val 0.1021
  Trial 26 | Epoch 29 | val 0.0987
[I 2026-09-09 10:51:39,568] Trial 26 finished with value: 0.09311479711040323 and parameters: {'lr': 0.00051695853809753, 'batch_size': 64, 'lambda_future': 0.009304058872820691}. Best is trial 1 with value: 0.09050412179236776.

--- Fase 2, architettura #2: gru=128, mlp=256 ---

[I 2026-09-09 10:51:39,569] Using an existing study with name 'fish_forward_phase2_arch2' instead of creating a new one.
  Trial 1 | Epoch  0 | val 0.1058
  Trial 1 | Epoch  1 | val 0.1039
  Trial 1 | Epoch  2 | val 0.0988
  Trial 1 | Epoch  3 | val 0.0974
  Trial 1 | Epoch  4 | val 0.0963
  Trial 1 | Epoch  5 | val 0.0925
  Trial 1 | Epoch  6 | val 0.0950
  Trial 1 | Epoch  7 | val 0.0950
  Trial 1 | Epoch  8 | val 0.0971
  Trial 1 | Epoch  9 | val 0.0945
  Trial 1 | Epoch 10 | val 0.0984
  Trial 1 | Epoch 11 | val 0.1010
  Trial 1 | Epoch 12 | val 0.0989
  Trial 1 | Epoch 13 | val 0.0958
  Trial 1 | Epoch 14 | val 0.0932
  Trial 1 | Epoch 15 | val 0.0955
  Trial 1 | Epoch 16 | val 0.0971
  Trial 1 | Epoch 17 | val 0.0971
  Trial 1 | Epoch 18 | val 0.0996
  Trial 1 | Epoch 19 | val 0.0976
  Trial 1 | Epoch 20 | val 0.1006
  Trial 1 | Epoch 21 | val 0.0933
  Trial 1 | Epoch 22 | val 0.0962
  Trial 1 | Epoch 23 | val 0.0965
  Trial 1 | Epoch 24 | val 0.0994
  Trial 1 | Epoch 25 | val 0.0959
  Trial 1 | Epoch 26 | val 0.0978
  Trial 1 | Epoch 27 | val 0.0938
  Trial 1 | Epoch 28 | val 0.1038
  Trial 1 | Epoch 29 | val 0.0984
[I 2026-09-09 10:55:33,294] Trial 1 finished with value: 0.09253856579896215 and parameters: {'lr': 0.0009602375722351141, 'batch_size': 32, 'lambda_future': 0.0015141293880682836}. Best is trial 1 with value: 0.09253856579896215.
  Trial 6 | Epoch  0 | val 0.1600
  Trial 6 | Epoch  1 | val 0.1510
  Trial 6 | Epoch  2 | val 0.1557
  Trial 6 | Epoch  3 | val 0.1502
  Trial 6 | Epoch  4 | val 0.1533
  Trial 6 | Epoch  5 | val 0.1492
  Trial 6 | Epoch  6 | val 0.1520
  Trial 6 | Epoch  7 | val 0.1504
  Trial 6 | Epoch  8 | val 0.1588
  Trial 6 | Epoch  9 | val 0.1400
  Trial 6 | Epoch 10 | val 0.1518
  Trial 6 | Epoch 11 | val 0.1480
  Trial 6 | Epoch 12 | val 0.1547
  Trial 6 | Epoch 13 | val 0.1478
  Trial 6 | Epoch 14 | val 0.1466
  Trial 6 | Epoch 15 | val 0.1469
  Trial 6 | Epoch 16 | val 0.1477
  Trial 6 | Epoch 17 | val 0.1487
  Trial 6 | Epoch 18 | val 0.1459
  Trial 6 | Epoch 19 | val 0.1432
  Trial 6 | Epoch 20 | val 0.1448
  Trial 6 | Epoch 21 | val 0.1498
  Trial 6 | Epoch 22 | val 0.1530
  Trial 6 | Epoch 23 | val 0.1474
  Trial 6 | Epoch 24 | val 0.1455
  Trial 6 | Epoch 25 | val 0.1482
  Trial 6 | Epoch 26 | val 0.1467
  Trial 6 | Epoch 27 | val 0.1501
  Trial 6 | Epoch 28 | val 0.1456
  Trial 6 | Epoch 29 | val 0.1499
[I 2026-09-09 10:57:23,060] Trial 6 finished with value: 0.1399894984628606 and parameters: {'lr': 0.0038101419715770623, 'batch_size': 64, 'lambda_future': 0.4932857521539438}. Best is trial 1 with value: 0.09253856579896215.
  Trial 8 | Epoch  0 | val 0.1471
  Trial 8 | Epoch  1 | val 0.1224
  Trial 8 | Epoch  2 | val 0.1166
  Trial 8 | Epoch  3 | val 0.1160
  Trial 8 | Epoch  4 | val 0.1123
  Trial 8 | Epoch  5 | val 0.1124
[I 2026-09-09 10:57:46,464] Trial 8 pruned. 
  Trial 13 | Epoch  0 | val 0.1204
  Trial 13 | Epoch  1 | val 0.1104
  Trial 13 | Epoch  2 | val 0.1102
  Trial 13 | Epoch  3 | val 0.1075
  Trial 13 | Epoch  4 | val 0.1069
  Trial 13 | Epoch  5 | val 0.1022
[I 2026-09-09 10:58:08,467] Trial 13 pruned. 
  Trial 16 | Epoch  0 | val 0.1038
  Trial 16 | Epoch  1 | val 0.1018
  Trial 16 | Epoch  2 | val 0.1047
  Trial 16 | Epoch  3 | val 0.0979
  Trial 16 | Epoch  4 | val 0.1006
  Trial 16 | Epoch  5 | val 0.1070
  Trial 16 | Epoch  6 | val 0.0985
  Trial 16 | Epoch  7 | val 0.0937
  Trial 16 | Epoch  8 | val 0.0984
  Trial 16 | Epoch  9 | val 0.0980
  Trial 16 | Epoch 10 | val 0.1029
  Trial 16 | Epoch 11 | val 0.1078
  Trial 16 | Epoch 12 | val 0.1038
  Trial 16 | Epoch 13 | val 0.1005
  Trial 16 | Epoch 14 | val 0.1002
  Trial 16 | Epoch 15 | val 0.0998
  Trial 16 | Epoch 16 | val 0.1025
  Trial 16 | Epoch 17 | val 0.1012
  Trial 16 | Epoch 18 | val 0.1008
  Trial 16 | Epoch 19 | val 0.1028
  Trial 16 | Epoch 20 | val 0.1018
  Trial 16 | Epoch 21 | val 0.0976
  Trial 16 | Epoch 22 | val 0.0983
  Trial 16 | Epoch 23 | val 0.1001
  Trial 16 | Epoch 24 | val 0.1022
  Trial 16 | Epoch 25 | val 0.1033
  Trial 16 | Epoch 26 | val 0.1011
  Trial 16 | Epoch 27 | val 0.1001
  Trial 16 | Epoch 28 | val 0.0977
  Trial 16 | Epoch 29 | val 0.1009
[I 2026-09-09 11:01:30,573] Trial 16 finished with value: 0.09367924586453316 and parameters: {'lr': 0.0024332190506817742, 'batch_size': 32, 'lambda_future': 0.014342768461007556}. Best is trial 1 with value: 0.09253856579896215.
  Trial 22 | Epoch  0 | val 0.1105
  Trial 22 | Epoch  1 | val 0.1036
  Trial 22 | Epoch  2 | val 0.1067
  Trial 22 | Epoch  3 | val 0.1081
  Trial 22 | Epoch  4 | val 0.1038
  Trial 22 | Epoch  5 | val 0.1050
  Trial 22 | Epoch  6 | val 0.1004
[I 2026-09-09 11:01:44,565] Trial 22 pruned. 
  Trial 24 | Epoch  0 | val 0.1050
  Trial 24 | Epoch  1 | val 0.1028
  Trial 24 | Epoch  2 | val 0.0965
  Trial 24 | Epoch  3 | val 0.1014
  Trial 24 | Epoch  4 | val 0.1038
  Trial 24 | Epoch  5 | val 0.0969
  Trial 24 | Epoch  6 | val 0.0966
  Trial 24 | Epoch  7 | val 0.1075
  Trial 24 | Epoch  8 | val 0.1049
  Trial 24 | Epoch  9 | val 0.1020
  Trial 24 | Epoch 10 | val 0.1044
  Trial 24 | Epoch 11 | val 0.0992
  Trial 24 | Epoch 12 | val 0.1003
  Trial 24 | Epoch 13 | val 0.1036
  Trial 24 | Epoch 14 | val 0.0970
  Trial 24 | Epoch 15 | val 0.1072
  Trial 24 | Epoch 16 | val 0.0996
  Trial 24 | Epoch 17 | val 0.0996
  Trial 24 | Epoch 18 | val 0.1065
  Trial 24 | Epoch 19 | val 0.1025
  Trial 24 | Epoch 20 | val 0.1022
  Trial 24 | Epoch 21 | val 0.1011
  Trial 24 | Epoch 22 | val 0.1039
  Trial 24 | Epoch 23 | val 0.1067
  Trial 24 | Epoch 24 | val 0.1031
  Trial 24 | Epoch 25 | val 0.1065
  Trial 24 | Epoch 26 | val 0.1073
  Trial 24 | Epoch 27 | val 0.1014
  Trial 24 | Epoch 28 | val 0.1057
  Trial 24 | Epoch 29 | val 0.1041
[I 2026-09-09 11:04:54,325] Trial 24 finished with value: 0.09651498031800974 and parameters: {'lr': 0.0025798325058746505, 'batch_size': 32, 'lambda_future': 0.004876067730798217}. Best is trial 18 with value: 0.0895845789415962.
  Trial 27 | Epoch  0 | val 0.1095
  Trial 27 | Epoch  1 | val 0.1010
  Trial 27 | Epoch  2 | val 0.1006
  Trial 27 | Epoch  3 | val 0.1024
  Trial 27 | Epoch  4 | val 0.1005
  Trial 27 | Epoch  5 | val 0.1008
  Trial 27 | Epoch  6 | val 0.0954
  Trial 27 | Epoch  7 | val 0.0977
  Trial 27 | Epoch  8 | val 0.1013
  Trial 27 | Epoch  9 | val 0.0986
  Trial 27 | Epoch 10 | val 0.1010
  Trial 27 | Epoch 11 | val 0.1035
  Trial 27 | Epoch 12 | val 0.1020
  Trial 27 | Epoch 13 | val 0.0971
  Trial 27 | Epoch 14 | val 0.1064
  Trial 27 | Epoch 15 | val 0.1034
  Trial 27 | Epoch 16 | val 0.0968
  Trial 27 | Epoch 17 | val 0.0986
  Trial 27 | Epoch 18 | val 0.0973
  Trial 27 | Epoch 19 | val 0.1008
  Trial 27 | Epoch 20 | val 0.1026
  Trial 27 | Epoch 21 | val 0.1012
  Trial 27 | Epoch 22 | val 0.0983
  Trial 27 | Epoch 23 | val 0.1004
  Trial 27 | Epoch 24 | val 0.0983
  Trial 27 | Epoch 25 | val 0.1033
  Trial 27 | Epoch 26 | val 0.1077
  Trial 27 | Epoch 27 | val 0.1003
  Trial 27 | Epoch 28 | val 0.1028
  Trial 27 | Epoch 29 | val 0.0992
[I 2026-09-09 11:08:00,335] Trial 27 finished with value: 0.09539197504945382 and parameters: {'lr': 0.0019067122685723606, 'batch_size': 32, 'lambda_future': 0.0021007989811616208}. Best is trial 18 with value: 0.0895845789415962.

=== Migliori iperparametri - Fase 2 ===
  lr: 0.0024029270324231015
  batch_size: 32
  lambda_future: 0.0059140382482531645
  best val loss: 0.0896

Risultati salvati in /home/gemma/tesi/aquabot/src/net/SensorEstimator/tuning_results/best_params_phase2.txt
