Device: cuda | threads: 4
lambda_future: fisso a 0.5 in fase 1, cercato in [1e-3, 3.0] (log) nelle fasi 2/3
=== FASE 1 | 4 trial (questo worker) | 30 epoche ===

Caricamento dataset...
Trovati 34 trial.
  [trial_20260519_151133.csv] attenzione: calibrazione a riposo su 37 campioni (< 50)
Dataset grezzo: 34 trial letti. Scaler e finestre verranno costruiti in split_by_trial() (fit solo sul training set).
Feature in input per timestep: 1
[I 2026-09-07 10:42:10,326] Using an existing study with name 'fish_forward_phase1' instead of creating a new one.
Normalizzatore caricato da /home/gemma/tesi/aquabot/src/net/SensorEstimator/../../../src/net/scaler/scalers.pkl (nessun refit).
Dataset: 27324 campioni da 34 trial. seq feature/timestep = 1
  Trial 14 | Epoch  0 | val 0.1337
  Trial 15 | Epoch  0 | val 0.1316
  Trial 12 | Epoch  0 | val 0.1044
  Trial 13 | Epoch  0 | val 0.1686
  Trial 14 | Epoch  1 | val 0.0964
  Trial 15 | Epoch  1 | val 0.1043
  Trial 12 | Epoch  1 | val 0.0826
  Trial 13 | Epoch  1 | val 0.1158
  Trial 14 | Epoch  2 | val 0.0811
  Trial 15 | Epoch  2 | val 0.0941
  Trial 13 | Epoch  2 | val 0.0954
  Trial 12 | Epoch  2 | val 0.0760
  Trial 14 | Epoch  3 | val 0.0804
  Trial 15 | Epoch  3 | val 0.0863
  Trial 12 | Epoch  3 | val 0.0746
  Trial 13 | Epoch  3 | val 0.0864
  Trial 14 | Epoch  4 | val 0.0809
  Trial 12 | Epoch  4 | val 0.0707
  Trial 15 | Epoch  4 | val 0.0856
  Trial 13 | Epoch  4 | val 0.0848
  Trial 14 | Epoch  5 | val 0.0783
  Trial 12 | Epoch  5 | val 0.0741
  Trial 13 | Epoch  5 | val 0.0811
  Trial 15 | Epoch  5 | val 0.0753
  Trial 14 | Epoch  6 | val 0.0729
  Trial 12 | Epoch  6 | val 0.0709
  Trial 13 | Epoch  6 | val 0.0809
  Trial 15 | Epoch  6 | val 0.0785
  Trial 14 | Epoch  7 | val 0.0711
  Trial 12 | Epoch  7 | val 0.0664
  Trial 13 | Epoch  7 | val 0.0775
  Trial 14 | Epoch  8 | val 0.0702
  Trial 15 | Epoch  7 | val 0.0782
  Trial 12 | Epoch  8 | val 0.0690
  Trial 13 | Epoch  8 | val 0.0771
  Trial 14 | Epoch  9 | val 0.0726
  Trial 15 | Epoch  8 | val 0.0707
  Trial 12 | Epoch  9 | val 0.0671
  Trial 13 | Epoch  9 | val 0.0796
  Trial 14 | Epoch 10 | val 0.0702
  Trial 15 | Epoch  9 | val 0.0722
  Trial 12 | Epoch 10 | val 0.0667
  Trial 13 | Epoch 10 | val 0.0739
  Trial 14 | Epoch 11 | val 0.0700
  Trial 15 | Epoch 10 | val 0.0715
  Trial 12 | Epoch 11 | val 0.0623
  Trial 14 | Epoch 12 | val 0.0716
  Trial 13 | Epoch 11 | val 0.0752
  Trial 15 | Epoch 11 | val 0.0696
  Trial 12 | Epoch 12 | val 0.0648
  Trial 14 | Epoch 13 | val 0.0715
  Trial 13 | Epoch 12 | val 0.0720
  Trial 15 | Epoch 12 | val 0.0703
  Trial 12 | Epoch 13 | val 0.0646
  Trial 14 | Epoch 14 | val 0.0681
  Trial 13 | Epoch 13 | val 0.0740
  Trial 15 | Epoch 13 | val 0.0680
  Trial 12 | Epoch 14 | val 0.0626
  Trial 14 | Epoch 15 | val 0.0668
  Trial 13 | Epoch 14 | val 0.0764
  Trial 12 | Epoch 15 | val 0.0619
  Trial 15 | Epoch 14 | val 0.0687
  Trial 14 | Epoch 16 | val 0.0674
  Trial 13 | Epoch 15 | val 0.0714
  Trial 12 | Epoch 16 | val 0.0636
  Trial 15 | Epoch 15 | val 0.0656
  Trial 14 | Epoch 17 | val 0.0684
  Trial 13 | Epoch 16 | val 0.0694
  Trial 12 | Epoch 17 | val 0.0625
  Trial 14 | Epoch 18 | val 0.0647
  Trial 15 | Epoch 16 | val 0.0686
  Trial 13 | Epoch 17 | val 0.0713
  Trial 12 | Epoch 18 | val 0.0628
  Trial 14 | Epoch 19 | val 0.0651
  Trial 15 | Epoch 17 | val 0.0693
  Trial 13 | Epoch 18 | val 0.0705
  Trial 12 | Epoch 19 | val 0.0610
  Trial 14 | Epoch 20 | val 0.0648
  Trial 15 | Epoch 18 | val 0.0672
  Trial 13 | Epoch 19 | val 0.0709
  Trial 12 | Epoch 20 | val 0.0595
  Trial 14 | Epoch 21 | val 0.0652
  Trial 15 | Epoch 19 | val 0.0656
  Trial 13 | Epoch 20 | val 0.0704
  Trial 12 | Epoch 21 | val 0.0629
  Trial 14 | Epoch 22 | val 0.0646
  Trial 15 | Epoch 20 | val 0.0665
  Trial 13 | Epoch 21 | val 0.0704
  Trial 12 | Epoch 22 | val 0.0589
  Trial 14 | Epoch 23 | val 0.0639
  Trial 13 | Epoch 22 | val 0.0684
  Trial 15 | Epoch 21 | val 0.0670
  Trial 12 | Epoch 23 | val 0.0587
  Trial 14 | Epoch 24 | val 0.0633
  Trial 13 | Epoch 23 | val 0.0696
  Trial 15 | Epoch 22 | val 0.0660
  Trial 12 | Epoch 24 | val 0.0660
  Trial 14 | Epoch 25 | val 0.0624
  Trial 13 | Epoch 24 | val 0.0688
  Trial 15 | Epoch 23 | val 0.0654
  Trial 12 | Epoch 25 | val 0.0602
  Trial 14 | Epoch 26 | val 0.0629
  Trial 13 | Epoch 25 | val 0.0679
  Trial 12 | Epoch 26 | val 0.0620
  Trial 15 | Epoch 24 | val 0.0657
  Trial 14 | Epoch 27 | val 0.0637
  Trial 13 | Epoch 26 | val 0.0677
  Trial 12 | Epoch 27 | val 0.0605
  Trial 14 | Epoch 28 | val 0.0650
  Trial 15 | Epoch 25 | val 0.0664
  Trial 13 | Epoch 27 | val 0.0676
  Trial 12 | Epoch 28 | val 0.0585
  Trial 14 | Epoch 29 | val 0.0640
[I 2026-09-07 10:45:08,324] Trial 14 finished with value: 0.062352867018598226 and parameters: {'gru_hidden': 128, 'mlp_hidden': 64}. Best is trial 0 with value: 0.062327498820290636.
  Trial 15 | Epoch 26 | val 0.0641
  Trial 13 | Epoch 28 | val 0.0679
  Trial 12 | Epoch 29 | val 0.0611
[I 2026-09-07 10:45:12,002] Trial 12 finished with value: 0.0585242836916847 and parameters: {'gru_hidden': 64, 'mlp_hidden': 256}. Best is trial 12 with value: 0.0585242836916847.
  Trial 15 | Epoch 27 | val 0.0666
  Trial 13 | Epoch 29 | val 0.0672
[I 2026-09-07 10:45:14,261] Trial 13 finished with value: 0.06715584390643817 and parameters: {'gru_hidden': 64, 'mlp_hidden': 32}. Best is trial 12 with value: 0.0585242836916847.
  Trial 15 | Epoch 28 | val 0.0679
  Trial 15 | Epoch 29 | val 0.0686
[I 2026-09-07 10:45:20,125] Trial 15 finished with value: 0.06414446144350874 and parameters: {'gru_hidden': 512, 'mlp_hidden': 32}. Best is trial 12 with value: 0.0585242836916847.

=== Migliori iperparametri - Fase 1 ===
  gru_hidden: 64
  mlp_hidden: 256
  best val loss: 0.0585

Risultati salvati in /home/gemma/tesi/aquabot/src/net/SensorEstimator/tuning_results/best_params_phase1.txt
