Device: cuda | threads: 4
lambda_future: fisso a 0.5 in fase 1, cercato in [1e-3, 3.0] (log) nelle fasi 2/3
=== FASE 1 | 4 trial (questo worker) | 30 epoche ===

Caricamento dataset...
Trovati 69 trial.
Dataset grezzo: 69 trial letti. Scaler e finestre verranno costruiti in split_by_trial() (fit solo sul training set).
Feature in input per timestep: 1
[I 2026-09-08 14:59:58,467] Using an existing study with name 'fish_forward_phase1' instead of creating a new one.
Normalizzatore caricato da /home/gemma/tesi/aquabot/src/net/SensorEstimator/../../../src/net/scaler/scalers.pkl (nessun refit).
Dataset: 55461 campioni da 69 trial. seq feature/timestep = 1
  Trial 6 | Epoch  0 | val 0.1636
  Trial 4 | Epoch  0 | val 0.1592
  Trial 7 | Epoch  0 | val 0.1571
  Trial 5 | Epoch  0 | val 0.1714
  Trial 6 | Epoch  1 | val 0.1584
  Trial 4 | Epoch  1 | val 0.1520
  Trial 5 | Epoch  1 | val 0.1584
  Trial 7 | Epoch  1 | val 0.1533
  Trial 6 | Epoch  2 | val 0.1615
  Trial 4 | Epoch  2 | val 0.1538
  Trial 5 | Epoch  2 | val 0.1573
  Trial 7 | Epoch  2 | val 0.1540
  Trial 6 | Epoch  3 | val 0.1579
  Trial 4 | Epoch  3 | val 0.1513
  Trial 5 | Epoch  3 | val 0.1524
  Trial 7 | Epoch  3 | val 0.1489
  Trial 6 | Epoch  4 | val 0.1584
  Trial 5 | Epoch  4 | val 0.1517
  Trial 4 | Epoch  4 | val 0.1503
  Trial 7 | Epoch  4 | val 0.1462
  Trial 6 | Epoch  5 | val 0.1515
  Trial 5 | Epoch  5 | val 0.1518
  Trial 4 | Epoch  5 | val 0.1522
  Trial 7 | Epoch  5 | val 0.1453
  Trial 6 | Epoch  6 | val 0.1489
  Trial 5 | Epoch  6 | val 0.1519
  Trial 4 | Epoch  6 | val 0.1497
  Trial 7 | Epoch  6 | val 0.1464
  Trial 6 | Epoch  7 | val 0.1476
  Trial 5 | Epoch  7 | val 0.1495
  Trial 4 | Epoch  7 | val 0.1465
  Trial 7 | Epoch  7 | val 0.1497
  Trial 6 | Epoch  8 | val 0.1509
  Trial 5 | Epoch  8 | val 0.1471
  Trial 4 | Epoch  8 | val 0.1462
  Trial 7 | Epoch  8 | val 0.1506
  Trial 6 | Epoch  9 | val 0.1475
  Trial 5 | Epoch  9 | val 0.1510
  Trial 6 | Epoch 10 | val 0.1498
  Trial 4 | Epoch  9 | val 0.1473
  Trial 7 | Epoch  9 | val 0.1444
  Trial 5 | Epoch 10 | val 0.1539
  Trial 6 | Epoch 11 | val 0.1469
  Trial 4 | Epoch 10 | val 0.1423
  Trial 7 | Epoch 10 | val 0.1499
  Trial 5 | Epoch 11 | val 0.1518
  Trial 6 | Epoch 12 | val 0.1474
  Trial 4 | Epoch 11 | val 0.1446
  Trial 7 | Epoch 11 | val 0.1410
  Trial 5 | Epoch 12 | val 0.1474
  Trial 6 | Epoch 13 | val 0.1435
  Trial 4 | Epoch 12 | val 0.1444
  Trial 7 | Epoch 12 | val 0.1472
  Trial 5 | Epoch 13 | val 0.1525
  Trial 6 | Epoch 14 | val 0.1402
  Trial 4 | Epoch 13 | val 0.1409
  Trial 7 | Epoch 13 | val 0.1452
  Trial 5 | Epoch 14 | val 0.1507
  Trial 6 | Epoch 15 | val 0.1420
  Trial 4 | Epoch 14 | val 0.1441
  Trial 7 | Epoch 14 | val 0.1478
  Trial 5 | Epoch 15 | val 0.1472
  Trial 6 | Epoch 16 | val 0.1457
  Trial 4 | Epoch 15 | val 0.1446
  Trial 7 | Epoch 15 | val 0.1438
  Trial 5 | Epoch 16 | val 0.1538
  Trial 6 | Epoch 17 | val 0.1417
  Trial 4 | Epoch 16 | val 0.1430
  Trial 7 | Epoch 16 | val 0.1509
  Trial 5 | Epoch 17 | val 0.1505
  Trial 6 | Epoch 18 | val 0.1423
  Trial 4 | Epoch 17 | val 0.1413
  Trial 5 | Epoch 18 | val 0.1510
  Trial 7 | Epoch 17 | val 0.1451
  Trial 6 | Epoch 19 | val 0.1432
  Trial 5 | Epoch 19 | val 0.1486
  Trial 4 | Epoch 18 | val 0.1435
  Trial 6 | Epoch 20 | val 0.1438
  Trial 7 | Epoch 18 | val 0.1477
  Trial 5 | Epoch 20 | val 0.1500
  Trial 6 | Epoch 21 | val 0.1441
  Trial 4 | Epoch 19 | val 0.1436
  Trial 7 | Epoch 19 | val 0.1521
  Trial 5 | Epoch 21 | val 0.1447
  Trial 6 | Epoch 22 | val 0.1440
  Trial 4 | Epoch 20 | val 0.1477
  Trial 7 | Epoch 20 | val 0.1466
  Trial 5 | Epoch 22 | val 0.1524
  Trial 6 | Epoch 23 | val 0.1420
  Trial 4 | Epoch 21 | val 0.1443
  Trial 7 | Epoch 21 | val 0.1501
  Trial 5 | Epoch 23 | val 0.1511
  Trial 6 | Epoch 24 | val 0.1435
  Trial 4 | Epoch 22 | val 0.1438
  Trial 7 | Epoch 22 | val 0.1470
  Trial 6 | Epoch 25 | val 0.1423
  Trial 5 | Epoch 24 | val 0.1485
  Trial 4 | Epoch 23 | val 0.1469
  Trial 7 | Epoch 23 | val 0.1446
  Trial 6 | Epoch 26 | val 0.1472
  Trial 5 | Epoch 25 | val 0.1472
  Trial 4 | Epoch 24 | val 0.1430
  Trial 7 | Epoch 24 | val 0.1467
  Trial 6 | Epoch 27 | val 0.1397
  Trial 5 | Epoch 26 | val 0.1503
  Trial 4 | Epoch 25 | val 0.1451
  Trial 7 | Epoch 25 | val 0.1440
  Trial 6 | Epoch 28 | val 0.1457
  Trial 5 | Epoch 27 | val 0.1446
  Trial 4 | Epoch 26 | val 0.1433
  Trial 7 | Epoch 26 | val 0.1462
  Trial 6 | Epoch 29 | val 0.1418
[I 2026-09-08 15:07:31,991] Trial 6 finished with value: 0.13971795974565404 and parameters: {'gru_hidden': 64, 'mlp_hidden': 128}. Best is trial 6 with value: 0.13971795974565404.
  Trial 5 | Epoch 28 | val 0.1486
  Trial 4 | Epoch 27 | val 0.1408
  Trial 7 | Epoch 27 | val 0.1487
  Trial 5 | Epoch 29 | val 0.1495
[I 2026-09-08 15:07:39,356] Trial 5 finished with value: 0.14457916384961988 and parameters: {'gru_hidden': 128, 'mlp_hidden': 32}. Best is trial 6 with value: 0.13971795974565404.
  Trial 4 | Epoch 28 | val 0.1485
  Trial 7 | Epoch 28 | val 0.1485
  Trial 4 | Epoch 29 | val 0.1479
[I 2026-09-08 15:07:50,506] Trial 4 finished with value: 0.14080050231805735 and parameters: {'gru_hidden': 512, 'mlp_hidden': 64}. Best is trial 6 with value: 0.13971795974565404.
  Trial 7 | Epoch 29 | val 0.1438
[I 2026-09-08 15:07:51,433] Trial 7 finished with value: 0.14103234511733587 and parameters: {'gru_hidden': 512, 'mlp_hidden': 128}. Best is trial 6 with value: 0.13971795974565404.

=== Migliori iperparametri - Fase 1 ===
  gru_hidden: 64
  mlp_hidden: 128
  best val loss: 0.1397

Risultati salvati in /home/gemma/tesi/aquabot/src/net/SensorEstimator/tuning_results/best_params_phase1.txt
