Studio: fm_h20_res | device cpu | H=20 | residual=True
Caricamento dataset (p=1)...
Trovati 120 trial.
Dataset grezzo: 120 trial letti. Scaler e finestre costruiti in split_by_trial() (fit solo su train).
/home/gemma/tesi/aquabot/src/net/fm/tuning/tune.py:222: ExperimentalWarning: Argument ``multivariate`` is an experimental feature. The interface can change in the future.
  sampler = optuna.samplers.TPESampler(
/home/gemma/tesi/aquabot/src/net/fm/tuning/tune.py:222: ExperimentalWarning: Argument ``group`` is an experimental feature. The interface can change in the future.
  sampler = optuna.samplers.TPESampler(
/home/gemma/tesi/aquabot/src/net/fm/tuning/tune.py:222: ExperimentalWarning: Argument ``constant_liar`` is an experimental feature. The interface can change in the future.
  sampler = optuna.samplers.TPESampler(
[I 2026-09-30 12:27:08,681] Using an existing study with name 'fm_h20_res' instead of creating a new one.
Normalizzatore caricato da /home/gemma/tesi/aquabot/src/net/scaler/scalers_joint.pkl (nessun refit).
Dataset: 33600 campioni da 120 trial. H=20 P=1 | seq_cmd=(20, 1) seq_sens=(20, 2)
Split per-trial: 26879 finestre train | 6721 finestre val
Baseline persistenza (val): 0.7267 (sd 0.3393 | current 1.1141)
Epoch   0 | train 0.3221 | val 0.1597 (sd 0.0673 current 0.2521) | val/persist 0.220 | lr 3.86e-04
Epoch   1 | train 0.1399 | val 0.1178 (sd 0.0603 current 0.1753) | val/persist 0.162 | lr 3.86e-04
Epoch   2 | train 0.1148 | val 0.1050 (sd 0.0566 current 0.1534) | val/persist 0.144 | lr 3.86e-04
Epoch   3 | train 0.1052 | val 0.1012 (sd 0.0561 current 0.1462) | val/persist 0.139 | lr 3.86e-04
Epoch   4 | train 0.0985 | val 0.0928 (sd 0.0541 current 0.1315) | val/persist 0.128 | lr 3.86e-04
Epoch   5 | train 0.0943 | val 0.0906 (sd 0.0526 current 0.1285) | val/persist 0.125 | lr 3.86e-04
Epoch   6 | train 0.0898 | val 0.0884 (sd 0.0514 current 0.1253) | val/persist 0.122 | lr 3.86e-04
Epoch   7 | train 0.0869 | val 0.0841 (sd 0.0507 current 0.1174) | val/persist 0.116 | lr 3.86e-04
Epoch   8 | train 0.0846 | val 0.0822 (sd 0.0494 current 0.1150) | val/persist 0.113 | lr 3.86e-04
Epoch   9 | train 0.0828 | val 0.0797 (sd 0.0489 current 0.1105) | val/persist 0.110 | lr 3.86e-04
Epoch  10 | train 0.0807 | val 0.0790 (sd 0.0475 current 0.1105) | val/persist 0.109 | lr 3.86e-04
Epoch  11 | train 0.0784 | val 0.0767 (sd 0.0464 current 0.1069) | val/persist 0.105 | lr 3.86e-04
Epoch  12 | train 0.0774 | val 0.0753 (sd 0.0461 current 0.1045) | val/persist 0.104 | lr 3.86e-04
Epoch  13 | train 0.0761 | val 0.0717 (sd 0.0442 current 0.0991) | val/persist 0.099 | lr 3.86e-04
Epoch  14 | train 0.0747 | val 0.0723 (sd 0.0434 current 0.1012) | val/persist 0.099 | lr 3.86e-04
Epoch  15 | train 0.0735 | val 0.0724 (sd 0.0427 current 0.1021) | val/persist 0.100 | lr 3.86e-04
Epoch  16 | train 0.0717 | val 0.0685 (sd 0.0406 current 0.0965) | val/persist 0.094 | lr 3.86e-04
Epoch  17 | train 0.0709 | val 0.0692 (sd 0.0402 current 0.0983) | val/persist 0.095 | lr 3.86e-04
Epoch  18 | train 0.0695 | val 0.0652 (sd 0.0384 current 0.0919) | val/persist 0.090 | lr 3.86e-04
Epoch  19 | train 0.0684 | val 0.0677 (sd 0.0378 current 0.0975) | val/persist 0.093 | lr 3.86e-04
Epoch  20 | train 0.0667 | val 0.0667 (sd 0.0392 current 0.0943) | val/persist 0.092 | lr 3.86e-04
Epoch  21 | train 0.0663 | val 0.0636 (sd 0.0351 current 0.0922) | val/persist 0.088 | lr 3.86e-04
Epoch  22 | train 0.0665 | val 0.0642 (sd 0.0360 current 0.0924) | val/persist 0.088 | lr 3.86e-04
Epoch  23 | train 0.0646 | val 0.0600 (sd 0.0333 current 0.0867) | val/persist 0.083 | lr 3.86e-04
Epoch  24 | train 0.0641 | val 0.0602 (sd 0.0338 current 0.0865) | val/persist 0.083 | lr 3.86e-04
Epoch  25 | train 0.0624 | val 0.0612 (sd 0.0343 current 0.0880) | val/persist 0.084 | lr 3.86e-04
Epoch  26 | train 0.0625 | val 0.0582 (sd 0.0318 current 0.0846) | val/persist 0.080 | lr 3.86e-04
Epoch  27 | train 0.0626 | val 0.0575 (sd 0.0313 current 0.0836) | val/persist 0.079 | lr 3.86e-04
Epoch  28 | train 0.0623 | val 0.0579 (sd 0.0315 current 0.0842) | val/persist 0.080 | lr 3.86e-04
Epoch  29 | train 0.0617 | val 0.0580 (sd 0.0309 current 0.0851) | val/persist 0.080 | lr 3.86e-04
Epoch  30 | train 0.0609 | val 0.0550 (sd 0.0301 current 0.0799) | val/persist 0.076 | lr 3.86e-04
Epoch  31 | train 0.0604 | val 0.0551 (sd 0.0296 current 0.0807) | val/persist 0.076 | lr 3.86e-04
Epoch  32 | train 0.0590 | val 0.0558 (sd 0.0296 current 0.0819) | val/persist 0.077 | lr 3.86e-04
Epoch  33 | train 0.0585 | val 0.0553 (sd 0.0311 current 0.0796) | val/persist 0.076 | lr 3.86e-04
Epoch  34 | train 0.0589 | val 0.0555 (sd 0.0319 current 0.0790) | val/persist 0.076 | lr 3.86e-04
Epoch  35 | train 0.0581 | val 0.0535 (sd 0.0289 current 0.0781) | val/persist 0.074 | lr 3.86e-04
Epoch  36 | train 0.0578 | val 0.0537 (sd 0.0304 current 0.0769) | val/persist 0.074 | lr 3.86e-04
Epoch  37 | train 0.0580 | val 0.0544 (sd 0.0299 current 0.0789) | val/persist 0.075 | lr 3.86e-04
Epoch  38 | train 0.0573 | val 0.0538 (sd 0.0293 current 0.0784) | val/persist 0.074 | lr 3.86e-04
Epoch  39 | train 0.0572 | val 0.0539 (sd 0.0298 current 0.0780) | val/persist 0.074 | lr 3.86e-04
Epoch  40 | train 0.0569 | val 0.0530 (sd 0.0284 current 0.0775) | val/persist 0.073 | lr 3.86e-04
Epoch  41 | train 0.0572 | val 0.0521 (sd 0.0292 current 0.0750) | val/persist 0.072 | lr 3.86e-04
Epoch  42 | train 0.0562 | val 0.0531 (sd 0.0287 current 0.0775) | val/persist 0.073 | lr 3.86e-04
Epoch  43 | train 0.0565 | val 0.0515 (sd 0.0272 current 0.0758) | val/persist 0.071 | lr 3.86e-04
Epoch  44 | train 0.0558 | val 0.0517 (sd 0.0286 current 0.0749) | val/persist 0.071 | lr 3.86e-04
Epoch  45 | train 0.0555 | val 0.0512 (sd 0.0283 current 0.0742) | val/persist 0.070 | lr 3.86e-04
Epoch  46 | train 0.0552 | val 0.0519 (sd 0.0283 current 0.0755) | val/persist 0.071 | lr 3.86e-04
Epoch  47 | train 0.0546 | val 0.0507 (sd 0.0269 current 0.0745) | val/persist 0.070 | lr 3.86e-04
Epoch  48 | train 0.0541 | val 0.0511 (sd 0.0271 current 0.0752) | val/persist 0.070 | lr 3.86e-04
Epoch  49 | train 0.0536 | val 0.0510 (sd 0.0272 current 0.0747) | val/persist 0.070 | lr 3.86e-04
Epoch  50 | train 0.0533 | val 0.0510 (sd 0.0283 current 0.0736) | val/persist 0.070 | lr 3.86e-04
Epoch  51 | train 0.0537 | val 0.0498 (sd 0.0267 current 0.0730) | val/persist 0.069 | lr 3.86e-04
Epoch  52 | train 0.0532 | val 0.0509 (sd 0.0276 current 0.0741) | val/persist 0.070 | lr 3.86e-04
Epoch  53 | train 0.0532 | val 0.0511 (sd 0.0269 current 0.0753) | val/persist 0.070 | lr 3.86e-04
Epoch  54 | train 0.0535 | val 0.0520 (sd 0.0278 current 0.0763) | val/persist 0.072 | lr 3.86e-04
Epoch  55 | train 0.0525 | val 0.0498 (sd 0.0274 current 0.0722) | val/persist 0.068 | lr 3.86e-04
Epoch  56 | train 0.0524 | val 0.0500 (sd 0.0263 current 0.0737) | val/persist 0.069 | lr 3.86e-04
Epoch  57 | train 0.0530 | val 0.0492 (sd 0.0265 current 0.0719) | val/persist 0.068 | lr 3.86e-04
Epoch  58 | train 0.0525 | val 0.0493 (sd 0.0270 current 0.0716) | val/persist 0.068 | lr 3.86e-04
Epoch  59 | train 0.0522 | val 0.0486 (sd 0.0263 current 0.0708) | val/persist 0.067 | lr 3.86e-04

Training completato. Best val: 0.0486 a epoch 59 (persistenza 0.7267)
[I 2026-09-30 12:28:45,704] Trial 5 finished with value: 0.048564859048328024 and parameters: {'gru_hidden': 64, 'mlp_hidden': 512, 'num_layers': 1, 'dropout': 0.3228433915142627, 'weight_decay': 0.002803348745980226, 'lr': 0.00038634440980309277, 'batch_size': 256, 'clip_norm': 0.5}. Best is trial 3 with value: 0.04362786160287288.
Split per-trial: 26879 finestre train | 6721 finestre val
Baseline persistenza (val): 0.7267 (sd 0.3393 | current 1.1141)
Epoch   0 | train 0.2681 | val 0.1308 (sd 0.0652 current 0.1964) | val/persist 0.180 | lr 7.88e-04
Epoch   1 | train 0.1380 | val 0.1130 (sd 0.0588 current 0.1672) | val/persist 0.155 | lr 7.88e-04
Epoch   2 | train 0.1192 | val 0.1075 (sd 0.0572 current 0.1579) | val/persist 0.148 | lr 7.88e-04
Epoch   3 | train 0.1126 | val 0.0984 (sd 0.0551 current 0.1417) | val/persist 0.135 | lr 7.88e-04
Epoch   4 | train 0.1064 | val 0.0912 (sd 0.0516 current 0.1307) | val/persist 0.125 | lr 7.88e-04
Epoch   5 | train 0.1034 | val 0.0866 (sd 0.0486 current 0.1245) | val/persist 0.119 | lr 7.88e-04
Epoch   6 | train 0.0980 | val 0.0855 (sd 0.0485 current 0.1225) | val/persist 0.118 | lr 7.88e-04
Epoch   7 | train 0.0958 | val 0.0785 (sd 0.0462 current 0.1107) | val/persist 0.108 | lr 7.88e-04
Epoch   8 | train 0.0931 | val 0.0759 (sd 0.0419 current 0.1099) | val/persist 0.104 | lr 7.88e-04
Epoch   9 | train 0.0907 | val 0.0718 (sd 0.0388 current 0.1048) | val/persist 0.099 | lr 7.88e-04
Epoch  10 | train 0.0877 | val 0.0697 (sd 0.0367 current 0.1026) | val/persist 0.096 | lr 7.88e-04
Epoch  11 | train 0.0870 | val 0.0685 (sd 0.0365 current 0.1005) | val/persist 0.094 | lr 7.88e-04
Epoch  12 | train 0.0857 | val 0.0702 (sd 0.0365 current 0.1039) | val/persist 0.097 | lr 7.88e-04
Epoch  13 | train 0.0856 | val 0.0731 (sd 0.0370 current 0.1091) | val/persist 0.101 | lr 7.88e-04
Epoch  14 | train 0.0851 | val 0.0653 (sd 0.0355 current 0.0950) | val/persist 0.090 | lr 7.88e-04
Epoch  15 | train 0.0819 | val 0.0685 (sd 0.0335 current 0.1036) | val/persist 0.094 | lr 7.88e-04
Epoch  16 | train 0.0804 | val 0.0638 (sd 0.0346 current 0.0929) | val/persist 0.088 | lr 7.88e-04
Epoch  17 | train 0.0817 | val 0.0697 (sd 0.0343 current 0.1050) | val/persist 0.096 | lr 7.88e-04
Epoch  18 | train 0.0809 | val 0.0639 (sd 0.0352 current 0.0926) | val/persist 0.088 | lr 7.88e-04
Epoch  19 | train 0.0796 | val 0.0637 (sd 0.0345 current 0.0929) | val/persist 0.088 | lr 7.88e-04
Epoch  20 | train 0.0808 | val 0.0638 (sd 0.0327 current 0.0950) | val/persist 0.088 | lr 7.88e-04
Epoch  21 | train 0.0799 | val 0.0652 (sd 0.0343 current 0.0961) | val/persist 0.090 | lr 7.88e-04
Epoch  22 | train 0.0788 | val 0.0627 (sd 0.0338 current 0.0915) | val/persist 0.086 | lr 7.88e-04
Epoch  23 | train 0.0782 | val 0.0631 (sd 0.0313 current 0.0949) | val/persist 0.087 | lr 7.88e-04
Epoch  24 | train 0.0778 | val 0.0632 (sd 0.0332 current 0.0932) | val/persist 0.087 | lr 7.88e-04
Epoch  25 | train 0.0789 | val 0.0603 (sd 0.0311 current 0.0896) | val/persist 0.083 | lr 7.88e-04
Epoch  26 | train 0.0760 | val 0.0600 (sd 0.0320 current 0.0880) | val/persist 0.083 | lr 7.88e-04
Epoch  27 | train 0.0762 | val 0.0604 (sd 0.0326 current 0.0882) | val/persist 0.083 | lr 7.88e-04
Epoch  28 | train 0.0767 | val 0.0591 (sd 0.0310 current 0.0872) | val/persist 0.081 | lr 7.88e-04
Epoch  29 | train 0.0767 | val 0.0594 (sd 0.0320 current 0.0869) | val/persist 0.082 | lr 7.88e-04
Epoch  30 | train 0.0746 | val 0.0587 (sd 0.0309 current 0.0865) | val/persist 0.081 | lr 7.88e-04
Epoch  31 | train 0.0756 | val 0.0585 (sd 0.0322 current 0.0848) | val/persist 0.080 | lr 7.88e-04
Epoch  32 | train 0.0756 | val 0.0590 (sd 0.0339 current 0.0842) | val/persist 0.081 | lr 7.88e-04
Epoch  33 | train 0.0752 | val 0.0603 (sd 0.0328 current 0.0878) | val/persist 0.083 | lr 7.88e-04
Epoch  34 | train 0.0742 | val 0.0590 (sd 0.0319 current 0.0860) | val/persist 0.081 | lr 7.88e-04
Epoch  35 | train 0.0750 | val 0.0614 (sd 0.0314 current 0.0915) | val/persist 0.085 | lr 7.88e-04
Epoch  36 | train 0.0748 | val 0.0567 (sd 0.0305 current 0.0829) | val/persist 0.078 | lr 7.88e-04
Epoch  37 | train 0.0745 | val 0.0587 (sd 0.0317 current 0.0857) | val/persist 0.081 | lr 7.88e-04
Epoch  38 | train 0.0743 | val 0.0581 (sd 0.0309 current 0.0853) | val/persist 0.080 | lr 7.88e-04
Epoch  39 | train 0.0748 | val 0.0585 (sd 0.0304 current 0.0865) | val/persist 0.080 | lr 7.88e-04
Epoch  40 | train 0.0734 | val 0.0602 (sd 0.0307 current 0.0897) | val/persist 0.083 | lr 7.88e-04
Epoch  41 | train 0.0738 | val 0.0583 (sd 0.0284 current 0.0882) | val/persist 0.080 | lr 7.88e-04
Epoch  42 | train 0.0739 | val 0.0575 (sd 0.0307 current 0.0844) | val/persist 0.079 | lr 7.88e-04
Epoch  43 | train 0.0726 | val 0.0569 (sd 0.0334 current 0.0804) | val/persist 0.078 | lr 7.88e-04
Epoch  44 | train 0.0720 | val 0.0550 (sd 0.0299 current 0.0801) | val/persist 0.076 | lr 7.88e-04
Epoch  45 | train 0.0722 | val 0.0554 (sd 0.0285 current 0.0823) | val/persist 0.076 | lr 7.88e-04
Epoch  46 | train 0.0726 | val 0.0581 (sd 0.0313 current 0.0849) | val/persist 0.080 | lr 7.88e-04
Epoch  47 | train 0.0717 | val 0.0536 (sd 0.0285 current 0.0787) | val/persist 0.074 | lr 7.88e-04
Epoch  48 | train 0.0719 | val 0.0544 (sd 0.0285 current 0.0803) | val/persist 0.075 | lr 7.88e-04
Epoch  49 | train 0.0717 | val 0.0561 (sd 0.0289 current 0.0832) | val/persist 0.077 | lr 7.88e-04
Epoch  50 | train 0.0721 | val 0.0554 (sd 0.0292 current 0.0816) | val/persist 0.076 | lr 7.88e-04
Epoch  51 | train 0.0715 | val 0.0525 (sd 0.0280 current 0.0770) | val/persist 0.072 | lr 7.88e-04
Epoch  52 | train 0.0713 | val 0.0541 (sd 0.0291 current 0.0792) | val/persist 0.074 | lr 7.88e-04
Epoch  53 | train 0.0713 | val 0.0549 (sd 0.0290 current 0.0807) | val/persist 0.075 | lr 7.88e-04
Epoch  54 | train 0.0710 | val 0.0541 (sd 0.0286 current 0.0795) | val/persist 0.074 | lr 7.88e-04
Epoch  55 | train 0.0713 | val 0.0556 (sd 0.0292 current 0.0820) | val/persist 0.076 | lr 7.88e-04
Epoch  56 | train 0.0703 | val 0.0524 (sd 0.0277 current 0.0770) | val/persist 0.072 | lr 7.88e-04
Epoch  57 | train 0.0708 | val 0.0550 (sd 0.0295 current 0.0804) | val/persist 0.076 | lr 7.88e-04
Epoch  58 | train 0.0697 | val 0.0586 (sd 0.0331 current 0.0842) | val/persist 0.081 | lr 7.88e-04
Epoch  59 | train 0.0707 | val 0.0543 (sd 0.0290 current 0.0796) | val/persist 0.075 | lr 7.88e-04

Training completato. Best val: 0.0524 a epoch 56 (persistenza 0.7267)
[I 2026-09-30 12:30:46,613] Trial 9 finished with value: 0.05239025271626398 and parameters: {'gru_hidden': 32, 'mlp_hidden': 128, 'num_layers': 1, 'dropout': 0.2814323528330195, 'weight_decay': 0.057229253520236334, 'lr': 0.0007879917811190872, 'batch_size': 64, 'clip_norm': 1.0}. Best is trial 3 with value: 0.04362786160287288.
Split per-trial: 26879 finestre train | 6721 finestre val
Baseline persistenza (val): 0.7267 (sd 0.3393 | current 1.1141)
Epoch   0 | train 0.3152 | val 0.1408 (sd 0.0777 current 0.2039) | val/persist 0.194 | lr 6.75e-04
Epoch   1 | train 0.1188 | val 0.1130 (sd 0.0659 current 0.1602) | val/persist 0.156 | lr 6.75e-04
Epoch   2 | train 0.1033 | val 0.1048 (sd 0.0603 current 0.1494) | val/persist 0.144 | lr 6.75e-04
Epoch   3 | train 0.0950 | val 0.1024 (sd 0.0550 current 0.1499) | val/persist 0.141 | lr 6.75e-04
Epoch   4 | train 0.0890 | val 0.0929 (sd 0.0483 current 0.1374) | val/persist 0.128 | lr 6.75e-04
Epoch   5 | train 0.0853 | val 0.0855 (sd 0.0453 current 0.1257) | val/persist 0.118 | lr 6.75e-04
Epoch   6 | train 0.0790 | val 0.0818 (sd 0.0445 current 0.1191) | val/persist 0.113 | lr 6.75e-04
Epoch   7 | train 0.0745 | val 0.0783 (sd 0.0419 current 0.1148) | val/persist 0.108 | lr 6.75e-04
Epoch   8 | train 0.0736 | val 0.0744 (sd 0.0398 current 0.1090) | val/persist 0.102 | lr 6.75e-04
Epoch   9 | train 0.0707 | val 0.0734 (sd 0.0385 current 0.1083) | val/persist 0.101 | lr 6.75e-04
Epoch  10 | train 0.0678 | val 0.0706 (sd 0.0375 current 0.1037) | val/persist 0.097 | lr 6.75e-04
Epoch  11 | train 0.0655 | val 0.0667 (sd 0.0373 current 0.0962) | val/persist 0.092 | lr 6.75e-04
Epoch  12 | train 0.0633 | val 0.0644 (sd 0.0365 current 0.0924) | val/persist 0.089 | lr 6.75e-04
Epoch  13 | train 0.0620 | val 0.0644 (sd 0.0356 current 0.0933) | val/persist 0.089 | lr 6.75e-04
Epoch  14 | train 0.0601 | val 0.0620 (sd 0.0346 current 0.0894) | val/persist 0.085 | lr 6.75e-04
Epoch  15 | train 0.0598 | val 0.0618 (sd 0.0344 current 0.0891) | val/persist 0.085 | lr 6.75e-04
Epoch  16 | train 0.0569 | val 0.0580 (sd 0.0323 current 0.0837) | val/persist 0.080 | lr 6.75e-04
Epoch  17 | train 0.0560 | val 0.0596 (sd 0.0310 current 0.0882) | val/persist 0.082 | lr 6.75e-04
Epoch  18 | train 0.0548 | val 0.0559 (sd 0.0297 current 0.0822) | val/persist 0.077 | lr 6.75e-04
Epoch  19 | train 0.0545 | val 0.0553 (sd 0.0297 current 0.0809) | val/persist 0.076 | lr 6.75e-04
Epoch  20 | train 0.0529 | val 0.0539 (sd 0.0299 current 0.0779) | val/persist 0.074 | lr 6.75e-04
Epoch  21 | train 0.0521 | val 0.0547 (sd 0.0292 current 0.0801) | val/persist 0.075 | lr 6.75e-04
Epoch  22 | train 0.0504 | val 0.0508 (sd 0.0264 current 0.0753) | val/persist 0.070 | lr 6.75e-04
Epoch  23 | train 0.0497 | val 0.0515 (sd 0.0275 current 0.0755) | val/persist 0.071 | lr 6.75e-04
Epoch  24 | train 0.0490 | val 0.0507 (sd 0.0266 current 0.0748) | val/persist 0.070 | lr 6.75e-04
Epoch  25 | train 0.0489 | val 0.0491 (sd 0.0260 current 0.0721) | val/persist 0.068 | lr 6.75e-04
Epoch  26 | train 0.0472 | val 0.0488 (sd 0.0258 current 0.0718) | val/persist 0.067 | lr 6.75e-04
Epoch  27 | train 0.0477 | val 0.0509 (sd 0.0259 current 0.0758) | val/persist 0.070 | lr 6.75e-04
Epoch  28 | train 0.0468 | val 0.0471 (sd 0.0257 current 0.0685) | val/persist 0.065 | lr 6.75e-04
Epoch  29 | train 0.0458 | val 0.0497 (sd 0.0270 current 0.0724) | val/persist 0.068 | lr 6.75e-04
Epoch  30 | train 0.0460 | val 0.0467 (sd 0.0248 current 0.0685) | val/persist 0.064 | lr 6.75e-04
Epoch  31 | train 0.0450 | val 0.0468 (sd 0.0251 current 0.0685) | val/persist 0.064 | lr 6.75e-04
Epoch  32 | train 0.0446 | val 0.0462 (sd 0.0250 current 0.0674) | val/persist 0.064 | lr 6.75e-04
Epoch  33 | train 0.0444 | val 0.0479 (sd 0.0256 current 0.0703) | val/persist 0.066 | lr 6.75e-04
Epoch  34 | train 0.0433 | val 0.0456 (sd 0.0252 current 0.0660) | val/persist 0.063 | lr 6.75e-04
Epoch  35 | train 0.0433 | val 0.0450 (sd 0.0247 current 0.0653) | val/persist 0.062 | lr 6.75e-04
Epoch  36 | train 0.0428 | val 0.0459 (sd 0.0252 current 0.0666) | val/persist 0.063 | lr 6.75e-04
Epoch  37 | train 0.0429 | val 0.0444 (sd 0.0241 current 0.0647) | val/persist 0.061 | lr 6.75e-04
Epoch  38 | train 0.0423 | val 0.0449 (sd 0.0248 current 0.0650) | val/persist 0.062 | lr 6.75e-04
Epoch  39 | train 0.0417 | val 0.0455 (sd 0.0242 current 0.0669) | val/persist 0.063 | lr 6.75e-04
Epoch  40 | train 0.0414 | val 0.0448 (sd 0.0245 current 0.0651) | val/persist 0.062 | lr 6.75e-04
Epoch  41 | train 0.0412 | val 0.0455 (sd 0.0243 current 0.0668) | val/persist 0.063 | lr 6.75e-04
Epoch  42 | train 0.0406 | val 0.0440 (sd 0.0243 current 0.0637) | val/persist 0.061 | lr 6.75e-04
Epoch  43 | train 0.0410 | val 0.0453 (sd 0.0245 current 0.0661) | val/persist 0.062 | lr 6.75e-04
Epoch  44 | train 0.0406 | val 0.0465 (sd 0.0238 current 0.0693) | val/persist 0.064 | lr 6.75e-04
Epoch  45 | train 0.0411 | val 0.0452 (sd 0.0248 current 0.0656) | val/persist 0.062 | lr 6.75e-04
Epoch  46 | train 0.0411 | val 0.0454 (sd 0.0245 current 0.0664) | val/persist 0.062 | lr 6.75e-04
Epoch  47 | train 0.0392 | val 0.0446 (sd 0.0252 current 0.0640) | val/persist 0.061 | lr 6.75e-04
Epoch  48 | train 0.0391 | val 0.0433 (sd 0.0240 current 0.0627) | val/persist 0.060 | lr 6.75e-04
Epoch  49 | train 0.0393 | val 0.0448 (sd 0.0244 current 0.0653) | val/persist 0.062 | lr 6.75e-04
Epoch  50 | train 0.0390 | val 0.0431 (sd 0.0239 current 0.0624) | val/persist 0.059 | lr 6.75e-04
Epoch  51 | train 0.0392 | val 0.0445 (sd 0.0247 current 0.0642) | val/persist 0.061 | lr 6.75e-04
Epoch  52 | train 0.0391 | val 0.0455 (sd 0.0245 current 0.0665) | val/persist 0.063 | lr 6.75e-04
Epoch  53 | train 0.0377 | val 0.0439 (sd 0.0250 current 0.0628) | val/persist 0.060 | lr 6.75e-04
Epoch  54 | train 0.0374 | val 0.0437 (sd 0.0244 current 0.0630) | val/persist 0.060 | lr 6.75e-04
Epoch  55 | train 0.0373 | val 0.0448 (sd 0.0253 current 0.0643) | val/persist 0.062 | lr 6.75e-04
Epoch  56 | train 0.0372 | val 0.0446 (sd 0.0239 current 0.0652) | val/persist 0.061 | lr 6.75e-04
Epoch  57 | train 0.0379 | val 0.0467 (sd 0.0247 current 0.0686) | val/persist 0.064 | lr 6.75e-04
Epoch  58 | train 0.0372 | val 0.0436 (sd 0.0232 current 0.0640) | val/persist 0.060 | lr 6.75e-04
Epoch  59 | train 0.0369 | val 0.0449 (sd 0.0236 current 0.0661) | val/persist 0.062 | lr 6.75e-04

Training completato. Best val: 0.0431 a epoch 50 (persistenza 0.7267)
[I 2026-09-30 12:33:09,449] Trial 14 finished with value: 0.04313048411295396 and parameters: {'gru_hidden': 128, 'mlp_hidden': 64, 'num_layers': 1, 'dropout': 0.024840336874612512, 'weight_decay': 0.0003424554718019523, 'lr': 0.0006745944755717217, 'batch_size': 128, 'clip_norm': 1.0}. Best is trial 8 with value: 0.042171901499707315.
Split per-trial: 26879 finestre train | 6721 finestre val
Baseline persistenza (val): 0.7267 (sd 0.3393 | current 1.1141)
Epoch   0 | train 0.2590 | val 0.1234 (sd 0.0751 current 0.1717) | val/persist 0.170 | lr 7.30e-03
Epoch   1 | train 0.1299 | val 0.1309 (sd 0.0702 current 0.1915) | val/persist 0.180 | lr 7.30e-03
Epoch   2 | train 0.1164 | val 0.0971 (sd 0.0576 current 0.1366) | val/persist 0.134 | lr 7.30e-03
Epoch   3 | train 0.1057 | val 0.0868 (sd 0.0499 current 0.1236) | val/persist 0.119 | lr 7.30e-03
Epoch   4 | train 0.1031 | val 0.0866 (sd 0.0523 current 0.1209) | val/persist 0.119 | lr 7.30e-03
Epoch   5 | train 0.0987 | val 0.0759 (sd 0.0424 current 0.1095) | val/persist 0.104 | lr 7.30e-03
Epoch   6 | train 0.0985 | val 0.0821 (sd 0.0451 current 0.1191) | val/persist 0.113 | lr 7.30e-03
Epoch   7 | train 0.0923 | val 0.0787 (sd 0.0381 current 0.1193) | val/persist 0.108 | lr 7.30e-03
Epoch   8 | train 0.0894 | val 0.0776 (sd 0.0385 current 0.1167) | val/persist 0.107 | lr 7.30e-03
Epoch   9 | train 0.0918 | val 0.0726 (sd 0.0393 current 0.1058) | val/persist 0.100 | lr 7.30e-03
Epoch  10 | train 0.0847 | val 0.0682 (sd 0.0339 current 0.1024) | val/persist 0.094 | lr 7.30e-03
Epoch  11 | train 0.0845 | val 0.0703 (sd 0.0378 current 0.1028) | val/persist 0.097 | lr 7.30e-03
Epoch  12 | train 0.0842 | val 0.0663 (sd 0.0373 current 0.0952) | val/persist 0.091 | lr 7.30e-03
[I 2026-09-30 12:33:30,303] Trial 20 pruned. 
Split per-trial: 26879 finestre train | 6721 finestre val
Baseline persistenza (val): 0.7267 (sd 0.3393 | current 1.1141)
Epoch   0 | train 0.1977 | val 0.1146 (sd 0.0636 current 0.1656) | val/persist 0.158 | lr 4.71e-03
Epoch   1 | train 0.1033 | val 0.0947 (sd 0.0581 current 0.1312) | val/persist 0.130 | lr 4.71e-03
Epoch   2 | train 0.0972 | val 0.0981 (sd 0.0601 current 0.1362) | val/persist 0.135 | lr 4.71e-03
Epoch   3 | train 0.0901 | val 0.0813 (sd 0.0494 current 0.1132) | val/persist 0.112 | lr 4.71e-03
Epoch   4 | train 0.0856 | val 0.0749 (sd 0.0448 current 0.1051) | val/persist 0.103 | lr 4.71e-03
Epoch   5 | train 0.0836 | val 0.0821 (sd 0.0414 current 0.1227) | val/persist 0.113 | lr 4.71e-03
Epoch   6 | train 0.0776 | val 0.0744 (sd 0.0426 current 0.1061) | val/persist 0.102 | lr 4.71e-03
Epoch   7 | train 0.0756 | val 0.0745 (sd 0.0343 current 0.1147) | val/persist 0.103 | lr 4.71e-03
Epoch   8 | train 0.0751 | val 0.0703 (sd 0.0346 current 0.1060) | val/persist 0.097 | lr 4.71e-03
Epoch   9 | train 0.0730 | val 0.0666 (sd 0.0341 current 0.0992) | val/persist 0.092 | lr 4.71e-03
Epoch  10 | train 0.0701 | val 0.0698 (sd 0.0327 current 0.1068) | val/persist 0.096 | lr 4.71e-03
Epoch  11 | train 0.0703 | val 0.0612 (sd 0.0323 current 0.0902) | val/persist 0.084 | lr 4.71e-03
Epoch  12 | train 0.0688 | val 0.0638 (sd 0.0324 current 0.0952) | val/persist 0.088 | lr 4.71e-03
Epoch  13 | train 0.0656 | val 0.0671 (sd 0.0321 current 0.1022) | val/persist 0.092 | lr 4.71e-03
Epoch  14 | train 0.0700 | val 0.0644 (sd 0.0298 current 0.0990) | val/persist 0.089 | lr 4.71e-03
Epoch  15 | train 0.0663 | val 0.0640 (sd 0.0337 current 0.0942) | val/persist 0.088 | lr 4.71e-03
Epoch  16 | train 0.0654 | val 0.0606 (sd 0.0337 current 0.0875) | val/persist 0.083 | lr 4.71e-03
Epoch  17 | train 0.0632 | val 0.0648 (sd 0.0326 current 0.0970) | val/persist 0.089 | lr 4.71e-03
Epoch  18 | train 0.0638 | val 0.0648 (sd 0.0334 current 0.0962) | val/persist 0.089 | lr 4.71e-03
Epoch  19 | train 0.0636 | val 0.0593 (sd 0.0307 current 0.0879) | val/persist 0.082 | lr 4.71e-03
Epoch  20 | train 0.0634 | val 0.0638 (sd 0.0348 current 0.0928) | val/persist 0.088 | lr 4.71e-03
Epoch  21 | train 0.0623 | val 0.0581 (sd 0.0291 current 0.0871) | val/persist 0.080 | lr 4.71e-03
Epoch  22 | train 0.0613 | val 0.0610 (sd 0.0347 current 0.0874) | val/persist 0.084 | lr 4.71e-03
Epoch  23 | train 0.0614 | val 0.0566 (sd 0.0266 current 0.0866) | val/persist 0.078 | lr 4.71e-03
Epoch  24 | train 0.0596 | val 0.0578 (sd 0.0293 current 0.0864) | val/persist 0.080 | lr 4.71e-03
Epoch  25 | train 0.0593 | val 0.0566 (sd 0.0314 current 0.0817) | val/persist 0.078 | lr 4.71e-03
[I 2026-09-30 12:34:28,478] Trial 26 pruned. 
Split per-trial: 26879 finestre train | 6721 finestre val
Baseline persistenza (val): 0.7267 (sd 0.3393 | current 1.1141)
Epoch   0 | train 0.2733 | val 0.1349 (sd 0.0673 current 0.2025) | val/persist 0.186 | lr 4.44e-04
Epoch   1 | train 0.1249 | val 0.1092 (sd 0.0594 current 0.1589) | val/persist 0.150 | lr 4.44e-04
Epoch   2 | train 0.1087 | val 0.0990 (sd 0.0549 current 0.1430) | val/persist 0.136 | lr 4.44e-04
Epoch   3 | train 0.1003 | val 0.0916 (sd 0.0524 current 0.1309) | val/persist 0.126 | lr 4.44e-04
Epoch   4 | train 0.0943 | val 0.0920 (sd 0.0535 current 0.1306) | val/persist 0.127 | lr 4.44e-04
Epoch   5 | train 0.0896 | val 0.0820 (sd 0.0474 current 0.1166) | val/persist 0.113 | lr 4.44e-04
Epoch   6 | train 0.0854 | val 0.0863 (sd 0.0453 current 0.1272) | val/persist 0.119 | lr 4.44e-04
Epoch   7 | train 0.0835 | val 0.0779 (sd 0.0445 current 0.1113) | val/persist 0.107 | lr 4.44e-04
Epoch   8 | train 0.0798 | val 0.0753 (sd 0.0424 current 0.1083) | val/persist 0.104 | lr 4.44e-04
[I 2026-09-30 12:34:50,427] Trial 34 pruned. 
Split per-trial: 26879 finestre train | 6721 finestre val
Baseline persistenza (val): 0.7267 (sd 0.3393 | current 1.1141)
Epoch   0 | train 0.1435 | val 0.1140 (sd 0.0575 current 0.1705) | val/persist 0.157 | lr 3.10e-03
Epoch   1 | train 0.0911 | val 0.0886 (sd 0.0441 current 0.1332) | val/persist 0.122 | lr 3.10e-03
Epoch   2 | train 0.0833 | val 0.0742 (sd 0.0365 current 0.1119) | val/persist 0.102 | lr 3.10e-03
Epoch   3 | train 0.0749 | val 0.0714 (sd 0.0314 current 0.1114) | val/persist 0.098 | lr 3.10e-03
Epoch   4 | train 0.0704 | val 0.0693 (sd 0.0335 current 0.1051) | val/persist 0.095 | lr 3.10e-03
Epoch   5 | train 0.0676 | val 0.0643 (sd 0.0313 current 0.0973) | val/persist 0.089 | lr 3.10e-03
Epoch   6 | train 0.0678 | val 0.0586 (sd 0.0291 current 0.0882) | val/persist 0.081 | lr 3.10e-03
Epoch   7 | train 0.0655 | val 0.0609 (sd 0.0295 current 0.0924) | val/persist 0.084 | lr 3.10e-03
Epoch   8 | train 0.0625 | val 0.0657 (sd 0.0290 current 0.1025) | val/persist 0.090 | lr 3.10e-03
Epoch   9 | train 0.0621 | val 0.0663 (sd 0.0305 current 0.1021) | val/persist 0.091 | lr 3.10e-03
Epoch  10 | train 0.0610 | val 0.0636 (sd 0.0273 current 0.1000) | val/persist 0.088 | lr 3.10e-03
Epoch  11 | train 0.0609 | val 0.0549 (sd 0.0276 current 0.0822) | val/persist 0.076 | lr 3.10e-03
Epoch  12 | train 0.0561 | val 0.0552 (sd 0.0270 current 0.0834) | val/persist 0.076 | lr 3.10e-03
Epoch  13 | train 0.0575 | val 0.0594 (sd 0.0286 current 0.0902) | val/persist 0.082 | lr 3.10e-03
Epoch  14 | train 0.0562 | val 0.0559 (sd 0.0295 current 0.0822) | val/persist 0.077 | lr 3.10e-03
Epoch  15 | train 0.0538 | val 0.0567 (sd 0.0255 current 0.0880) | val/persist 0.078 | lr 3.10e-03
Epoch  16 | train 0.0533 | val 0.0681 (sd 0.0289 current 0.1073) | val/persist 0.094 | lr 3.10e-03
Epoch  17 | train 0.0529 | val 0.0553 (sd 0.0306 current 0.0800) | val/persist 0.076 | lr 3.10e-03
Epoch  18 | train 0.0510 | val 0.0575 (sd 0.0314 current 0.0836) | val/persist 0.079 | lr 3.10e-03
Epoch  19 | train 0.0518 | val 0.0625 (sd 0.0299 current 0.0950) | val/persist 0.086 | lr 3.10e-03
Epoch  20 | train 0.0518 | val 0.0556 (sd 0.0275 current 0.0837) | val/persist 0.077 | lr 3.10e-03
Epoch  21 | train 0.0513 | val 0.0566 (sd 0.0264 current 0.0868) | val/persist 0.078 | lr 3.10e-03
Epoch  22 | train 0.0501 | val 0.0603 (sd 0.0272 current 0.0934) | val/persist 0.083 | lr 1.55e-03
Epoch  23 | train 0.0415 | val 0.0486 (sd 0.0272 current 0.0700) | val/persist 0.067 | lr 1.55e-03
Epoch  24 | train 0.0399 | val 0.0487 (sd 0.0262 current 0.0713) | val/persist 0.067 | lr 1.55e-03
Epoch  25 | train 0.0392 | val 0.0483 (sd 0.0249 current 0.0716) | val/persist 0.066 | lr 1.55e-03
Epoch  26 | train 0.0380 | val 0.0499 (sd 0.0253 current 0.0745) | val/persist 0.069 | lr 1.55e-03
Epoch  27 | train 0.0381 | val 0.0496 (sd 0.0261 current 0.0731) | val/persist 0.068 | lr 1.55e-03
Epoch  28 | train 0.0379 | val 0.0476 (sd 0.0255 current 0.0697) | val/persist 0.065 | lr 1.55e-03
Epoch  29 | train 0.0365 | val 0.0491 (sd 0.0270 current 0.0712) | val/persist 0.068 | lr 1.55e-03
Epoch  30 | train 0.0367 | val 0.0515 (sd 0.0261 current 0.0770) | val/persist 0.071 | lr 1.55e-03
Epoch  31 | train 0.0357 | val 0.0501 (sd 0.0279 current 0.0722) | val/persist 0.069 | lr 1.55e-03
Epoch  32 | train 0.0353 | val 0.0498 (sd 0.0279 current 0.0717) | val/persist 0.069 | lr 1.55e-03
Epoch  33 | train 0.0343 | val 0.0493 (sd 0.0279 current 0.0707) | val/persist 0.068 | lr 1.55e-03
Epoch  34 | train 0.0346 | val 0.0504 (sd 0.0275 current 0.0732) | val/persist 0.069 | lr 1.55e-03
Epoch  35 | train 0.0338 | val 0.0493 (sd 0.0276 current 0.0709) | val/persist 0.068 | lr 1.55e-03
Epoch  36 | train 0.0333 | val 0.0500 (sd 0.0252 current 0.0748) | val/persist 0.069 | lr 1.55e-03
Epoch  37 | train 0.0333 | val 0.0485 (sd 0.0261 current 0.0709) | val/persist 0.067 | lr 1.55e-03
Epoch  38 | train 0.0330 | val 0.0496 (sd 0.0268 current 0.0725) | val/persist 0.068 | lr 1.55e-03
Epoch  39 | train 0.0324 | val 0.0502 (sd 0.0271 current 0.0734) | val/persist 0.069 | lr 7.74e-04
Epoch  40 | train 0.0279 | val 0.0462 (sd 0.0251 current 0.0672) | val/persist 0.064 | lr 7.74e-04
Epoch  41 | train 0.0274 | val 0.0488 (sd 0.0270 current 0.0707) | val/persist 0.067 | lr 7.74e-04
Epoch  42 | train 0.0266 | val 0.0484 (sd 0.0258 current 0.0709) | val/persist 0.067 | lr 7.74e-04
Epoch  43 | train 0.0265 | val 0.0487 (sd 0.0265 current 0.0710) | val/persist 0.067 | lr 7.74e-04
Epoch  44 | train 0.0264 | val 0.0475 (sd 0.0263 current 0.0688) | val/persist 0.065 | lr 7.74e-04
Epoch  45 | train 0.0265 | val 0.0487 (sd 0.0261 current 0.0712) | val/persist 0.067 | lr 7.74e-04
Epoch  46 | train 0.0263 | val 0.0477 (sd 0.0257 current 0.0697) | val/persist 0.066 | lr 7.74e-04
Epoch  47 | train 0.0257 | val 0.0485 (sd 0.0257 current 0.0712) | val/persist 0.067 | lr 7.74e-04
Epoch  48 | train 0.0254 | val 0.0486 (sd 0.0254 current 0.0718) | val/persist 0.067 | lr 7.74e-04
Epoch  49 | train 0.0252 | val 0.0490 (sd 0.0259 current 0.0721) | val/persist 0.067 | lr 7.74e-04
Epoch  50 | train 0.0245 | val 0.0485 (sd 0.0257 current 0.0714) | val/persist 0.067 | lr 7.74e-04
Epoch  51 | train 0.0245 | val 0.0494 (sd 0.0254 current 0.0734) | val/persist 0.068 | lr 3.87e-04
Epoch  52 | train 0.0230 | val 0.0484 (sd 0.0254 current 0.0715) | val/persist 0.067 | lr 3.87e-04
Epoch  53 | train 0.0226 | val 0.0487 (sd 0.0255 current 0.0718) | val/persist 0.067 | lr 3.87e-04
Epoch  54 | train 0.0222 | val 0.0481 (sd 0.0255 current 0.0707) | val/persist 0.066 | lr 3.87e-04
Epoch  55 | train 0.0222 | val 0.0497 (sd 0.0266 current 0.0729) | val/persist 0.068 | lr 3.87e-04

Training completato. Best val: 0.0462 a epoch 40 (persistenza 0.7267)
[I 2026-09-30 12:37:51,090] Trial 38 finished with value: 0.04618319763505524 and parameters: {'gru_hidden': 128, 'mlp_hidden': 256, 'num_layers': 1, 'dropout': 0.13041410445619442, 'weight_decay': 3.095528774102296e-05, 'lr': 0.0030967741902888143, 'batch_size': 64, 'clip_norm': 1.0}. Best is trial 8 with value: 0.042171901499707315.
Split per-trial: 26879 finestre train | 6721 finestre val
Baseline persistenza (val): 0.7267 (sd 0.3393 | current 1.1141)
Epoch   0 | train 0.1960 | val 0.1237 (sd 0.0535 current 0.1940) | val/persist 0.170 | lr 5.75e-04
Epoch   1 | train 0.0929 | val 0.0977 (sd 0.0493 current 0.1461) | val/persist 0.134 | lr 5.75e-04
Epoch   2 | train 0.0796 | val 0.0846 (sd 0.0472 current 0.1219) | val/persist 0.116 | lr 5.75e-04
Epoch   3 | train 0.0725 | val 0.0816 (sd 0.0435 current 0.1198) | val/persist 0.112 | lr 5.75e-04
Epoch   4 | train 0.0691 | val 0.0751 (sd 0.0412 current 0.1091) | val/persist 0.103 | lr 5.75e-04
Epoch   5 | train 0.0660 | val 0.0701 (sd 0.0381 current 0.1021) | val/persist 0.096 | lr 5.75e-04
Epoch   6 | train 0.0613 | val 0.0709 (sd 0.0368 current 0.1050) | val/persist 0.098 | lr 5.75e-04
Epoch   7 | train 0.0596 | val 0.0683 (sd 0.0382 current 0.0985) | val/persist 0.094 | lr 5.75e-04
Epoch   8 | train 0.0585 | val 0.0658 (sd 0.0353 current 0.0962) | val/persist 0.091 | lr 5.75e-04
Epoch   9 | train 0.0571 | val 0.0698 (sd 0.0373 current 0.1024) | val/persist 0.096 | lr 5.75e-04
Epoch  10 | train 0.0556 | val 0.0613 (sd 0.0366 current 0.0861) | val/persist 0.084 | lr 5.75e-04
Epoch  11 | train 0.0539 | val 0.0621 (sd 0.0324 current 0.0918) | val/persist 0.085 | lr 5.75e-04
[I 2026-09-30 12:38:13,542] Trial 48 pruned. 
Split per-trial: 26879 finestre train | 6721 finestre val
Baseline persistenza (val): 0.7267 (sd 0.3393 | current 1.1141)
Epoch   0 | train 0.3950 | val 0.1750 (sd 0.0808 current 0.2691) | val/persist 0.241 | lr 5.98e-04
Epoch   1 | train 0.1707 | val 0.1202 (sd 0.0715 current 0.1689) | val/persist 0.165 | lr 5.98e-04
Epoch   2 | train 0.1435 | val 0.1128 (sd 0.0681 current 0.1574) | val/persist 0.155 | lr 5.98e-04
Epoch   3 | train 0.1352 | val 0.1085 (sd 0.0627 current 0.1543) | val/persist 0.149 | lr 5.98e-04
Epoch   4 | train 0.1261 | val 0.1004 (sd 0.0593 current 0.1415) | val/persist 0.138 | lr 5.98e-04
Epoch   5 | train 0.1239 | val 0.0985 (sd 0.0590 current 0.1379) | val/persist 0.135 | lr 5.98e-04
Epoch   6 | train 0.1191 | val 0.0950 (sd 0.0574 current 0.1326) | val/persist 0.131 | lr 5.98e-04
Epoch   7 | train 0.1142 | val 0.0932 (sd 0.0546 current 0.1318) | val/persist 0.128 | lr 5.98e-04
Epoch   8 | train 0.1133 | val 0.0872 (sd 0.0496 current 0.1248) | val/persist 0.120 | lr 5.98e-04
[I 2026-09-30 12:38:28,106] Trial 50 pruned. 
Split per-trial: 26879 finestre train | 6721 finestre val
Baseline persistenza (val): 0.7267 (sd 0.3393 | current 1.1141)
Epoch   0 | train 0.2853 | val 0.1524 (sd 0.0669 current 0.2379) | val/persist 0.210 | lr 1.42e-04
Epoch   1 | train 0.1318 | val 0.1144 (sd 0.0587 current 0.1702) | val/persist 0.157 | lr 1.42e-04
Epoch   2 | train 0.1114 | val 0.1046 (sd 0.0561 current 0.1531) | val/persist 0.144 | lr 1.42e-04
Epoch   3 | train 0.1035 | val 0.0985 (sd 0.0552 current 0.1418) | val/persist 0.135 | lr 1.42e-04
Epoch   4 | train 0.0982 | val 0.0951 (sd 0.0552 current 0.1351) | val/persist 0.131 | lr 1.42e-04
Epoch   5 | train 0.0927 | val 0.0908 (sd 0.0526 current 0.1289) | val/persist 0.125 | lr 1.42e-04
Epoch   6 | train 0.0899 | val 0.0910 (sd 0.0521 current 0.1299) | val/persist 0.125 | lr 1.42e-04
Epoch   7 | train 0.0868 | val 0.0870 (sd 0.0514 current 0.1226) | val/persist 0.120 | lr 1.42e-04
Epoch   8 | train 0.0849 | val 0.0848 (sd 0.0504 current 0.1193) | val/persist 0.117 | lr 1.42e-04
[I 2026-09-30 12:38:52,714] Trial 51 pruned. 
Split per-trial: 26879 finestre train | 6721 finestre val
Baseline persistenza (val): 0.7267 (sd 0.3393 | current 1.1141)
Epoch   0 | train 0.2608 | val 0.1301 (sd 0.0593 current 0.2008) | val/persist 0.179 | lr 6.45e-04
Epoch   1 | train 0.1135 | val 0.1049 (sd 0.0549 current 0.1549) | val/persist 0.144 | lr 6.45e-04
Epoch   2 | train 0.0964 | val 0.0935 (sd 0.0532 current 0.1338) | val/persist 0.129 | lr 6.45e-04
Epoch   3 | train 0.0881 | val 0.0896 (sd 0.0512 current 0.1280) | val/persist 0.123 | lr 6.45e-04
Epoch   4 | train 0.0838 | val 0.0836 (sd 0.0492 current 0.1180) | val/persist 0.115 | lr 6.45e-04
Epoch   5 | train 0.0782 | val 0.0791 (sd 0.0478 current 0.1104) | val/persist 0.109 | lr 6.45e-04
Epoch   6 | train 0.0773 | val 0.0780 (sd 0.0448 current 0.1112) | val/persist 0.107 | lr 6.45e-04
Epoch   7 | train 0.0732 | val 0.0751 (sd 0.0435 current 0.1067) | val/persist 0.103 | lr 6.45e-04
Epoch   8 | train 0.0705 | val 0.0752 (sd 0.0432 current 0.1072) | val/persist 0.103 | lr 6.45e-04
[I 2026-09-30 12:39:06,796] Trial 52 pruned. 
Split per-trial: 26879 finestre train | 6721 finestre val
Baseline persistenza (val): 0.7267 (sd 0.3393 | current 1.1141)
Epoch   0 | train 0.2567 | val 0.1291 (sd 0.0593 current 0.1989) | val/persist 0.178 | lr 2.54e-04
Epoch   1 | train 0.1067 | val 0.1034 (sd 0.0540 current 0.1527) | val/persist 0.142 | lr 2.54e-04
Epoch   2 | train 0.0938 | val 0.0947 (sd 0.0514 current 0.1380) | val/persist 0.130 | lr 2.54e-04
Epoch   3 | train 0.0866 | val 0.0905 (sd 0.0497 current 0.1312) | val/persist 0.124 | lr 2.54e-04
Epoch   4 | train 0.0826 | val 0.0858 (sd 0.0481 current 0.1236) | val/persist 0.118 | lr 2.54e-04
Epoch   5 | train 0.0792 | val 0.0834 (sd 0.0458 current 0.1211) | val/persist 0.115 | lr 2.54e-04
Epoch   6 | train 0.0757 | val 0.0806 (sd 0.0455 current 0.1157) | val/persist 0.111 | lr 2.54e-04
Epoch   7 | train 0.0725 | val 0.0786 (sd 0.0416 current 0.1157) | val/persist 0.108 | lr 2.54e-04
Epoch   8 | train 0.0708 | val 0.0755 (sd 0.0406 current 0.1103) | val/persist 0.104 | lr 2.54e-04
[I 2026-09-30 12:39:29,282] Trial 54 pruned. 
Split per-trial: 26879 finestre train | 6721 finestre val
Baseline persistenza (val): 0.7267 (sd 0.3393 | current 1.1141)
Epoch   0 | train 0.2958 | val 0.1603 (sd 0.0703 current 0.2503) | val/persist 0.221 | lr 2.71e-04
Epoch   1 | train 0.1278 | val 0.1128 (sd 0.0603 current 0.1653) | val/persist 0.155 | lr 2.71e-04
Epoch   2 | train 0.1051 | val 0.1019 (sd 0.0570 current 0.1468) | val/persist 0.140 | lr 2.71e-04
Epoch   3 | train 0.0946 | val 0.1005 (sd 0.0550 current 0.1461) | val/persist 0.138 | lr 2.71e-04
Epoch   4 | train 0.0902 | val 0.0913 (sd 0.0558 current 0.1269) | val/persist 0.126 | lr 2.71e-04
Epoch   5 | train 0.0858 | val 0.0869 (sd 0.0532 current 0.1205) | val/persist 0.120 | lr 2.71e-04
Epoch   6 | train 0.0829 | val 0.0830 (sd 0.0512 current 0.1148) | val/persist 0.114 | lr 2.71e-04
Epoch   7 | train 0.0801 | val 0.0830 (sd 0.0516 current 0.1144) | val/persist 0.114 | lr 2.71e-04
Epoch   8 | train 0.0780 | val 0.0802 (sd 0.0508 current 0.1097) | val/persist 0.110 | lr 2.71e-04
[I 2026-09-30 12:40:02,974] Trial 55 pruned. 

Best val: 0.04197
  gru_hidden: 64
  mlp_hidden: 512
  num_layers: 1
  dropout: 0.13394855913905923
  weight_decay: 3.249366362470281e-06
  lr: 0.0004967773761625564
  batch_size: 128
  clip_norm: 0.5
Report: /home/gemma/tesi/aquabot/src/net/fm/tuning/tuning_results/best_fm_h20_res.txt
