Studio: fm_h20_nores | device cpu | H=20 | residual=False
Caricamento dataset (p=1)...
Trovati 120 trial.
Dataset grezzo: 120 trial letti. Scaler e finestre costruiti in split_by_trial() (fit solo su train).
/home/gemma/tesi/aquabot/src/net/fm/tuning/tune.py:222: ExperimentalWarning: Argument ``multivariate`` is an experimental feature. The interface can change in the future.
  sampler = optuna.samplers.TPESampler(
/home/gemma/tesi/aquabot/src/net/fm/tuning/tune.py:222: ExperimentalWarning: Argument ``group`` is an experimental feature. The interface can change in the future.
  sampler = optuna.samplers.TPESampler(
/home/gemma/tesi/aquabot/src/net/fm/tuning/tune.py:222: ExperimentalWarning: Argument ``constant_liar`` is an experimental feature. The interface can change in the future.
  sampler = optuna.samplers.TPESampler(
[I 2026-10-01 10:42:50,943] A new study created in RDB with name: fm_h20_nores
Primo trial = config attuale di train_fm.py
Normalizzatore caricato da /home/gemma/tesi/aquabot/src/net/scaler/scalers_joint.pkl (nessun refit).
Dataset: 33600 campioni da 120 trial. H=20 P=1 | seq_cmd=(20, 1) seq_sens=(20, 2)
Split per-trial: 26879 finestre train | 6721 finestre val
Baseline persistenza (val): 0.7267 (sd 0.3393 | current 1.1141)
Epoch   0 | train 0.1573 | val 0.0955 (sd 0.0428 current 0.1482) | val/persist 0.131 | lr 1.00e-03
Epoch   1 | train 0.0922 | val 0.0837 (sd 0.0406 current 0.1269) | val/persist 0.115 | lr 1.00e-03
Epoch   2 | train 0.0804 | val 0.0826 (sd 0.0400 current 0.1251) | val/persist 0.114 | lr 1.00e-03
Epoch   3 | train 0.0735 | val 0.0679 (sd 0.0391 current 0.0967) | val/persist 0.093 | lr 1.00e-03
Epoch   4 | train 0.0696 | val 0.0627 (sd 0.0390 current 0.0864) | val/persist 0.086 | lr 1.00e-03
Epoch   5 | train 0.0671 | val 0.0567 (sd 0.0353 current 0.0781) | val/persist 0.078 | lr 1.00e-03
Epoch   6 | train 0.0642 | val 0.0615 (sd 0.0350 current 0.0879) | val/persist 0.085 | lr 1.00e-03
Epoch   7 | train 0.0614 | val 0.0551 (sd 0.0352 current 0.0751) | val/persist 0.076 | lr 1.00e-03
Epoch   8 | train 0.0616 | val 0.0568 (sd 0.0342 current 0.0795) | val/persist 0.078 | lr 1.00e-03
Epoch   9 | train 0.0589 | val 0.0539 (sd 0.0331 current 0.0748) | val/persist 0.074 | lr 1.00e-03
Epoch  10 | train 0.0581 | val 0.0532 (sd 0.0334 current 0.0730) | val/persist 0.073 | lr 1.00e-03
Epoch  11 | train 0.0573 | val 0.0524 (sd 0.0337 current 0.0711) | val/persist 0.072 | lr 1.00e-03
Epoch  12 | train 0.0556 | val 0.0517 (sd 0.0331 current 0.0703) | val/persist 0.071 | lr 1.00e-03
Epoch  13 | train 0.0551 | val 0.0543 (sd 0.0333 current 0.0752) | val/persist 0.075 | lr 1.00e-03
Epoch  14 | train 0.0533 | val 0.0517 (sd 0.0335 current 0.0698) | val/persist 0.071 | lr 1.00e-03
Epoch  15 | train 0.0536 | val 0.0508 (sd 0.0331 current 0.0684) | val/persist 0.070 | lr 1.00e-03
Epoch  16 | train 0.0526 | val 0.0527 (sd 0.0330 current 0.0724) | val/persist 0.073 | lr 1.00e-03
Epoch  17 | train 0.0520 | val 0.0479 (sd 0.0315 current 0.0644) | val/persist 0.066 | lr 1.00e-03
Epoch  18 | train 0.0514 | val 0.0522 (sd 0.0386 current 0.0658) | val/persist 0.072 | lr 1.00e-03
Epoch  19 | train 0.0501 | val 0.0519 (sd 0.0320 current 0.0717) | val/persist 0.071 | lr 1.00e-03
Epoch  20 | train 0.0511 | val 0.0496 (sd 0.0328 current 0.0664) | val/persist 0.068 | lr 1.00e-03
Epoch  21 | train 0.0492 | val 0.0503 (sd 0.0310 current 0.0696) | val/persist 0.069 | lr 1.00e-03
Epoch  22 | train 0.0492 | val 0.0481 (sd 0.0299 current 0.0664) | val/persist 0.066 | lr 1.00e-03
Epoch  23 | train 0.0486 | val 0.0521 (sd 0.0312 current 0.0730) | val/persist 0.072 | lr 1.00e-03
Epoch  24 | train 0.0487 | val 0.0506 (sd 0.0318 current 0.0695) | val/persist 0.070 | lr 1.00e-03
Epoch  25 | train 0.0471 | val 0.0489 (sd 0.0280 current 0.0698) | val/persist 0.067 | lr 1.00e-03
Epoch  26 | train 0.0471 | val 0.0489 (sd 0.0276 current 0.0701) | val/persist 0.067 | lr 1.00e-03
Epoch  27 | train 0.0456 | val 0.0481 (sd 0.0281 current 0.0682) | val/persist 0.066 | lr 1.00e-03
Epoch  28 | train 0.0464 | val 0.0475 (sd 0.0268 current 0.0681) | val/persist 0.065 | lr 1.00e-03
Epoch  29 | train 0.0444 | val 0.0458 (sd 0.0257 current 0.0660) | val/persist 0.063 | lr 1.00e-03
Epoch  30 | train 0.0444 | val 0.0466 (sd 0.0272 current 0.0661) | val/persist 0.064 | lr 1.00e-03
Epoch  31 | train 0.0436 | val 0.0485 (sd 0.0265 current 0.0706) | val/persist 0.067 | lr 1.00e-03
Epoch  32 | train 0.0435 | val 0.0432 (sd 0.0241 current 0.0623) | val/persist 0.059 | lr 1.00e-03
Epoch  33 | train 0.0437 | val 0.0451 (sd 0.0262 current 0.0641) | val/persist 0.062 | lr 1.00e-03
Epoch  34 | train 0.0429 | val 0.0462 (sd 0.0268 current 0.0656) | val/persist 0.064 | lr 1.00e-03
Epoch  35 | train 0.0423 | val 0.0507 (sd 0.0255 current 0.0760) | val/persist 0.070 | lr 1.00e-03
Epoch  36 | train 0.0415 | val 0.0455 (sd 0.0246 current 0.0664) | val/persist 0.063 | lr 1.00e-03
Epoch  37 | train 0.0413 | val 0.0464 (sd 0.0250 current 0.0678) | val/persist 0.064 | lr 1.00e-03
Epoch  38 | train 0.0411 | val 0.0477 (sd 0.0260 current 0.0695) | val/persist 0.066 | lr 1.00e-03
Epoch  39 | train 0.0413 | val 0.0464 (sd 0.0256 current 0.0672) | val/persist 0.064 | lr 1.00e-03
Epoch  40 | train 0.0401 | val 0.0495 (sd 0.0253 current 0.0738) | val/persist 0.068 | lr 1.00e-03
Epoch  41 | train 0.0401 | val 0.0443 (sd 0.0246 current 0.0640) | val/persist 0.061 | lr 1.00e-03
Epoch  42 | train 0.0397 | val 0.0457 (sd 0.0266 current 0.0648) | val/persist 0.063 | lr 1.00e-03
Epoch  43 | train 0.0395 | val 0.0444 (sd 0.0247 current 0.0641) | val/persist 0.061 | lr 5.00e-04
Epoch  44 | train 0.0356 | val 0.0431 (sd 0.0238 current 0.0623) | val/persist 0.059 | lr 5.00e-04
Epoch  45 | train 0.0347 | val 0.0415 (sd 0.0235 current 0.0596) | val/persist 0.057 | lr 5.00e-04
Epoch  46 | train 0.0346 | val 0.0433 (sd 0.0245 current 0.0621) | val/persist 0.060 | lr 5.00e-04
Epoch  47 | train 0.0340 | val 0.0412 (sd 0.0237 current 0.0587) | val/persist 0.057 | lr 5.00e-04
Epoch  48 | train 0.0340 | val 0.0452 (sd 0.0238 current 0.0666) | val/persist 0.062 | lr 5.00e-04
Epoch  49 | train 0.0334 | val 0.0425 (sd 0.0237 current 0.0613) | val/persist 0.059 | lr 5.00e-04
Epoch  50 | train 0.0337 | val 0.0426 (sd 0.0237 current 0.0615) | val/persist 0.059 | lr 5.00e-04
Epoch  51 | train 0.0336 | val 0.0420 (sd 0.0239 current 0.0600) | val/persist 0.058 | lr 5.00e-04
Epoch  52 | train 0.0331 | val 0.0421 (sd 0.0240 current 0.0602) | val/persist 0.058 | lr 5.00e-04
Epoch  53 | train 0.0326 | val 0.0424 (sd 0.0244 current 0.0604) | val/persist 0.058 | lr 5.00e-04
Epoch  54 | train 0.0330 | val 0.0427 (sd 0.0235 current 0.0619) | val/persist 0.059 | lr 5.00e-04
Epoch  55 | train 0.0326 | val 0.0432 (sd 0.0244 current 0.0620) | val/persist 0.059 | lr 5.00e-04
Epoch  56 | train 0.0324 | val 0.0434 (sd 0.0247 current 0.0621) | val/persist 0.060 | lr 5.00e-04
Epoch  57 | train 0.0320 | val 0.0430 (sd 0.0238 current 0.0623) | val/persist 0.059 | lr 5.00e-04
Epoch  58 | train 0.0323 | val 0.0440 (sd 0.0245 current 0.0635) | val/persist 0.061 | lr 2.50e-04
Epoch  59 | train 0.0298 | val 0.0414 (sd 0.0234 current 0.0593) | val/persist 0.057 | lr 2.50e-04

Training completato. Best val: 0.0412 a epoch 47 (persistenza 0.7267)
[I 2026-10-01 10:47:54,254] Trial 0 finished with value: 0.0412080110396433 and parameters: {'gru_hidden': 128, 'mlp_hidden': 256, 'num_layers': 1, 'dropout': 0.1, 'weight_decay': 0.0001, 'lr': 0.001, 'batch_size': 64, 'clip_norm': 1.0}. Best is trial 0 with value: 0.0412080110396433.
Split per-trial: 26879 finestre train | 6721 finestre val
Baseline persistenza (val): 0.7267 (sd 0.3393 | current 1.1141)
Epoch   0 | train 0.2489 | val 0.1119 (sd 0.0636 current 0.1602) | val/persist 0.154 | lr 4.95e-03
Epoch   1 | train 0.1862 | val 0.1059 (sd 0.0656 current 0.1462) | val/persist 0.146 | lr 4.95e-03
Epoch   2 | train 0.1731 | val 0.1170 (sd 0.0519 current 0.1820) | val/persist 0.161 | lr 4.95e-03
Epoch   3 | train 0.1676 | val 0.0993 (sd 0.0535 current 0.1451) | val/persist 0.137 | lr 4.95e-03
Epoch   4 | train 0.1646 | val 0.0853 (sd 0.0537 current 0.1170) | val/persist 0.117 | lr 4.95e-03
Epoch   5 | train 0.1614 | val 0.0872 (sd 0.0426 current 0.1319) | val/persist 0.120 | lr 4.95e-03
Epoch   6 | train 0.1569 | val 0.0908 (sd 0.0508 current 0.1307) | val/persist 0.125 | lr 4.95e-03
Epoch   7 | train 0.1524 | val 0.0995 (sd 0.0492 current 0.1497) | val/persist 0.137 | lr 4.95e-03
Epoch   8 | train 0.1535 | val 0.0791 (sd 0.0528 current 0.1053) | val/persist 0.109 | lr 4.95e-03
Epoch   9 | train 0.1494 | val 0.0750 (sd 0.0469 current 0.1030) | val/persist 0.103 | lr 4.95e-03
Epoch  10 | train 0.1493 | val 0.1019 (sd 0.0595 current 0.1444) | val/persist 0.140 | lr 4.95e-03
Epoch  11 | train 0.1472 | val 0.0655 (sd 0.0437 current 0.0873) | val/persist 0.090 | lr 4.95e-03
Epoch  12 | train 0.1480 | val 0.0712 (sd 0.0453 current 0.0971) | val/persist 0.098 | lr 4.95e-03
Epoch  13 | train 0.1491 | val 0.0881 (sd 0.0512 current 0.1249) | val/persist 0.121 | lr 4.95e-03
Epoch  14 | train 0.1466 | val 0.0761 (sd 0.0422 current 0.1101) | val/persist 0.105 | lr 4.95e-03
Epoch  15 | train 0.1442 | val 0.0827 (sd 0.0582 current 0.1073) | val/persist 0.114 | lr 4.95e-03
Epoch  16 | train 0.1439 | val 0.0803 (sd 0.0573 current 0.1033) | val/persist 0.110 | lr 4.95e-03
Epoch  17 | train 0.1436 | val 0.0738 (sd 0.0628 current 0.0849) | val/persist 0.102 | lr 4.95e-03
Epoch  18 | train 0.1428 | val 0.0789 (sd 0.0454 current 0.1125) | val/persist 0.109 | lr 4.95e-03
Epoch  19 | train 0.1430 | val 0.0712 (sd 0.0492 current 0.0932) | val/persist 0.098 | lr 4.95e-03
Epoch  20 | train 0.1420 | val 0.0749 (sd 0.0494 current 0.1004) | val/persist 0.103 | lr 4.95e-03
Epoch  21 | train 0.1426 | val 0.0663 (sd 0.0461 current 0.0865) | val/persist 0.091 | lr 4.95e-03
Epoch  22 | train 0.1409 | val 0.0875 (sd 0.0595 current 0.1156) | val/persist 0.120 | lr 2.48e-03
Epoch  23 | train 0.1297 | val 0.0644 (sd 0.0420 current 0.0868) | val/persist 0.089 | lr 2.48e-03
Epoch  24 | train 0.1283 | val 0.0594 (sd 0.0418 current 0.0770) | val/persist 0.082 | lr 2.48e-03
Epoch  25 | train 0.1269 | val 0.0673 (sd 0.0463 current 0.0884) | val/persist 0.093 | lr 2.48e-03
Epoch  26 | train 0.1268 | val 0.0592 (sd 0.0422 current 0.0763) | val/persist 0.082 | lr 2.48e-03
Epoch  27 | train 0.1269 | val 0.0640 (sd 0.0443 current 0.0836) | val/persist 0.088 | lr 2.48e-03
Epoch  28 | train 0.1289 | val 0.0611 (sd 0.0387 current 0.0835) | val/persist 0.084 | lr 2.48e-03
Epoch  29 | train 0.1274 | val 0.0615 (sd 0.0418 current 0.0811) | val/persist 0.085 | lr 2.48e-03
Epoch  30 | train 0.1278 | val 0.0585 (sd 0.0350 current 0.0820) | val/persist 0.081 | lr 2.48e-03
Epoch  31 | train 0.1256 | val 0.0682 (sd 0.0488 current 0.0875) | val/persist 0.094 | lr 2.48e-03
Epoch  32 | train 0.1244 | val 0.0587 (sd 0.0399 current 0.0776) | val/persist 0.081 | lr 2.48e-03
Epoch  33 | train 0.1234 | val 0.0654 (sd 0.0513 current 0.0796) | val/persist 0.090 | lr 2.48e-03
Epoch  34 | train 0.1240 | val 0.0644 (sd 0.0409 current 0.0880) | val/persist 0.089 | lr 2.48e-03
Epoch  35 | train 0.1238 | val 0.0585 (sd 0.0437 current 0.0733) | val/persist 0.080 | lr 2.48e-03
Epoch  36 | train 0.1233 | val 0.0631 (sd 0.0446 current 0.0817) | val/persist 0.087 | lr 2.48e-03
Epoch  37 | train 0.1248 | val 0.0664 (sd 0.0482 current 0.0846) | val/persist 0.091 | lr 2.48e-03
Epoch  38 | train 0.1228 | val 0.0641 (sd 0.0430 current 0.0853) | val/persist 0.088 | lr 2.48e-03
Epoch  39 | train 0.1252 | val 0.0718 (sd 0.0521 current 0.0915) | val/persist 0.099 | lr 2.48e-03
Epoch  40 | train 0.1218 | val 0.0594 (sd 0.0424 current 0.0764) | val/persist 0.082 | lr 2.48e-03
Epoch  41 | train 0.1234 | val 0.0698 (sd 0.0476 current 0.0919) | val/persist 0.096 | lr 2.48e-03
Epoch  42 | train 0.1240 | val 0.0635 (sd 0.0381 current 0.0889) | val/persist 0.087 | lr 2.48e-03
Epoch  43 | train 0.1229 | val 0.0628 (sd 0.0478 current 0.0777) | val/persist 0.086 | lr 2.48e-03
Epoch  44 | train 0.1216 | val 0.0559 (sd 0.0386 current 0.0731) | val/persist 0.077 | lr 2.48e-03
Epoch  45 | train 0.1199 | val 0.0661 (sd 0.0435 current 0.0887) | val/persist 0.091 | lr 2.48e-03
Epoch  46 | train 0.1208 | val 0.0603 (sd 0.0384 current 0.0823) | val/persist 0.083 | lr 2.48e-03
Epoch  47 | train 0.1237 | val 0.0617 (sd 0.0446 current 0.0787) | val/persist 0.085 | lr 2.48e-03
Epoch  48 | train 0.1207 | val 0.0639 (sd 0.0462 current 0.0815) | val/persist 0.088 | lr 2.48e-03
Epoch  49 | train 0.1212 | val 0.0585 (sd 0.0392 current 0.0778) | val/persist 0.081 | lr 2.48e-03
Epoch  50 | train 0.1202 | val 0.0684 (sd 0.0440 current 0.0929) | val/persist 0.094 | lr 2.48e-03
Epoch  51 | train 0.1203 | val 0.0668 (sd 0.0462 current 0.0874) | val/persist 0.092 | lr 2.48e-03
Epoch  52 | train 0.1203 | val 0.0550 (sd 0.0365 current 0.0736) | val/persist 0.076 | lr 2.48e-03
Epoch  53 | train 0.1192 | val 0.0651 (sd 0.0442 current 0.0860) | val/persist 0.090 | lr 2.48e-03
Epoch  54 | train 0.1191 | val 0.0642 (sd 0.0390 current 0.0895) | val/persist 0.088 | lr 2.48e-03
Epoch  55 | train 0.1207 | val 0.0555 (sd 0.0382 current 0.0728) | val/persist 0.076 | lr 2.48e-03
Epoch  56 | train 0.1194 | val 0.0586 (sd 0.0378 current 0.0794) | val/persist 0.081 | lr 2.48e-03
Epoch  57 | train 0.1195 | val 0.0601 (sd 0.0367 current 0.0834) | val/persist 0.083 | lr 2.48e-03
Epoch  58 | train 0.1187 | val 0.0627 (sd 0.0442 current 0.0812) | val/persist 0.086 | lr 2.48e-03
Epoch  59 | train 0.1213 | val 0.0586 (sd 0.0376 current 0.0797) | val/persist 0.081 | lr 2.48e-03

Training completato. Best val: 0.0550 a epoch 52 (persistenza 0.7267)
[I 2026-10-01 10:50:42,939] Trial 13 finished with value: 0.05504029178230824 and parameters: {'gru_hidden': 64, 'mlp_hidden': 64, 'num_layers': 1, 'dropout': 0.3586656929073366, 'weight_decay': 0.0011776731885591882, 'lr': 0.0049527816997720405, 'batch_size': 64, 'clip_norm': 0.5}. Best is trial 0 with value: 0.0412080110396433.
Split per-trial: 26879 finestre train | 6721 finestre val
Baseline persistenza (val): 0.7267 (sd 0.3393 | current 1.1141)
Epoch   0 | train 0.3855 | val 0.1709 (sd 0.0588 current 0.2831) | val/persist 0.235 | lr 2.24e-04
Epoch   1 | train 0.1690 | val 0.1206 (sd 0.0481 current 0.1930) | val/persist 0.166 | lr 2.24e-04
Epoch   2 | train 0.1417 | val 0.1110 (sd 0.0461 current 0.1760) | val/persist 0.153 | lr 2.24e-04
Epoch   3 | train 0.1284 | val 0.1014 (sd 0.0429 current 0.1599) | val/persist 0.140 | lr 2.24e-04
Epoch   4 | train 0.1206 | val 0.0956 (sd 0.0421 current 0.1491) | val/persist 0.132 | lr 2.24e-04
Epoch   5 | train 0.1169 | val 0.0908 (sd 0.0404 current 0.1412) | val/persist 0.125 | lr 2.24e-04
Epoch   6 | train 0.1120 | val 0.0862 (sd 0.0412 current 0.1312) | val/persist 0.119 | lr 2.24e-04
Epoch   7 | train 0.1095 | val 0.0859 (sd 0.0398 current 0.1319) | val/persist 0.118 | lr 2.24e-04
Epoch   8 | train 0.1055 | val 0.0824 (sd 0.0394 current 0.1254) | val/persist 0.113 | lr 2.24e-04
Epoch   9 | train 0.1018 | val 0.0798 (sd 0.0401 current 0.1195) | val/persist 0.110 | lr 2.24e-04
Epoch  10 | train 0.1004 | val 0.0777 (sd 0.0389 current 0.1166) | val/persist 0.107 | lr 2.24e-04
Epoch  11 | train 0.0978 | val 0.0762 (sd 0.0397 current 0.1127) | val/persist 0.105 | lr 2.24e-04
Epoch  12 | train 0.0956 | val 0.0796 (sd 0.0419 current 0.1172) | val/persist 0.110 | lr 2.24e-04
Epoch  13 | train 0.0952 | val 0.0722 (sd 0.0380 current 0.1065) | val/persist 0.099 | lr 2.24e-04
Epoch  14 | train 0.0944 | val 0.0733 (sd 0.0404 current 0.1062) | val/persist 0.101 | lr 2.24e-04
Epoch  15 | train 0.0923 | val 0.0710 (sd 0.0401 current 0.1018) | val/persist 0.098 | lr 2.24e-04
Epoch  16 | train 0.0914 | val 0.0707 (sd 0.0379 current 0.1035) | val/persist 0.097 | lr 2.24e-04
Epoch  17 | train 0.0920 | val 0.0684 (sd 0.0385 current 0.0983) | val/persist 0.094 | lr 2.24e-04
Epoch  18 | train 0.0894 | val 0.0674 (sd 0.0380 current 0.0968) | val/persist 0.093 | lr 2.24e-04
Epoch  19 | train 0.0877 | val 0.0717 (sd 0.0400 current 0.1034) | val/persist 0.099 | lr 2.24e-04
Epoch  20 | train 0.0873 | val 0.0703 (sd 0.0388 current 0.1019) | val/persist 0.097 | lr 2.24e-04
Epoch  21 | train 0.0879 | val 0.0662 (sd 0.0367 current 0.0957) | val/persist 0.091 | lr 2.24e-04
Epoch  22 | train 0.0856 | val 0.0655 (sd 0.0369 current 0.0942) | val/persist 0.090 | lr 2.24e-04
Epoch  23 | train 0.0857 | val 0.0645 (sd 0.0370 current 0.0919) | val/persist 0.089 | lr 2.24e-04
[I 2026-10-01 10:53:30,323] Trial 16 pruned. 
Split per-trial: 26879 finestre train | 6721 finestre val
Baseline persistenza (val): 0.7267 (sd 0.3393 | current 1.1141)
Epoch   0 | train 0.6323 | val 0.2796 (sd 0.0795 current 0.4797) | val/persist 0.385 | lr 1.24e-04
Epoch   1 | train 0.2360 | val 0.1955 (sd 0.0600 current 0.3311) | val/persist 0.269 | lr 1.24e-04
Epoch   2 | train 0.1790 | val 0.1513 (sd 0.0548 current 0.2479) | val/persist 0.208 | lr 1.24e-04
Epoch   3 | train 0.1443 | val 0.1276 (sd 0.0508 current 0.2043) | val/persist 0.176 | lr 1.24e-04
Epoch   4 | train 0.1275 | val 0.1174 (sd 0.0487 current 0.1861) | val/persist 0.162 | lr 1.24e-04
Epoch   5 | train 0.1193 | val 0.1116 (sd 0.0473 current 0.1759) | val/persist 0.154 | lr 1.24e-04
Epoch   6 | train 0.1128 | val 0.1064 (sd 0.0454 current 0.1674) | val/persist 0.146 | lr 1.24e-04
Epoch   7 | train 0.1093 | val 0.1034 (sd 0.0449 current 0.1620) | val/persist 0.142 | lr 1.24e-04
Epoch   8 | train 0.1050 | val 0.1008 (sd 0.0432 current 0.1584) | val/persist 0.139 | lr 1.24e-04
[I 2026-10-01 10:54:28,074] Trial 24 pruned. 
Split per-trial: 26879 finestre train | 6721 finestre val
Baseline persistenza (val): 0.7267 (sd 0.3393 | current 1.1141)
Epoch   0 | train 0.4304 | val 0.2163 (sd 0.0669 current 0.3656) | val/persist 0.298 | lr 1.40e-04
Epoch   1 | train 0.2159 | val 0.1538 (sd 0.0577 current 0.2498) | val/persist 0.212 | lr 1.40e-04
Epoch   2 | train 0.1776 | val 0.1306 (sd 0.0530 current 0.2081) | val/persist 0.180 | lr 1.40e-04
Epoch   3 | train 0.1616 | val 0.1187 (sd 0.0492 current 0.1881) | val/persist 0.163 | lr 1.40e-04
Epoch   4 | train 0.1522 | val 0.1156 (sd 0.0484 current 0.1829) | val/persist 0.159 | lr 1.40e-04
Epoch   5 | train 0.1469 | val 0.1081 (sd 0.0464 current 0.1699) | val/persist 0.149 | lr 1.40e-04
Epoch   6 | train 0.1427 | val 0.1089 (sd 0.0481 current 0.1696) | val/persist 0.150 | lr 1.40e-04
Epoch   7 | train 0.1368 | val 0.1045 (sd 0.0463 current 0.1627) | val/persist 0.144 | lr 1.40e-04
Epoch   8 | train 0.1334 | val 0.1006 (sd 0.0454 current 0.1559) | val/persist 0.138 | lr 1.40e-04
[I 2026-10-01 10:55:09,466] Trial 30 pruned. 
Split per-trial: 26879 finestre train | 6721 finestre val
Baseline persistenza (val): 0.7267 (sd 0.3393 | current 1.1141)
Epoch   0 | train 0.1413 | val 0.0996 (sd 0.0475 current 0.1517) | val/persist 0.137 | lr 1.42e-03
Epoch   1 | train 0.0848 | val 0.0786 (sd 0.0412 current 0.1160) | val/persist 0.108 | lr 1.42e-03
Epoch   2 | train 0.0755 | val 0.0739 (sd 0.0365 current 0.1112) | val/persist 0.102 | lr 1.42e-03
Epoch   3 | train 0.0699 | val 0.0678 (sd 0.0489 current 0.0866) | val/persist 0.093 | lr 1.42e-03
Epoch   4 | train 0.0656 | val 0.0611 (sd 0.0363 current 0.0859) | val/persist 0.084 | lr 1.42e-03
Epoch   5 | train 0.0632 | val 0.0577 (sd 0.0342 current 0.0811) | val/persist 0.079 | lr 1.42e-03
Epoch   6 | train 0.0601 | val 0.0608 (sd 0.0358 current 0.0857) | val/persist 0.084 | lr 1.42e-03
Epoch   7 | train 0.0590 | val 0.0566 (sd 0.0352 current 0.0779) | val/persist 0.078 | lr 1.42e-03
Epoch   8 | train 0.0564 | val 0.0547 (sd 0.0347 current 0.0748) | val/persist 0.075 | lr 1.42e-03
Epoch   9 | train 0.0570 | val 0.0526 (sd 0.0340 current 0.0712) | val/persist 0.072 | lr 1.42e-03
Epoch  10 | train 0.0550 | val 0.0500 (sd 0.0325 current 0.0674) | val/persist 0.069 | lr 1.42e-03
Epoch  11 | train 0.0528 | val 0.0536 (sd 0.0318 current 0.0754) | val/persist 0.074 | lr 1.42e-03
Epoch  12 | train 0.0530 | val 0.0518 (sd 0.0314 current 0.0723) | val/persist 0.071 | lr 1.42e-03
Epoch  13 | train 0.0504 | val 0.0505 (sd 0.0306 current 0.0705) | val/persist 0.070 | lr 1.42e-03
Epoch  14 | train 0.0506 | val 0.0499 (sd 0.0311 current 0.0688) | val/persist 0.069 | lr 1.42e-03
Epoch  15 | train 0.0489 | val 0.0550 (sd 0.0324 current 0.0776) | val/persist 0.076 | lr 1.42e-03
Epoch  16 | train 0.0490 | val 0.0530 (sd 0.0304 current 0.0757) | val/persist 0.073 | lr 1.42e-03
Epoch  17 | train 0.0490 | val 0.0511 (sd 0.0302 current 0.0720) | val/persist 0.070 | lr 1.42e-03
Epoch  18 | train 0.0475 | val 0.0541 (sd 0.0265 current 0.0817) | val/persist 0.075 | lr 1.42e-03
Epoch  19 | train 0.0470 | val 0.0499 (sd 0.0261 current 0.0737) | val/persist 0.069 | lr 1.42e-03
Epoch  20 | train 0.0448 | val 0.0490 (sd 0.0255 current 0.0726) | val/persist 0.067 | lr 1.42e-03
Epoch  21 | train 0.0443 | val 0.0461 (sd 0.0275 current 0.0647) | val/persist 0.063 | lr 1.42e-03
Epoch  22 | train 0.0436 | val 0.0511 (sd 0.0265 current 0.0758) | val/persist 0.070 | lr 1.42e-03
Epoch  23 | train 0.0439 | val 0.0489 (sd 0.0255 current 0.0723) | val/persist 0.067 | lr 1.42e-03
Epoch  24 | train 0.0442 | val 0.0483 (sd 0.0269 current 0.0698) | val/persist 0.067 | lr 1.42e-03
Epoch  25 | train 0.0432 | val 0.0488 (sd 0.0269 current 0.0706) | val/persist 0.067 | lr 1.42e-03
Epoch  26 | train 0.0422 | val 0.0455 (sd 0.0248 current 0.0663) | val/persist 0.063 | lr 1.42e-03
Epoch  27 | train 0.0422 | val 0.0474 (sd 0.0255 current 0.0693) | val/persist 0.065 | lr 1.42e-03
Epoch  28 | train 0.0404 | val 0.0441 (sd 0.0245 current 0.0638) | val/persist 0.061 | lr 1.42e-03
Epoch  29 | train 0.0409 | val 0.0476 (sd 0.0264 current 0.0689) | val/persist 0.066 | lr 1.42e-03
Epoch  30 | train 0.0408 | val 0.0449 (sd 0.0265 current 0.0632) | val/persist 0.062 | lr 1.42e-03
Epoch  31 | train 0.0404 | val 0.0459 (sd 0.0265 current 0.0653) | val/persist 0.063 | lr 1.42e-03
Epoch  32 | train 0.0398 | val 0.0441 (sd 0.0240 current 0.0642) | val/persist 0.061 | lr 1.42e-03
Epoch  33 | train 0.0393 | val 0.0488 (sd 0.0255 current 0.0722) | val/persist 0.067 | lr 1.42e-03
Epoch  34 | train 0.0388 | val 0.0467 (sd 0.0250 current 0.0685) | val/persist 0.064 | lr 1.42e-03
Epoch  35 | train 0.0377 | val 0.0497 (sd 0.0255 current 0.0738) | val/persist 0.068 | lr 1.42e-03
Epoch  36 | train 0.0386 | val 0.0468 (sd 0.0256 current 0.0680) | val/persist 0.064 | lr 1.42e-03
Epoch  37 | train 0.0371 | val 0.0492 (sd 0.0270 current 0.0714) | val/persist 0.068 | lr 1.42e-03
Epoch  38 | train 0.0369 | val 0.0469 (sd 0.0260 current 0.0679) | val/persist 0.065 | lr 1.42e-03
Epoch  39 | train 0.0370 | val 0.0468 (sd 0.0258 current 0.0678) | val/persist 0.064 | lr 1.42e-03
Epoch  40 | train 0.0359 | val 0.0489 (sd 0.0250 current 0.0729) | val/persist 0.067 | lr 1.42e-03
Epoch  41 | train 0.0356 | val 0.0456 (sd 0.0275 current 0.0636) | val/persist 0.063 | lr 1.42e-03
Epoch  42 | train 0.0354 | val 0.0460 (sd 0.0292 current 0.0628) | val/persist 0.063 | lr 1.42e-03
Epoch  43 | train 0.0348 | val 0.0472 (sd 0.0252 current 0.0692) | val/persist 0.065 | lr 7.09e-04
Epoch  44 | train 0.0300 | val 0.0425 (sd 0.0235 current 0.0615) | val/persist 0.059 | lr 7.09e-04
Epoch  45 | train 0.0289 | val 0.0439 (sd 0.0239 current 0.0639) | val/persist 0.060 | lr 7.09e-04
Epoch  46 | train 0.0290 | val 0.0434 (sd 0.0238 current 0.0630) | val/persist 0.060 | lr 7.09e-04
Epoch  47 | train 0.0290 | val 0.0426 (sd 0.0231 current 0.0621) | val/persist 0.059 | lr 7.09e-04
Epoch  48 | train 0.0287 | val 0.0436 (sd 0.0245 current 0.0626) | val/persist 0.060 | lr 7.09e-04
Epoch  49 | train 0.0281 | val 0.0432 (sd 0.0234 current 0.0629) | val/persist 0.059 | lr 7.09e-04
Epoch  50 | train 0.0279 | val 0.0436 (sd 0.0236 current 0.0636) | val/persist 0.060 | lr 7.09e-04
Epoch  51 | train 0.0276 | val 0.0443 (sd 0.0249 current 0.0637) | val/persist 0.061 | lr 7.09e-04
Epoch  52 | train 0.0279 | val 0.0439 (sd 0.0247 current 0.0631) | val/persist 0.060 | lr 7.09e-04
Epoch  53 | train 0.0273 | val 0.0446 (sd 0.0254 current 0.0639) | val/persist 0.061 | lr 7.09e-04
Epoch  54 | train 0.0269 | val 0.0432 (sd 0.0235 current 0.0629) | val/persist 0.059 | lr 7.09e-04
Epoch  55 | train 0.0266 | val 0.0443 (sd 0.0245 current 0.0642) | val/persist 0.061 | lr 3.54e-04
Epoch  56 | train 0.0244 | val 0.0433 (sd 0.0238 current 0.0628) | val/persist 0.060 | lr 3.54e-04
Epoch  57 | train 0.0240 | val 0.0430 (sd 0.0235 current 0.0626) | val/persist 0.059 | lr 3.54e-04
Epoch  58 | train 0.0234 | val 0.0432 (sd 0.0237 current 0.0628) | val/persist 0.060 | lr 3.54e-04
Epoch  59 | train 0.0232 | val 0.0438 (sd 0.0241 current 0.0635) | val/persist 0.060 | lr 3.54e-04

Training completato. Best val: 0.0425 a epoch 44 (persistenza 0.7267)
[I 2026-10-01 10:59:05,617] Trial 34 finished with value: 0.042513745702709466 and parameters: {'gru_hidden': 128, 'mlp_hidden': 256, 'num_layers': 1, 'dropout': 0.06308060805083077, 'weight_decay': 1.4824209415783524e-06, 'lr': 0.0014174873419727486, 'batch_size': 64, 'clip_norm': 1.0}. Best is trial 0 with value: 0.0412080110396433.
Split per-trial: 26879 finestre train | 6721 finestre val
Baseline persistenza (val): 0.7267 (sd 0.3393 | current 1.1141)
Epoch   0 | train 0.1510 | val 0.0916 (sd 0.0489 current 0.1344) | val/persist 0.126 | lr 1.41e-03
Epoch   1 | train 0.0929 | val 0.0739 (sd 0.0385 current 0.1093) | val/persist 0.102 | lr 1.41e-03
Epoch   2 | train 0.0852 | val 0.0723 (sd 0.0387 current 0.1060) | val/persist 0.100 | lr 1.41e-03
Epoch   3 | train 0.0758 | val 0.0823 (sd 0.0421 current 0.1225) | val/persist 0.113 | lr 1.41e-03
Epoch   4 | train 0.0729 | val 0.0664 (sd 0.0410 current 0.0919) | val/persist 0.091 | lr 1.41e-03
Epoch   5 | train 0.0696 | val 0.0669 (sd 0.0516 current 0.0823) | val/persist 0.092 | lr 1.41e-03
Epoch   6 | train 0.0679 | val 0.0615 (sd 0.0369 current 0.0861) | val/persist 0.085 | lr 1.41e-03
Epoch   7 | train 0.0667 | val 0.0607 (sd 0.0358 current 0.0856) | val/persist 0.084 | lr 1.41e-03
Epoch   8 | train 0.0646 | val 0.0660 (sd 0.0349 current 0.0972) | val/persist 0.091 | lr 1.41e-03
Epoch   9 | train 0.0625 | val 0.0551 (sd 0.0366 current 0.0736) | val/persist 0.076 | lr 1.41e-03
Epoch  10 | train 0.0606 | val 0.0572 (sd 0.0414 current 0.0730) | val/persist 0.079 | lr 1.41e-03
Epoch  11 | train 0.0600 | val 0.0543 (sd 0.0322 current 0.0763) | val/persist 0.075 | lr 1.41e-03
Epoch  12 | train 0.0590 | val 0.0537 (sd 0.0311 current 0.0763) | val/persist 0.074 | lr 1.41e-03
Epoch  13 | train 0.0575 | val 0.0574 (sd 0.0319 current 0.0829) | val/persist 0.079 | lr 1.41e-03
Epoch  14 | train 0.0553 | val 0.0524 (sd 0.0288 current 0.0760) | val/persist 0.072 | lr 1.41e-03
Epoch  15 | train 0.0562 | val 0.0531 (sd 0.0280 current 0.0781) | val/persist 0.073 | lr 1.41e-03
Epoch  16 | train 0.0545 | val 0.0524 (sd 0.0261 current 0.0788) | val/persist 0.072 | lr 1.41e-03
Epoch  17 | train 0.0535 | val 0.0470 (sd 0.0266 current 0.0674) | val/persist 0.065 | lr 1.41e-03
Epoch  18 | train 0.0517 | val 0.0512 (sd 0.0268 current 0.0757) | val/persist 0.071 | lr 1.41e-03
Epoch  19 | train 0.0522 | val 0.0562 (sd 0.0296 current 0.0829) | val/persist 0.077 | lr 1.41e-03
Epoch  20 | train 0.0496 | val 0.0477 (sd 0.0258 current 0.0696) | val/persist 0.066 | lr 1.41e-03
Epoch  21 | train 0.0508 | val 0.0508 (sd 0.0262 current 0.0753) | val/persist 0.070 | lr 1.41e-03
Epoch  22 | train 0.0495 | val 0.0499 (sd 0.0288 current 0.0710) | val/persist 0.069 | lr 1.41e-03
Epoch  23 | train 0.0479 | val 0.0471 (sd 0.0249 current 0.0693) | val/persist 0.065 | lr 1.41e-03
Epoch  24 | train 0.0480 | val 0.0472 (sd 0.0270 current 0.0673) | val/persist 0.065 | lr 1.41e-03
Epoch  25 | train 0.0470 | val 0.0500 (sd 0.0294 current 0.0707) | val/persist 0.069 | lr 1.41e-03
Epoch  26 | train 0.0463 | val 0.0465 (sd 0.0254 current 0.0677) | val/persist 0.064 | lr 1.41e-03
Epoch  27 | train 0.0468 | val 0.0504 (sd 0.0273 current 0.0735) | val/persist 0.069 | lr 1.41e-03
Epoch  28 | train 0.0449 | val 0.0479 (sd 0.0271 current 0.0687) | val/persist 0.066 | lr 1.41e-03
Epoch  29 | train 0.0438 | val 0.0485 (sd 0.0266 current 0.0704) | val/persist 0.067 | lr 1.41e-03
Epoch  30 | train 0.0431 | val 0.0461 (sd 0.0248 current 0.0675) | val/persist 0.063 | lr 1.41e-03
Epoch  31 | train 0.0425 | val 0.0478 (sd 0.0250 current 0.0707) | val/persist 0.066 | lr 1.41e-03
Epoch  32 | train 0.0435 | val 0.0479 (sd 0.0261 current 0.0698) | val/persist 0.066 | lr 1.41e-03
Epoch  33 | train 0.0422 | val 0.0480 (sd 0.0271 current 0.0689) | val/persist 0.066 | lr 1.41e-03
Epoch  34 | train 0.0400 | val 0.0483 (sd 0.0256 current 0.0710) | val/persist 0.067 | lr 1.41e-03
Epoch  35 | train 0.0407 | val 0.0506 (sd 0.0254 current 0.0757) | val/persist 0.070 | lr 1.41e-03
Epoch  36 | train 0.0403 | val 0.0465 (sd 0.0255 current 0.0676) | val/persist 0.064 | lr 1.41e-03
Epoch  37 | train 0.0399 | val 0.0573 (sd 0.0316 current 0.0830) | val/persist 0.079 | lr 1.41e-03
Epoch  38 | train 0.0392 | val 0.0459 (sd 0.0247 current 0.0672) | val/persist 0.063 | lr 1.41e-03
Epoch  39 | train 0.0375 | val 0.0477 (sd 0.0253 current 0.0701) | val/persist 0.066 | lr 1.41e-03
Epoch  40 | train 0.0371 | val 0.0489 (sd 0.0276 current 0.0702) | val/persist 0.067 | lr 1.41e-03
Epoch  41 | train 0.0377 | val 0.0537 (sd 0.0269 current 0.0805) | val/persist 0.074 | lr 1.41e-03
Epoch  42 | train 0.0366 | val 0.0474 (sd 0.0255 current 0.0693) | val/persist 0.065 | lr 1.41e-03
Epoch  43 | train 0.0361 | val 0.0475 (sd 0.0256 current 0.0694) | val/persist 0.065 | lr 1.41e-03
Epoch  44 | train 0.0345 | val 0.0468 (sd 0.0257 current 0.0679) | val/persist 0.064 | lr 1.41e-03
Epoch  45 | train 0.0356 | val 0.0499 (sd 0.0279 current 0.0719) | val/persist 0.069 | lr 1.41e-03
Epoch  46 | train 0.0348 | val 0.0486 (sd 0.0288 current 0.0683) | val/persist 0.067 | lr 1.41e-03
Epoch  47 | train 0.0338 | val 0.0503 (sd 0.0278 current 0.0727) | val/persist 0.069 | lr 1.41e-03
Epoch  48 | train 0.0338 | val 0.0498 (sd 0.0269 current 0.0727) | val/persist 0.069 | lr 1.41e-03
Epoch  49 | train 0.0333 | val 0.0503 (sd 0.0273 current 0.0732) | val/persist 0.069 | lr 7.06e-04
Epoch  50 | train 0.0281 | val 0.0462 (sd 0.0248 current 0.0676) | val/persist 0.064 | lr 7.06e-04
[I 2026-10-01 11:04:50,006] Trial 44 pruned. 
Split per-trial: 26879 finestre train | 6721 finestre val
Baseline persistenza (val): 0.7267 (sd 0.3393 | current 1.1141)
Epoch   0 | train 0.1606 | val 0.1070 (sd 0.0468 current 0.1672) | val/persist 0.147 | lr 2.46e-03
Epoch   1 | train 0.0851 | val 0.0892 (sd 0.0447 current 0.1336) | val/persist 0.123 | lr 2.46e-03
Epoch   2 | train 0.0704 | val 0.0688 (sd 0.0377 current 0.0999) | val/persist 0.095 | lr 2.46e-03
Epoch   3 | train 0.0644 | val 0.0683 (sd 0.0385 current 0.0981) | val/persist 0.094 | lr 2.46e-03
Epoch   4 | train 0.0630 | val 0.0649 (sd 0.0366 current 0.0931) | val/persist 0.089 | lr 2.46e-03
Epoch   5 | train 0.0588 | val 0.0677 (sd 0.0374 current 0.0979) | val/persist 0.093 | lr 2.46e-03
Epoch   6 | train 0.0565 | val 0.0606 (sd 0.0382 current 0.0830) | val/persist 0.083 | lr 2.46e-03
Epoch   7 | train 0.0538 | val 0.0612 (sd 0.0384 current 0.0840) | val/persist 0.084 | lr 2.46e-03
Epoch   8 | train 0.0578 | val 0.0542 (sd 0.0335 current 0.0748) | val/persist 0.075 | lr 2.46e-03
Epoch   9 | train 0.0499 | val 0.0523 (sd 0.0326 current 0.0720) | val/persist 0.072 | lr 2.46e-03
Epoch  10 | train 0.0505 | val 0.0590 (sd 0.0355 current 0.0825) | val/persist 0.081 | lr 2.46e-03
Epoch  11 | train 0.0523 | val 0.0531 (sd 0.0321 current 0.0740) | val/persist 0.073 | lr 2.46e-03
Epoch  12 | train 0.0487 | val 0.0567 (sd 0.0384 current 0.0750) | val/persist 0.078 | lr 2.46e-03
Epoch  13 | train 0.0470 | val 0.0524 (sd 0.0317 current 0.0731) | val/persist 0.072 | lr 2.46e-03
Epoch  14 | train 0.0478 | val 0.0499 (sd 0.0301 current 0.0698) | val/persist 0.069 | lr 2.46e-03
Epoch  15 | train 0.0440 | val 0.0493 (sd 0.0271 current 0.0715) | val/persist 0.068 | lr 2.46e-03
Epoch  16 | train 0.0425 | val 0.0548 (sd 0.0263 current 0.0832) | val/persist 0.075 | lr 2.46e-03
Epoch  17 | train 0.0437 | val 0.0485 (sd 0.0246 current 0.0725) | val/persist 0.067 | lr 2.46e-03
Epoch  18 | train 0.0444 | val 0.0468 (sd 0.0243 current 0.0693) | val/persist 0.064 | lr 2.46e-03
Epoch  19 | train 0.0414 | val 0.0485 (sd 0.0284 current 0.0686) | val/persist 0.067 | lr 2.46e-03
Epoch  20 | train 0.0415 | val 0.0483 (sd 0.0259 current 0.0706) | val/persist 0.066 | lr 2.46e-03
Epoch  21 | train 0.0409 | val 0.0464 (sd 0.0249 current 0.0679) | val/persist 0.064 | lr 2.46e-03
Epoch  22 | train 0.0396 | val 0.0477 (sd 0.0267 current 0.0687) | val/persist 0.066 | lr 2.46e-03
Epoch  23 | train 0.0377 | val 0.0446 (sd 0.0254 current 0.0638) | val/persist 0.061 | lr 2.46e-03
Epoch  24 | train 0.0379 | val 0.0475 (sd 0.0265 current 0.0685) | val/persist 0.065 | lr 2.46e-03
Epoch  25 | train 0.0394 | val 0.0505 (sd 0.0263 current 0.0748) | val/persist 0.070 | lr 2.46e-03
Epoch  26 | train 0.0364 | val 0.0439 (sd 0.0236 current 0.0643) | val/persist 0.060 | lr 2.46e-03
Epoch  27 | train 0.0364 | val 0.0450 (sd 0.0242 current 0.0658) | val/persist 0.062 | lr 2.46e-03
Epoch  28 | train 0.0374 | val 0.0464 (sd 0.0245 current 0.0683) | val/persist 0.064 | lr 2.46e-03
Epoch  29 | train 0.0381 | val 0.0470 (sd 0.0261 current 0.0678) | val/persist 0.065 | lr 2.46e-03
Epoch  30 | train 0.0349 | val 0.0471 (sd 0.0261 current 0.0681) | val/persist 0.065 | lr 2.46e-03
Epoch  31 | train 0.0366 | val 0.0482 (sd 0.0247 current 0.0717) | val/persist 0.066 | lr 2.46e-03
Epoch  32 | train 0.0352 | val 0.0453 (sd 0.0247 current 0.0659) | val/persist 0.062 | lr 2.46e-03
Epoch  33 | train 0.0341 | val 0.0465 (sd 0.0261 current 0.0669) | val/persist 0.064 | lr 2.46e-03
Epoch  34 | train 0.0340 | val 0.0476 (sd 0.0235 current 0.0716) | val/persist 0.065 | lr 2.46e-03
Epoch  35 | train 0.0333 | val 0.0462 (sd 0.0243 current 0.0680) | val/persist 0.064 | lr 2.46e-03
Epoch  36 | train 0.0322 | val 0.0467 (sd 0.0258 current 0.0677) | val/persist 0.064 | lr 2.46e-03
Epoch  37 | train 0.0322 | val 0.0470 (sd 0.0240 current 0.0701) | val/persist 0.065 | lr 1.23e-03
Epoch  38 | train 0.0270 | val 0.0422 (sd 0.0225 current 0.0619) | val/persist 0.058 | lr 1.23e-03
Epoch  39 | train 0.0254 | val 0.0433 (sd 0.0228 current 0.0638) | val/persist 0.060 | lr 1.23e-03
Epoch  40 | train 0.0250 | val 0.0417 (sd 0.0223 current 0.0611) | val/persist 0.057 | lr 1.23e-03
Epoch  41 | train 0.0247 | val 0.0425 (sd 0.0225 current 0.0624) | val/persist 0.058 | lr 1.23e-03
Epoch  42 | train 0.0246 | val 0.0419 (sd 0.0224 current 0.0614) | val/persist 0.058 | lr 1.23e-03
Epoch  43 | train 0.0240 | val 0.0425 (sd 0.0224 current 0.0625) | val/persist 0.058 | lr 1.23e-03
Epoch  44 | train 0.0237 | val 0.0424 (sd 0.0224 current 0.0624) | val/persist 0.058 | lr 1.23e-03
Epoch  45 | train 0.0229 | val 0.0433 (sd 0.0225 current 0.0642) | val/persist 0.060 | lr 1.23e-03
Epoch  46 | train 0.0229 | val 0.0434 (sd 0.0225 current 0.0643) | val/persist 0.060 | lr 1.23e-03
Epoch  47 | train 0.0228 | val 0.0462 (sd 0.0231 current 0.0693) | val/persist 0.064 | lr 1.23e-03
Epoch  48 | train 0.0221 | val 0.0416 (sd 0.0228 current 0.0605) | val/persist 0.057 | lr 1.23e-03
Epoch  49 | train 0.0217 | val 0.0437 (sd 0.0227 current 0.0646) | val/persist 0.060 | lr 1.23e-03
Epoch  50 | train 0.0213 | val 0.0441 (sd 0.0251 current 0.0631) | val/persist 0.061 | lr 1.23e-03
Epoch  51 | train 0.0202 | val 0.0446 (sd 0.0236 current 0.0656) | val/persist 0.061 | lr 1.23e-03
Epoch  52 | train 0.0207 | val 0.0448 (sd 0.0239 current 0.0656) | val/persist 0.062 | lr 1.23e-03
Epoch  53 | train 0.0199 | val 0.0458 (sd 0.0236 current 0.0679) | val/persist 0.063 | lr 1.23e-03
Epoch  54 | train 0.0193 | val 0.0440 (sd 0.0233 current 0.0648) | val/persist 0.061 | lr 1.23e-03
Epoch  55 | train 0.0196 | val 0.0473 (sd 0.0233 current 0.0713) | val/persist 0.065 | lr 1.23e-03
Epoch  56 | train 0.0189 | val 0.0459 (sd 0.0231 current 0.0687) | val/persist 0.063 | lr 1.23e-03
Epoch  57 | train 0.0184 | val 0.0445 (sd 0.0225 current 0.0664) | val/persist 0.061 | lr 1.23e-03
Epoch  58 | train 0.0178 | val 0.0448 (sd 0.0232 current 0.0664) | val/persist 0.062 | lr 1.23e-03
Epoch  59 | train 0.0176 | val 0.0466 (sd 0.0226 current 0.0705) | val/persist 0.064 | lr 6.15e-04

Training completato. Best val: 0.0416 a epoch 48 (persistenza 0.7267)
[I 2026-10-01 11:09:31,158] Trial 57 finished with value: 0.04164906030360334 and parameters: {'gru_hidden': 256, 'mlp_hidden': 512, 'num_layers': 1, 'dropout': 0.022944554694719788, 'weight_decay': 1.0437628120876421e-06, 'lr': 0.0024582819668273843, 'batch_size': 256, 'clip_norm': 1.0}. Best is trial 51 with value: 0.04060395106976984.
Split per-trial: 26879 finestre train | 6721 finestre val
Baseline persistenza (val): 0.7267 (sd 0.3393 | current 1.1141)
Epoch   0 | train 0.1559 | val 0.0985 (sd 0.0452 current 0.1518) | val/persist 0.136 | lr 7.37e-03
Epoch   1 | train 0.0903 | val 0.0950 (sd 0.0467 current 0.1433) | val/persist 0.131 | lr 7.37e-03
Epoch   2 | train 0.0819 | val 0.0740 (sd 0.0448 current 0.1033) | val/persist 0.102 | lr 7.37e-03
Epoch   3 | train 0.0730 | val 0.0679 (sd 0.0384 current 0.0974) | val/persist 0.093 | lr 7.37e-03
Epoch   4 | train 0.0720 | val 0.0880 (sd 0.0478 current 0.1282) | val/persist 0.121 | lr 7.37e-03
Epoch   5 | train 0.0705 | val 0.0699 (sd 0.0378 current 0.1019) | val/persist 0.096 | lr 7.37e-03
Epoch   6 | train 0.0671 | val 0.0636 (sd 0.0438 current 0.0833) | val/persist 0.087 | lr 7.37e-03
Epoch   7 | train 0.0652 | val 0.0628 (sd 0.0443 current 0.0812) | val/persist 0.086 | lr 7.37e-03
Epoch   8 | train 0.0656 | val 0.0602 (sd 0.0392 current 0.0812) | val/persist 0.083 | lr 7.37e-03
Epoch   9 | train 0.0640 | val 0.0590 (sd 0.0341 current 0.0839) | val/persist 0.081 | lr 7.37e-03
Epoch  10 | train 0.0596 | val 0.0596 (sd 0.0352 current 0.0840) | val/persist 0.082 | lr 7.37e-03
Epoch  11 | train 0.0610 | val 0.0555 (sd 0.0313 current 0.0797) | val/persist 0.076 | lr 7.37e-03
Epoch  12 | train 0.0572 | val 0.0552 (sd 0.0341 current 0.0764) | val/persist 0.076 | lr 7.37e-03
Epoch  13 | train 0.0588 | val 0.0622 (sd 0.0373 current 0.0870) | val/persist 0.086 | lr 7.37e-03
Epoch  14 | train 0.0563 | val 0.0601 (sd 0.0330 current 0.0871) | val/persist 0.083 | lr 7.37e-03
[I 2026-10-01 11:09:59,237] Trial 77 pruned. 
Split per-trial: 26879 finestre train | 6721 finestre val
Baseline persistenza (val): 0.7267 (sd 0.3393 | current 1.1141)
Epoch   0 | train 0.2341 | val 0.1106 (sd 0.0475 current 0.1738) | val/persist 0.152 | lr 3.06e-03
Epoch   1 | train 0.1158 | val 0.0925 (sd 0.0503 current 0.1348) | val/persist 0.127 | lr 3.06e-03
Epoch   2 | train 0.1034 | val 0.0850 (sd 0.0441 current 0.1258) | val/persist 0.117 | lr 3.06e-03
Epoch   3 | train 0.0962 | val 0.0733 (sd 0.0405 current 0.1060) | val/persist 0.101 | lr 3.06e-03
Epoch   4 | train 0.0934 | val 0.0729 (sd 0.0406 current 0.1052) | val/persist 0.100 | lr 3.06e-03
Epoch   5 | train 0.0885 | val 0.0694 (sd 0.0419 current 0.0969) | val/persist 0.095 | lr 3.06e-03
Epoch   6 | train 0.0861 | val 0.0694 (sd 0.0407 current 0.0980) | val/persist 0.095 | lr 3.06e-03
Epoch   7 | train 0.0829 | val 0.0704 (sd 0.0430 current 0.0978) | val/persist 0.097 | lr 3.06e-03
Epoch   8 | train 0.0816 | val 0.0630 (sd 0.0391 current 0.0870) | val/persist 0.087 | lr 3.06e-03
[I 2026-10-01 11:10:13,443] Trial 79 pruned. 
Split per-trial: 26879 finestre train | 6721 finestre val
Baseline persistenza (val): 0.7267 (sd 0.3393 | current 1.1141)
Epoch   0 | train 0.1387 | val 0.0944 (sd 0.0410 current 0.1478) | val/persist 0.130 | lr 3.34e-03
Epoch   1 | train 0.0805 | val 0.0771 (sd 0.0406 current 0.1136) | val/persist 0.106 | lr 3.34e-03
Epoch   2 | train 0.0729 | val 0.0741 (sd 0.0446 current 0.1036) | val/persist 0.102 | lr 3.34e-03
Epoch   3 | train 0.0691 | val 0.0810 (sd 0.0497 current 0.1123) | val/persist 0.111 | lr 3.34e-03
Epoch   4 | train 0.0663 | val 0.0716 (sd 0.0384 current 0.1047) | val/persist 0.099 | lr 3.34e-03
Epoch   5 | train 0.0639 | val 0.0648 (sd 0.0378 current 0.0918) | val/persist 0.089 | lr 3.34e-03
Epoch   6 | train 0.0601 | val 0.0616 (sd 0.0356 current 0.0875) | val/persist 0.085 | lr 3.34e-03
Epoch   7 | train 0.0600 | val 0.0642 (sd 0.0367 current 0.0917) | val/persist 0.088 | lr 3.34e-03
Epoch   8 | train 0.0588 | val 0.0581 (sd 0.0392 current 0.0770) | val/persist 0.080 | lr 3.34e-03
Epoch   9 | train 0.0562 | val 0.0618 (sd 0.0340 current 0.0897) | val/persist 0.085 | lr 3.34e-03
Epoch  10 | train 0.0575 | val 0.0718 (sd 0.0406 current 0.1029) | val/persist 0.099 | lr 3.34e-03
Epoch  11 | train 0.0578 | val 0.0653 (sd 0.0364 current 0.0941) | val/persist 0.090 | lr 3.34e-03
[I 2026-10-01 11:10:46,218] Trial 81 pruned. 
Split per-trial: 26879 finestre train | 6721 finestre val
Baseline persistenza (val): 0.7267 (sd 0.3393 | current 1.1141)
Epoch   0 | train 0.2692 | val 0.1118 (sd 0.0460 current 0.1776) | val/persist 0.154 | lr 2.24e-03
Epoch   1 | train 0.1191 | val 0.0827 (sd 0.0425 current 0.1229) | val/persist 0.114 | lr 2.24e-03
Epoch   2 | train 0.1028 | val 0.0881 (sd 0.0442 current 0.1320) | val/persist 0.121 | lr 2.24e-03
Epoch   3 | train 0.0914 | val 0.0859 (sd 0.0398 current 0.1319) | val/persist 0.118 | lr 2.24e-03
Epoch   4 | train 0.0887 | val 0.0695 (sd 0.0407 current 0.0983) | val/persist 0.096 | lr 2.24e-03
Epoch   5 | train 0.0821 | val 0.0669 (sd 0.0364 current 0.0974) | val/persist 0.092 | lr 2.24e-03
Epoch   6 | train 0.0807 | val 0.0605 (sd 0.0371 current 0.0840) | val/persist 0.083 | lr 2.24e-03
Epoch   7 | train 0.0781 | val 0.0596 (sd 0.0354 current 0.0837) | val/persist 0.082 | lr 2.24e-03
Epoch   8 | train 0.0737 | val 0.0573 (sd 0.0340 current 0.0806) | val/persist 0.079 | lr 2.24e-03
Epoch   9 | train 0.0711 | val 0.0584 (sd 0.0343 current 0.0826) | val/persist 0.080 | lr 2.24e-03
Epoch  10 | train 0.0715 | val 0.0561 (sd 0.0352 current 0.0770) | val/persist 0.077 | lr 2.24e-03
Epoch  11 | train 0.0703 | val 0.0592 (sd 0.0350 current 0.0835) | val/persist 0.082 | lr 2.24e-03
Epoch  12 | train 0.0680 | val 0.0542 (sd 0.0338 current 0.0746) | val/persist 0.075 | lr 2.24e-03
Epoch  13 | train 0.0673 | val 0.0572 (sd 0.0365 current 0.0779) | val/persist 0.079 | lr 2.24e-03
Epoch  14 | train 0.0661 | val 0.0509 (sd 0.0324 current 0.0695) | val/persist 0.070 | lr 2.24e-03
Epoch  15 | train 0.0650 | val 0.0562 (sd 0.0348 current 0.0777) | val/persist 0.077 | lr 2.24e-03
Epoch  16 | train 0.0638 | val 0.0545 (sd 0.0334 current 0.0756) | val/persist 0.075 | lr 2.24e-03
Epoch  17 | train 0.0647 | val 0.0543 (sd 0.0339 current 0.0747) | val/persist 0.075 | lr 2.24e-03
Epoch  18 | train 0.0630 | val 0.0522 (sd 0.0320 current 0.0725) | val/persist 0.072 | lr 2.24e-03
Epoch  19 | train 0.0620 | val 0.0497 (sd 0.0318 current 0.0677) | val/persist 0.068 | lr 2.24e-03
Epoch  20 | train 0.0610 | val 0.0518 (sd 0.0323 current 0.0712) | val/persist 0.071 | lr 2.24e-03
Epoch  21 | train 0.0601 | val 0.0486 (sd 0.0322 current 0.0649) | val/persist 0.067 | lr 2.24e-03
Epoch  22 | train 0.0600 | val 0.0544 (sd 0.0312 current 0.0776) | val/persist 0.075 | lr 2.24e-03
Epoch  23 | train 0.0592 | val 0.0541 (sd 0.0352 current 0.0730) | val/persist 0.074 | lr 2.24e-03
Epoch  24 | train 0.0586 | val 0.0559 (sd 0.0327 current 0.0790) | val/persist 0.077 | lr 2.24e-03
Epoch  25 | train 0.0586 | val 0.0502 (sd 0.0328 current 0.0676) | val/persist 0.069 | lr 2.24e-03
Epoch  26 | train 0.0579 | val 0.0504 (sd 0.0312 current 0.0695) | val/persist 0.069 | lr 2.24e-03
Epoch  27 | train 0.0584 | val 0.0515 (sd 0.0321 current 0.0710) | val/persist 0.071 | lr 2.24e-03
[I 2026-10-01 11:12:43,722] Trial 84 pruned. 
Split per-trial: 26879 finestre train | 6721 finestre val
Baseline persistenza (val): 0.7267 (sd 0.3393 | current 1.1141)
Epoch   0 | train 0.1496 | val 0.1180 (sd 0.0459 current 0.1901) | val/persist 0.162 | lr 5.62e-04
Epoch   1 | train 0.0881 | val 0.0866 (sd 0.0385 current 0.1348) | val/persist 0.119 | lr 5.62e-04
Epoch   2 | train 0.0748 | val 0.0765 (sd 0.0378 current 0.1153) | val/persist 0.105 | lr 5.62e-04
Epoch   3 | train 0.0702 | val 0.0706 (sd 0.0376 current 0.1035) | val/persist 0.097 | lr 5.62e-04
Epoch   4 | train 0.0645 | val 0.0637 (sd 0.0359 current 0.0916) | val/persist 0.088 | lr 5.62e-04
Epoch   5 | train 0.0615 | val 0.0676 (sd 0.0334 current 0.1017) | val/persist 0.093 | lr 5.62e-04
Epoch   6 | train 0.0589 | val 0.0605 (sd 0.0351 current 0.0859) | val/persist 0.083 | lr 5.62e-04
Epoch   7 | train 0.0571 | val 0.0584 (sd 0.0335 current 0.0834) | val/persist 0.080 | lr 5.62e-04
Epoch   8 | train 0.0540 | val 0.0538 (sd 0.0319 current 0.0757) | val/persist 0.074 | lr 5.62e-04
Epoch   9 | train 0.0535 | val 0.0530 (sd 0.0320 current 0.0740) | val/persist 0.073 | lr 5.62e-04
Epoch  10 | train 0.0530 | val 0.0529 (sd 0.0317 current 0.0742) | val/persist 0.073 | lr 5.62e-04
Epoch  11 | train 0.0509 | val 0.0536 (sd 0.0316 current 0.0756) | val/persist 0.074 | lr 5.62e-04
Epoch  12 | train 0.0507 | val 0.0539 (sd 0.0329 current 0.0750) | val/persist 0.074 | lr 5.62e-04
Epoch  13 | train 0.0504 | val 0.0512 (sd 0.0325 current 0.0700) | val/persist 0.071 | lr 5.62e-04
Epoch  14 | train 0.0488 | val 0.0514 (sd 0.0311 current 0.0717) | val/persist 0.071 | lr 5.62e-04
Epoch  15 | train 0.0480 | val 0.0535 (sd 0.0328 current 0.0741) | val/persist 0.074 | lr 5.62e-04
Epoch  16 | train 0.0470 | val 0.0488 (sd 0.0286 current 0.0689) | val/persist 0.067 | lr 5.62e-04
Epoch  17 | train 0.0463 | val 0.0488 (sd 0.0300 current 0.0677) | val/persist 0.067 | lr 5.62e-04
Epoch  18 | train 0.0458 | val 0.0517 (sd 0.0295 current 0.0739) | val/persist 0.071 | lr 5.62e-04
Epoch  19 | train 0.0442 | val 0.0490 (sd 0.0260 current 0.0720) | val/persist 0.067 | lr 5.62e-04
Epoch  20 | train 0.0440 | val 0.0465 (sd 0.0259 current 0.0672) | val/persist 0.064 | lr 5.62e-04
Epoch  21 | train 0.0432 | val 0.0591 (sd 0.0259 current 0.0923) | val/persist 0.081 | lr 5.62e-04
Epoch  22 | train 0.0428 | val 0.0452 (sd 0.0247 current 0.0658) | val/persist 0.062 | lr 5.62e-04
Epoch  23 | train 0.0415 | val 0.0450 (sd 0.0237 current 0.0664) | val/persist 0.062 | lr 5.62e-04
Epoch  24 | train 0.0425 | val 0.0475 (sd 0.0302 current 0.0649) | val/persist 0.065 | lr 5.62e-04
Epoch  25 | train 0.0408 | val 0.0475 (sd 0.0247 current 0.0702) | val/persist 0.065 | lr 5.62e-04
Epoch  26 | train 0.0403 | val 0.0460 (sd 0.0244 current 0.0676) | val/persist 0.063 | lr 5.62e-04
Epoch  27 | train 0.0395 | val 0.0433 (sd 0.0249 current 0.0616) | val/persist 0.060 | lr 5.62e-04
Epoch  28 | train 0.0391 | val 0.0445 (sd 0.0239 current 0.0650) | val/persist 0.061 | lr 5.62e-04
Epoch  29 | train 0.0392 | val 0.0456 (sd 0.0246 current 0.0665) | val/persist 0.063 | lr 5.62e-04
Epoch  30 | train 0.0389 | val 0.0436 (sd 0.0239 current 0.0634) | val/persist 0.060 | lr 5.62e-04
Epoch  31 | train 0.0379 | val 0.0478 (sd 0.0255 current 0.0701) | val/persist 0.066 | lr 5.62e-04
Epoch  32 | train 0.0377 | val 0.0450 (sd 0.0248 current 0.0652) | val/persist 0.062 | lr 5.62e-04
Epoch  33 | train 0.0372 | val 0.0462 (sd 0.0247 current 0.0676) | val/persist 0.064 | lr 5.62e-04
Epoch  34 | train 0.0369 | val 0.0461 (sd 0.0237 current 0.0685) | val/persist 0.063 | lr 5.62e-04
Epoch  35 | train 0.0361 | val 0.0451 (sd 0.0241 current 0.0661) | val/persist 0.062 | lr 5.62e-04
Epoch  36 | train 0.0361 | val 0.0435 (sd 0.0232 current 0.0638) | val/persist 0.060 | lr 5.62e-04
Epoch  37 | train 0.0356 | val 0.0441 (sd 0.0244 current 0.0638) | val/persist 0.061 | lr 5.62e-04
Epoch  38 | train 0.0357 | val 0.0470 (sd 0.0240 current 0.0700) | val/persist 0.065 | lr 2.81e-04
Epoch  39 | train 0.0313 | val 0.0426 (sd 0.0226 current 0.0626) | val/persist 0.059 | lr 2.81e-04
Epoch  40 | train 0.0304 | val 0.0420 (sd 0.0232 current 0.0609) | val/persist 0.058 | lr 2.81e-04
Epoch  41 | train 0.0303 | val 0.0414 (sd 0.0226 current 0.0602) | val/persist 0.057 | lr 2.81e-04
Epoch  42 | train 0.0300 | val 0.0409 (sd 0.0225 current 0.0593) | val/persist 0.056 | lr 2.81e-04
Epoch  43 | train 0.0298 | val 0.0410 (sd 0.0226 current 0.0593) | val/persist 0.056 | lr 2.81e-04
Epoch  44 | train 0.0295 | val 0.0425 (sd 0.0229 current 0.0620) | val/persist 0.058 | lr 2.81e-04
Epoch  45 | train 0.0293 | val 0.0405 (sd 0.0229 current 0.0581) | val/persist 0.056 | lr 2.81e-04
Epoch  46 | train 0.0290 | val 0.0430 (sd 0.0233 current 0.0627) | val/persist 0.059 | lr 2.81e-04
Epoch  47 | train 0.0286 | val 0.0414 (sd 0.0231 current 0.0597) | val/persist 0.057 | lr 2.81e-04
Epoch  48 | train 0.0282 | val 0.0409 (sd 0.0232 current 0.0587) | val/persist 0.056 | lr 2.81e-04
Epoch  49 | train 0.0278 | val 0.0426 (sd 0.0233 current 0.0618) | val/persist 0.059 | lr 2.81e-04
Epoch  50 | train 0.0280 | val 0.0429 (sd 0.0229 current 0.0629) | val/persist 0.059 | lr 2.81e-04
Epoch  51 | train 0.0273 | val 0.0406 (sd 0.0230 current 0.0581) | val/persist 0.056 | lr 2.81e-04
Epoch  52 | train 0.0271 | val 0.0416 (sd 0.0230 current 0.0601) | val/persist 0.057 | lr 2.81e-04
Epoch  53 | train 0.0270 | val 0.0410 (sd 0.0235 current 0.0584) | val/persist 0.056 | lr 2.81e-04
Epoch  54 | train 0.0265 | val 0.0419 (sd 0.0229 current 0.0608) | val/persist 0.058 | lr 2.81e-04
Epoch  55 | train 0.0266 | val 0.0413 (sd 0.0235 current 0.0592) | val/persist 0.057 | lr 2.81e-04
Epoch  56 | train 0.0260 | val 0.0421 (sd 0.0231 current 0.0611) | val/persist 0.058 | lr 1.41e-04
Epoch  57 | train 0.0238 | val 0.0404 (sd 0.0226 current 0.0583) | val/persist 0.056 | lr 1.41e-04
Epoch  58 | train 0.0236 | val 0.0408 (sd 0.0229 current 0.0587) | val/persist 0.056 | lr 1.41e-04
Epoch  59 | train 0.0235 | val 0.0403 (sd 0.0228 current 0.0578) | val/persist 0.055 | lr 1.41e-04

Training completato. Best val: 0.0403 a epoch 59 (persistenza 0.7267)
[I 2026-10-01 11:20:28,752] Trial 88 finished with value: 0.04027897994221716 and parameters: {'gru_hidden': 256, 'mlp_hidden': 512, 'num_layers': 1, 'dropout': 0.06668923974698159, 'weight_decay': 1.582283830185358e-05, 'lr': 0.0005621588402773221, 'batch_size': 64, 'clip_norm': 0.5}. Best is trial 88 with value: 0.04027897994221716.

Best val: 0.04028
  gru_hidden: 256
  mlp_hidden: 512
  num_layers: 1
  dropout: 0.06668923974698159
  weight_decay: 1.582283830185358e-05
  lr: 0.0005621588402773221
  batch_size: 64
  clip_norm: 0.5
Report: /home/gemma/tesi/aquabot/src/net/fm/tuning/tuning_results/best_fm_h20_nores.txt
