Studio: fm_h20_nores | device cpu | H=20 | residual=False
Caricamento dataset (p=1)...
Trovati 120 trial.
Dataset grezzo: 120 trial letti. Scaler e finestre costruiti in split_by_trial() (fit solo su train).
/home/gemma/tesi/aquabot/src/net/fm/tuning/tune.py:222: ExperimentalWarning: Argument ``multivariate`` is an experimental feature. The interface can change in the future.
  sampler = optuna.samplers.TPESampler(
/home/gemma/tesi/aquabot/src/net/fm/tuning/tune.py:222: ExperimentalWarning: Argument ``group`` is an experimental feature. The interface can change in the future.
  sampler = optuna.samplers.TPESampler(
/home/gemma/tesi/aquabot/src/net/fm/tuning/tune.py:222: ExperimentalWarning: Argument ``constant_liar`` is an experimental feature. The interface can change in the future.
  sampler = optuna.samplers.TPESampler(
[I 2026-10-01 10:43:09,260] Using an existing study with name 'fm_h20_nores' instead of creating a new one.
Normalizzatore caricato da /home/gemma/tesi/aquabot/src/net/scaler/scalers_joint.pkl (nessun refit).
Dataset: 33600 campioni da 120 trial. H=20 P=1 | seq_cmd=(20, 1) seq_sens=(20, 2)
Split per-trial: 26879 finestre train | 6721 finestre val
Baseline persistenza (val): 0.7267 (sd 0.3393 | current 1.1141)
Epoch   0 | train 0.7998 | val 0.4355 (sd 0.2712 current 0.5999) | val/persist 0.599 | lr 1.56e-04
Epoch   1 | train 0.4159 | val 0.2762 (sd 0.1052 current 0.4471) | val/persist 0.380 | lr 1.56e-04
Epoch   2 | train 0.3315 | val 0.2235 (sd 0.0856 current 0.3614) | val/persist 0.308 | lr 1.56e-04
Epoch   3 | train 0.2867 | val 0.1877 (sd 0.0761 current 0.2994) | val/persist 0.258 | lr 1.56e-04
Epoch   4 | train 0.2601 | val 0.1681 (sd 0.0717 current 0.2646) | val/persist 0.231 | lr 1.56e-04
Epoch   5 | train 0.2439 | val 0.1537 (sd 0.0637 current 0.2437) | val/persist 0.211 | lr 1.56e-04
Epoch   6 | train 0.2310 | val 0.1453 (sd 0.0616 current 0.2290) | val/persist 0.200 | lr 1.56e-04
Epoch   7 | train 0.2215 | val 0.1347 (sd 0.0567 current 0.2127) | val/persist 0.185 | lr 1.56e-04
Epoch   8 | train 0.2159 | val 0.1325 (sd 0.0560 current 0.2090) | val/persist 0.182 | lr 1.56e-04
Epoch   9 | train 0.2082 | val 0.1291 (sd 0.0569 current 0.2014) | val/persist 0.178 | lr 1.56e-04
Epoch  10 | train 0.2054 | val 0.1285 (sd 0.0582 current 0.1989) | val/persist 0.177 | lr 1.56e-04
Epoch  11 | train 0.2012 | val 0.1194 (sd 0.0531 current 0.1856) | val/persist 0.164 | lr 1.56e-04
Epoch  12 | train 0.1975 | val 0.1218 (sd 0.0543 current 0.1892) | val/persist 0.168 | lr 1.56e-04
Epoch  13 | train 0.1949 | val 0.1135 (sd 0.0513 current 0.1756) | val/persist 0.156 | lr 1.56e-04
Epoch  14 | train 0.1919 | val 0.1144 (sd 0.0538 current 0.1750) | val/persist 0.157 | lr 1.56e-04
Epoch  15 | train 0.1918 | val 0.1135 (sd 0.0526 current 0.1744) | val/persist 0.156 | lr 1.56e-04
Epoch  16 | train 0.1871 | val 0.1095 (sd 0.0508 current 0.1683) | val/persist 0.151 | lr 1.56e-04
Epoch  17 | train 0.1834 | val 0.1074 (sd 0.0519 current 0.1628) | val/persist 0.148 | lr 1.56e-04
Epoch  18 | train 0.1825 | val 0.1071 (sd 0.0518 current 0.1624) | val/persist 0.147 | lr 1.56e-04
Epoch  19 | train 0.1822 | val 0.1044 (sd 0.0493 current 0.1595) | val/persist 0.144 | lr 1.56e-04
Epoch  20 | train 0.1767 | val 0.1042 (sd 0.0498 current 0.1586) | val/persist 0.143 | lr 1.56e-04
Epoch  21 | train 0.1780 | val 0.1032 (sd 0.0506 current 0.1558) | val/persist 0.142 | lr 1.56e-04
Epoch  22 | train 0.1747 | val 0.1027 (sd 0.0500 current 0.1554) | val/persist 0.141 | lr 1.56e-04
Epoch  23 | train 0.1742 | val 0.0985 (sd 0.0474 current 0.1495) | val/persist 0.136 | lr 1.56e-04
Epoch  24 | train 0.1716 | val 0.0999 (sd 0.0499 current 0.1500) | val/persist 0.138 | lr 1.56e-04
Epoch  25 | train 0.1717 | val 0.0969 (sd 0.0476 current 0.1463) | val/persist 0.133 | lr 1.56e-04
Epoch  26 | train 0.1701 | val 0.0978 (sd 0.0486 current 0.1470) | val/persist 0.135 | lr 1.56e-04
Epoch  27 | train 0.1716 | val 0.0968 (sd 0.0481 current 0.1456) | val/persist 0.133 | lr 1.56e-04
Epoch  28 | train 0.1691 | val 0.0960 (sd 0.0483 current 0.1437) | val/persist 0.132 | lr 1.56e-04
Epoch  29 | train 0.1679 | val 0.0944 (sd 0.0460 current 0.1428) | val/persist 0.130 | lr 1.56e-04
Epoch  30 | train 0.1680 | val 0.0948 (sd 0.0473 current 0.1423) | val/persist 0.130 | lr 1.56e-04
Epoch  31 | train 0.1653 | val 0.0968 (sd 0.0491 current 0.1444) | val/persist 0.133 | lr 1.56e-04
Epoch  32 | train 0.1657 | val 0.0928 (sd 0.0459 current 0.1398) | val/persist 0.128 | lr 1.56e-04
Epoch  33 | train 0.1637 | val 0.0939 (sd 0.0484 current 0.1394) | val/persist 0.129 | lr 1.56e-04
Epoch  34 | train 0.1628 | val 0.0899 (sd 0.0453 current 0.1345) | val/persist 0.124 | lr 1.56e-04
Epoch  35 | train 0.1634 | val 0.0906 (sd 0.0462 current 0.1351) | val/persist 0.125 | lr 1.56e-04
Epoch  36 | train 0.1610 | val 0.0910 (sd 0.0463 current 0.1358) | val/persist 0.125 | lr 1.56e-04
Epoch  37 | train 0.1609 | val 0.0924 (sd 0.0479 current 0.1370) | val/persist 0.127 | lr 1.56e-04
Epoch  38 | train 0.1610 | val 0.0902 (sd 0.0456 current 0.1348) | val/persist 0.124 | lr 1.56e-04
Epoch  39 | train 0.1599 | val 0.0897 (sd 0.0458 current 0.1336) | val/persist 0.123 | lr 1.56e-04
Epoch  40 | train 0.1595 | val 0.0897 (sd 0.0459 current 0.1335) | val/persist 0.123 | lr 1.56e-04
Epoch  41 | train 0.1602 | val 0.0885 (sd 0.0448 current 0.1323) | val/persist 0.122 | lr 1.56e-04
Epoch  42 | train 0.1577 | val 0.0881 (sd 0.0471 current 0.1291) | val/persist 0.121 | lr 1.56e-04
Epoch  43 | train 0.1560 | val 0.0893 (sd 0.0474 current 0.1312) | val/persist 0.123 | lr 1.56e-04
Epoch  44 | train 0.1573 | val 0.0896 (sd 0.0467 current 0.1326) | val/persist 0.123 | lr 1.56e-04
Epoch  45 | train 0.1566 | val 0.0914 (sd 0.0481 current 0.1347) | val/persist 0.126 | lr 1.56e-04
Epoch  46 | train 0.1563 | val 0.0878 (sd 0.0466 current 0.1289) | val/persist 0.121 | lr 1.56e-04
Epoch  47 | train 0.1558 | val 0.0865 (sd 0.0466 current 0.1264) | val/persist 0.119 | lr 1.56e-04
Epoch  48 | train 0.1568 | val 0.0865 (sd 0.0461 current 0.1269) | val/persist 0.119 | lr 1.56e-04
Epoch  49 | train 0.1544 | val 0.0861 (sd 0.0462 current 0.1259) | val/persist 0.118 | lr 1.56e-04
Epoch  50 | train 0.1550 | val 0.0858 (sd 0.0460 current 0.1255) | val/persist 0.118 | lr 1.56e-04
Epoch  51 | train 0.1558 | val 0.0851 (sd 0.0461 current 0.1241) | val/persist 0.117 | lr 1.56e-04
Epoch  52 | train 0.1520 | val 0.0851 (sd 0.0473 current 0.1228) | val/persist 0.117 | lr 1.56e-04
Epoch  53 | train 0.1540 | val 0.0850 (sd 0.0468 current 0.1232) | val/persist 0.117 | lr 1.56e-04
Epoch  54 | train 0.1526 | val 0.0866 (sd 0.0467 current 0.1265) | val/persist 0.119 | lr 1.56e-04
Epoch  55 | train 0.1508 | val 0.0870 (sd 0.0493 current 0.1246) | val/persist 0.120 | lr 1.56e-04
Epoch  56 | train 0.1516 | val 0.0844 (sd 0.0471 current 0.1216) | val/persist 0.116 | lr 1.56e-04
Epoch  57 | train 0.1519 | val 0.0831 (sd 0.0458 current 0.1204) | val/persist 0.114 | lr 1.56e-04
Epoch  58 | train 0.1534 | val 0.0836 (sd 0.0473 current 0.1198) | val/persist 0.115 | lr 1.56e-04
Epoch  59 | train 0.1484 | val 0.0854 (sd 0.0466 current 0.1241) | val/persist 0.117 | lr 1.56e-04

Training completato. Best val: 0.0831 a epoch 57 (persistenza 0.7267)
[I 2026-10-01 10:47:10,640] Trial 6 finished with value: 0.08311720322576455 and parameters: {'gru_hidden': 32, 'mlp_hidden': 64, 'num_layers': 2, 'dropout': 0.33751056499277104, 'weight_decay': 0.005683629755827182, 'lr': 0.0001556821672951599, 'batch_size': 128, 'clip_norm': 0.5}. Best is trial 5 with value: 0.05345865873605503.
Split per-trial: 26879 finestre train | 6721 finestre val
Baseline persistenza (val): 0.7267 (sd 0.3393 | current 1.1141)
Epoch   0 | train 0.6255 | val 0.2892 (sd 0.0768 current 0.5017) | val/persist 0.398 | lr 1.36e-04
Epoch   1 | train 0.2758 | val 0.2138 (sd 0.0635 current 0.3641) | val/persist 0.294 | lr 1.36e-04
Epoch   2 | train 0.2066 | val 0.1558 (sd 0.0585 current 0.2530) | val/persist 0.214 | lr 1.36e-04
Epoch   3 | train 0.1650 | val 0.1314 (sd 0.0536 current 0.2092) | val/persist 0.181 | lr 1.36e-04
Epoch   4 | train 0.1469 | val 0.1196 (sd 0.0474 current 0.1917) | val/persist 0.165 | lr 1.36e-04
Epoch   5 | train 0.1395 | val 0.1139 (sd 0.0463 current 0.1814) | val/persist 0.157 | lr 1.36e-04
Epoch   6 | train 0.1315 | val 0.1088 (sd 0.0440 current 0.1736) | val/persist 0.150 | lr 1.36e-04
Epoch   7 | train 0.1256 | val 0.1029 (sd 0.0432 current 0.1626) | val/persist 0.142 | lr 1.36e-04
Epoch   8 | train 0.1216 | val 0.1016 (sd 0.0429 current 0.1602) | val/persist 0.140 | lr 1.36e-04
Epoch   9 | train 0.1177 | val 0.0979 (sd 0.0414 current 0.1543) | val/persist 0.135 | lr 1.36e-04
Epoch  10 | train 0.1159 | val 0.0970 (sd 0.0419 current 0.1520) | val/persist 0.133 | lr 1.36e-04
Epoch  11 | train 0.1125 | val 0.0935 (sd 0.0426 current 0.1445) | val/persist 0.129 | lr 1.36e-04
Epoch  12 | train 0.1099 | val 0.0931 (sd 0.0412 current 0.1449) | val/persist 0.128 | lr 1.36e-04
Epoch  13 | train 0.1082 | val 0.0895 (sd 0.0408 current 0.1382) | val/persist 0.123 | lr 1.36e-04
Epoch  14 | train 0.1059 | val 0.0876 (sd 0.0405 current 0.1347) | val/persist 0.121 | lr 1.36e-04
Epoch  15 | train 0.1051 | val 0.0861 (sd 0.0401 current 0.1322) | val/persist 0.119 | lr 1.36e-04
Epoch  16 | train 0.1029 | val 0.0850 (sd 0.0398 current 0.1302) | val/persist 0.117 | lr 1.36e-04
Epoch  17 | train 0.1009 | val 0.0831 (sd 0.0398 current 0.1265) | val/persist 0.114 | lr 1.36e-04
Epoch  18 | train 0.0994 | val 0.0850 (sd 0.0407 current 0.1292) | val/persist 0.117 | lr 1.36e-04
Epoch  19 | train 0.0985 | val 0.0814 (sd 0.0403 current 0.1225) | val/persist 0.112 | lr 1.36e-04
Epoch  20 | train 0.0958 | val 0.0802 (sd 0.0400 current 0.1204) | val/persist 0.110 | lr 1.36e-04
Epoch  21 | train 0.0953 | val 0.0798 (sd 0.0399 current 0.1196) | val/persist 0.110 | lr 1.36e-04
Epoch  22 | train 0.0943 | val 0.0789 (sd 0.0405 current 0.1173) | val/persist 0.109 | lr 1.36e-04
Epoch  23 | train 0.0940 | val 0.0764 (sd 0.0395 current 0.1133) | val/persist 0.105 | lr 1.36e-04
Epoch  24 | train 0.0904 | val 0.0770 (sd 0.0405 current 0.1136) | val/persist 0.106 | lr 1.36e-04
Epoch  25 | train 0.0898 | val 0.0748 (sd 0.0398 current 0.1098) | val/persist 0.103 | lr 1.36e-04
Epoch  26 | train 0.0899 | val 0.0755 (sd 0.0408 current 0.1102) | val/persist 0.104 | lr 1.36e-04
Epoch  27 | train 0.0884 | val 0.0759 (sd 0.0406 current 0.1112) | val/persist 0.104 | lr 1.36e-04
Epoch  28 | train 0.0880 | val 0.0721 (sd 0.0389 current 0.1052) | val/persist 0.099 | lr 1.36e-04
Epoch  29 | train 0.0872 | val 0.0732 (sd 0.0392 current 0.1071) | val/persist 0.101 | lr 1.36e-04
Epoch  30 | train 0.0870 | val 0.0714 (sd 0.0401 current 0.1027) | val/persist 0.098 | lr 1.36e-04
Epoch  31 | train 0.0858 | val 0.0705 (sd 0.0389 current 0.1020) | val/persist 0.097 | lr 1.36e-04
Epoch  32 | train 0.0850 | val 0.0711 (sd 0.0393 current 0.1030) | val/persist 0.098 | lr 1.36e-04
Epoch  33 | train 0.0853 | val 0.0712 (sd 0.0385 current 0.1040) | val/persist 0.098 | lr 1.36e-04
Epoch  34 | train 0.0847 | val 0.0692 (sd 0.0384 current 0.1000) | val/persist 0.095 | lr 1.36e-04
Epoch  35 | train 0.0831 | val 0.0700 (sd 0.0394 current 0.1006) | val/persist 0.096 | lr 1.36e-04
Epoch  36 | train 0.0829 | val 0.0682 (sd 0.0386 current 0.0978) | val/persist 0.094 | lr 1.36e-04
Epoch  37 | train 0.0824 | val 0.0673 (sd 0.0385 current 0.0962) | val/persist 0.093 | lr 1.36e-04
Epoch  38 | train 0.0823 | val 0.0670 (sd 0.0382 current 0.0957) | val/persist 0.092 | lr 1.36e-04
Epoch  39 | train 0.0819 | val 0.0670 (sd 0.0387 current 0.0953) | val/persist 0.092 | lr 1.36e-04
Epoch  40 | train 0.0812 | val 0.0672 (sd 0.0385 current 0.0958) | val/persist 0.092 | lr 1.36e-04
Epoch  41 | train 0.0814 | val 0.0670 (sd 0.0394 current 0.0946) | val/persist 0.092 | lr 1.36e-04
Epoch  42 | train 0.0809 | val 0.0669 (sd 0.0387 current 0.0951) | val/persist 0.092 | lr 1.36e-04
Epoch  43 | train 0.0798 | val 0.0667 (sd 0.0393 current 0.0940) | val/persist 0.092 | lr 1.36e-04
Epoch  44 | train 0.0797 | val 0.0654 (sd 0.0382 current 0.0926) | val/persist 0.090 | lr 1.36e-04
Epoch  45 | train 0.0798 | val 0.0650 (sd 0.0376 current 0.0924) | val/persist 0.089 | lr 1.36e-04
Epoch  46 | train 0.0800 | val 0.0656 (sd 0.0389 current 0.0924) | val/persist 0.090 | lr 1.36e-04
Epoch  47 | train 0.0785 | val 0.0640 (sd 0.0382 current 0.0897) | val/persist 0.088 | lr 1.36e-04
Epoch  48 | train 0.0785 | val 0.0666 (sd 0.0387 current 0.0945) | val/persist 0.092 | lr 1.36e-04
Epoch  49 | train 0.0793 | val 0.0642 (sd 0.0385 current 0.0899) | val/persist 0.088 | lr 1.36e-04
Epoch  50 | train 0.0780 | val 0.0646 (sd 0.0384 current 0.0908) | val/persist 0.089 | lr 1.36e-04
Epoch  51 | train 0.0786 | val 0.0648 (sd 0.0383 current 0.0913) | val/persist 0.089 | lr 1.36e-04
Epoch  52 | train 0.0772 | val 0.0643 (sd 0.0378 current 0.0907) | val/persist 0.088 | lr 1.36e-04
Epoch  53 | train 0.0764 | val 0.0626 (sd 0.0373 current 0.0878) | val/persist 0.086 | lr 1.36e-04
Epoch  54 | train 0.0763 | val 0.0632 (sd 0.0380 current 0.0885) | val/persist 0.087 | lr 1.36e-04
Epoch  55 | train 0.0763 | val 0.0628 (sd 0.0375 current 0.0880) | val/persist 0.086 | lr 1.36e-04
Epoch  56 | train 0.0761 | val 0.0621 (sd 0.0380 current 0.0862) | val/persist 0.085 | lr 1.36e-04
Epoch  57 | train 0.0754 | val 0.0618 (sd 0.0374 current 0.0862) | val/persist 0.085 | lr 1.36e-04
Epoch  58 | train 0.0762 | val 0.0616 (sd 0.0378 current 0.0853) | val/persist 0.085 | lr 1.36e-04
Epoch  59 | train 0.0750 | val 0.0626 (sd 0.0371 current 0.0880) | val/persist 0.086 | lr 1.36e-04

Training completato. Best val: 0.0616 a epoch 58 (persistenza 0.7267)
[I 2026-10-01 10:51:20,269] Trial 11 finished with value: 0.06156556474774069 and parameters: {'gru_hidden': 64, 'mlp_hidden': 128, 'num_layers': 2, 'dropout': 0.16564376613347492, 'weight_decay': 6.88858516974376e-05, 'lr': 0.00013632435300995713, 'batch_size': 128, 'clip_norm': 1.0}. Best is trial 0 with value: 0.0412080110396433.
Split per-trial: 26879 finestre train | 6721 finestre val
Baseline persistenza (val): 0.7267 (sd 0.3393 | current 1.1141)
Epoch   0 | train 0.2996 | val 0.1488 (sd 0.0594 current 0.2382) | val/persist 0.205 | lr 3.82e-04
Epoch   1 | train 0.1449 | val 0.1123 (sd 0.0495 current 0.1751) | val/persist 0.155 | lr 3.82e-04
Epoch   2 | train 0.1277 | val 0.1051 (sd 0.0464 current 0.1637) | val/persist 0.145 | lr 3.82e-04
Epoch   3 | train 0.1180 | val 0.0967 (sd 0.0448 current 0.1487) | val/persist 0.133 | lr 3.82e-04
Epoch   4 | train 0.1117 | val 0.0967 (sd 0.0462 current 0.1472) | val/persist 0.133 | lr 3.82e-04
Epoch   5 | train 0.1078 | val 0.0960 (sd 0.0532 current 0.1387) | val/persist 0.132 | lr 3.82e-04
Epoch   6 | train 0.1041 | val 0.0925 (sd 0.0435 current 0.1415) | val/persist 0.127 | lr 3.82e-04
Epoch   7 | train 0.1016 | val 0.0903 (sd 0.0444 current 0.1362) | val/persist 0.124 | lr 3.82e-04
Epoch   8 | train 0.1000 | val 0.0897 (sd 0.0436 current 0.1359) | val/persist 0.123 | lr 3.82e-04
Epoch   9 | train 0.0977 | val 0.0858 (sd 0.0410 current 0.1305) | val/persist 0.118 | lr 3.82e-04
Epoch  10 | train 0.0963 | val 0.0834 (sd 0.0422 current 0.1246) | val/persist 0.115 | lr 3.82e-04
Epoch  11 | train 0.0953 | val 0.0808 (sd 0.0404 current 0.1211) | val/persist 0.111 | lr 3.82e-04
Epoch  12 | train 0.0925 | val 0.0809 (sd 0.0414 current 0.1204) | val/persist 0.111 | lr 3.82e-04
Epoch  13 | train 0.0911 | val 0.0801 (sd 0.0409 current 0.1194) | val/persist 0.110 | lr 3.82e-04
Epoch  14 | train 0.0909 | val 0.0815 (sd 0.0392 current 0.1238) | val/persist 0.112 | lr 3.82e-04
Epoch  15 | train 0.0892 | val 0.0776 (sd 0.0413 current 0.1140) | val/persist 0.107 | lr 3.82e-04
Epoch  16 | train 0.0887 | val 0.0794 (sd 0.0393 current 0.1194) | val/persist 0.109 | lr 3.82e-04
Epoch  17 | train 0.0872 | val 0.0734 (sd 0.0400 current 0.1068) | val/persist 0.101 | lr 3.82e-04
Epoch  18 | train 0.0875 | val 0.0756 (sd 0.0391 current 0.1121) | val/persist 0.104 | lr 3.82e-04
Epoch  19 | train 0.0858 | val 0.0729 (sd 0.0407 current 0.1052) | val/persist 0.100 | lr 3.82e-04
Epoch  20 | train 0.0844 | val 0.0719 (sd 0.0389 current 0.1049) | val/persist 0.099 | lr 3.82e-04
Epoch  21 | train 0.0835 | val 0.0708 (sd 0.0386 current 0.1030) | val/persist 0.097 | lr 3.82e-04
Epoch  22 | train 0.0838 | val 0.0720 (sd 0.0398 current 0.1042) | val/persist 0.099 | lr 3.82e-04
Epoch  23 | train 0.0837 | val 0.0710 (sd 0.0397 current 0.1024) | val/persist 0.098 | lr 3.82e-04
Epoch  24 | train 0.0819 | val 0.0715 (sd 0.0392 current 0.1037) | val/persist 0.098 | lr 3.82e-04
Epoch  25 | train 0.0820 | val 0.0715 (sd 0.0392 current 0.1038) | val/persist 0.098 | lr 3.82e-04
Epoch  26 | train 0.0823 | val 0.0690 (sd 0.0390 current 0.0991) | val/persist 0.095 | lr 3.82e-04
Epoch  27 | train 0.0798 | val 0.0677 (sd 0.0383 current 0.0971) | val/persist 0.093 | lr 3.82e-04
Epoch  28 | train 0.0802 | val 0.0666 (sd 0.0390 current 0.0942) | val/persist 0.092 | lr 3.82e-04
Epoch  29 | train 0.0791 | val 0.0667 (sd 0.0375 current 0.0958) | val/persist 0.092 | lr 3.82e-04
Epoch  30 | train 0.0795 | val 0.0673 (sd 0.0385 current 0.0962) | val/persist 0.093 | lr 3.82e-04
Epoch  31 | train 0.0781 | val 0.0681 (sd 0.0382 current 0.0981) | val/persist 0.094 | lr 3.82e-04
Epoch  32 | train 0.0780 | val 0.0665 (sd 0.0388 current 0.0942) | val/persist 0.092 | lr 3.82e-04
Epoch  33 | train 0.0776 | val 0.0675 (sd 0.0379 current 0.0970) | val/persist 0.093 | lr 3.82e-04
Epoch  34 | train 0.0777 | val 0.0649 (sd 0.0381 current 0.0917) | val/persist 0.089 | lr 3.82e-04
Epoch  35 | train 0.0786 | val 0.0642 (sd 0.0382 current 0.0902) | val/persist 0.088 | lr 3.82e-04
Epoch  36 | train 0.0762 | val 0.0657 (sd 0.0392 current 0.0922) | val/persist 0.090 | lr 3.82e-04
[I 2026-10-01 10:53:25,006] Trial 18 pruned. 
Split per-trial: 26879 finestre train | 6721 finestre val
Baseline persistenza (val): 0.7267 (sd 0.3393 | current 1.1141)
Epoch   0 | train 0.1693 | val 0.1121 (sd 0.0490 current 0.1751) | val/persist 0.154 | lr 2.02e-03
Epoch   1 | train 0.1049 | val 0.0885 (sd 0.0448 current 0.1321) | val/persist 0.122 | lr 2.02e-03
Epoch   2 | train 0.0922 | val 0.0740 (sd 0.0431 current 0.1048) | val/persist 0.102 | lr 2.02e-03
Epoch   3 | train 0.0884 | val 0.0700 (sd 0.0386 current 0.1014) | val/persist 0.096 | lr 2.02e-03
Epoch   4 | train 0.0839 | val 0.0689 (sd 0.0399 current 0.0978) | val/persist 0.095 | lr 2.02e-03
Epoch   5 | train 0.0818 | val 0.0665 (sd 0.0389 current 0.0941) | val/persist 0.091 | lr 2.02e-03
Epoch   6 | train 0.0781 | val 0.0653 (sd 0.0369 current 0.0937) | val/persist 0.090 | lr 2.02e-03
Epoch   7 | train 0.0760 | val 0.0670 (sd 0.0379 current 0.0961) | val/persist 0.092 | lr 2.02e-03
Epoch   8 | train 0.0744 | val 0.0636 (sd 0.0363 current 0.0908) | val/persist 0.087 | lr 2.02e-03
Epoch   9 | train 0.0729 | val 0.0613 (sd 0.0355 current 0.0872) | val/persist 0.084 | lr 2.02e-03
Epoch  10 | train 0.0719 | val 0.0560 (sd 0.0328 current 0.0792) | val/persist 0.077 | lr 2.02e-03
Epoch  11 | train 0.0687 | val 0.0572 (sd 0.0338 current 0.0805) | val/persist 0.079 | lr 2.02e-03
Epoch  12 | train 0.0678 | val 0.0566 (sd 0.0361 current 0.0770) | val/persist 0.078 | lr 2.02e-03
Epoch  13 | train 0.0685 | val 0.0541 (sd 0.0328 current 0.0755) | val/persist 0.075 | lr 2.02e-03
Epoch  14 | train 0.0657 | val 0.0582 (sd 0.0360 current 0.0803) | val/persist 0.080 | lr 2.02e-03
Epoch  15 | train 0.0660 | val 0.0560 (sd 0.0333 current 0.0787) | val/persist 0.077 | lr 2.02e-03
Epoch  16 | train 0.0646 | val 0.0552 (sd 0.0340 current 0.0764) | val/persist 0.076 | lr 2.02e-03
Epoch  17 | train 0.0651 | val 0.0514 (sd 0.0335 current 0.0693) | val/persist 0.071 | lr 2.02e-03
Epoch  18 | train 0.0639 | val 0.0528 (sd 0.0339 current 0.0716) | val/persist 0.073 | lr 2.02e-03
Epoch  19 | train 0.0643 | val 0.0556 (sd 0.0353 current 0.0759) | val/persist 0.077 | lr 2.02e-03
Epoch  20 | train 0.0617 | val 0.0521 (sd 0.0327 current 0.0715) | val/persist 0.072 | lr 2.02e-03
Epoch  21 | train 0.0622 | val 0.0519 (sd 0.0309 current 0.0729) | val/persist 0.071 | lr 2.02e-03
Epoch  22 | train 0.0619 | val 0.0544 (sd 0.0335 current 0.0752) | val/persist 0.075 | lr 2.02e-03
Epoch  23 | train 0.0610 | val 0.0516 (sd 0.0298 current 0.0733) | val/persist 0.071 | lr 2.02e-03
Epoch  24 | train 0.0603 | val 0.0550 (sd 0.0337 current 0.0763) | val/persist 0.076 | lr 2.02e-03
Epoch  25 | train 0.0602 | val 0.0513 (sd 0.0318 current 0.0707) | val/persist 0.071 | lr 2.02e-03
Epoch  26 | train 0.0597 | val 0.0502 (sd 0.0297 current 0.0706) | val/persist 0.069 | lr 2.02e-03
Epoch  27 | train 0.0577 | val 0.0515 (sd 0.0311 current 0.0719) | val/persist 0.071 | lr 2.02e-03
Epoch  28 | train 0.0579 | val 0.0507 (sd 0.0288 current 0.0727) | val/persist 0.070 | lr 2.02e-03
Epoch  29 | train 0.0573 | val 0.0506 (sd 0.0305 current 0.0707) | val/persist 0.070 | lr 2.02e-03
Epoch  30 | train 0.0574 | val 0.0492 (sd 0.0318 current 0.0666) | val/persist 0.068 | lr 2.02e-03
Epoch  31 | train 0.0565 | val 0.0524 (sd 0.0279 current 0.0769) | val/persist 0.072 | lr 2.02e-03
Epoch  32 | train 0.0567 | val 0.0473 (sd 0.0271 current 0.0675) | val/persist 0.065 | lr 2.02e-03
Epoch  33 | train 0.0556 | val 0.0571 (sd 0.0297 current 0.0845) | val/persist 0.079 | lr 2.02e-03
Epoch  34 | train 0.0548 | val 0.0495 (sd 0.0273 current 0.0717) | val/persist 0.068 | lr 2.02e-03
Epoch  35 | train 0.0553 | val 0.0496 (sd 0.0306 current 0.0687) | val/persist 0.068 | lr 2.02e-03
Epoch  36 | train 0.0553 | val 0.0495 (sd 0.0268 current 0.0722) | val/persist 0.068 | lr 2.02e-03
Epoch  37 | train 0.0550 | val 0.0466 (sd 0.0262 current 0.0670) | val/persist 0.064 | lr 2.02e-03
Epoch  38 | train 0.0531 | val 0.0478 (sd 0.0253 current 0.0703) | val/persist 0.066 | lr 2.02e-03
Epoch  39 | train 0.0530 | val 0.0475 (sd 0.0272 current 0.0679) | val/persist 0.065 | lr 2.02e-03
Epoch  40 | train 0.0529 | val 0.0483 (sd 0.0253 current 0.0713) | val/persist 0.066 | lr 2.02e-03
Epoch  41 | train 0.0531 | val 0.0488 (sd 0.0268 current 0.0708) | val/persist 0.067 | lr 2.02e-03
Epoch  42 | train 0.0529 | val 0.0508 (sd 0.0279 current 0.0737) | val/persist 0.070 | lr 2.02e-03
Epoch  43 | train 0.0525 | val 0.0497 (sd 0.0267 current 0.0728) | val/persist 0.068 | lr 2.02e-03
Epoch  44 | train 0.0526 | val 0.0454 (sd 0.0257 current 0.0651) | val/persist 0.063 | lr 2.02e-03
Epoch  45 | train 0.0527 | val 0.0517 (sd 0.0271 current 0.0764) | val/persist 0.071 | lr 2.02e-03
Epoch  46 | train 0.0518 | val 0.0480 (sd 0.0267 current 0.0694) | val/persist 0.066 | lr 2.02e-03
Epoch  47 | train 0.0511 | val 0.0507 (sd 0.0271 current 0.0742) | val/persist 0.070 | lr 2.02e-03
Epoch  48 | train 0.0510 | val 0.0521 (sd 0.0299 current 0.0743) | val/persist 0.072 | lr 2.02e-03
Epoch  49 | train 0.0510 | val 0.0465 (sd 0.0258 current 0.0672) | val/persist 0.064 | lr 2.02e-03
Epoch  50 | train 0.0491 | val 0.0498 (sd 0.0268 current 0.0729) | val/persist 0.069 | lr 2.02e-03
Epoch  51 | train 0.0500 | val 0.0448 (sd 0.0257 current 0.0638) | val/persist 0.062 | lr 2.02e-03
Epoch  52 | train 0.0501 | val 0.0479 (sd 0.0274 current 0.0684) | val/persist 0.066 | lr 2.02e-03
Epoch  53 | train 0.0499 | val 0.0481 (sd 0.0300 current 0.0663) | val/persist 0.066 | lr 2.02e-03
Epoch  54 | train 0.0495 | val 0.0485 (sd 0.0269 current 0.0701) | val/persist 0.067 | lr 2.02e-03
Epoch  55 | train 0.0492 | val 0.0495 (sd 0.0280 current 0.0711) | val/persist 0.068 | lr 2.02e-03
Epoch  56 | train 0.0497 | val 0.0490 (sd 0.0268 current 0.0713) | val/persist 0.067 | lr 2.02e-03
Epoch  57 | train 0.0483 | val 0.0493 (sd 0.0273 current 0.0712) | val/persist 0.068 | lr 2.02e-03
Epoch  58 | train 0.0497 | val 0.0467 (sd 0.0273 current 0.0660) | val/persist 0.064 | lr 2.02e-03
Epoch  59 | train 0.0483 | val 0.0510 (sd 0.0326 current 0.0695) | val/persist 0.070 | lr 2.02e-03

Training completato. Best val: 0.0448 a epoch 51 (persistenza 0.7267)
[I 2026-10-01 10:56:36,940] Trial 23 finished with value: 0.04475599614191571 and parameters: {'gru_hidden': 64, 'mlp_hidden': 128, 'num_layers': 1, 'dropout': 0.14438153327493602, 'weight_decay': 4.3644529808569816e-05, 'lr': 0.0020164210768837828, 'batch_size': 64, 'clip_norm': 0.5}. Best is trial 0 with value: 0.0412080110396433.
Split per-trial: 26879 finestre train | 6721 finestre val
Baseline persistenza (val): 0.7267 (sd 0.3393 | current 1.1141)
Epoch   0 | train 0.1818 | val 0.1022 (sd 0.0445 current 0.1598) | val/persist 0.141 | lr 1.81e-03
Epoch   1 | train 0.1068 | val 0.0836 (sd 0.0439 current 0.1234) | val/persist 0.115 | lr 1.81e-03
Epoch   2 | train 0.0953 | val 0.0812 (sd 0.0465 current 0.1159) | val/persist 0.112 | lr 1.81e-03
Epoch   3 | train 0.0891 | val 0.0788 (sd 0.0402 current 0.1174) | val/persist 0.108 | lr 1.81e-03
Epoch   4 | train 0.0847 | val 0.0739 (sd 0.0473 current 0.1005) | val/persist 0.102 | lr 1.81e-03
Epoch   5 | train 0.0821 | val 0.0665 (sd 0.0368 current 0.0963) | val/persist 0.092 | lr 1.81e-03
Epoch   6 | train 0.0807 | val 0.0662 (sd 0.0369 current 0.0955) | val/persist 0.091 | lr 1.81e-03
Epoch   7 | train 0.0774 | val 0.0603 (sd 0.0365 current 0.0841) | val/persist 0.083 | lr 1.81e-03
Epoch   8 | train 0.0745 | val 0.0596 (sd 0.0337 current 0.0856) | val/persist 0.082 | lr 1.81e-03
Epoch   9 | train 0.0736 | val 0.0701 (sd 0.0357 current 0.1044) | val/persist 0.096 | lr 1.81e-03
Epoch  10 | train 0.0710 | val 0.0594 (sd 0.0342 current 0.0846) | val/persist 0.082 | lr 1.81e-03
Epoch  11 | train 0.0711 | val 0.0673 (sd 0.0370 current 0.0976) | val/persist 0.093 | lr 1.81e-03
Epoch  12 | train 0.0693 | val 0.0583 (sd 0.0363 current 0.0803) | val/persist 0.080 | lr 1.81e-03
Epoch  13 | train 0.0694 | val 0.0580 (sd 0.0350 current 0.0809) | val/persist 0.080 | lr 1.81e-03
Epoch  14 | train 0.0682 | val 0.0542 (sd 0.0338 current 0.0746) | val/persist 0.075 | lr 1.81e-03
Epoch  15 | train 0.0673 | val 0.0525 (sd 0.0348 current 0.0702) | val/persist 0.072 | lr 1.81e-03
Epoch  16 | train 0.0666 | val 0.0551 (sd 0.0359 current 0.0742) | val/persist 0.076 | lr 1.81e-03
Epoch  17 | train 0.0652 | val 0.0531 (sd 0.0328 current 0.0734) | val/persist 0.073 | lr 1.81e-03
Epoch  18 | train 0.0648 | val 0.0499 (sd 0.0308 current 0.0690) | val/persist 0.069 | lr 1.81e-03
Epoch  19 | train 0.0652 | val 0.0520 (sd 0.0332 current 0.0707) | val/persist 0.071 | lr 1.81e-03
Epoch  20 | train 0.0651 | val 0.0496 (sd 0.0315 current 0.0678) | val/persist 0.068 | lr 1.81e-03
Epoch  21 | train 0.0615 | val 0.0489 (sd 0.0295 current 0.0683) | val/persist 0.067 | lr 1.81e-03
Epoch  22 | train 0.0617 | val 0.0515 (sd 0.0306 current 0.0724) | val/persist 0.071 | lr 1.81e-03
Epoch  23 | train 0.0611 | val 0.0503 (sd 0.0297 current 0.0710) | val/persist 0.069 | lr 1.81e-03
Epoch  24 | train 0.0606 | val 0.0508 (sd 0.0287 current 0.0730) | val/persist 0.070 | lr 1.81e-03
Epoch  25 | train 0.0600 | val 0.0466 (sd 0.0287 current 0.0646) | val/persist 0.064 | lr 1.81e-03
Epoch  26 | train 0.0598 | val 0.0527 (sd 0.0302 current 0.0751) | val/persist 0.072 | lr 1.81e-03
Epoch  27 | train 0.0585 | val 0.0499 (sd 0.0279 current 0.0718) | val/persist 0.069 | lr 1.81e-03
Epoch  28 | train 0.0595 | val 0.0481 (sd 0.0270 current 0.0693) | val/persist 0.066 | lr 1.81e-03
Epoch  29 | train 0.0585 | val 0.0524 (sd 0.0278 current 0.0769) | val/persist 0.072 | lr 1.81e-03
Epoch  30 | train 0.0571 | val 0.0502 (sd 0.0276 current 0.0729) | val/persist 0.069 | lr 1.81e-03
Epoch  31 | train 0.0574 | val 0.0490 (sd 0.0280 current 0.0699) | val/persist 0.067 | lr 1.81e-03
Epoch  32 | train 0.0573 | val 0.0513 (sd 0.0293 current 0.0734) | val/persist 0.071 | lr 1.81e-03
Epoch  33 | train 0.0556 | val 0.0464 (sd 0.0261 current 0.0666) | val/persist 0.064 | lr 1.81e-03
Epoch  34 | train 0.0567 | val 0.0474 (sd 0.0274 current 0.0673) | val/persist 0.065 | lr 1.81e-03
Epoch  35 | train 0.0568 | val 0.0478 (sd 0.0286 current 0.0670) | val/persist 0.066 | lr 1.81e-03
Epoch  36 | train 0.0558 | val 0.0476 (sd 0.0271 current 0.0680) | val/persist 0.065 | lr 1.81e-03
Epoch  37 | train 0.0556 | val 0.0478 (sd 0.0267 current 0.0688) | val/persist 0.066 | lr 1.81e-03
Epoch  38 | train 0.0553 | val 0.0461 (sd 0.0267 current 0.0656) | val/persist 0.063 | lr 1.81e-03
Epoch  39 | train 0.0547 | val 0.0479 (sd 0.0256 current 0.0702) | val/persist 0.066 | lr 1.81e-03
Epoch  40 | train 0.0543 | val 0.0483 (sd 0.0274 current 0.0692) | val/persist 0.066 | lr 1.81e-03
Epoch  41 | train 0.0542 | val 0.0519 (sd 0.0306 current 0.0731) | val/persist 0.071 | lr 1.81e-03
Epoch  42 | train 0.0539 | val 0.0478 (sd 0.0264 current 0.0692) | val/persist 0.066 | lr 1.81e-03
Epoch  43 | train 0.0543 | val 0.0481 (sd 0.0262 current 0.0701) | val/persist 0.066 | lr 1.81e-03
Epoch  44 | train 0.0539 | val 0.0517 (sd 0.0271 current 0.0763) | val/persist 0.071 | lr 1.81e-03
Epoch  45 | train 0.0536 | val 0.0513 (sd 0.0274 current 0.0753) | val/persist 0.071 | lr 1.81e-03
Epoch  46 | train 0.0526 | val 0.0463 (sd 0.0265 current 0.0660) | val/persist 0.064 | lr 1.81e-03
Epoch  47 | train 0.0526 | val 0.0546 (sd 0.0276 current 0.0815) | val/persist 0.075 | lr 1.81e-03
Epoch  48 | train 0.0527 | val 0.0506 (sd 0.0274 current 0.0739) | val/persist 0.070 | lr 1.81e-03
Epoch  49 | train 0.0518 | val 0.0489 (sd 0.0284 current 0.0693) | val/persist 0.067 | lr 9.04e-04
Epoch  50 | train 0.0480 | val 0.0457 (sd 0.0253 current 0.0661) | val/persist 0.063 | lr 9.04e-04
Epoch  51 | train 0.0468 | val 0.0424 (sd 0.0247 current 0.0601) | val/persist 0.058 | lr 9.04e-04
Epoch  52 | train 0.0467 | val 0.0436 (sd 0.0250 current 0.0623) | val/persist 0.060 | lr 9.04e-04
Epoch  53 | train 0.0459 | val 0.0433 (sd 0.0257 current 0.0609) | val/persist 0.060 | lr 9.04e-04
Epoch  54 | train 0.0466 | val 0.0437 (sd 0.0252 current 0.0621) | val/persist 0.060 | lr 9.04e-04
Epoch  55 | train 0.0465 | val 0.0434 (sd 0.0256 current 0.0611) | val/persist 0.060 | lr 9.04e-04
Epoch  56 | train 0.0467 | val 0.0435 (sd 0.0262 current 0.0608) | val/persist 0.060 | lr 9.04e-04
Epoch  57 | train 0.0460 | val 0.0465 (sd 0.0273 current 0.0656) | val/persist 0.064 | lr 9.04e-04
Epoch  58 | train 0.0453 | val 0.0450 (sd 0.0254 current 0.0646) | val/persist 0.062 | lr 9.04e-04
Epoch  59 | train 0.0456 | val 0.0433 (sd 0.0252 current 0.0613) | val/persist 0.060 | lr 9.04e-04

Training completato. Best val: 0.0424 a epoch 51 (persistenza 0.7267)
[I 2026-10-01 10:59:52,462] Trial 36 finished with value: 0.0423807668779177 and parameters: {'gru_hidden': 64, 'mlp_hidden': 128, 'num_layers': 1, 'dropout': 0.15670579346306285, 'weight_decay': 4.0431195570934636e-05, 'lr': 0.00180751252778506, 'batch_size': 64, 'clip_norm': 0.5}. Best is trial 0 with value: 0.0412080110396433.
Split per-trial: 26879 finestre train | 6721 finestre val
Baseline persistenza (val): 0.7267 (sd 0.3393 | current 1.1141)
Epoch   0 | train 0.1517 | val 0.1036 (sd 0.0505 current 0.1568) | val/persist 0.143 | lr 2.06e-03
Epoch   1 | train 0.0931 | val 0.0945 (sd 0.0437 current 0.1453) | val/persist 0.130 | lr 2.06e-03
Epoch   2 | train 0.0819 | val 0.0809 (sd 0.0389 current 0.1230) | val/persist 0.111 | lr 2.06e-03
Epoch   3 | train 0.0749 | val 0.0683 (sd 0.0385 current 0.0982) | val/persist 0.094 | lr 2.06e-03
Epoch   4 | train 0.0699 | val 0.0696 (sd 0.0363 current 0.1029) | val/persist 0.096 | lr 2.06e-03
Epoch   5 | train 0.0684 | val 0.0594 (sd 0.0375 current 0.0814) | val/persist 0.082 | lr 2.06e-03
Epoch   6 | train 0.0663 | val 0.0650 (sd 0.0374 current 0.0926) | val/persist 0.089 | lr 2.06e-03
Epoch   7 | train 0.0639 | val 0.0619 (sd 0.0396 current 0.0841) | val/persist 0.085 | lr 2.06e-03
Epoch   8 | train 0.0623 | val 0.0700 (sd 0.0388 current 0.1012) | val/persist 0.096 | lr 2.06e-03
Epoch   9 | train 0.0602 | val 0.0556 (sd 0.0348 current 0.0763) | val/persist 0.076 | lr 2.06e-03
Epoch  10 | train 0.0596 | val 0.0547 (sd 0.0342 current 0.0752) | val/persist 0.075 | lr 2.06e-03
Epoch  11 | train 0.0575 | val 0.0604 (sd 0.0391 current 0.0816) | val/persist 0.083 | lr 2.06e-03
Epoch  12 | train 0.0577 | val 0.0576 (sd 0.0369 current 0.0783) | val/persist 0.079 | lr 2.06e-03
Epoch  13 | train 0.0567 | val 0.0556 (sd 0.0372 current 0.0741) | val/persist 0.077 | lr 2.06e-03
Epoch  14 | train 0.0560 | val 0.0560 (sd 0.0351 current 0.0768) | val/persist 0.077 | lr 2.06e-03
Epoch  15 | train 0.0535 | val 0.0591 (sd 0.0339 current 0.0843) | val/persist 0.081 | lr 2.06e-03
Epoch  16 | train 0.0529 | val 0.0544 (sd 0.0325 current 0.0764) | val/persist 0.075 | lr 2.06e-03
Epoch  17 | train 0.0522 | val 0.0565 (sd 0.0330 current 0.0801) | val/persist 0.078 | lr 2.06e-03
Epoch  18 | train 0.0511 | val 0.0600 (sd 0.0337 current 0.0863) | val/persist 0.083 | lr 2.06e-03
Epoch  19 | train 0.0502 | val 0.0565 (sd 0.0360 current 0.0769) | val/persist 0.078 | lr 2.06e-03
[I 2026-10-01 11:02:40,004] Trial 47 pruned. 
Split per-trial: 26879 finestre train | 6721 finestre val
Baseline persistenza (val): 0.7267 (sd 0.3393 | current 1.1141)
Epoch   0 | train 0.1956 | val 0.1052 (sd 0.0475 current 0.1628) | val/persist 0.145 | lr 2.54e-03
Epoch   1 | train 0.0947 | val 0.0874 (sd 0.0410 current 0.1339) | val/persist 0.120 | lr 2.54e-03
Epoch   2 | train 0.0813 | val 0.0805 (sd 0.0454 current 0.1156) | val/persist 0.111 | lr 2.54e-03
Epoch   3 | train 0.0753 | val 0.0691 (sd 0.0362 current 0.1020) | val/persist 0.095 | lr 2.54e-03
Epoch   4 | train 0.0737 | val 0.0678 (sd 0.0367 current 0.0990) | val/persist 0.093 | lr 2.54e-03
Epoch   5 | train 0.0681 | val 0.0646 (sd 0.0367 current 0.0924) | val/persist 0.089 | lr 2.54e-03
Epoch   6 | train 0.0640 | val 0.0580 (sd 0.0350 current 0.0811) | val/persist 0.080 | lr 2.54e-03
Epoch   7 | train 0.0621 | val 0.0653 (sd 0.0407 current 0.0900) | val/persist 0.090 | lr 2.54e-03
Epoch   8 | train 0.0615 | val 0.0601 (sd 0.0373 current 0.0829) | val/persist 0.083 | lr 2.54e-03
Epoch   9 | train 0.0595 | val 0.0546 (sd 0.0326 current 0.0766) | val/persist 0.075 | lr 2.54e-03
Epoch  10 | train 0.0577 | val 0.0542 (sd 0.0330 current 0.0754) | val/persist 0.075 | lr 2.54e-03
Epoch  11 | train 0.0565 | val 0.0529 (sd 0.0360 current 0.0698) | val/persist 0.073 | lr 2.54e-03
Epoch  12 | train 0.0558 | val 0.0515 (sd 0.0323 current 0.0706) | val/persist 0.071 | lr 2.54e-03
Epoch  13 | train 0.0540 | val 0.0516 (sd 0.0329 current 0.0702) | val/persist 0.071 | lr 2.54e-03
Epoch  14 | train 0.0547 | val 0.0517 (sd 0.0342 current 0.0693) | val/persist 0.071 | lr 2.54e-03
Epoch  15 | train 0.0533 | val 0.0543 (sd 0.0354 current 0.0731) | val/persist 0.075 | lr 2.54e-03
Epoch  16 | train 0.0529 | val 0.0575 (sd 0.0338 current 0.0813) | val/persist 0.079 | lr 2.54e-03
Epoch  17 | train 0.0515 | val 0.0536 (sd 0.0331 current 0.0741) | val/persist 0.074 | lr 2.54e-03
Epoch  18 | train 0.0511 | val 0.0531 (sd 0.0363 current 0.0699) | val/persist 0.073 | lr 2.54e-03
Epoch  19 | train 0.0533 | val 0.0579 (sd 0.0339 current 0.0819) | val/persist 0.080 | lr 2.54e-03
Epoch  20 | train 0.0504 | val 0.0524 (sd 0.0367 current 0.0681) | val/persist 0.072 | lr 2.54e-03
Epoch  21 | train 0.0486 | val 0.0560 (sd 0.0313 current 0.0806) | val/persist 0.077 | lr 2.54e-03
Epoch  22 | train 0.0495 | val 0.0517 (sd 0.0302 current 0.0732) | val/persist 0.071 | lr 2.54e-03
Epoch  23 | train 0.0482 | val 0.0490 (sd 0.0305 current 0.0675) | val/persist 0.067 | lr 2.54e-03
Epoch  24 | train 0.0494 | val 0.0506 (sd 0.0311 current 0.0701) | val/persist 0.070 | lr 2.54e-03
Epoch  25 | train 0.0460 | val 0.0490 (sd 0.0304 current 0.0675) | val/persist 0.067 | lr 2.54e-03
Epoch  26 | train 0.0464 | val 0.0474 (sd 0.0284 current 0.0664) | val/persist 0.065 | lr 2.54e-03
Epoch  27 | train 0.0456 | val 0.0521 (sd 0.0359 current 0.0684) | val/persist 0.072 | lr 2.54e-03
Epoch  28 | train 0.0454 | val 0.0491 (sd 0.0274 current 0.0707) | val/persist 0.068 | lr 2.54e-03
Epoch  29 | train 0.0460 | val 0.0471 (sd 0.0282 current 0.0660) | val/persist 0.065 | lr 2.54e-03
Epoch  30 | train 0.0441 | val 0.0470 (sd 0.0269 current 0.0670) | val/persist 0.065 | lr 2.54e-03
Epoch  31 | train 0.0437 | val 0.0486 (sd 0.0276 current 0.0697) | val/persist 0.067 | lr 2.54e-03
Epoch  32 | train 0.0433 | val 0.0457 (sd 0.0250 current 0.0665) | val/persist 0.063 | lr 2.54e-03
Epoch  33 | train 0.0439 | val 0.0491 (sd 0.0261 current 0.0722) | val/persist 0.068 | lr 2.54e-03
Epoch  34 | train 0.0427 | val 0.0487 (sd 0.0287 current 0.0688) | val/persist 0.067 | lr 2.54e-03
Epoch  35 | train 0.0421 | val 0.0468 (sd 0.0252 current 0.0684) | val/persist 0.064 | lr 2.54e-03
Epoch  36 | train 0.0419 | val 0.0455 (sd 0.0250 current 0.0660) | val/persist 0.063 | lr 2.54e-03
Epoch  37 | train 0.0413 | val 0.0438 (sd 0.0256 current 0.0620) | val/persist 0.060 | lr 2.54e-03
Epoch  38 | train 0.0407 | val 0.0463 (sd 0.0256 current 0.0671) | val/persist 0.064 | lr 2.54e-03
Epoch  39 | train 0.0400 | val 0.0471 (sd 0.0255 current 0.0686) | val/persist 0.065 | lr 2.54e-03
Epoch  40 | train 0.0395 | val 0.0464 (sd 0.0248 current 0.0680) | val/persist 0.064 | lr 2.54e-03
Epoch  41 | train 0.0394 | val 0.0489 (sd 0.0290 current 0.0687) | val/persist 0.067 | lr 2.54e-03
Epoch  42 | train 0.0390 | val 0.0468 (sd 0.0254 current 0.0682) | val/persist 0.064 | lr 2.54e-03
Epoch  43 | train 0.0399 | val 0.0460 (sd 0.0260 current 0.0659) | val/persist 0.063 | lr 2.54e-03
Epoch  44 | train 0.0375 | val 0.0458 (sd 0.0260 current 0.0655) | val/persist 0.063 | lr 2.54e-03
Epoch  45 | train 0.0382 | val 0.0452 (sd 0.0250 current 0.0654) | val/persist 0.062 | lr 2.54e-03
Epoch  46 | train 0.0381 | val 0.0465 (sd 0.0268 current 0.0662) | val/persist 0.064 | lr 2.54e-03
Epoch  47 | train 0.0377 | val 0.0452 (sd 0.0241 current 0.0663) | val/persist 0.062 | lr 2.54e-03
Epoch  48 | train 0.0374 | val 0.0472 (sd 0.0257 current 0.0687) | val/persist 0.065 | lr 1.27e-03
Epoch  49 | train 0.0334 | val 0.0435 (sd 0.0246 current 0.0624) | val/persist 0.060 | lr 1.27e-03
Epoch  50 | train 0.0322 | val 0.0425 (sd 0.0237 current 0.0613) | val/persist 0.059 | lr 1.27e-03
Epoch  51 | train 0.0322 | val 0.0430 (sd 0.0246 current 0.0613) | val/persist 0.059 | lr 1.27e-03
Epoch  52 | train 0.0319 | val 0.0437 (sd 0.0250 current 0.0624) | val/persist 0.060 | lr 1.27e-03
Epoch  53 | train 0.0314 | val 0.0430 (sd 0.0240 current 0.0620) | val/persist 0.059 | lr 1.27e-03
Epoch  54 | train 0.0315 | val 0.0444 (sd 0.0251 current 0.0637) | val/persist 0.061 | lr 1.27e-03
Epoch  55 | train 0.0314 | val 0.0436 (sd 0.0249 current 0.0623) | val/persist 0.060 | lr 1.27e-03
Epoch  56 | train 0.0314 | val 0.0442 (sd 0.0248 current 0.0636) | val/persist 0.061 | lr 1.27e-03
Epoch  57 | train 0.0311 | val 0.0427 (sd 0.0237 current 0.0617) | val/persist 0.059 | lr 1.27e-03
Epoch  58 | train 0.0304 | val 0.0445 (sd 0.0241 current 0.0648) | val/persist 0.061 | lr 1.27e-03
Epoch  59 | train 0.0308 | val 0.0447 (sd 0.0252 current 0.0641) | val/persist 0.061 | lr 1.27e-03

Training completato. Best val: 0.0425 a epoch 50 (persistenza 0.7267)
[I 2026-10-01 11:05:22,466] Trial 52 finished with value: 0.04252677378138693 and parameters: {'gru_hidden': 128, 'mlp_hidden': 256, 'num_layers': 1, 'dropout': 0.09334078184526985, 'weight_decay': 2.507044084321527e-05, 'lr': 0.002537955881594453, 'batch_size': 256, 'clip_norm': 1.0}. Best is trial 51 with value: 0.04060395106976984.
Split per-trial: 26879 finestre train | 6721 finestre val
Baseline persistenza (val): 0.7267 (sd 0.3393 | current 1.1141)
Epoch   0 | train 0.1659 | val 0.0972 (sd 0.0468 current 0.1476) | val/persist 0.134 | lr 5.93e-03
Epoch   1 | train 0.0849 | val 0.0762 (sd 0.0400 current 0.1124) | val/persist 0.105 | lr 5.93e-03
Epoch   2 | train 0.0717 | val 0.0899 (sd 0.0481 current 0.1316) | val/persist 0.124 | lr 5.93e-03
Epoch   3 | train 0.0737 | val 0.0704 (sd 0.0449 current 0.0960) | val/persist 0.097 | lr 5.93e-03
Epoch   4 | train 0.0624 | val 0.0625 (sd 0.0339 current 0.0911) | val/persist 0.086 | lr 5.93e-03
Epoch   5 | train 0.0605 | val 0.0575 (sd 0.0341 current 0.0809) | val/persist 0.079 | lr 5.93e-03
Epoch   6 | train 0.0606 | val 0.0627 (sd 0.0425 current 0.0829) | val/persist 0.086 | lr 5.93e-03
Epoch   7 | train 0.0583 | val 0.0623 (sd 0.0395 current 0.0851) | val/persist 0.086 | lr 5.93e-03
Epoch   8 | train 0.0552 | val 0.0630 (sd 0.0365 current 0.0894) | val/persist 0.087 | lr 5.93e-03
Epoch   9 | train 0.0600 | val 0.0617 (sd 0.0359 current 0.0875) | val/persist 0.085 | lr 5.93e-03
Epoch  10 | train 0.0559 | val 0.0541 (sd 0.0329 current 0.0754) | val/persist 0.074 | lr 5.93e-03
Epoch  11 | train 0.0541 | val 0.0536 (sd 0.0345 current 0.0728) | val/persist 0.074 | lr 5.93e-03
Epoch  12 | train 0.0510 | val 0.0539 (sd 0.0328 current 0.0749) | val/persist 0.074 | lr 5.93e-03
Epoch  13 | train 0.0497 | val 0.0528 (sd 0.0310 current 0.0746) | val/persist 0.073 | lr 5.93e-03
Epoch  14 | train 0.0509 | val 0.0585 (sd 0.0368 current 0.0802) | val/persist 0.080 | lr 5.93e-03
Epoch  15 | train 0.0510 | val 0.0626 (sd 0.0382 current 0.0871) | val/persist 0.086 | lr 5.93e-03
Epoch  16 | train 0.0508 | val 0.0513 (sd 0.0312 current 0.0713) | val/persist 0.071 | lr 5.93e-03
Epoch  17 | train 0.0479 | val 0.0538 (sd 0.0296 current 0.0779) | val/persist 0.074 | lr 5.93e-03
Epoch  18 | train 0.0465 | val 0.0519 (sd 0.0279 current 0.0759) | val/persist 0.071 | lr 5.93e-03
Epoch  19 | train 0.0467 | val 0.0501 (sd 0.0283 current 0.0718) | val/persist 0.069 | lr 5.93e-03
Epoch  20 | train 0.0442 | val 0.0481 (sd 0.0271 current 0.0691) | val/persist 0.066 | lr 5.93e-03
Epoch  21 | train 0.0435 | val 0.0518 (sd 0.0305 current 0.0732) | val/persist 0.071 | lr 5.93e-03
Epoch  22 | train 0.0445 | val 0.0538 (sd 0.0288 current 0.0789) | val/persist 0.074 | lr 5.93e-03
Epoch  23 | train 0.0463 | val 0.0500 (sd 0.0253 current 0.0747) | val/persist 0.069 | lr 5.93e-03
Epoch  24 | train 0.0443 | val 0.0574 (sd 0.0319 current 0.0829) | val/persist 0.079 | lr 5.93e-03
Epoch  25 | train 0.0423 | val 0.0517 (sd 0.0290 current 0.0744) | val/persist 0.071 | lr 5.93e-03
Epoch  26 | train 0.0416 | val 0.0501 (sd 0.0274 current 0.0728) | val/persist 0.069 | lr 5.93e-03
Epoch  27 | train 0.0401 | val 0.0493 (sd 0.0280 current 0.0705) | val/persist 0.068 | lr 5.93e-03
Epoch  28 | train 0.0383 | val 0.0473 (sd 0.0254 current 0.0691) | val/persist 0.065 | lr 5.93e-03
Epoch  29 | train 0.0380 | val 0.0525 (sd 0.0295 current 0.0755) | val/persist 0.072 | lr 5.93e-03
Epoch  30 | train 0.0377 | val 0.0500 (sd 0.0282 current 0.0719) | val/persist 0.069 | lr 5.93e-03
Epoch  31 | train 0.0398 | val 0.0491 (sd 0.0256 current 0.0725) | val/persist 0.068 | lr 5.93e-03
Epoch  32 | train 0.0403 | val 0.0493 (sd 0.0267 current 0.0720) | val/persist 0.068 | lr 5.93e-03
Epoch  33 | train 0.0396 | val 0.0527 (sd 0.0262 current 0.0792) | val/persist 0.073 | lr 5.93e-03
Epoch  34 | train 0.0401 | val 0.0476 (sd 0.0286 current 0.0665) | val/persist 0.065 | lr 5.93e-03
Epoch  35 | train 0.0382 | val 0.0476 (sd 0.0254 current 0.0698) | val/persist 0.066 | lr 5.93e-03
[I 2026-10-01 11:07:01,278] Trial 58 pruned. 
Split per-trial: 26879 finestre train | 6721 finestre val
Baseline persistenza (val): 0.7267 (sd 0.3393 | current 1.1141)
Epoch   0 | train 0.3817 | val 0.1930 (sd 0.0586 current 0.3273) | val/persist 0.266 | lr 2.69e-04
Epoch   1 | train 0.1468 | val 0.1244 (sd 0.0489 current 0.1999) | val/persist 0.171 | lr 2.69e-04
Epoch   2 | train 0.1132 | val 0.1094 (sd 0.0450 current 0.1738) | val/persist 0.151 | lr 2.69e-04
Epoch   3 | train 0.1038 | val 0.1031 (sd 0.0434 current 0.1629) | val/persist 0.142 | lr 2.69e-04
Epoch   4 | train 0.0971 | val 0.0976 (sd 0.0425 current 0.1527) | val/persist 0.134 | lr 2.69e-04
Epoch   5 | train 0.0930 | val 0.0935 (sd 0.0429 current 0.1441) | val/persist 0.129 | lr 2.69e-04
Epoch   6 | train 0.0886 | val 0.0906 (sd 0.0424 current 0.1387) | val/persist 0.125 | lr 2.69e-04
Epoch   7 | train 0.0864 | val 0.0902 (sd 0.0415 current 0.1389) | val/persist 0.124 | lr 2.69e-04
Epoch   8 | train 0.0845 | val 0.0861 (sd 0.0405 current 0.1317) | val/persist 0.118 | lr 2.69e-04
[I 2026-10-01 11:07:26,837] Trial 68 pruned. 
Split per-trial: 26879 finestre train | 6721 finestre val
Baseline persistenza (val): 0.7267 (sd 0.3393 | current 1.1141)
Epoch   0 | train 0.3994 | val 0.1972 (sd 0.0571 current 0.3374) | val/persist 0.271 | lr 4.88e-04
Epoch   1 | train 0.1372 | val 0.1186 (sd 0.0476 current 0.1897) | val/persist 0.163 | lr 4.88e-04
Epoch   2 | train 0.1004 | val 0.1031 (sd 0.0439 current 0.1622) | val/persist 0.142 | lr 4.88e-04
Epoch   3 | train 0.0907 | val 0.0976 (sd 0.0433 current 0.1520) | val/persist 0.134 | lr 4.88e-04
Epoch   4 | train 0.0852 | val 0.0903 (sd 0.0414 current 0.1393) | val/persist 0.124 | lr 4.88e-04
Epoch   5 | train 0.0812 | val 0.0880 (sd 0.0414 current 0.1346) | val/persist 0.121 | lr 4.88e-04
Epoch   6 | train 0.0775 | val 0.0845 (sd 0.0413 current 0.1278) | val/persist 0.116 | lr 4.88e-04
Epoch   7 | train 0.0765 | val 0.0809 (sd 0.0403 current 0.1215) | val/persist 0.111 | lr 4.88e-04
Epoch   8 | train 0.0747 | val 0.0804 (sd 0.0401 current 0.1207) | val/persist 0.111 | lr 4.88e-04
[I 2026-10-01 11:07:38,403] Trial 70 pruned. 
Split per-trial: 26879 finestre train | 6721 finestre val
Baseline persistenza (val): 0.7267 (sd 0.3393 | current 1.1141)
Epoch   0 | train 0.5121 | val 0.2183 (sd 0.0624 current 0.3742) | val/persist 0.300 | lr 4.59e-04
Epoch   1 | train 0.1678 | val 0.1372 (sd 0.0523 current 0.2221) | val/persist 0.189 | lr 4.59e-04
Epoch   2 | train 0.1175 | val 0.1116 (sd 0.0470 current 0.1762) | val/persist 0.154 | lr 4.59e-04
Epoch   3 | train 0.1042 | val 0.1037 (sd 0.0454 current 0.1620) | val/persist 0.143 | lr 4.59e-04
Epoch   4 | train 0.0962 | val 0.0973 (sd 0.0426 current 0.1520) | val/persist 0.134 | lr 4.59e-04
Epoch   5 | train 0.0908 | val 0.0929 (sd 0.0421 current 0.1436) | val/persist 0.128 | lr 4.59e-04
Epoch   6 | train 0.0871 | val 0.0891 (sd 0.0409 current 0.1373) | val/persist 0.123 | lr 4.59e-04
Epoch   7 | train 0.0837 | val 0.0878 (sd 0.0416 current 0.1339) | val/persist 0.121 | lr 4.59e-04
Epoch   8 | train 0.0812 | val 0.0855 (sd 0.0416 current 0.1294) | val/persist 0.118 | lr 4.59e-04
[I 2026-10-01 11:07:52,852] Trial 72 pruned. 
Split per-trial: 26879 finestre train | 6721 finestre val
Baseline persistenza (val): 0.7267 (sd 0.3393 | current 1.1141)
Epoch   0 | train 0.1722 | val 0.0980 (sd 0.0460 current 0.1499) | val/persist 0.135 | lr 1.52e-03
Epoch   1 | train 0.0945 | val 0.0836 (sd 0.0410 current 0.1261) | val/persist 0.115 | lr 1.52e-03
Epoch   2 | train 0.0822 | val 0.0862 (sd 0.0449 current 0.1275) | val/persist 0.119 | lr 1.52e-03
Epoch   3 | train 0.0766 | val 0.0701 (sd 0.0420 current 0.0983) | val/persist 0.096 | lr 1.52e-03
Epoch   4 | train 0.0720 | val 0.0646 (sd 0.0387 current 0.0905) | val/persist 0.089 | lr 1.52e-03
Epoch   5 | train 0.0676 | val 0.0641 (sd 0.0349 current 0.0933) | val/persist 0.088 | lr 1.52e-03
Epoch   6 | train 0.0672 | val 0.0617 (sd 0.0398 current 0.0835) | val/persist 0.085 | lr 1.52e-03
Epoch   7 | train 0.0663 | val 0.0577 (sd 0.0331 current 0.0824) | val/persist 0.079 | lr 1.52e-03
Epoch   8 | train 0.0640 | val 0.0717 (sd 0.0332 current 0.1102) | val/persist 0.099 | lr 1.52e-03
Epoch   9 | train 0.0627 | val 0.0552 (sd 0.0334 current 0.0769) | val/persist 0.076 | lr 1.52e-03
Epoch  10 | train 0.0600 | val 0.0534 (sd 0.0331 current 0.0738) | val/persist 0.074 | lr 1.52e-03
Epoch  11 | train 0.0601 | val 0.0579 (sd 0.0369 current 0.0789) | val/persist 0.080 | lr 1.52e-03
Epoch  12 | train 0.0578 | val 0.0547 (sd 0.0366 current 0.0727) | val/persist 0.075 | lr 1.52e-03
Epoch  13 | train 0.0569 | val 0.0535 (sd 0.0333 current 0.0737) | val/persist 0.074 | lr 1.52e-03
Epoch  14 | train 0.0569 | val 0.0522 (sd 0.0336 current 0.0707) | val/persist 0.072 | lr 1.52e-03
Epoch  15 | train 0.0562 | val 0.0504 (sd 0.0333 current 0.0676) | val/persist 0.069 | lr 1.52e-03
Epoch  16 | train 0.0554 | val 0.0530 (sd 0.0330 current 0.0731) | val/persist 0.073 | lr 1.52e-03
Epoch  17 | train 0.0548 | val 0.0510 (sd 0.0326 current 0.0694) | val/persist 0.070 | lr 1.52e-03
Epoch  18 | train 0.0539 | val 0.0505 (sd 0.0311 current 0.0698) | val/persist 0.069 | lr 1.52e-03
Epoch  19 | train 0.0530 | val 0.0558 (sd 0.0310 current 0.0806) | val/persist 0.077 | lr 1.52e-03
Epoch  20 | train 0.0534 | val 0.0535 (sd 0.0313 current 0.0758) | val/persist 0.074 | lr 1.52e-03
Epoch  21 | train 0.0516 | val 0.0522 (sd 0.0356 current 0.0689) | val/persist 0.072 | lr 1.52e-03
Epoch  22 | train 0.0510 | val 0.0479 (sd 0.0311 current 0.0647) | val/persist 0.066 | lr 1.52e-03
Epoch  23 | train 0.0508 | val 0.0496 (sd 0.0314 current 0.0678) | val/persist 0.068 | lr 1.52e-03
Epoch  24 | train 0.0512 | val 0.0513 (sd 0.0301 current 0.0725) | val/persist 0.071 | lr 1.52e-03
Epoch  25 | train 0.0513 | val 0.0513 (sd 0.0318 current 0.0708) | val/persist 0.071 | lr 1.52e-03
Epoch  26 | train 0.0491 | val 0.0495 (sd 0.0335 current 0.0656) | val/persist 0.068 | lr 1.52e-03
Epoch  27 | train 0.0485 | val 0.0484 (sd 0.0300 current 0.0667) | val/persist 0.067 | lr 1.52e-03
Epoch  28 | train 0.0493 | val 0.0492 (sd 0.0295 current 0.0689) | val/persist 0.068 | lr 1.52e-03
Epoch  29 | train 0.0487 | val 0.0507 (sd 0.0279 current 0.0736) | val/persist 0.070 | lr 1.52e-03
[I 2026-10-01 11:09:29,501] Trial 74 pruned. 
Split per-trial: 26879 finestre train | 6721 finestre val
Baseline persistenza (val): 0.7267 (sd 0.3393 | current 1.1141)
Epoch   0 | train 0.1222 | val 0.1043 (sd 0.0501 current 0.1585) | val/persist 0.143 | lr 6.56e-03
Epoch   1 | train 0.0864 | val 0.0957 (sd 0.0584 current 0.1330) | val/persist 0.132 | lr 6.56e-03
Epoch   2 | train 0.0786 | val 0.0740 (sd 0.0422 current 0.1058) | val/persist 0.102 | lr 6.56e-03
Epoch   3 | train 0.0732 | val 0.0755 (sd 0.0489 current 0.1021) | val/persist 0.104 | lr 6.56e-03
Epoch   4 | train 0.0713 | val 0.0732 (sd 0.0398 current 0.1067) | val/persist 0.101 | lr 6.56e-03
Epoch   5 | train 0.0661 | val 0.0629 (sd 0.0389 current 0.0870) | val/persist 0.087 | lr 6.56e-03
Epoch   6 | train 0.0656 | val 0.0688 (sd 0.0381 current 0.0996) | val/persist 0.095 | lr 6.56e-03
Epoch   7 | train 0.0650 | val 0.0786 (sd 0.0476 current 0.1096) | val/persist 0.108 | lr 6.56e-03
Epoch   8 | train 0.0636 | val 0.0662 (sd 0.0404 current 0.0920) | val/persist 0.091 | lr 6.56e-03
[I 2026-10-01 11:09:54,281] Trial 76 pruned. 

Best val: 0.04060
  gru_hidden: 128
  mlp_hidden: 512
  num_layers: 1
  dropout: 0.049354605028018486
  weight_decay: 5.791227551651641e-06
  lr: 0.0018939679528908676
  batch_size: 256
  clip_norm: 1.0
Report: /home/gemma/tesi/aquabot/src/net/fm/tuning/tuning_results/best_fm_h20_nores.txt
