Studio: fm_h20_nores | device cpu | H=20 | residual=False
Caricamento dataset (p=1)...
Trovati 120 trial.
Dataset grezzo: 120 trial letti. Scaler e finestre costruiti in split_by_trial() (fit solo su train).
/home/gemma/tesi/aquabot/src/net/fm/tuning/tune.py:222: ExperimentalWarning: Argument ``multivariate`` is an experimental feature. The interface can change in the future.
  sampler = optuna.samplers.TPESampler(
/home/gemma/tesi/aquabot/src/net/fm/tuning/tune.py:222: ExperimentalWarning: Argument ``group`` is an experimental feature. The interface can change in the future.
  sampler = optuna.samplers.TPESampler(
/home/gemma/tesi/aquabot/src/net/fm/tuning/tune.py:222: ExperimentalWarning: Argument ``constant_liar`` is an experimental feature. The interface can change in the future.
  sampler = optuna.samplers.TPESampler(
[I 2026-10-01 10:43:06,073] Using an existing study with name 'fm_h20_nores' instead of creating a new one.
Normalizzatore caricato da /home/gemma/tesi/aquabot/src/net/scaler/scalers_joint.pkl (nessun refit).
Dataset: 33600 campioni da 120 trial. H=20 P=1 | seq_cmd=(20, 1) seq_sens=(20, 2)
Split per-trial: 26879 finestre train | 6721 finestre val
Baseline persistenza (val): 0.7267 (sd 0.3393 | current 1.1141)
Epoch   0 | train 0.3909 | val 0.1731 (sd 0.0589 current 0.2873) | val/persist 0.238 | lr 2.12e-04
Epoch   1 | train 0.1782 | val 0.1272 (sd 0.0501 current 0.2043) | val/persist 0.175 | lr 2.12e-04
Epoch   2 | train 0.1498 | val 0.1109 (sd 0.0482 current 0.1737) | val/persist 0.153 | lr 2.12e-04
Epoch   3 | train 0.1384 | val 0.1055 (sd 0.0456 current 0.1655) | val/persist 0.145 | lr 2.12e-04
Epoch   4 | train 0.1296 | val 0.1012 (sd 0.0444 current 0.1580) | val/persist 0.139 | lr 2.12e-04
Epoch   5 | train 0.1253 | val 0.0971 (sd 0.0446 current 0.1496) | val/persist 0.134 | lr 2.12e-04
Epoch   6 | train 0.1208 | val 0.0951 (sd 0.0440 current 0.1461) | val/persist 0.131 | lr 2.12e-04
Epoch   7 | train 0.1160 | val 0.0894 (sd 0.0452 current 0.1335) | val/persist 0.123 | lr 2.12e-04
Epoch   8 | train 0.1137 | val 0.0912 (sd 0.0431 current 0.1394) | val/persist 0.126 | lr 2.12e-04
Epoch   9 | train 0.1104 | val 0.0823 (sd 0.0415 current 0.1231) | val/persist 0.113 | lr 2.12e-04
Epoch  10 | train 0.1081 | val 0.0796 (sd 0.0409 current 0.1182) | val/persist 0.109 | lr 2.12e-04
Epoch  11 | train 0.1055 | val 0.0806 (sd 0.0420 current 0.1192) | val/persist 0.111 | lr 2.12e-04
Epoch  12 | train 0.1060 | val 0.0749 (sd 0.0413 current 0.1085) | val/persist 0.103 | lr 2.12e-04
Epoch  13 | train 0.1030 | val 0.0755 (sd 0.0409 current 0.1102) | val/persist 0.104 | lr 2.12e-04
Epoch  14 | train 0.1016 | val 0.0768 (sd 0.0434 current 0.1101) | val/persist 0.106 | lr 2.12e-04
Epoch  15 | train 0.0998 | val 0.0727 (sd 0.0398 current 0.1057) | val/persist 0.100 | lr 2.12e-04
Epoch  16 | train 0.0992 | val 0.0711 (sd 0.0401 current 0.1020) | val/persist 0.098 | lr 2.12e-04
Epoch  17 | train 0.0965 | val 0.0701 (sd 0.0398 current 0.1003) | val/persist 0.096 | lr 2.12e-04
Epoch  18 | train 0.0958 | val 0.0737 (sd 0.0411 current 0.1063) | val/persist 0.101 | lr 2.12e-04
Epoch  19 | train 0.0961 | val 0.0764 (sd 0.0451 current 0.1077) | val/persist 0.105 | lr 2.12e-04
Epoch  20 | train 0.0952 | val 0.0662 (sd 0.0395 current 0.0929) | val/persist 0.091 | lr 2.12e-04
Epoch  21 | train 0.0924 | val 0.0660 (sd 0.0393 current 0.0928) | val/persist 0.091 | lr 2.12e-04
Epoch  22 | train 0.0924 | val 0.0666 (sd 0.0396 current 0.0936) | val/persist 0.092 | lr 2.12e-04
Epoch  23 | train 0.0919 | val 0.0673 (sd 0.0412 current 0.0934) | val/persist 0.093 | lr 2.12e-04
Epoch  24 | train 0.0912 | val 0.0662 (sd 0.0381 current 0.0944) | val/persist 0.091 | lr 2.12e-04
Epoch  25 | train 0.0902 | val 0.0677 (sd 0.0405 current 0.0949) | val/persist 0.093 | lr 2.12e-04
Epoch  26 | train 0.0890 | val 0.0636 (sd 0.0390 current 0.0882) | val/persist 0.088 | lr 2.12e-04
Epoch  27 | train 0.0890 | val 0.0633 (sd 0.0392 current 0.0875) | val/persist 0.087 | lr 2.12e-04
Epoch  28 | train 0.0885 | val 0.0641 (sd 0.0388 current 0.0894) | val/persist 0.088 | lr 2.12e-04
Epoch  29 | train 0.0885 | val 0.0636 (sd 0.0401 current 0.0871) | val/persist 0.088 | lr 2.12e-04
Epoch  30 | train 0.0889 | val 0.0623 (sd 0.0385 current 0.0860) | val/persist 0.086 | lr 2.12e-04
Epoch  31 | train 0.0869 | val 0.0623 (sd 0.0377 current 0.0870) | val/persist 0.086 | lr 2.12e-04
Epoch  32 | train 0.0875 | val 0.0624 (sd 0.0383 current 0.0866) | val/persist 0.086 | lr 2.12e-04
Epoch  33 | train 0.0887 | val 0.0613 (sd 0.0403 current 0.0824) | val/persist 0.084 | lr 2.12e-04
Epoch  34 | train 0.0866 | val 0.0607 (sd 0.0373 current 0.0841) | val/persist 0.084 | lr 2.12e-04
Epoch  35 | train 0.0858 | val 0.0603 (sd 0.0388 current 0.0819) | val/persist 0.083 | lr 2.12e-04
Epoch  36 | train 0.0865 | val 0.0608 (sd 0.0386 current 0.0830) | val/persist 0.084 | lr 2.12e-04
Epoch  37 | train 0.0842 | val 0.0585 (sd 0.0363 current 0.0807) | val/persist 0.081 | lr 2.12e-04
Epoch  38 | train 0.0850 | val 0.0591 (sd 0.0373 current 0.0809) | val/persist 0.081 | lr 2.12e-04
Epoch  39 | train 0.0838 | val 0.0634 (sd 0.0371 current 0.0898) | val/persist 0.087 | lr 2.12e-04
Epoch  40 | train 0.0831 | val 0.0594 (sd 0.0372 current 0.0817) | val/persist 0.082 | lr 2.12e-04
Epoch  41 | train 0.0831 | val 0.0617 (sd 0.0372 current 0.0863) | val/persist 0.085 | lr 2.12e-04
Epoch  42 | train 0.0828 | val 0.0568 (sd 0.0371 current 0.0766) | val/persist 0.078 | lr 2.12e-04
Epoch  43 | train 0.0832 | val 0.0569 (sd 0.0365 current 0.0774) | val/persist 0.078 | lr 2.12e-04
Epoch  44 | train 0.0823 | val 0.0585 (sd 0.0371 current 0.0798) | val/persist 0.080 | lr 2.12e-04
Epoch  45 | train 0.0818 | val 0.0565 (sd 0.0367 current 0.0762) | val/persist 0.078 | lr 2.12e-04
Epoch  46 | train 0.0807 | val 0.0559 (sd 0.0352 current 0.0766) | val/persist 0.077 | lr 2.12e-04
Epoch  47 | train 0.0806 | val 0.0551 (sd 0.0351 current 0.0752) | val/persist 0.076 | lr 2.12e-04
Epoch  48 | train 0.0823 | val 0.0561 (sd 0.0362 current 0.0759) | val/persist 0.077 | lr 2.12e-04
Epoch  49 | train 0.0809 | val 0.0542 (sd 0.0353 current 0.0732) | val/persist 0.075 | lr 2.12e-04
Epoch  50 | train 0.0812 | val 0.0584 (sd 0.0368 current 0.0799) | val/persist 0.080 | lr 2.12e-04
Epoch  51 | train 0.0802 | val 0.0535 (sd 0.0347 current 0.0723) | val/persist 0.074 | lr 2.12e-04
Epoch  52 | train 0.0800 | val 0.0557 (sd 0.0354 current 0.0759) | val/persist 0.077 | lr 2.12e-04
Epoch  53 | train 0.0791 | val 0.0542 (sd 0.0344 current 0.0740) | val/persist 0.075 | lr 2.12e-04
Epoch  54 | train 0.0786 | val 0.0542 (sd 0.0346 current 0.0737) | val/persist 0.075 | lr 2.12e-04
Epoch  55 | train 0.0789 | val 0.0560 (sd 0.0362 current 0.0759) | val/persist 0.077 | lr 2.12e-04
Epoch  56 | train 0.0794 | val 0.0542 (sd 0.0351 current 0.0734) | val/persist 0.075 | lr 2.12e-04
Epoch  57 | train 0.0783 | val 0.0547 (sd 0.0369 current 0.0726) | val/persist 0.075 | lr 2.12e-04
Epoch  58 | train 0.0782 | val 0.0539 (sd 0.0339 current 0.0739) | val/persist 0.074 | lr 2.12e-04
Epoch  59 | train 0.0773 | val 0.0545 (sd 0.0337 current 0.0754) | val/persist 0.075 | lr 2.12e-04

Training completato. Best val: 0.0535 a epoch 51 (persistenza 0.7267)
[I 2026-10-01 10:46:39,673] Trial 5 finished with value: 0.05345865873605503 and parameters: {'gru_hidden': 64, 'mlp_hidden': 128, 'num_layers': 1, 'dropout': 0.26853956342710167, 'weight_decay': 0.00024994064160578216, 'lr': 0.00021166765895374022, 'batch_size': 64, 'clip_norm': 1.0}. Best is trial 5 with value: 0.05345865873605503.
Split per-trial: 26879 finestre train | 6721 finestre val
Baseline persistenza (val): 0.7267 (sd 0.3393 | current 1.1141)
Epoch   0 | train 0.2152 | val 0.1106 (sd 0.0480 current 0.1731) | val/persist 0.152 | lr 1.97e-03
Epoch   1 | train 0.1051 | val 0.0966 (sd 0.0511 current 0.1421) | val/persist 0.133 | lr 1.97e-03
Epoch   2 | train 0.0964 | val 0.0874 (sd 0.0429 current 0.1320) | val/persist 0.120 | lr 1.97e-03
Epoch   3 | train 0.0895 | val 0.1029 (sd 0.0430 current 0.1629) | val/persist 0.142 | lr 1.97e-03
Epoch   4 | train 0.0853 | val 0.0789 (sd 0.0430 current 0.1149) | val/persist 0.109 | lr 1.97e-03
Epoch   5 | train 0.0798 | val 0.0799 (sd 0.0404 current 0.1194) | val/persist 0.110 | lr 1.97e-03
Epoch   6 | train 0.0806 | val 0.0760 (sd 0.0410 current 0.1110) | val/persist 0.105 | lr 1.97e-03
Epoch   7 | train 0.0745 | val 0.0724 (sd 0.0398 current 0.1050) | val/persist 0.100 | lr 1.97e-03
Epoch   8 | train 0.0728 | val 0.0669 (sd 0.0380 current 0.0959) | val/persist 0.092 | lr 1.97e-03
Epoch   9 | train 0.0741 | val 0.0663 (sd 0.0389 current 0.0937) | val/persist 0.091 | lr 1.97e-03
Epoch  10 | train 0.0693 | val 0.0644 (sd 0.0370 current 0.0917) | val/persist 0.089 | lr 1.97e-03
Epoch  11 | train 0.0678 | val 0.0630 (sd 0.0340 current 0.0920) | val/persist 0.087 | lr 1.97e-03
Epoch  12 | train 0.0686 | val 0.0643 (sd 0.0368 current 0.0918) | val/persist 0.089 | lr 1.97e-03
Epoch  13 | train 0.0657 | val 0.0589 (sd 0.0336 current 0.0842) | val/persist 0.081 | lr 1.97e-03
Epoch  14 | train 0.0654 | val 0.0586 (sd 0.0361 current 0.0810) | val/persist 0.081 | lr 1.97e-03
Epoch  15 | train 0.0640 | val 0.0575 (sd 0.0331 current 0.0820) | val/persist 0.079 | lr 1.97e-03
Epoch  16 | train 0.0648 | val 0.0638 (sd 0.0357 current 0.0920) | val/persist 0.088 | lr 1.97e-03
Epoch  17 | train 0.0641 | val 0.0575 (sd 0.0362 current 0.0788) | val/persist 0.079 | lr 1.97e-03
Epoch  18 | train 0.0639 | val 0.0546 (sd 0.0331 current 0.0761) | val/persist 0.075 | lr 1.97e-03
Epoch  19 | train 0.0627 | val 0.0577 (sd 0.0355 current 0.0800) | val/persist 0.079 | lr 1.97e-03
Epoch  20 | train 0.0635 | val 0.0551 (sd 0.0354 current 0.0748) | val/persist 0.076 | lr 1.97e-03
Epoch  21 | train 0.0620 | val 0.0597 (sd 0.0352 current 0.0843) | val/persist 0.082 | lr 1.97e-03
Epoch  22 | train 0.0604 | val 0.0550 (sd 0.0356 current 0.0745) | val/persist 0.076 | lr 1.97e-03
Epoch  23 | train 0.0601 | val 0.0606 (sd 0.0344 current 0.0868) | val/persist 0.083 | lr 1.97e-03
Epoch  24 | train 0.0600 | val 0.0576 (sd 0.0335 current 0.0818) | val/persist 0.079 | lr 1.97e-03
Epoch  25 | train 0.0596 | val 0.0560 (sd 0.0335 current 0.0785) | val/persist 0.077 | lr 1.97e-03
Epoch  26 | train 0.0584 | val 0.0519 (sd 0.0334 current 0.0704) | val/persist 0.071 | lr 1.97e-03
Epoch  27 | train 0.0585 | val 0.0564 (sd 0.0418 current 0.0709) | val/persist 0.078 | lr 1.97e-03
Epoch  28 | train 0.0583 | val 0.0564 (sd 0.0336 current 0.0791) | val/persist 0.078 | lr 1.97e-03
Epoch  29 | train 0.0581 | val 0.0539 (sd 0.0333 current 0.0745) | val/persist 0.074 | lr 1.97e-03
Epoch  30 | train 0.0572 | val 0.0538 (sd 0.0323 current 0.0753) | val/persist 0.074 | lr 1.97e-03
Epoch  31 | train 0.0564 | val 0.0508 (sd 0.0319 current 0.0697) | val/persist 0.070 | lr 1.97e-03
Epoch  32 | train 0.0574 | val 0.0539 (sd 0.0342 current 0.0735) | val/persist 0.074 | lr 1.97e-03
Epoch  33 | train 0.0561 | val 0.0596 (sd 0.0366 current 0.0826) | val/persist 0.082 | lr 1.97e-03
Epoch  34 | train 0.0580 | val 0.0540 (sd 0.0330 current 0.0750) | val/persist 0.074 | lr 1.97e-03
Epoch  35 | train 0.0562 | val 0.0518 (sd 0.0331 current 0.0706) | val/persist 0.071 | lr 1.97e-03
Epoch  36 | train 0.0559 | val 0.0538 (sd 0.0341 current 0.0734) | val/persist 0.074 | lr 1.97e-03
Epoch  37 | train 0.0559 | val 0.0537 (sd 0.0332 current 0.0743) | val/persist 0.074 | lr 1.97e-03
Epoch  38 | train 0.0551 | val 0.0533 (sd 0.0320 current 0.0746) | val/persist 0.073 | lr 1.97e-03
Epoch  39 | train 0.0547 | val 0.0518 (sd 0.0351 current 0.0685) | val/persist 0.071 | lr 1.97e-03
Epoch  40 | train 0.0561 | val 0.0515 (sd 0.0324 current 0.0706) | val/persist 0.071 | lr 1.97e-03
Epoch  41 | train 0.0552 | val 0.0508 (sd 0.0327 current 0.0689) | val/persist 0.070 | lr 1.97e-03
Epoch  42 | train 0.0534 | val 0.0545 (sd 0.0344 current 0.0746) | val/persist 0.075 | lr 1.97e-03
Epoch  43 | train 0.0544 | val 0.0547 (sd 0.0338 current 0.0755) | val/persist 0.075 | lr 1.97e-03
Epoch  44 | train 0.0550 | val 0.0530 (sd 0.0332 current 0.0728) | val/persist 0.073 | lr 1.97e-03
Epoch  45 | train 0.0527 | val 0.0527 (sd 0.0315 current 0.0739) | val/persist 0.073 | lr 1.97e-03
Epoch  46 | train 0.0533 | val 0.0561 (sd 0.0314 current 0.0808) | val/persist 0.077 | lr 1.97e-03
Epoch  47 | train 0.0536 | val 0.0510 (sd 0.0325 current 0.0695) | val/persist 0.070 | lr 1.97e-03
Epoch  48 | train 0.0548 | val 0.0576 (sd 0.0330 current 0.0823) | val/persist 0.079 | lr 1.97e-03
Epoch  49 | train 0.0536 | val 0.0527 (sd 0.0345 current 0.0709) | val/persist 0.073 | lr 1.97e-03
Epoch  50 | train 0.0522 | val 0.0547 (sd 0.0324 current 0.0769) | val/persist 0.075 | lr 1.97e-03
Epoch  51 | train 0.0526 | val 0.0519 (sd 0.0319 current 0.0720) | val/persist 0.071 | lr 1.97e-03
Epoch  52 | train 0.0522 | val 0.0503 (sd 0.0336 current 0.0670) | val/persist 0.069 | lr 1.97e-03
Epoch  53 | train 0.0515 | val 0.0528 (sd 0.0314 current 0.0741) | val/persist 0.073 | lr 1.97e-03
Epoch  54 | train 0.0514 | val 0.0510 (sd 0.0330 current 0.0691) | val/persist 0.070 | lr 1.97e-03
Epoch  55 | train 0.0509 | val 0.0524 (sd 0.0336 current 0.0712) | val/persist 0.072 | lr 1.97e-03
Epoch  56 | train 0.0537 | val 0.0502 (sd 0.0329 current 0.0675) | val/persist 0.069 | lr 1.97e-03
Epoch  57 | train 0.0530 | val 0.0517 (sd 0.0322 current 0.0712) | val/persist 0.071 | lr 1.97e-03
Epoch  58 | train 0.0513 | val 0.0489 (sd 0.0313 current 0.0664) | val/persist 0.067 | lr 1.97e-03
Epoch  59 | train 0.0530 | val 0.0519 (sd 0.0326 current 0.0713) | val/persist 0.071 | lr 1.97e-03

Training completato. Best val: 0.0489 a epoch 58 (persistenza 0.7267)
[I 2026-10-01 10:49:17,496] Trial 10 finished with value: 0.04886159758857985 and parameters: {'gru_hidden': 32, 'mlp_hidden': 512, 'num_layers': 2, 'dropout': 0.14819955439958565, 'weight_decay': 0.0008607323731586628, 'lr': 0.001971809481437758, 'batch_size': 256, 'clip_norm': 5.0}. Best is trial 0 with value: 0.0412080110396433.
Split per-trial: 26879 finestre train | 6721 finestre val
Baseline persistenza (val): 0.7267 (sd 0.3393 | current 1.1141)
Epoch   0 | train 0.1543 | val 0.0935 (sd 0.0525 current 0.1344) | val/persist 0.129 | lr 5.81e-03
Epoch   1 | train 0.1070 | val 0.0803 (sd 0.0443 current 0.1163) | val/persist 0.111 | lr 5.81e-03
Epoch   2 | train 0.0984 | val 0.0695 (sd 0.0417 current 0.0973) | val/persist 0.096 | lr 5.81e-03
Epoch   3 | train 0.0912 | val 0.0762 (sd 0.0511 current 0.1014) | val/persist 0.105 | lr 5.81e-03
Epoch   4 | train 0.0895 | val 0.0720 (sd 0.0407 current 0.1032) | val/persist 0.099 | lr 5.81e-03
Epoch   5 | train 0.0863 | val 0.0670 (sd 0.0411 current 0.0928) | val/persist 0.092 | lr 5.81e-03
Epoch   6 | train 0.0828 | val 0.0623 (sd 0.0384 current 0.0862) | val/persist 0.086 | lr 5.81e-03
Epoch   7 | train 0.0818 | val 0.0654 (sd 0.0405 current 0.0903) | val/persist 0.090 | lr 5.81e-03
Epoch   8 | train 0.0764 | val 0.0628 (sd 0.0354 current 0.0902) | val/persist 0.086 | lr 5.81e-03
Epoch   9 | train 0.0755 | val 0.0621 (sd 0.0414 current 0.0827) | val/persist 0.085 | lr 5.81e-03
Epoch  10 | train 0.0758 | val 0.0654 (sd 0.0387 current 0.0921) | val/persist 0.090 | lr 5.81e-03
Epoch  11 | train 0.0728 | val 0.0643 (sd 0.0336 current 0.0951) | val/persist 0.089 | lr 5.81e-03
Epoch  12 | train 0.0714 | val 0.0620 (sd 0.0364 current 0.0877) | val/persist 0.085 | lr 5.81e-03
Epoch  13 | train 0.0725 | val 0.0619 (sd 0.0352 current 0.0885) | val/persist 0.085 | lr 5.81e-03
Epoch  14 | train 0.0701 | val 0.0551 (sd 0.0308 current 0.0794) | val/persist 0.076 | lr 5.81e-03
Epoch  15 | train 0.0707 | val 0.0647 (sd 0.0338 current 0.0956) | val/persist 0.089 | lr 5.81e-03
Epoch  16 | train 0.0659 | val 0.0605 (sd 0.0340 current 0.0871) | val/persist 0.083 | lr 5.81e-03
Epoch  17 | train 0.0689 | val 0.0606 (sd 0.0424 current 0.0788) | val/persist 0.083 | lr 5.81e-03
Epoch  18 | train 0.0693 | val 0.0661 (sd 0.0332 current 0.0991) | val/persist 0.091 | lr 5.81e-03
Epoch  19 | train 0.0676 | val 0.0535 (sd 0.0340 current 0.0729) | val/persist 0.074 | lr 5.81e-03
Epoch  20 | train 0.0657 | val 0.0524 (sd 0.0298 current 0.0750) | val/persist 0.072 | lr 5.81e-03
Epoch  21 | train 0.0658 | val 0.0555 (sd 0.0296 current 0.0814) | val/persist 0.076 | lr 5.81e-03
Epoch  22 | train 0.0650 | val 0.0589 (sd 0.0332 current 0.0846) | val/persist 0.081 | lr 5.81e-03
Epoch  23 | train 0.0621 | val 0.0593 (sd 0.0429 current 0.0758) | val/persist 0.082 | lr 5.81e-03
Epoch  24 | train 0.0623 | val 0.0506 (sd 0.0300 current 0.0711) | val/persist 0.070 | lr 5.81e-03
Epoch  25 | train 0.0638 | val 0.0574 (sd 0.0326 current 0.0821) | val/persist 0.079 | lr 5.81e-03
Epoch  26 | train 0.0627 | val 0.0635 (sd 0.0420 current 0.0850) | val/persist 0.087 | lr 5.81e-03
Epoch  27 | train 0.0618 | val 0.0566 (sd 0.0305 current 0.0827) | val/persist 0.078 | lr 5.81e-03
Epoch  28 | train 0.0613 | val 0.0527 (sd 0.0299 current 0.0755) | val/persist 0.073 | lr 5.81e-03
Epoch  29 | train 0.0646 | val 0.0639 (sd 0.0285 current 0.0994) | val/persist 0.088 | lr 5.81e-03
Epoch  30 | train 0.0612 | val 0.0532 (sd 0.0335 current 0.0729) | val/persist 0.073 | lr 5.81e-03
Epoch  31 | train 0.0604 | val 0.0550 (sd 0.0299 current 0.0801) | val/persist 0.076 | lr 5.81e-03
Epoch  32 | train 0.0618 | val 0.0581 (sd 0.0308 current 0.0854) | val/persist 0.080 | lr 5.81e-03
Epoch  33 | train 0.0589 | val 0.0531 (sd 0.0280 current 0.0782) | val/persist 0.073 | lr 5.81e-03
Epoch  34 | train 0.0614 | val 0.0598 (sd 0.0280 current 0.0916) | val/persist 0.082 | lr 5.81e-03
Epoch  35 | train 0.0576 | val 0.0536 (sd 0.0309 current 0.0763) | val/persist 0.074 | lr 2.90e-03
Epoch  36 | train 0.0503 | val 0.0449 (sd 0.0257 current 0.0641) | val/persist 0.062 | lr 2.90e-03
Epoch  37 | train 0.0485 | val 0.0469 (sd 0.0263 current 0.0675) | val/persist 0.065 | lr 2.90e-03
Epoch  38 | train 0.0476 | val 0.0460 (sd 0.0262 current 0.0658) | val/persist 0.063 | lr 2.90e-03
Epoch  39 | train 0.0469 | val 0.0516 (sd 0.0312 current 0.0720) | val/persist 0.071 | lr 2.90e-03
Epoch  40 | train 0.0470 | val 0.0492 (sd 0.0262 current 0.0722) | val/persist 0.068 | lr 2.90e-03
Epoch  41 | train 0.0461 | val 0.0523 (sd 0.0284 current 0.0762) | val/persist 0.072 | lr 2.90e-03
Epoch  42 | train 0.0463 | val 0.0481 (sd 0.0272 current 0.0691) | val/persist 0.066 | lr 2.90e-03
Epoch  43 | train 0.0461 | val 0.0483 (sd 0.0280 current 0.0686) | val/persist 0.066 | lr 2.90e-03
Epoch  44 | train 0.0458 | val 0.0503 (sd 0.0274 current 0.0732) | val/persist 0.069 | lr 2.90e-03
Epoch  45 | train 0.0467 | val 0.0497 (sd 0.0272 current 0.0723) | val/persist 0.068 | lr 2.90e-03
Epoch  46 | train 0.0467 | val 0.0486 (sd 0.0279 current 0.0693) | val/persist 0.067 | lr 2.90e-03
Epoch  47 | train 0.0450 | val 0.0495 (sd 0.0281 current 0.0710) | val/persist 0.068 | lr 1.45e-03
Epoch  48 | train 0.0409 | val 0.0460 (sd 0.0268 current 0.0652) | val/persist 0.063 | lr 1.45e-03
Epoch  49 | train 0.0400 | val 0.0466 (sd 0.0277 current 0.0656) | val/persist 0.064 | lr 1.45e-03
Epoch  50 | train 0.0392 | val 0.0470 (sd 0.0267 current 0.0673) | val/persist 0.065 | lr 1.45e-03
Epoch  51 | train 0.0397 | val 0.0476 (sd 0.0289 current 0.0664) | val/persist 0.066 | lr 1.45e-03

Training completato. Best val: 0.0449 a epoch 36 (persistenza 0.7267)
[I 2026-10-01 10:51:56,100] Trial 14 finished with value: 0.04488535407859111 and parameters: {'gru_hidden': 128, 'mlp_hidden': 256, 'num_layers': 1, 'dropout': 0.23481911500742347, 'weight_decay': 0.0028725022596318606, 'lr': 0.005805212257376168, 'batch_size': 128, 'clip_norm': 1.0}. Best is trial 0 with value: 0.0412080110396433.
Split per-trial: 26879 finestre train | 6721 finestre val
Baseline persistenza (val): 0.7267 (sd 0.3393 | current 1.1141)
Epoch   0 | train 0.1933 | val 0.1063 (sd 0.0546 current 0.1579) | val/persist 0.146 | lr 9.21e-03
Epoch   1 | train 0.1413 | val 0.0915 (sd 0.0496 current 0.1334) | val/persist 0.126 | lr 9.21e-03
Epoch   2 | train 0.1280 | val 0.0871 (sd 0.0431 current 0.1311) | val/persist 0.120 | lr 9.21e-03
Epoch   3 | train 0.1207 | val 0.0867 (sd 0.0575 current 0.1160) | val/persist 0.119 | lr 9.21e-03
Epoch   4 | train 0.1192 | val 0.0807 (sd 0.0452 current 0.1163) | val/persist 0.111 | lr 9.21e-03
Epoch   5 | train 0.1140 | val 0.0734 (sd 0.0480 current 0.0988) | val/persist 0.101 | lr 9.21e-03
Epoch   6 | train 0.1123 | val 0.0871 (sd 0.0500 current 0.1243) | val/persist 0.120 | lr 9.21e-03
Epoch   7 | train 0.1123 | val 0.0705 (sd 0.0402 current 0.1009) | val/persist 0.097 | lr 9.21e-03
Epoch   8 | train 0.1054 | val 0.0786 (sd 0.0480 current 0.1093) | val/persist 0.108 | lr 9.21e-03
Epoch   9 | train 0.1086 | val 0.0714 (sd 0.0531 current 0.0898) | val/persist 0.098 | lr 9.21e-03
Epoch  10 | train 0.1027 | val 0.0841 (sd 0.0431 current 0.1250) | val/persist 0.116 | lr 9.21e-03
Epoch  11 | train 0.1018 | val 0.0726 (sd 0.0497 current 0.0956) | val/persist 0.100 | lr 9.21e-03
Epoch  12 | train 0.1021 | val 0.0623 (sd 0.0412 current 0.0834) | val/persist 0.086 | lr 9.21e-03
Epoch  13 | train 0.1021 | val 0.0746 (sd 0.0529 current 0.0963) | val/persist 0.103 | lr 9.21e-03
Epoch  14 | train 0.1048 | val 0.0693 (sd 0.0434 current 0.0952) | val/persist 0.095 | lr 9.21e-03
Epoch  15 | train 0.0992 | val 0.0754 (sd 0.0463 current 0.1044) | val/persist 0.104 | lr 9.21e-03
Epoch  16 | train 0.1013 | val 0.0713 (sd 0.0517 current 0.0908) | val/persist 0.098 | lr 9.21e-03
Epoch  17 | train 0.0999 | val 0.0684 (sd 0.0428 current 0.0939) | val/persist 0.094 | lr 9.21e-03
Epoch  18 | train 0.0996 | val 0.0667 (sd 0.0421 current 0.0913) | val/persist 0.092 | lr 9.21e-03
Epoch  19 | train 0.0981 | val 0.0653 (sd 0.0464 current 0.0842) | val/persist 0.090 | lr 9.21e-03
Epoch  20 | train 0.0960 | val 0.0589 (sd 0.0408 current 0.0770) | val/persist 0.081 | lr 9.21e-03
Epoch  21 | train 0.0957 | val 0.0649 (sd 0.0397 current 0.0902) | val/persist 0.089 | lr 9.21e-03
Epoch  22 | train 0.0974 | val 0.0611 (sd 0.0406 current 0.0816) | val/persist 0.084 | lr 9.21e-03
Epoch  23 | train 0.0968 | val 0.0645 (sd 0.0393 current 0.0898) | val/persist 0.089 | lr 9.21e-03
Epoch  24 | train 0.1008 | val 0.0653 (sd 0.0387 current 0.0919) | val/persist 0.090 | lr 9.21e-03
Epoch  25 | train 0.0947 | val 0.0854 (sd 0.0434 current 0.1273) | val/persist 0.117 | lr 9.21e-03
Epoch  26 | train 0.0966 | val 0.0642 (sd 0.0383 current 0.0900) | val/persist 0.088 | lr 9.21e-03
Epoch  27 | train 0.0939 | val 0.0639 (sd 0.0485 current 0.0794) | val/persist 0.088 | lr 9.21e-03
Epoch  28 | train 0.0957 | val 0.0731 (sd 0.0478 current 0.0984) | val/persist 0.101 | lr 9.21e-03
Epoch  29 | train 0.0966 | val 0.0617 (sd 0.0440 current 0.0794) | val/persist 0.085 | lr 9.21e-03
Epoch  30 | train 0.0948 | val 0.0654 (sd 0.0439 current 0.0868) | val/persist 0.090 | lr 9.21e-03
Epoch  31 | train 0.0956 | val 0.0692 (sd 0.0374 current 0.1009) | val/persist 0.095 | lr 4.61e-03
Epoch  32 | train 0.0834 | val 0.0567 (sd 0.0386 current 0.0747) | val/persist 0.078 | lr 4.61e-03
Epoch  33 | train 0.0841 | val 0.0573 (sd 0.0416 current 0.0730) | val/persist 0.079 | lr 4.61e-03
Epoch  34 | train 0.0811 | val 0.0542 (sd 0.0373 current 0.0712) | val/persist 0.075 | lr 4.61e-03
Epoch  35 | train 0.0831 | val 0.0575 (sd 0.0406 current 0.0744) | val/persist 0.079 | lr 4.61e-03
Epoch  36 | train 0.0826 | val 0.0529 (sd 0.0341 current 0.0718) | val/persist 0.073 | lr 4.61e-03
Epoch  37 | train 0.0800 | val 0.0546 (sd 0.0339 current 0.0753) | val/persist 0.075 | lr 4.61e-03
Epoch  38 | train 0.0810 | val 0.0592 (sd 0.0377 current 0.0808) | val/persist 0.082 | lr 4.61e-03
Epoch  39 | train 0.0809 | val 0.0562 (sd 0.0363 current 0.0761) | val/persist 0.077 | lr 4.61e-03
Epoch  40 | train 0.0797 | val 0.0539 (sd 0.0361 current 0.0716) | val/persist 0.074 | lr 4.61e-03
Epoch  41 | train 0.0808 | val 0.0604 (sd 0.0354 current 0.0855) | val/persist 0.083 | lr 4.61e-03
Epoch  42 | train 0.0797 | val 0.0564 (sd 0.0370 current 0.0758) | val/persist 0.078 | lr 4.61e-03
Epoch  43 | train 0.0813 | val 0.0585 (sd 0.0366 current 0.0803) | val/persist 0.080 | lr 4.61e-03
Epoch  44 | train 0.0797 | val 0.0619 (sd 0.0434 current 0.0804) | val/persist 0.085 | lr 4.61e-03
Epoch  45 | train 0.0808 | val 0.0559 (sd 0.0352 current 0.0766) | val/persist 0.077 | lr 4.61e-03
Epoch  46 | train 0.0790 | val 0.0533 (sd 0.0345 current 0.0721) | val/persist 0.073 | lr 4.61e-03
Epoch  47 | train 0.0812 | val 0.0597 (sd 0.0363 current 0.0830) | val/persist 0.082 | lr 2.30e-03
Epoch  48 | train 0.0752 | val 0.0551 (sd 0.0350 current 0.0752) | val/persist 0.076 | lr 2.30e-03
Epoch  49 | train 0.0735 | val 0.0548 (sd 0.0361 current 0.0734) | val/persist 0.075 | lr 2.30e-03
Epoch  50 | train 0.0729 | val 0.0554 (sd 0.0336 current 0.0771) | val/persist 0.076 | lr 2.30e-03
Epoch  51 | train 0.0730 | val 0.0536 (sd 0.0337 current 0.0734) | val/persist 0.074 | lr 2.30e-03

Training completato. Best val: 0.0529 a epoch 36 (persistenza 0.7267)
[I 2026-10-01 10:53:20,080] Trial 19 finished with value: 0.05291153839737367 and parameters: {'gru_hidden': 32, 'mlp_hidden': 128, 'num_layers': 1, 'dropout': 0.29768404913179836, 'weight_decay': 3.363162635458209e-05, 'lr': 0.009212456290957578, 'batch_size': 128, 'clip_norm': 5.0}. Best is trial 0 with value: 0.0412080110396433.
Split per-trial: 26879 finestre train | 6721 finestre val
Baseline persistenza (val): 0.7267 (sd 0.3393 | current 1.1141)
Epoch   0 | train 0.2902 | val 0.1438 (sd 0.0564 current 0.2311) | val/persist 0.198 | lr 2.35e-04
Epoch   1 | train 0.1550 | val 0.1100 (sd 0.0472 current 0.1728) | val/persist 0.151 | lr 2.35e-04
Epoch   2 | train 0.1362 | val 0.1012 (sd 0.0457 current 0.1568) | val/persist 0.139 | lr 2.35e-04
Epoch   3 | train 0.1287 | val 0.0953 (sd 0.0433 current 0.1474) | val/persist 0.131 | lr 2.35e-04
Epoch   4 | train 0.1214 | val 0.0926 (sd 0.0436 current 0.1417) | val/persist 0.127 | lr 2.35e-04
Epoch   5 | train 0.1184 | val 0.0926 (sd 0.0442 current 0.1410) | val/persist 0.127 | lr 2.35e-04
Epoch   6 | train 0.1140 | val 0.0944 (sd 0.0448 current 0.1439) | val/persist 0.130 | lr 2.35e-04
Epoch   7 | train 0.1120 | val 0.0873 (sd 0.0442 current 0.1303) | val/persist 0.120 | lr 2.35e-04
Epoch   8 | train 0.1102 | val 0.0865 (sd 0.0431 current 0.1298) | val/persist 0.119 | lr 2.35e-04
[I 2026-10-01 10:54:10,036] Trial 21 pruned. 
Split per-trial: 26879 finestre train | 6721 finestre val
Baseline persistenza (val): 0.7267 (sd 0.3393 | current 1.1141)
Epoch   0 | train 0.4667 | val 0.2005 (sd 0.0585 current 0.3426) | val/persist 0.276 | lr 2.22e-04
Epoch   1 | train 0.2231 | val 0.1372 (sd 0.0488 current 0.2257) | val/persist 0.189 | lr 2.22e-04
Epoch   2 | train 0.1868 | val 0.1190 (sd 0.0485 current 0.1895) | val/persist 0.164 | lr 2.22e-04
Epoch   3 | train 0.1723 | val 0.1087 (sd 0.0457 current 0.1717) | val/persist 0.150 | lr 2.22e-04
Epoch   4 | train 0.1585 | val 0.1028 (sd 0.0469 current 0.1586) | val/persist 0.141 | lr 2.22e-04
Epoch   5 | train 0.1525 | val 0.0972 (sd 0.0487 current 0.1457) | val/persist 0.134 | lr 2.22e-04
Epoch   6 | train 0.1464 | val 0.0911 (sd 0.0439 current 0.1382) | val/persist 0.125 | lr 2.22e-04
Epoch   7 | train 0.1401 | val 0.0873 (sd 0.0415 current 0.1331) | val/persist 0.120 | lr 2.22e-04
Epoch   8 | train 0.1376 | val 0.0897 (sd 0.0434 current 0.1360) | val/persist 0.123 | lr 2.22e-04
[I 2026-10-01 10:55:12,279] Trial 28 pruned. 
Split per-trial: 26879 finestre train | 6721 finestre val
Baseline persistenza (val): 0.7267 (sd 0.3393 | current 1.1141)
Epoch   0 | train 0.1706 | val 0.1042 (sd 0.0487 current 0.1596) | val/persist 0.143 | lr 9.66e-04
Epoch   1 | train 0.1013 | val 0.0878 (sd 0.0447 current 0.1309) | val/persist 0.121 | lr 9.66e-04
Epoch   2 | train 0.0906 | val 0.0775 (sd 0.0398 current 0.1151) | val/persist 0.107 | lr 9.66e-04
Epoch   3 | train 0.0837 | val 0.0703 (sd 0.0413 current 0.0992) | val/persist 0.097 | lr 9.66e-04
Epoch   4 | train 0.0776 | val 0.0676 (sd 0.0368 current 0.0983) | val/persist 0.093 | lr 9.66e-04
Epoch   5 | train 0.0753 | val 0.0770 (sd 0.0368 current 0.1172) | val/persist 0.106 | lr 9.66e-04
Epoch   6 | train 0.0737 | val 0.0610 (sd 0.0349 current 0.0871) | val/persist 0.084 | lr 9.66e-04
Epoch   7 | train 0.0712 | val 0.0623 (sd 0.0397 current 0.0849) | val/persist 0.086 | lr 9.66e-04
Epoch   8 | train 0.0688 | val 0.0606 (sd 0.0377 current 0.0834) | val/persist 0.083 | lr 9.66e-04
Epoch   9 | train 0.0677 | val 0.0603 (sd 0.0358 current 0.0848) | val/persist 0.083 | lr 9.66e-04
Epoch  10 | train 0.0664 | val 0.0614 (sd 0.0335 current 0.0893) | val/persist 0.084 | lr 9.66e-04
Epoch  11 | train 0.0651 | val 0.0529 (sd 0.0332 current 0.0725) | val/persist 0.073 | lr 9.66e-04
Epoch  12 | train 0.0642 | val 0.0577 (sd 0.0373 current 0.0781) | val/persist 0.079 | lr 9.66e-04
Epoch  13 | train 0.0629 | val 0.0527 (sd 0.0344 current 0.0711) | val/persist 0.073 | lr 9.66e-04
Epoch  14 | train 0.0622 | val 0.0555 (sd 0.0339 current 0.0771) | val/persist 0.076 | lr 9.66e-04
Epoch  15 | train 0.0618 | val 0.0587 (sd 0.0416 current 0.0757) | val/persist 0.081 | lr 9.66e-04
Epoch  16 | train 0.0623 | val 0.0619 (sd 0.0349 current 0.0890) | val/persist 0.085 | lr 9.66e-04
Epoch  17 | train 0.0606 | val 0.0541 (sd 0.0352 current 0.0729) | val/persist 0.074 | lr 9.66e-04
Epoch  18 | train 0.0592 | val 0.0592 (sd 0.0319 current 0.0864) | val/persist 0.081 | lr 9.66e-04
Epoch  19 | train 0.0594 | val 0.0569 (sd 0.0406 current 0.0732) | val/persist 0.078 | lr 9.66e-04
Epoch  20 | train 0.0585 | val 0.0509 (sd 0.0321 current 0.0698) | val/persist 0.070 | lr 9.66e-04
Epoch  21 | train 0.0570 | val 0.0494 (sd 0.0304 current 0.0685) | val/persist 0.068 | lr 9.66e-04
Epoch  22 | train 0.0571 | val 0.0504 (sd 0.0309 current 0.0698) | val/persist 0.069 | lr 9.66e-04
Epoch  23 | train 0.0567 | val 0.0516 (sd 0.0308 current 0.0725) | val/persist 0.071 | lr 9.66e-04
Epoch  24 | train 0.0551 | val 0.0528 (sd 0.0326 current 0.0730) | val/persist 0.073 | lr 9.66e-04
Epoch  25 | train 0.0540 | val 0.0499 (sd 0.0280 current 0.0717) | val/persist 0.069 | lr 9.66e-04
Epoch  26 | train 0.0542 | val 0.0486 (sd 0.0276 current 0.0696) | val/persist 0.067 | lr 9.66e-04
Epoch  27 | train 0.0544 | val 0.0466 (sd 0.0273 current 0.0660) | val/persist 0.064 | lr 9.66e-04
Epoch  28 | train 0.0526 | val 0.0476 (sd 0.0293 current 0.0659) | val/persist 0.066 | lr 9.66e-04
Epoch  29 | train 0.0529 | val 0.0498 (sd 0.0286 current 0.0710) | val/persist 0.069 | lr 9.66e-04
Epoch  30 | train 0.0526 | val 0.0473 (sd 0.0277 current 0.0669) | val/persist 0.065 | lr 9.66e-04
Epoch  31 | train 0.0511 | val 0.0492 (sd 0.0271 current 0.0714) | val/persist 0.068 | lr 9.66e-04
Epoch  32 | train 0.0520 | val 0.0486 (sd 0.0255 current 0.0717) | val/persist 0.067 | lr 9.66e-04
Epoch  33 | train 0.0513 | val 0.0520 (sd 0.0295 current 0.0745) | val/persist 0.072 | lr 9.66e-04
Epoch  34 | train 0.0507 | val 0.0475 (sd 0.0271 current 0.0679) | val/persist 0.065 | lr 9.66e-04
Epoch  35 | train 0.0506 | val 0.0455 (sd 0.0260 current 0.0650) | val/persist 0.063 | lr 9.66e-04
Epoch  36 | train 0.0499 | val 0.0506 (sd 0.0267 current 0.0744) | val/persist 0.070 | lr 9.66e-04
Epoch  37 | train 0.0500 | val 0.0471 (sd 0.0259 current 0.0682) | val/persist 0.065 | lr 9.66e-04
Epoch  38 | train 0.0490 | val 0.0492 (sd 0.0290 current 0.0695) | val/persist 0.068 | lr 9.66e-04
Epoch  39 | train 0.0491 | val 0.0477 (sd 0.0263 current 0.0691) | val/persist 0.066 | lr 9.66e-04
Epoch  40 | train 0.0497 | val 0.0450 (sd 0.0270 current 0.0631) | val/persist 0.062 | lr 9.66e-04
Epoch  41 | train 0.0485 | val 0.0469 (sd 0.0260 current 0.0677) | val/persist 0.065 | lr 9.66e-04
Epoch  42 | train 0.0485 | val 0.0478 (sd 0.0268 current 0.0689) | val/persist 0.066 | lr 9.66e-04
Epoch  43 | train 0.0474 | val 0.0489 (sd 0.0266 current 0.0711) | val/persist 0.067 | lr 9.66e-04
Epoch  44 | train 0.0482 | val 0.0458 (sd 0.0270 current 0.0646) | val/persist 0.063 | lr 9.66e-04
Epoch  45 | train 0.0474 | val 0.0471 (sd 0.0262 current 0.0679) | val/persist 0.065 | lr 9.66e-04
Epoch  46 | train 0.0465 | val 0.0460 (sd 0.0255 current 0.0666) | val/persist 0.063 | lr 9.66e-04
Epoch  47 | train 0.0461 | val 0.0459 (sd 0.0251 current 0.0668) | val/persist 0.063 | lr 9.66e-04
Epoch  48 | train 0.0468 | val 0.0470 (sd 0.0259 current 0.0681) | val/persist 0.065 | lr 9.66e-04
Epoch  49 | train 0.0450 | val 0.0468 (sd 0.0255 current 0.0681) | val/persist 0.064 | lr 9.66e-04
Epoch  50 | train 0.0454 | val 0.0490 (sd 0.0297 current 0.0683) | val/persist 0.067 | lr 9.66e-04
Epoch  51 | train 0.0445 | val 0.0468 (sd 0.0270 current 0.0665) | val/persist 0.064 | lr 4.83e-04
Epoch  52 | train 0.0412 | val 0.0449 (sd 0.0261 current 0.0637) | val/persist 0.062 | lr 4.83e-04
Epoch  53 | train 0.0404 | val 0.0436 (sd 0.0246 current 0.0625) | val/persist 0.060 | lr 4.83e-04
Epoch  54 | train 0.0397 | val 0.0449 (sd 0.0247 current 0.0650) | val/persist 0.062 | lr 4.83e-04
Epoch  55 | train 0.0397 | val 0.0436 (sd 0.0254 current 0.0617) | val/persist 0.060 | lr 4.83e-04
Epoch  56 | train 0.0394 | val 0.0442 (sd 0.0248 current 0.0636) | val/persist 0.061 | lr 4.83e-04
Epoch  57 | train 0.0389 | val 0.0443 (sd 0.0247 current 0.0638) | val/persist 0.061 | lr 4.83e-04
Epoch  58 | train 0.0388 | val 0.0475 (sd 0.0251 current 0.0700) | val/persist 0.065 | lr 4.83e-04
Epoch  59 | train 0.0388 | val 0.0456 (sd 0.0268 current 0.0644) | val/persist 0.063 | lr 4.83e-04

Training completato. Best val: 0.0436 a epoch 55 (persistenza 0.7267)
[I 2026-10-01 10:58:52,431] Trial 35 finished with value: 0.0435588380465695 and parameters: {'gru_hidden': 128, 'mlp_hidden': 256, 'num_layers': 1, 'dropout': 0.2051490830209002, 'weight_decay': 0.00033477438548062494, 'lr': 0.0009657514160536514, 'batch_size': 64, 'clip_norm': 1.0}. Best is trial 0 with value: 0.0412080110396433.
Split per-trial: 26879 finestre train | 6721 finestre val
Baseline persistenza (val): 0.7267 (sd 0.3393 | current 1.1141)
Epoch   0 | train 0.1817 | val 0.1064 (sd 0.0478 current 0.1651) | val/persist 0.146 | lr 8.21e-04
Epoch   1 | train 0.1082 | val 0.0917 (sd 0.0414 current 0.1419) | val/persist 0.126 | lr 8.21e-04
Epoch   2 | train 0.0957 | val 0.0806 (sd 0.0506 current 0.1106) | val/persist 0.111 | lr 8.21e-04
Epoch   3 | train 0.0892 | val 0.0697 (sd 0.0392 current 0.1002) | val/persist 0.096 | lr 8.21e-04
Epoch   4 | train 0.0833 | val 0.0696 (sd 0.0382 current 0.1010) | val/persist 0.096 | lr 8.21e-04
Epoch   5 | train 0.0793 | val 0.0681 (sd 0.0404 current 0.0958) | val/persist 0.094 | lr 8.21e-04
Epoch   6 | train 0.0759 | val 0.0641 (sd 0.0395 current 0.0887) | val/persist 0.088 | lr 8.21e-04
Epoch   7 | train 0.0748 | val 0.0640 (sd 0.0342 current 0.0938) | val/persist 0.088 | lr 8.21e-04
Epoch   8 | train 0.0732 | val 0.0622 (sd 0.0373 current 0.0872) | val/persist 0.086 | lr 8.21e-04
Epoch   9 | train 0.0709 | val 0.0645 (sd 0.0343 current 0.0947) | val/persist 0.089 | lr 8.21e-04
Epoch  10 | train 0.0713 | val 0.0628 (sd 0.0330 current 0.0925) | val/persist 0.086 | lr 8.21e-04
Epoch  11 | train 0.0682 | val 0.0629 (sd 0.0335 current 0.0923) | val/persist 0.087 | lr 8.21e-04
[I 2026-10-01 10:59:40,537] Trial 43 pruned. 
Split per-trial: 26879 finestre train | 6721 finestre val
Baseline persistenza (val): 0.7267 (sd 0.3393 | current 1.1141)
Epoch   0 | train 0.2415 | val 0.1131 (sd 0.0458 current 0.1804) | val/persist 0.156 | lr 1.37e-03
Epoch   1 | train 0.1232 | val 0.0961 (sd 0.0448 current 0.1474) | val/persist 0.132 | lr 1.37e-03
Epoch   2 | train 0.1077 | val 0.0883 (sd 0.0412 current 0.1355) | val/persist 0.122 | lr 1.37e-03
Epoch   3 | train 0.1002 | val 0.0851 (sd 0.0422 current 0.1280) | val/persist 0.117 | lr 1.37e-03
Epoch   4 | train 0.0947 | val 0.0791 (sd 0.0416 current 0.1166) | val/persist 0.109 | lr 1.37e-03
Epoch   5 | train 0.0903 | val 0.0719 (sd 0.0405 current 0.1033) | val/persist 0.099 | lr 1.37e-03
Epoch   6 | train 0.0858 | val 0.0786 (sd 0.0398 current 0.1173) | val/persist 0.108 | lr 1.37e-03
Epoch   7 | train 0.0847 | val 0.0674 (sd 0.0401 current 0.0947) | val/persist 0.093 | lr 1.37e-03
Epoch   8 | train 0.0828 | val 0.0663 (sd 0.0399 current 0.0928) | val/persist 0.091 | lr 1.37e-03
Epoch   9 | train 0.0815 | val 0.0639 (sd 0.0407 current 0.0872) | val/persist 0.088 | lr 1.37e-03
Epoch  10 | train 0.0785 | val 0.0640 (sd 0.0402 current 0.0878) | val/persist 0.088 | lr 1.37e-03
[I 2026-10-01 11:00:03,253] Trial 46 pruned. 
Split per-trial: 26879 finestre train | 6721 finestre val
Baseline persistenza (val): 0.7267 (sd 0.3393 | current 1.1141)
Epoch   0 | train 0.2006 | val 0.1041 (sd 0.0469 current 0.1612) | val/persist 0.143 | lr 6.77e-04
Epoch   1 | train 0.0994 | val 0.0916 (sd 0.0420 current 0.1412) | val/persist 0.126 | lr 6.77e-04
Epoch   2 | train 0.0873 | val 0.0836 (sd 0.0427 current 0.1245) | val/persist 0.115 | lr 6.77e-04
Epoch   3 | train 0.0800 | val 0.0744 (sd 0.0393 current 0.1094) | val/persist 0.102 | lr 6.77e-04
Epoch   4 | train 0.0746 | val 0.0692 (sd 0.0383 current 0.1001) | val/persist 0.095 | lr 6.77e-04
Epoch   5 | train 0.0696 | val 0.0657 (sd 0.0363 current 0.0950) | val/persist 0.090 | lr 6.77e-04
Epoch   6 | train 0.0682 | val 0.0611 (sd 0.0357 current 0.0865) | val/persist 0.084 | lr 6.77e-04
Epoch   7 | train 0.0656 | val 0.0683 (sd 0.0390 current 0.0977) | val/persist 0.094 | lr 6.77e-04
Epoch   8 | train 0.0633 | val 0.0605 (sd 0.0373 current 0.0837) | val/persist 0.083 | lr 6.77e-04
Epoch   9 | train 0.0607 | val 0.0596 (sd 0.0329 current 0.0864) | val/persist 0.082 | lr 6.77e-04
Epoch  10 | train 0.0599 | val 0.0619 (sd 0.0329 current 0.0908) | val/persist 0.085 | lr 6.77e-04
Epoch  11 | train 0.0577 | val 0.0571 (sd 0.0355 current 0.0786) | val/persist 0.079 | lr 6.77e-04
Epoch  12 | train 0.0566 | val 0.0516 (sd 0.0317 current 0.0716) | val/persist 0.071 | lr 6.77e-04
Epoch  13 | train 0.0566 | val 0.0532 (sd 0.0323 current 0.0741) | val/persist 0.073 | lr 6.77e-04
Epoch  14 | train 0.0550 | val 0.0543 (sd 0.0318 current 0.0768) | val/persist 0.075 | lr 6.77e-04
Epoch  15 | train 0.0535 | val 0.0520 (sd 0.0328 current 0.0713) | val/persist 0.072 | lr 6.77e-04
Epoch  16 | train 0.0525 | val 0.0503 (sd 0.0320 current 0.0686) | val/persist 0.069 | lr 6.77e-04
Epoch  17 | train 0.0520 | val 0.0506 (sd 0.0313 current 0.0699) | val/persist 0.070 | lr 6.77e-04
Epoch  18 | train 0.0508 | val 0.0498 (sd 0.0316 current 0.0681) | val/persist 0.069 | lr 6.77e-04
Epoch  19 | train 0.0509 | val 0.0485 (sd 0.0305 current 0.0665) | val/persist 0.067 | lr 6.77e-04
Epoch  20 | train 0.0509 | val 0.0513 (sd 0.0308 current 0.0718) | val/persist 0.071 | lr 6.77e-04
Epoch  21 | train 0.0493 | val 0.0505 (sd 0.0313 current 0.0697) | val/persist 0.070 | lr 6.77e-04
Epoch  22 | train 0.0487 | val 0.0493 (sd 0.0307 current 0.0678) | val/persist 0.068 | lr 6.77e-04
Epoch  23 | train 0.0493 | val 0.0518 (sd 0.0323 current 0.0713) | val/persist 0.071 | lr 6.77e-04
Epoch  24 | train 0.0483 | val 0.0492 (sd 0.0335 current 0.0650) | val/persist 0.068 | lr 6.77e-04
Epoch  25 | train 0.0470 | val 0.0499 (sd 0.0326 current 0.0672) | val/persist 0.069 | lr 6.77e-04
Epoch  26 | train 0.0475 | val 0.0490 (sd 0.0308 current 0.0671) | val/persist 0.067 | lr 6.77e-04
Epoch  27 | train 0.0466 | val 0.0490 (sd 0.0315 current 0.0665) | val/persist 0.067 | lr 6.77e-04
Epoch  28 | train 0.0454 | val 0.0473 (sd 0.0298 current 0.0648) | val/persist 0.065 | lr 6.77e-04
Epoch  29 | train 0.0456 | val 0.0469 (sd 0.0318 current 0.0620) | val/persist 0.065 | lr 6.77e-04
Epoch  30 | train 0.0453 | val 0.0477 (sd 0.0295 current 0.0660) | val/persist 0.066 | lr 6.77e-04
Epoch  31 | train 0.0451 | val 0.0490 (sd 0.0323 current 0.0657) | val/persist 0.067 | lr 6.77e-04
Epoch  32 | train 0.0440 | val 0.0458 (sd 0.0294 current 0.0621) | val/persist 0.063 | lr 6.77e-04
Epoch  33 | train 0.0442 | val 0.0458 (sd 0.0295 current 0.0621) | val/persist 0.063 | lr 6.77e-04
Epoch  34 | train 0.0439 | val 0.0494 (sd 0.0308 current 0.0681) | val/persist 0.068 | lr 6.77e-04
Epoch  35 | train 0.0429 | val 0.0461 (sd 0.0290 current 0.0631) | val/persist 0.063 | lr 6.77e-04
Epoch  36 | train 0.0429 | val 0.0476 (sd 0.0309 current 0.0643) | val/persist 0.066 | lr 6.77e-04
Epoch  37 | train 0.0424 | val 0.0461 (sd 0.0298 current 0.0624) | val/persist 0.063 | lr 6.77e-04
Epoch  38 | train 0.0417 | val 0.0471 (sd 0.0302 current 0.0639) | val/persist 0.065 | lr 6.77e-04
Epoch  39 | train 0.0425 | val 0.0474 (sd 0.0301 current 0.0647) | val/persist 0.065 | lr 6.77e-04
Epoch  40 | train 0.0417 | val 0.0455 (sd 0.0287 current 0.0623) | val/persist 0.063 | lr 6.77e-04
Epoch  41 | train 0.0412 | val 0.0465 (sd 0.0292 current 0.0639) | val/persist 0.064 | lr 6.77e-04
Epoch  42 | train 0.0411 | val 0.0472 (sd 0.0295 current 0.0650) | val/persist 0.065 | lr 6.77e-04
Epoch  43 | train 0.0404 | val 0.0474 (sd 0.0288 current 0.0660) | val/persist 0.065 | lr 6.77e-04
Epoch  44 | train 0.0401 | val 0.0450 (sd 0.0305 current 0.0596) | val/persist 0.062 | lr 6.77e-04
Epoch  45 | train 0.0398 | val 0.0443 (sd 0.0299 current 0.0586) | val/persist 0.061 | lr 6.77e-04
Epoch  46 | train 0.0402 | val 0.0447 (sd 0.0291 current 0.0602) | val/persist 0.061 | lr 6.77e-04
Epoch  47 | train 0.0389 | val 0.0464 (sd 0.0288 current 0.0639) | val/persist 0.064 | lr 6.77e-04
Epoch  48 | train 0.0398 | val 0.0449 (sd 0.0290 current 0.0607) | val/persist 0.062 | lr 6.77e-04
Epoch  49 | train 0.0382 | val 0.0441 (sd 0.0281 current 0.0601) | val/persist 0.061 | lr 6.77e-04
Epoch  50 | train 0.0388 | val 0.0439 (sd 0.0274 current 0.0604) | val/persist 0.060 | lr 6.77e-04
Epoch  51 | train 0.0377 | val 0.0426 (sd 0.0268 current 0.0584) | val/persist 0.059 | lr 6.77e-04
Epoch  52 | train 0.0373 | val 0.0446 (sd 0.0263 current 0.0630) | val/persist 0.061 | lr 6.77e-04
Epoch  53 | train 0.0367 | val 0.0434 (sd 0.0254 current 0.0614) | val/persist 0.060 | lr 6.77e-04
Epoch  54 | train 0.0363 | val 0.0445 (sd 0.0263 current 0.0626) | val/persist 0.061 | lr 6.77e-04
Epoch  55 | train 0.0359 | val 0.0417 (sd 0.0246 current 0.0588) | val/persist 0.057 | lr 6.77e-04
Epoch  56 | train 0.0362 | val 0.0429 (sd 0.0253 current 0.0606) | val/persist 0.059 | lr 6.77e-04
Epoch  57 | train 0.0357 | val 0.0438 (sd 0.0255 current 0.0621) | val/persist 0.060 | lr 6.77e-04
Epoch  58 | train 0.0353 | val 0.0431 (sd 0.0243 current 0.0620) | val/persist 0.059 | lr 6.77e-04
Epoch  59 | train 0.0351 | val 0.0418 (sd 0.0240 current 0.0596) | val/persist 0.058 | lr 6.77e-04

Training completato. Best val: 0.0417 a epoch 55 (persistenza 0.7267)
[I 2026-10-01 11:03:18,971] Trial 49 finished with value: 0.04168303986545929 and parameters: {'gru_hidden': 128, 'mlp_hidden': 128, 'num_layers': 1, 'dropout': 0.04902856852930168, 'weight_decay': 1.295277992807778e-05, 'lr': 0.0006768200564518124, 'batch_size': 64, 'clip_norm': 1.0}. Best is trial 0 with value: 0.0412080110396433.
Split per-trial: 26879 finestre train | 6721 finestre val
Baseline persistenza (val): 0.7267 (sd 0.3393 | current 1.1141)
Epoch   0 | train 0.1656 | val 0.0997 (sd 0.0432 current 0.1562) | val/persist 0.137 | lr 1.23e-03
Epoch   1 | train 0.0906 | val 0.0868 (sd 0.0434 current 0.1303) | val/persist 0.120 | lr 1.23e-03
Epoch   2 | train 0.0814 | val 0.0723 (sd 0.0395 current 0.1051) | val/persist 0.099 | lr 1.23e-03
Epoch   3 | train 0.0741 | val 0.0771 (sd 0.0425 current 0.1117) | val/persist 0.106 | lr 1.23e-03
Epoch   4 | train 0.0697 | val 0.0630 (sd 0.0371 current 0.0889) | val/persist 0.087 | lr 1.23e-03
Epoch   5 | train 0.0655 | val 0.0640 (sd 0.0353 current 0.0927) | val/persist 0.088 | lr 1.23e-03
Epoch   6 | train 0.0634 | val 0.0612 (sd 0.0362 current 0.0863) | val/persist 0.084 | lr 1.23e-03
Epoch   7 | train 0.0613 | val 0.0616 (sd 0.0351 current 0.0882) | val/persist 0.085 | lr 1.23e-03
Epoch   8 | train 0.0601 | val 0.0596 (sd 0.0315 current 0.0877) | val/persist 0.082 | lr 1.23e-03
Epoch   9 | train 0.0590 | val 0.0550 (sd 0.0322 current 0.0779) | val/persist 0.076 | lr 1.23e-03
Epoch  10 | train 0.0556 | val 0.0509 (sd 0.0307 current 0.0711) | val/persist 0.070 | lr 1.23e-03
Epoch  11 | train 0.0550 | val 0.0524 (sd 0.0335 current 0.0712) | val/persist 0.072 | lr 1.23e-03
Epoch  12 | train 0.0532 | val 0.0612 (sd 0.0356 current 0.0869) | val/persist 0.084 | lr 1.23e-03
Epoch  13 | train 0.0529 | val 0.0520 (sd 0.0335 current 0.0705) | val/persist 0.072 | lr 1.23e-03
Epoch  14 | train 0.0515 | val 0.0535 (sd 0.0313 current 0.0758) | val/persist 0.074 | lr 1.23e-03
Epoch  15 | train 0.0513 | val 0.0535 (sd 0.0314 current 0.0757) | val/persist 0.074 | lr 1.23e-03
Epoch  16 | train 0.0506 | val 0.0529 (sd 0.0322 current 0.0736) | val/persist 0.073 | lr 1.23e-03
Epoch  17 | train 0.0492 | val 0.0498 (sd 0.0319 current 0.0676) | val/persist 0.068 | lr 1.23e-03
Epoch  18 | train 0.0487 | val 0.0487 (sd 0.0308 current 0.0667) | val/persist 0.067 | lr 1.23e-03
Epoch  19 | train 0.0471 | val 0.0488 (sd 0.0312 current 0.0664) | val/persist 0.067 | lr 1.23e-03
Epoch  20 | train 0.0473 | val 0.0496 (sd 0.0309 current 0.0683) | val/persist 0.068 | lr 1.23e-03
Epoch  21 | train 0.0458 | val 0.0546 (sd 0.0323 current 0.0770) | val/persist 0.075 | lr 1.23e-03
Epoch  22 | train 0.0463 | val 0.0525 (sd 0.0303 current 0.0747) | val/persist 0.072 | lr 1.23e-03
Epoch  23 | train 0.0450 | val 0.0490 (sd 0.0308 current 0.0672) | val/persist 0.067 | lr 1.23e-03
Epoch  24 | train 0.0447 | val 0.0474 (sd 0.0282 current 0.0667) | val/persist 0.065 | lr 1.23e-03
Epoch  25 | train 0.0439 | val 0.0476 (sd 0.0286 current 0.0666) | val/persist 0.066 | lr 1.23e-03
Epoch  26 | train 0.0430 | val 0.0455 (sd 0.0276 current 0.0633) | val/persist 0.063 | lr 1.23e-03
Epoch  27 | train 0.0429 | val 0.0549 (sd 0.0271 current 0.0827) | val/persist 0.076 | lr 1.23e-03
Epoch  28 | train 0.0418 | val 0.0438 (sd 0.0248 current 0.0628) | val/persist 0.060 | lr 1.23e-03
Epoch  29 | train 0.0415 | val 0.0464 (sd 0.0258 current 0.0669) | val/persist 0.064 | lr 1.23e-03
Epoch  30 | train 0.0414 | val 0.0463 (sd 0.0248 current 0.0678) | val/persist 0.064 | lr 1.23e-03
Epoch  31 | train 0.0400 | val 0.0485 (sd 0.0285 current 0.0686) | val/persist 0.067 | lr 1.23e-03
Epoch  32 | train 0.0403 | val 0.0440 (sd 0.0255 current 0.0625) | val/persist 0.061 | lr 1.23e-03
Epoch  33 | train 0.0404 | val 0.0480 (sd 0.0277 current 0.0684) | val/persist 0.066 | lr 1.23e-03
Epoch  34 | train 0.0385 | val 0.0447 (sd 0.0261 current 0.0634) | val/persist 0.062 | lr 1.23e-03
Epoch  35 | train 0.0381 | val 0.0452 (sd 0.0263 current 0.0640) | val/persist 0.062 | lr 1.23e-03
Epoch  36 | train 0.0381 | val 0.0474 (sd 0.0242 current 0.0706) | val/persist 0.065 | lr 1.23e-03
Epoch  37 | train 0.0386 | val 0.0447 (sd 0.0246 current 0.0649) | val/persist 0.062 | lr 1.23e-03
Epoch  38 | train 0.0372 | val 0.0459 (sd 0.0291 current 0.0626) | val/persist 0.063 | lr 1.23e-03
Epoch  39 | train 0.0371 | val 0.0451 (sd 0.0262 current 0.0639) | val/persist 0.062 | lr 6.15e-04
Epoch  40 | train 0.0330 | val 0.0434 (sd 0.0246 current 0.0622) | val/persist 0.060 | lr 6.15e-04
Epoch  41 | train 0.0323 | val 0.0432 (sd 0.0252 current 0.0612) | val/persist 0.059 | lr 6.15e-04
Epoch  42 | train 0.0322 | val 0.0429 (sd 0.0246 current 0.0612) | val/persist 0.059 | lr 6.15e-04
Epoch  43 | train 0.0316 | val 0.0429 (sd 0.0247 current 0.0611) | val/persist 0.059 | lr 6.15e-04
Epoch  44 | train 0.0314 | val 0.0433 (sd 0.0240 current 0.0625) | val/persist 0.060 | lr 6.15e-04
Epoch  45 | train 0.0313 | val 0.0437 (sd 0.0242 current 0.0633) | val/persist 0.060 | lr 6.15e-04
Epoch  46 | train 0.0309 | val 0.0438 (sd 0.0250 current 0.0627) | val/persist 0.060 | lr 6.15e-04
Epoch  47 | train 0.0307 | val 0.0441 (sd 0.0250 current 0.0633) | val/persist 0.061 | lr 6.15e-04
Epoch  48 | train 0.0304 | val 0.0437 (sd 0.0249 current 0.0625) | val/persist 0.060 | lr 6.15e-04
Epoch  49 | train 0.0303 | val 0.0429 (sd 0.0254 current 0.0605) | val/persist 0.059 | lr 6.15e-04
Epoch  50 | train 0.0297 | val 0.0440 (sd 0.0249 current 0.0630) | val/persist 0.060 | lr 6.15e-04
Epoch  51 | train 0.0295 | val 0.0445 (sd 0.0249 current 0.0641) | val/persist 0.061 | lr 6.15e-04
Epoch  52 | train 0.0294 | val 0.0457 (sd 0.0244 current 0.0669) | val/persist 0.063 | lr 6.15e-04
Epoch  53 | train 0.0289 | val 0.0446 (sd 0.0255 current 0.0638) | val/persist 0.061 | lr 3.07e-04
Epoch  54 | train 0.0270 | val 0.0437 (sd 0.0246 current 0.0628) | val/persist 0.060 | lr 3.07e-04
Epoch  55 | train 0.0266 | val 0.0437 (sd 0.0243 current 0.0632) | val/persist 0.060 | lr 3.07e-04
Epoch  56 | train 0.0267 | val 0.0437 (sd 0.0243 current 0.0631) | val/persist 0.060 | lr 3.07e-04
Epoch  57 | train 0.0265 | val 0.0438 (sd 0.0251 current 0.0626) | val/persist 0.060 | lr 3.07e-04
Epoch  58 | train 0.0260 | val 0.0434 (sd 0.0244 current 0.0623) | val/persist 0.060 | lr 3.07e-04

Training completato. Best val: 0.0429 a epoch 43 (persistenza 0.7267)
[I 2026-10-01 11:06:28,081] Trial 53 finished with value: 0.04288956263681498 and parameters: {'gru_hidden': 128, 'mlp_hidden': 128, 'num_layers': 1, 'dropout': 0.04632655975435661, 'weight_decay': 2.794091538480934e-05, 'lr': 0.0012292652124565753, 'batch_size': 64, 'clip_norm': 1.0}. Best is trial 51 with value: 0.04060395106976984.
Split per-trial: 26879 finestre train | 6721 finestre val
Baseline persistenza (val): 0.7267 (sd 0.3393 | current 1.1141)
Epoch   0 | train 0.1993 | val 0.1127 (sd 0.0478 current 0.1775) | val/persist 0.155 | lr 5.07e-04
Epoch   1 | train 0.0958 | val 0.1150 (sd 0.0423 current 0.1877) | val/persist 0.158 | lr 5.07e-04
Epoch   2 | train 0.0824 | val 0.0902 (sd 0.0390 current 0.1414) | val/persist 0.124 | lr 5.07e-04
Epoch   3 | train 0.0763 | val 0.0743 (sd 0.0427 current 0.1059) | val/persist 0.102 | lr 5.07e-04
Epoch   4 | train 0.0699 | val 0.0709 (sd 0.0398 current 0.1020) | val/persist 0.098 | lr 5.07e-04
Epoch   5 | train 0.0665 | val 0.0649 (sd 0.0377 current 0.0921) | val/persist 0.089 | lr 5.07e-04
Epoch   6 | train 0.0646 | val 0.0626 (sd 0.0354 current 0.0898) | val/persist 0.086 | lr 5.07e-04
Epoch   7 | train 0.0615 | val 0.0589 (sd 0.0352 current 0.0827) | val/persist 0.081 | lr 5.07e-04
Epoch   8 | train 0.0585 | val 0.0574 (sd 0.0341 current 0.0806) | val/persist 0.079 | lr 5.07e-04
Epoch   9 | train 0.0570 | val 0.0576 (sd 0.0337 current 0.0815) | val/persist 0.079 | lr 5.07e-04
Epoch  10 | train 0.0555 | val 0.0553 (sd 0.0337 current 0.0768) | val/persist 0.076 | lr 5.07e-04
Epoch  11 | train 0.0537 | val 0.0536 (sd 0.0328 current 0.0744) | val/persist 0.074 | lr 5.07e-04
Epoch  12 | train 0.0518 | val 0.0539 (sd 0.0336 current 0.0743) | val/persist 0.074 | lr 5.07e-04
Epoch  13 | train 0.0510 | val 0.0501 (sd 0.0323 current 0.0678) | val/persist 0.069 | lr 5.07e-04
Epoch  14 | train 0.0501 | val 0.0557 (sd 0.0333 current 0.0782) | val/persist 0.077 | lr 5.07e-04
Epoch  15 | train 0.0491 | val 0.0663 (sd 0.0339 current 0.0987) | val/persist 0.091 | lr 5.07e-04
Epoch  16 | train 0.0504 | val 0.0517 (sd 0.0329 current 0.0704) | val/persist 0.071 | lr 5.07e-04
Epoch  17 | train 0.0477 | val 0.0491 (sd 0.0319 current 0.0664) | val/persist 0.068 | lr 5.07e-04
Epoch  18 | train 0.0467 | val 0.0496 (sd 0.0318 current 0.0675) | val/persist 0.068 | lr 5.07e-04
Epoch  19 | train 0.0464 | val 0.0485 (sd 0.0316 current 0.0654) | val/persist 0.067 | lr 5.07e-04
Epoch  20 | train 0.0459 | val 0.0508 (sd 0.0306 current 0.0709) | val/persist 0.070 | lr 5.07e-04
Epoch  21 | train 0.0445 | val 0.0485 (sd 0.0314 current 0.0656) | val/persist 0.067 | lr 5.07e-04
Epoch  22 | train 0.0446 | val 0.0465 (sd 0.0302 current 0.0627) | val/persist 0.064 | lr 5.07e-04
Epoch  23 | train 0.0444 | val 0.0504 (sd 0.0321 current 0.0687) | val/persist 0.069 | lr 5.07e-04
Epoch  24 | train 0.0433 | val 0.0487 (sd 0.0313 current 0.0661) | val/persist 0.067 | lr 5.07e-04
Epoch  25 | train 0.0432 | val 0.0479 (sd 0.0293 current 0.0664) | val/persist 0.066 | lr 5.07e-04
Epoch  26 | train 0.0422 | val 0.0466 (sd 0.0298 current 0.0634) | val/persist 0.064 | lr 5.07e-04
Epoch  27 | train 0.0422 | val 0.0480 (sd 0.0301 current 0.0660) | val/persist 0.066 | lr 5.07e-04
Epoch  28 | train 0.0413 | val 0.0501 (sd 0.0305 current 0.0696) | val/persist 0.069 | lr 5.07e-04
Epoch  29 | train 0.0412 | val 0.0473 (sd 0.0311 current 0.0636) | val/persist 0.065 | lr 5.07e-04
Epoch  30 | train 0.0409 | val 0.0478 (sd 0.0288 current 0.0668) | val/persist 0.066 | lr 5.07e-04
Epoch  31 | train 0.0412 | val 0.0470 (sd 0.0292 current 0.0647) | val/persist 0.065 | lr 5.07e-04
Epoch  32 | train 0.0397 | val 0.0470 (sd 0.0288 current 0.0652) | val/persist 0.065 | lr 5.07e-04
Epoch  33 | train 0.0400 | val 0.0455 (sd 0.0286 current 0.0624) | val/persist 0.063 | lr 5.07e-04
Epoch  34 | train 0.0388 | val 0.0477 (sd 0.0299 current 0.0655) | val/persist 0.066 | lr 5.07e-04
Epoch  35 | train 0.0389 | val 0.0446 (sd 0.0278 current 0.0614) | val/persist 0.061 | lr 5.07e-04
Epoch  36 | train 0.0385 | val 0.0455 (sd 0.0281 current 0.0630) | val/persist 0.063 | lr 5.07e-04
Epoch  37 | train 0.0375 | val 0.0462 (sd 0.0288 current 0.0636) | val/persist 0.064 | lr 5.07e-04
Epoch  38 | train 0.0368 | val 0.0471 (sd 0.0279 current 0.0663) | val/persist 0.065 | lr 5.07e-04
Epoch  39 | train 0.0366 | val 0.0461 (sd 0.0257 current 0.0664) | val/persist 0.063 | lr 5.07e-04
Epoch  40 | train 0.0365 | val 0.0437 (sd 0.0254 current 0.0619) | val/persist 0.060 | lr 5.07e-04
Epoch  41 | train 0.0350 | val 0.0449 (sd 0.0253 current 0.0645) | val/persist 0.062 | lr 5.07e-04
Epoch  42 | train 0.0352 | val 0.0446 (sd 0.0255 current 0.0638) | val/persist 0.061 | lr 5.07e-04
Epoch  43 | train 0.0350 | val 0.0428 (sd 0.0242 current 0.0615) | val/persist 0.059 | lr 5.07e-04
Epoch  44 | train 0.0344 | val 0.0442 (sd 0.0247 current 0.0637) | val/persist 0.061 | lr 5.07e-04
Epoch  45 | train 0.0335 | val 0.0448 (sd 0.0257 current 0.0640) | val/persist 0.062 | lr 5.07e-04
Epoch  46 | train 0.0328 | val 0.0446 (sd 0.0252 current 0.0640) | val/persist 0.061 | lr 5.07e-04
Epoch  47 | train 0.0330 | val 0.0438 (sd 0.0240 current 0.0636) | val/persist 0.060 | lr 5.07e-04
Epoch  48 | train 0.0323 | val 0.0442 (sd 0.0238 current 0.0647) | val/persist 0.061 | lr 5.07e-04
Epoch  49 | train 0.0322 | val 0.0424 (sd 0.0241 current 0.0606) | val/persist 0.058 | lr 5.07e-04
Epoch  50 | train 0.0315 | val 0.0452 (sd 0.0238 current 0.0665) | val/persist 0.062 | lr 5.07e-04
Epoch  51 | train 0.0316 | val 0.0443 (sd 0.0238 current 0.0647) | val/persist 0.061 | lr 5.07e-04
Epoch  52 | train 0.0312 | val 0.0458 (sd 0.0239 current 0.0677) | val/persist 0.063 | lr 5.07e-04
Epoch  53 | train 0.0310 | val 0.0445 (sd 0.0243 current 0.0646) | val/persist 0.061 | lr 5.07e-04
Epoch  54 | train 0.0309 | val 0.0455 (sd 0.0259 current 0.0652) | val/persist 0.063 | lr 5.07e-04
Epoch  55 | train 0.0301 | val 0.0450 (sd 0.0244 current 0.0657) | val/persist 0.062 | lr 5.07e-04
Epoch  56 | train 0.0294 | val 0.0448 (sd 0.0242 current 0.0654) | val/persist 0.062 | lr 5.07e-04
Epoch  57 | train 0.0291 | val 0.0444 (sd 0.0250 current 0.0638) | val/persist 0.061 | lr 5.07e-04
Epoch  58 | train 0.0290 | val 0.0464 (sd 0.0246 current 0.0682) | val/persist 0.064 | lr 5.07e-04
Epoch  59 | train 0.0282 | val 0.0450 (sd 0.0256 current 0.0643) | val/persist 0.062 | lr 5.07e-04

Training completato. Best val: 0.0424 a epoch 49 (persistenza 0.7267)
[I 2026-10-01 11:12:02,056] Trial 65 finished with value: 0.0423644585090037 and parameters: {'gru_hidden': 256, 'mlp_hidden': 128, 'num_layers': 1, 'dropout': 0.022685986575912646, 'weight_decay': 0.00011729819619142139, 'lr': 0.0005071986924744285, 'batch_size': 64, 'clip_norm': 5.0}. Best is trial 51 with value: 0.04060395106976984.
Split per-trial: 26879 finestre train | 6721 finestre val
Baseline persistenza (val): 0.7267 (sd 0.3393 | current 1.1141)
Epoch   0 | train 0.2204 | val 0.1183 (sd 0.0473 current 0.1893) | val/persist 0.163 | lr 1.37e-03
Epoch   1 | train 0.1017 | val 0.0960 (sd 0.0426 current 0.1494) | val/persist 0.132 | lr 1.37e-03
Epoch   2 | train 0.0894 | val 0.0821 (sd 0.0397 current 0.1245) | val/persist 0.113 | lr 1.37e-03
Epoch   3 | train 0.0828 | val 0.0827 (sd 0.0429 current 0.1225) | val/persist 0.114 | lr 1.37e-03
Epoch   4 | train 0.0775 | val 0.0778 (sd 0.0413 current 0.1143) | val/persist 0.107 | lr 1.37e-03
Epoch   5 | train 0.0748 | val 0.0723 (sd 0.0432 current 0.1014) | val/persist 0.099 | lr 1.37e-03
Epoch   6 | train 0.0725 | val 0.0690 (sd 0.0385 current 0.0995) | val/persist 0.095 | lr 1.37e-03
Epoch   7 | train 0.0704 | val 0.0658 (sd 0.0390 current 0.0926) | val/persist 0.090 | lr 1.37e-03
Epoch   8 | train 0.0691 | val 0.0634 (sd 0.0376 current 0.0893) | val/persist 0.087 | lr 1.37e-03
[I 2026-10-01 11:12:15,360] Trial 86 pruned. 

Best val: 0.04060
  gru_hidden: 128
  mlp_hidden: 512
  num_layers: 1
  dropout: 0.049354605028018486
  weight_decay: 5.791227551651641e-06
  lr: 0.0018939679528908676
  batch_size: 256
  clip_norm: 1.0
Report: /home/gemma/tesi/aquabot/src/net/fm/tuning/tuning_results/best_fm_h20_nores.txt
