Studio: fm_h20_nores | device cpu | H=20 | residual=False
Caricamento dataset (p=1)...
Trovati 120 trial.
Dataset grezzo: 120 trial letti. Scaler e finestre costruiti in split_by_trial() (fit solo su train).
/home/gemma/tesi/aquabot/src/net/fm/tuning/tune.py:222: ExperimentalWarning: Argument ``multivariate`` is an experimental feature. The interface can change in the future.
  sampler = optuna.samplers.TPESampler(
/home/gemma/tesi/aquabot/src/net/fm/tuning/tune.py:222: ExperimentalWarning: Argument ``group`` is an experimental feature. The interface can change in the future.
  sampler = optuna.samplers.TPESampler(
/home/gemma/tesi/aquabot/src/net/fm/tuning/tune.py:222: ExperimentalWarning: Argument ``constant_liar`` is an experimental feature. The interface can change in the future.
  sampler = optuna.samplers.TPESampler(
[I 2026-10-01 10:42:59,580] Using an existing study with name 'fm_h20_nores' instead of creating a new one.
Normalizzatore caricato da /home/gemma/tesi/aquabot/src/net/scaler/scalers_joint.pkl (nessun refit).
Dataset: 33600 campioni da 120 trial. H=20 P=1 | seq_cmd=(20, 1) seq_sens=(20, 2)
Split per-trial: 26879 finestre train | 6721 finestre val
Baseline persistenza (val): 0.7267 (sd 0.3393 | current 1.1141)
Epoch   0 | train 0.4029 | val 0.1799 (sd 0.0632 current 0.2965) | val/persist 0.247 | lr 1.02e-03
Epoch   1 | train 0.1904 | val 0.1291 (sd 0.0523 current 0.2058) | val/persist 0.178 | lr 1.02e-03
Epoch   2 | train 0.1593 | val 0.1114 (sd 0.0471 current 0.1757) | val/persist 0.153 | lr 1.02e-03
Epoch   3 | train 0.1463 | val 0.1062 (sd 0.0461 current 0.1662) | val/persist 0.146 | lr 1.02e-03
Epoch   4 | train 0.1368 | val 0.1025 (sd 0.0474 current 0.1577) | val/persist 0.141 | lr 1.02e-03
Epoch   5 | train 0.1307 | val 0.0944 (sd 0.0449 current 0.1438) | val/persist 0.130 | lr 1.02e-03
Epoch   6 | train 0.1275 | val 0.0946 (sd 0.0445 current 0.1446) | val/persist 0.130 | lr 1.02e-03
Epoch   7 | train 0.1236 | val 0.0894 (sd 0.0435 current 0.1353) | val/persist 0.123 | lr 1.02e-03
Epoch   8 | train 0.1187 | val 0.0877 (sd 0.0441 current 0.1313) | val/persist 0.121 | lr 1.02e-03
Epoch   9 | train 0.1156 | val 0.0852 (sd 0.0448 current 0.1256) | val/persist 0.117 | lr 1.02e-03
Epoch  10 | train 0.1148 | val 0.0837 (sd 0.0427 current 0.1247) | val/persist 0.115 | lr 1.02e-03
Epoch  11 | train 0.1127 | val 0.0811 (sd 0.0421 current 0.1202) | val/persist 0.112 | lr 1.02e-03
Epoch  12 | train 0.1115 | val 0.0804 (sd 0.0434 current 0.1173) | val/persist 0.111 | lr 1.02e-03
Epoch  13 | train 0.1085 | val 0.0809 (sd 0.0429 current 0.1189) | val/persist 0.111 | lr 1.02e-03
Epoch  14 | train 0.1073 | val 0.0777 (sd 0.0420 current 0.1133) | val/persist 0.107 | lr 1.02e-03
Epoch  15 | train 0.1058 | val 0.0818 (sd 0.0453 current 0.1183) | val/persist 0.113 | lr 1.02e-03
Epoch  16 | train 0.1056 | val 0.0760 (sd 0.0431 current 0.1090) | val/persist 0.105 | lr 1.02e-03
Epoch  17 | train 0.1036 | val 0.0731 (sd 0.0412 current 0.1049) | val/persist 0.101 | lr 1.02e-03
Epoch  18 | train 0.1032 | val 0.0720 (sd 0.0414 current 0.1027) | val/persist 0.099 | lr 1.02e-03
Epoch  19 | train 0.1019 | val 0.0745 (sd 0.0413 current 0.1076) | val/persist 0.102 | lr 1.02e-03
Epoch  20 | train 0.0998 | val 0.0743 (sd 0.0443 current 0.1043) | val/persist 0.102 | lr 1.02e-03
Epoch  21 | train 0.0999 | val 0.0730 (sd 0.0419 current 0.1041) | val/persist 0.100 | lr 1.02e-03
Epoch  22 | train 0.0983 | val 0.0706 (sd 0.0401 current 0.1011) | val/persist 0.097 | lr 1.02e-03
Epoch  23 | train 0.0988 | val 0.0722 (sd 0.0438 current 0.1005) | val/persist 0.099 | lr 1.02e-03
Epoch  24 | train 0.0987 | val 0.0715 (sd 0.0408 current 0.1022) | val/persist 0.098 | lr 1.02e-03
Epoch  25 | train 0.0965 | val 0.0707 (sd 0.0415 current 0.0998) | val/persist 0.097 | lr 1.02e-03
Epoch  26 | train 0.0968 | val 0.0678 (sd 0.0391 current 0.0966) | val/persist 0.093 | lr 1.02e-03
Epoch  27 | train 0.0965 | val 0.0677 (sd 0.0397 current 0.0958) | val/persist 0.093 | lr 1.02e-03
Epoch  28 | train 0.0950 | val 0.0712 (sd 0.0417 current 0.1007) | val/persist 0.098 | lr 1.02e-03
Epoch  29 | train 0.0957 | val 0.0699 (sd 0.0414 current 0.0983) | val/persist 0.096 | lr 1.02e-03
Epoch  30 | train 0.0940 | val 0.0662 (sd 0.0399 current 0.0925) | val/persist 0.091 | lr 1.02e-03
Epoch  31 | train 0.0931 | val 0.0701 (sd 0.0415 current 0.0987) | val/persist 0.096 | lr 1.02e-03
Epoch  32 | train 0.0926 | val 0.0691 (sd 0.0396 current 0.0986) | val/persist 0.095 | lr 1.02e-03
Epoch  33 | train 0.0927 | val 0.0680 (sd 0.0418 current 0.0943) | val/persist 0.094 | lr 1.02e-03
Epoch  34 | train 0.0927 | val 0.0666 (sd 0.0401 current 0.0931) | val/persist 0.092 | lr 1.02e-03
Epoch  35 | train 0.0927 | val 0.0680 (sd 0.0391 current 0.0968) | val/persist 0.094 | lr 1.02e-03
Epoch  36 | train 0.0929 | val 0.0657 (sd 0.0389 current 0.0924) | val/persist 0.090 | lr 1.02e-03
Epoch  37 | train 0.0902 | val 0.0662 (sd 0.0382 current 0.0942) | val/persist 0.091 | lr 1.02e-03
Epoch  38 | train 0.0911 | val 0.0686 (sd 0.0419 current 0.0952) | val/persist 0.094 | lr 1.02e-03
Epoch  39 | train 0.0915 | val 0.0679 (sd 0.0382 current 0.0977) | val/persist 0.093 | lr 1.02e-03
Epoch  40 | train 0.0899 | val 0.0626 (sd 0.0366 current 0.0885) | val/persist 0.086 | lr 1.02e-03
Epoch  41 | train 0.0904 | val 0.0647 (sd 0.0388 current 0.0906) | val/persist 0.089 | lr 1.02e-03
Epoch  42 | train 0.0902 | val 0.0636 (sd 0.0363 current 0.0909) | val/persist 0.087 | lr 1.02e-03
Epoch  43 | train 0.0873 | val 0.0642 (sd 0.0356 current 0.0928) | val/persist 0.088 | lr 1.02e-03
Epoch  44 | train 0.0878 | val 0.0676 (sd 0.0381 current 0.0971) | val/persist 0.093 | lr 1.02e-03
Epoch  45 | train 0.0885 | val 0.0612 (sd 0.0364 current 0.0860) | val/persist 0.084 | lr 1.02e-03
Epoch  46 | train 0.0874 | val 0.0649 (sd 0.0361 current 0.0936) | val/persist 0.089 | lr 1.02e-03
Epoch  47 | train 0.0879 | val 0.0603 (sd 0.0352 current 0.0853) | val/persist 0.083 | lr 1.02e-03
Epoch  48 | train 0.0868 | val 0.0612 (sd 0.0352 current 0.0871) | val/persist 0.084 | lr 1.02e-03
Epoch  49 | train 0.0875 | val 0.0615 (sd 0.0339 current 0.0891) | val/persist 0.085 | lr 1.02e-03
Epoch  50 | train 0.0853 | val 0.0585 (sd 0.0338 current 0.0833) | val/persist 0.081 | lr 1.02e-03
Epoch  51 | train 0.0864 | val 0.0592 (sd 0.0341 current 0.0843) | val/persist 0.081 | lr 1.02e-03
Epoch  52 | train 0.0855 | val 0.0597 (sd 0.0359 current 0.0835) | val/persist 0.082 | lr 1.02e-03
Epoch  53 | train 0.0848 | val 0.0590 (sd 0.0350 current 0.0830) | val/persist 0.081 | lr 1.02e-03
Epoch  54 | train 0.0860 | val 0.0613 (sd 0.0415 current 0.0811) | val/persist 0.084 | lr 1.02e-03
Epoch  55 | train 0.0842 | val 0.0629 (sd 0.0352 current 0.0906) | val/persist 0.087 | lr 1.02e-03
Epoch  56 | train 0.0850 | val 0.0584 (sd 0.0348 current 0.0820) | val/persist 0.080 | lr 1.02e-03
Epoch  57 | train 0.0843 | val 0.0600 (sd 0.0343 current 0.0856) | val/persist 0.083 | lr 1.02e-03
Epoch  58 | train 0.0841 | val 0.0608 (sd 0.0333 current 0.0884) | val/persist 0.084 | lr 1.02e-03
Epoch  59 | train 0.0842 | val 0.0587 (sd 0.0347 current 0.0828) | val/persist 0.081 | lr 1.02e-03

Training completato. Best val: 0.0584 a epoch 56 (persistenza 0.7267)
[I 2026-10-01 10:45:13,733] Trial 3 finished with value: 0.058409157049051086 and parameters: {'gru_hidden': 32, 'mlp_hidden': 128, 'num_layers': 2, 'dropout': 0.266713701708572, 'weight_decay': 1.116230230225802e-06, 'lr': 0.0010172930924891657, 'batch_size': 256, 'clip_norm': 0.5}. Best is trial 3 with value: 0.058409157049051086.
Split per-trial: 26879 finestre train | 6721 finestre val
Baseline persistenza (val): 0.7267 (sd 0.3393 | current 1.1141)
Epoch   0 | train 0.2271 | val 0.1086 (sd 0.0469 current 0.1703) | val/persist 0.149 | lr 9.72e-04
Epoch   1 | train 0.1164 | val 0.0967 (sd 0.0480 current 0.1454) | val/persist 0.133 | lr 9.72e-04
Epoch   2 | train 0.1051 | val 0.0911 (sd 0.0425 current 0.1398) | val/persist 0.125 | lr 9.72e-04
Epoch   3 | train 0.0953 | val 0.0793 (sd 0.0421 current 0.1166) | val/persist 0.109 | lr 9.72e-04
Epoch   4 | train 0.0922 | val 0.0757 (sd 0.0405 current 0.1110) | val/persist 0.104 | lr 9.72e-04
Epoch   5 | train 0.0890 | val 0.0709 (sd 0.0405 current 0.1013) | val/persist 0.098 | lr 9.72e-04
Epoch   6 | train 0.0869 | val 0.0700 (sd 0.0398 current 0.1003) | val/persist 0.096 | lr 9.72e-04
Epoch   7 | train 0.0833 | val 0.0679 (sd 0.0420 current 0.0938) | val/persist 0.093 | lr 9.72e-04
Epoch   8 | train 0.0812 | val 0.0683 (sd 0.0407 current 0.0959) | val/persist 0.094 | lr 9.72e-04
Epoch   9 | train 0.0798 | val 0.0654 (sd 0.0384 current 0.0923) | val/persist 0.090 | lr 9.72e-04
Epoch  10 | train 0.0790 | val 0.0635 (sd 0.0384 current 0.0885) | val/persist 0.087 | lr 9.72e-04
Epoch  11 | train 0.0769 | val 0.0610 (sd 0.0361 current 0.0859) | val/persist 0.084 | lr 9.72e-04
Epoch  12 | train 0.0763 | val 0.0578 (sd 0.0351 current 0.0806) | val/persist 0.080 | lr 9.72e-04
Epoch  13 | train 0.0741 | val 0.0585 (sd 0.0370 current 0.0801) | val/persist 0.081 | lr 9.72e-04
Epoch  14 | train 0.0735 | val 0.0626 (sd 0.0359 current 0.0894) | val/persist 0.086 | lr 9.72e-04
Epoch  15 | train 0.0724 | val 0.0583 (sd 0.0352 current 0.0814) | val/persist 0.080 | lr 9.72e-04
Epoch  16 | train 0.0717 | val 0.0571 (sd 0.0369 current 0.0774) | val/persist 0.079 | lr 9.72e-04
Epoch  17 | train 0.0707 | val 0.0629 (sd 0.0351 current 0.0906) | val/persist 0.087 | lr 9.72e-04
Epoch  18 | train 0.0704 | val 0.0549 (sd 0.0354 current 0.0745) | val/persist 0.076 | lr 9.72e-04
Epoch  19 | train 0.0696 | val 0.0589 (sd 0.0340 current 0.0837) | val/persist 0.081 | lr 9.72e-04
Epoch  20 | train 0.0690 | val 0.0564 (sd 0.0340 current 0.0787) | val/persist 0.078 | lr 9.72e-04
Epoch  21 | train 0.0689 | val 0.0533 (sd 0.0344 current 0.0723) | val/persist 0.073 | lr 9.72e-04
Epoch  22 | train 0.0682 | val 0.0567 (sd 0.0359 current 0.0775) | val/persist 0.078 | lr 9.72e-04
Epoch  23 | train 0.0680 | val 0.0517 (sd 0.0334 current 0.0699) | val/persist 0.071 | lr 9.72e-04
Epoch  24 | train 0.0668 | val 0.0507 (sd 0.0320 current 0.0694) | val/persist 0.070 | lr 9.72e-04
Epoch  25 | train 0.0670 | val 0.0531 (sd 0.0346 current 0.0715) | val/persist 0.073 | lr 9.72e-04
Epoch  26 | train 0.0665 | val 0.0524 (sd 0.0332 current 0.0716) | val/persist 0.072 | lr 9.72e-04
Epoch  27 | train 0.0653 | val 0.0533 (sd 0.0321 current 0.0744) | val/persist 0.073 | lr 9.72e-04
Epoch  28 | train 0.0661 | val 0.0498 (sd 0.0316 current 0.0681) | val/persist 0.069 | lr 9.72e-04
Epoch  29 | train 0.0643 | val 0.0515 (sd 0.0319 current 0.0711) | val/persist 0.071 | lr 9.72e-04
Epoch  30 | train 0.0654 | val 0.0528 (sd 0.0331 current 0.0725) | val/persist 0.073 | lr 9.72e-04
Epoch  31 | train 0.0638 | val 0.0522 (sd 0.0359 current 0.0686) | val/persist 0.072 | lr 9.72e-04
Epoch  32 | train 0.0642 | val 0.0527 (sd 0.0331 current 0.0722) | val/persist 0.073 | lr 9.72e-04
Epoch  33 | train 0.0636 | val 0.0518 (sd 0.0323 current 0.0712) | val/persist 0.071 | lr 9.72e-04
Epoch  34 | train 0.0627 | val 0.0512 (sd 0.0321 current 0.0704) | val/persist 0.070 | lr 9.72e-04
Epoch  35 | train 0.0635 | val 0.0518 (sd 0.0340 current 0.0696) | val/persist 0.071 | lr 9.72e-04
Epoch  36 | train 0.0626 | val 0.0531 (sd 0.0335 current 0.0727) | val/persist 0.073 | lr 9.72e-04
Epoch  37 | train 0.0622 | val 0.0534 (sd 0.0308 current 0.0759) | val/persist 0.073 | lr 9.72e-04
Epoch  38 | train 0.0623 | val 0.0487 (sd 0.0315 current 0.0659) | val/persist 0.067 | lr 9.72e-04
Epoch  39 | train 0.0610 | val 0.0519 (sd 0.0339 current 0.0699) | val/persist 0.071 | lr 9.72e-04
Epoch  40 | train 0.0614 | val 0.0476 (sd 0.0311 current 0.0641) | val/persist 0.066 | lr 9.72e-04
Epoch  41 | train 0.0613 | val 0.0507 (sd 0.0312 current 0.0702) | val/persist 0.070 | lr 9.72e-04
Epoch  42 | train 0.0610 | val 0.0548 (sd 0.0325 current 0.0772) | val/persist 0.075 | lr 9.72e-04
Epoch  43 | train 0.0605 | val 0.0504 (sd 0.0322 current 0.0687) | val/persist 0.069 | lr 9.72e-04
Epoch  44 | train 0.0605 | val 0.0524 (sd 0.0320 current 0.0728) | val/persist 0.072 | lr 9.72e-04
Epoch  45 | train 0.0597 | val 0.0516 (sd 0.0329 current 0.0702) | val/persist 0.071 | lr 9.72e-04
Epoch  46 | train 0.0598 | val 0.0543 (sd 0.0362 current 0.0723) | val/persist 0.075 | lr 9.72e-04
Epoch  47 | train 0.0605 | val 0.0483 (sd 0.0306 current 0.0661) | val/persist 0.067 | lr 9.72e-04
Epoch  48 | train 0.0600 | val 0.0478 (sd 0.0313 current 0.0643) | val/persist 0.066 | lr 9.72e-04
Epoch  49 | train 0.0595 | val 0.0523 (sd 0.0343 current 0.0702) | val/persist 0.072 | lr 9.72e-04
Epoch  50 | train 0.0591 | val 0.0492 (sd 0.0306 current 0.0678) | val/persist 0.068 | lr 9.72e-04
Epoch  51 | train 0.0590 | val 0.0505 (sd 0.0320 current 0.0690) | val/persist 0.069 | lr 4.86e-04
Epoch  52 | train 0.0554 | val 0.0453 (sd 0.0310 current 0.0595) | val/persist 0.062 | lr 4.86e-04
Epoch  53 | train 0.0550 | val 0.0455 (sd 0.0299 current 0.0610) | val/persist 0.063 | lr 4.86e-04
Epoch  54 | train 0.0547 | val 0.0474 (sd 0.0305 current 0.0644) | val/persist 0.065 | lr 4.86e-04
Epoch  55 | train 0.0547 | val 0.0470 (sd 0.0299 current 0.0640) | val/persist 0.065 | lr 4.86e-04
Epoch  56 | train 0.0551 | val 0.0467 (sd 0.0300 current 0.0634) | val/persist 0.064 | lr 4.86e-04
Epoch  57 | train 0.0541 | val 0.0474 (sd 0.0299 current 0.0648) | val/persist 0.065 | lr 4.86e-04
Epoch  58 | train 0.0547 | val 0.0471 (sd 0.0309 current 0.0633) | val/persist 0.065 | lr 4.86e-04
Epoch  59 | train 0.0537 | val 0.0476 (sd 0.0320 current 0.0631) | val/persist 0.065 | lr 4.86e-04

Training completato. Best val: 0.0453 a epoch 52 (persistenza 0.7267)
[I 2026-10-01 10:47:42,916] Trial 8 finished with value: 0.045256946896038104 and parameters: {'gru_hidden': 64, 'mlp_hidden': 256, 'num_layers': 1, 'dropout': 0.27868785744339253, 'weight_decay': 8.176928006380031e-06, 'lr': 0.0009724921689988652, 'batch_size': 128, 'clip_norm': 0.5}. Best is trial 8 with value: 0.045256946896038104.
Split per-trial: 26879 finestre train | 6721 finestre val
Baseline persistenza (val): 0.7267 (sd 0.3393 | current 1.1141)
Epoch   0 | train 0.4222 | val 0.1617 (sd 0.0586 current 0.2648) | val/persist 0.223 | lr 1.64e-04
Epoch   1 | train 0.2057 | val 0.1295 (sd 0.0555 current 0.2035) | val/persist 0.178 | lr 1.64e-04
Epoch   2 | train 0.1767 | val 0.1007 (sd 0.0460 current 0.1554) | val/persist 0.139 | lr 1.64e-04
Epoch   3 | train 0.1599 | val 0.0893 (sd 0.0418 current 0.1369) | val/persist 0.123 | lr 1.64e-04
Epoch   4 | train 0.1516 | val 0.0804 (sd 0.0420 current 0.1189) | val/persist 0.111 | lr 1.64e-04
Epoch   5 | train 0.1432 | val 0.0750 (sd 0.0401 current 0.1098) | val/persist 0.103 | lr 1.64e-04
Epoch   6 | train 0.1402 | val 0.0820 (sd 0.0425 current 0.1215) | val/persist 0.113 | lr 1.64e-04
Epoch   7 | train 0.1352 | val 0.0750 (sd 0.0459 current 0.1041) | val/persist 0.103 | lr 1.64e-04
Epoch   8 | train 0.1324 | val 0.0736 (sd 0.0408 current 0.1063) | val/persist 0.101 | lr 1.64e-04
Epoch   9 | train 0.1306 | val 0.0724 (sd 0.0394 current 0.1053) | val/persist 0.100 | lr 1.64e-04
Epoch  10 | train 0.1276 | val 0.0727 (sd 0.0442 current 0.1013) | val/persist 0.100 | lr 1.64e-04
Epoch  11 | train 0.1263 | val 0.0692 (sd 0.0395 current 0.0989) | val/persist 0.095 | lr 1.64e-04
Epoch  12 | train 0.1240 | val 0.0710 (sd 0.0476 current 0.0944) | val/persist 0.098 | lr 1.64e-04
Epoch  13 | train 0.1235 | val 0.0687 (sd 0.0427 current 0.0948) | val/persist 0.095 | lr 1.64e-04
Epoch  14 | train 0.1204 | val 0.0728 (sd 0.0429 current 0.1027) | val/persist 0.100 | lr 1.64e-04
Epoch  15 | train 0.1208 | val 0.0739 (sd 0.0475 current 0.1003) | val/persist 0.102 | lr 1.64e-04
Epoch  16 | train 0.1186 | val 0.0646 (sd 0.0428 current 0.0863) | val/persist 0.089 | lr 1.64e-04
Epoch  17 | train 0.1186 | val 0.0644 (sd 0.0379 current 0.0909) | val/persist 0.089 | lr 1.64e-04
Epoch  18 | train 0.1173 | val 0.0627 (sd 0.0395 current 0.0860) | val/persist 0.086 | lr 1.64e-04
Epoch  19 | train 0.1161 | val 0.0656 (sd 0.0411 current 0.0900) | val/persist 0.090 | lr 1.64e-04
Epoch  20 | train 0.1144 | val 0.0633 (sd 0.0417 current 0.0848) | val/persist 0.087 | lr 1.64e-04
Epoch  21 | train 0.1144 | val 0.0611 (sd 0.0396 current 0.0825) | val/persist 0.084 | lr 1.64e-04
Epoch  22 | train 0.1141 | val 0.0653 (sd 0.0444 current 0.0863) | val/persist 0.090 | lr 1.64e-04
Epoch  23 | train 0.1126 | val 0.0669 (sd 0.0472 current 0.0865) | val/persist 0.092 | lr 1.64e-04
Epoch  24 | train 0.1124 | val 0.0633 (sd 0.0393 current 0.0873) | val/persist 0.087 | lr 1.64e-04
[I 2026-10-01 10:54:08,095] Trial 12 pruned. 
Split per-trial: 26879 finestre train | 6721 finestre val
Baseline persistenza (val): 0.7267 (sd 0.3393 | current 1.1141)
Epoch   0 | train 0.3362 | val 0.1377 (sd 0.0505 current 0.2249) | val/persist 0.189 | lr 3.30e-03
Epoch   1 | train 0.1589 | val 0.1156 (sd 0.0558 current 0.1755) | val/persist 0.159 | lr 3.30e-03
Epoch   2 | train 0.1415 | val 0.0965 (sd 0.0422 current 0.1507) | val/persist 0.133 | lr 3.30e-03
Epoch   3 | train 0.1263 | val 0.0895 (sd 0.0439 current 0.1350) | val/persist 0.123 | lr 3.30e-03
Epoch   4 | train 0.1238 | val 0.0892 (sd 0.0426 current 0.1357) | val/persist 0.123 | lr 3.30e-03
Epoch   5 | train 0.1211 | val 0.0847 (sd 0.0433 current 0.1261) | val/persist 0.117 | lr 3.30e-03
Epoch   6 | train 0.1135 | val 0.0770 (sd 0.0422 current 0.1117) | val/persist 0.106 | lr 3.30e-03
Epoch   7 | train 0.1135 | val 0.0757 (sd 0.0396 current 0.1118) | val/persist 0.104 | lr 3.30e-03
Epoch   8 | train 0.1096 | val 0.0723 (sd 0.0397 current 0.1048) | val/persist 0.099 | lr 3.30e-03
Epoch   9 | train 0.1067 | val 0.0726 (sd 0.0385 current 0.1068) | val/persist 0.100 | lr 3.30e-03
Epoch  10 | train 0.1050 | val 0.0906 (sd 0.0437 current 0.1375) | val/persist 0.125 | lr 3.30e-03
Epoch  11 | train 0.1060 | val 0.0695 (sd 0.0384 current 0.1007) | val/persist 0.096 | lr 3.30e-03
[I 2026-10-01 10:54:35,510] Trial 27 pruned. 
Split per-trial: 26879 finestre train | 6721 finestre val
Baseline persistenza (val): 0.7267 (sd 0.3393 | current 1.1141)
Epoch   0 | train 0.8528 | val 0.4724 (sd 0.2319 current 0.7128) | val/persist 0.650 | lr 1.73e-04
Epoch   1 | train 0.4843 | val 0.3006 (sd 0.1181 current 0.4831) | val/persist 0.414 | lr 1.73e-04
Epoch   2 | train 0.3945 | val 0.2525 (sd 0.0958 current 0.4093) | val/persist 0.348 | lr 1.73e-04
Epoch   3 | train 0.3614 | val 0.2257 (sd 0.0878 current 0.3635) | val/persist 0.311 | lr 1.73e-04
Epoch   4 | train 0.3413 | val 0.2056 (sd 0.0793 current 0.3319) | val/persist 0.283 | lr 1.73e-04
Epoch   5 | train 0.3239 | val 0.1887 (sd 0.0729 current 0.3044) | val/persist 0.260 | lr 1.73e-04
Epoch   6 | train 0.3097 | val 0.1814 (sd 0.0772 current 0.2856) | val/persist 0.250 | lr 1.73e-04
Epoch   7 | train 0.3016 | val 0.1665 (sd 0.0657 current 0.2674) | val/persist 0.229 | lr 1.73e-04
Epoch   8 | train 0.2934 | val 0.1678 (sd 0.0757 current 0.2598) | val/persist 0.231 | lr 1.73e-04
[I 2026-10-01 10:55:01,156] Trial 31 pruned. 
Split per-trial: 26879 finestre train | 6721 finestre val
Baseline persistenza (val): 0.7267 (sd 0.3393 | current 1.1141)
Epoch   0 | train 0.1814 | val 0.1185 (sd 0.0494 current 0.1876) | val/persist 0.163 | lr 1.31e-03
Epoch   1 | train 0.0887 | val 0.0871 (sd 0.0423 current 0.1320) | val/persist 0.120 | lr 1.31e-03
Epoch   2 | train 0.0788 | val 0.0829 (sd 0.0413 current 0.1245) | val/persist 0.114 | lr 1.31e-03
Epoch   3 | train 0.0730 | val 0.0767 (sd 0.0405 current 0.1130) | val/persist 0.106 | lr 1.31e-03
Epoch   4 | train 0.0680 | val 0.0722 (sd 0.0404 current 0.1040) | val/persist 0.099 | lr 1.31e-03
Epoch   5 | train 0.0657 | val 0.0693 (sd 0.0396 current 0.0990) | val/persist 0.095 | lr 1.31e-03
Epoch   6 | train 0.0624 | val 0.0653 (sd 0.0380 current 0.0926) | val/persist 0.090 | lr 1.31e-03
Epoch   7 | train 0.0608 | val 0.0642 (sd 0.0373 current 0.0912) | val/persist 0.088 | lr 1.31e-03
Epoch   8 | train 0.0586 | val 0.0627 (sd 0.0382 current 0.0872) | val/persist 0.086 | lr 1.31e-03
Epoch   9 | train 0.0599 | val 0.0613 (sd 0.0361 current 0.0864) | val/persist 0.084 | lr 1.31e-03
Epoch  10 | train 0.0565 | val 0.0612 (sd 0.0358 current 0.0865) | val/persist 0.084 | lr 1.31e-03
Epoch  11 | train 0.0551 | val 0.0583 (sd 0.0356 current 0.0809) | val/persist 0.080 | lr 1.31e-03
Epoch  12 | train 0.0548 | val 0.0588 (sd 0.0380 current 0.0796) | val/persist 0.081 | lr 1.31e-03
Epoch  13 | train 0.0537 | val 0.0572 (sd 0.0353 current 0.0790) | val/persist 0.079 | lr 1.31e-03
Epoch  14 | train 0.0521 | val 0.0577 (sd 0.0356 current 0.0798) | val/persist 0.079 | lr 1.31e-03
Epoch  15 | train 0.0519 | val 0.0587 (sd 0.0351 current 0.0823) | val/persist 0.081 | lr 1.31e-03
Epoch  16 | train 0.0523 | val 0.0571 (sd 0.0347 current 0.0795) | val/persist 0.079 | lr 1.31e-03
Epoch  17 | train 0.0505 | val 0.0531 (sd 0.0330 current 0.0732) | val/persist 0.073 | lr 1.31e-03
Epoch  18 | train 0.0503 | val 0.0534 (sd 0.0349 current 0.0720) | val/persist 0.074 | lr 1.31e-03
Epoch  19 | train 0.0501 | val 0.0538 (sd 0.0323 current 0.0753) | val/persist 0.074 | lr 1.31e-03
Epoch  20 | train 0.0496 | val 0.0525 (sd 0.0328 current 0.0721) | val/persist 0.072 | lr 1.31e-03
Epoch  21 | train 0.0487 | val 0.0532 (sd 0.0346 current 0.0719) | val/persist 0.073 | lr 1.31e-03
Epoch  22 | train 0.0493 | val 0.0516 (sd 0.0325 current 0.0707) | val/persist 0.071 | lr 1.31e-03
Epoch  23 | train 0.0482 | val 0.0552 (sd 0.0326 current 0.0777) | val/persist 0.076 | lr 1.31e-03
Epoch  24 | train 0.0487 | val 0.0499 (sd 0.0313 current 0.0685) | val/persist 0.069 | lr 1.31e-03
Epoch  25 | train 0.0481 | val 0.0508 (sd 0.0322 current 0.0694) | val/persist 0.070 | lr 1.31e-03
Epoch  26 | train 0.0469 | val 0.0499 (sd 0.0315 current 0.0684) | val/persist 0.069 | lr 1.31e-03
Epoch  27 | train 0.0459 | val 0.0516 (sd 0.0315 current 0.0718) | val/persist 0.071 | lr 1.31e-03
Epoch  28 | train 0.0468 | val 0.0499 (sd 0.0336 current 0.0663) | val/persist 0.069 | lr 1.31e-03
Epoch  29 | train 0.0469 | val 0.0517 (sd 0.0314 current 0.0720) | val/persist 0.071 | lr 1.31e-03
Epoch  30 | train 0.0465 | val 0.0518 (sd 0.0311 current 0.0725) | val/persist 0.071 | lr 1.31e-03
Epoch  31 | train 0.0461 | val 0.0482 (sd 0.0321 current 0.0644) | val/persist 0.066 | lr 1.31e-03
Epoch  32 | train 0.0459 | val 0.0474 (sd 0.0314 current 0.0634) | val/persist 0.065 | lr 1.31e-03
Epoch  33 | train 0.0451 | val 0.0537 (sd 0.0299 current 0.0774) | val/persist 0.074 | lr 1.31e-03
Epoch  34 | train 0.0460 | val 0.0485 (sd 0.0313 current 0.0657) | val/persist 0.067 | lr 1.31e-03
Epoch  35 | train 0.0447 | val 0.0527 (sd 0.0342 current 0.0712) | val/persist 0.072 | lr 1.31e-03
Epoch  36 | train 0.0441 | val 0.0479 (sd 0.0322 current 0.0636) | val/persist 0.066 | lr 1.31e-03
Epoch  37 | train 0.0444 | val 0.0481 (sd 0.0291 current 0.0670) | val/persist 0.066 | lr 1.31e-03
Epoch  38 | train 0.0440 | val 0.0499 (sd 0.0292 current 0.0706) | val/persist 0.069 | lr 1.31e-03
Epoch  39 | train 0.0435 | val 0.0462 (sd 0.0291 current 0.0634) | val/persist 0.064 | lr 1.31e-03
Epoch  40 | train 0.0435 | val 0.0466 (sd 0.0289 current 0.0642) | val/persist 0.064 | lr 1.31e-03
Epoch  41 | train 0.0428 | val 0.0463 (sd 0.0276 current 0.0649) | val/persist 0.064 | lr 1.31e-03
Epoch  42 | train 0.0423 | val 0.0518 (sd 0.0267 current 0.0769) | val/persist 0.071 | lr 1.31e-03
Epoch  43 | train 0.0427 | val 0.0505 (sd 0.0271 current 0.0740) | val/persist 0.070 | lr 1.31e-03
Epoch  44 | train 0.0424 | val 0.0452 (sd 0.0273 current 0.0632) | val/persist 0.062 | lr 1.31e-03
Epoch  45 | train 0.0419 | val 0.0460 (sd 0.0275 current 0.0644) | val/persist 0.063 | lr 1.31e-03
Epoch  46 | train 0.0413 | val 0.0490 (sd 0.0258 current 0.0721) | val/persist 0.067 | lr 1.31e-03
Epoch  47 | train 0.0412 | val 0.0451 (sd 0.0256 current 0.0646) | val/persist 0.062 | lr 1.31e-03
Epoch  48 | train 0.0411 | val 0.0466 (sd 0.0268 current 0.0664) | val/persist 0.064 | lr 1.31e-03
Epoch  49 | train 0.0415 | val 0.0482 (sd 0.0256 current 0.0708) | val/persist 0.066 | lr 1.31e-03
Epoch  50 | train 0.0417 | val 0.0437 (sd 0.0266 current 0.0609) | val/persist 0.060 | lr 1.31e-03
Epoch  51 | train 0.0409 | val 0.0465 (sd 0.0274 current 0.0656) | val/persist 0.064 | lr 1.31e-03
Epoch  52 | train 0.0411 | val 0.0465 (sd 0.0246 current 0.0685) | val/persist 0.064 | lr 1.31e-03
Epoch  53 | train 0.0409 | val 0.0465 (sd 0.0258 current 0.0672) | val/persist 0.064 | lr 1.31e-03
Epoch  54 | train 0.0404 | val 0.0439 (sd 0.0245 current 0.0634) | val/persist 0.060 | lr 1.31e-03
Epoch  55 | train 0.0398 | val 0.0492 (sd 0.0256 current 0.0728) | val/persist 0.068 | lr 1.31e-03
Epoch  56 | train 0.0406 | val 0.0448 (sd 0.0257 current 0.0638) | val/persist 0.062 | lr 1.31e-03
Epoch  57 | train 0.0401 | val 0.0439 (sd 0.0250 current 0.0628) | val/persist 0.060 | lr 1.31e-03
Epoch  58 | train 0.0399 | val 0.0453 (sd 0.0268 current 0.0638) | val/persist 0.062 | lr 1.31e-03
Epoch  59 | train 0.0395 | val 0.0469 (sd 0.0272 current 0.0666) | val/persist 0.065 | lr 1.31e-03

Training completato. Best val: 0.0437 a epoch 50 (persistenza 0.7267)
[I 2026-10-01 10:56:41,504] Trial 33 finished with value: 0.04372921609981414 and parameters: {'gru_hidden': 32, 'mlp_hidden': 256, 'num_layers': 1, 'dropout': 0.036572137752375965, 'weight_decay': 0.012504895168586353, 'lr': 0.0013143347992740383, 'batch_size': 128, 'clip_norm': 5.0}. Best is trial 0 with value: 0.0412080110396433.
Split per-trial: 26879 finestre train | 6721 finestre val
Baseline persistenza (val): 0.7267 (sd 0.3393 | current 1.1141)
Epoch   0 | train 0.1432 | val 0.0929 (sd 0.0421 current 0.1436) | val/persist 0.128 | lr 2.63e-03
Epoch   1 | train 0.0755 | val 0.0787 (sd 0.0426 current 0.1148) | val/persist 0.108 | lr 2.63e-03
Epoch   2 | train 0.0692 | val 0.0718 (sd 0.0407 current 0.1029) | val/persist 0.099 | lr 2.63e-03
Epoch   3 | train 0.0620 | val 0.0676 (sd 0.0391 current 0.0961) | val/persist 0.093 | lr 2.63e-03
Epoch   4 | train 0.0586 | val 0.0652 (sd 0.0363 current 0.0941) | val/persist 0.090 | lr 2.63e-03
Epoch   5 | train 0.0588 | val 0.0622 (sd 0.0394 current 0.0850) | val/persist 0.086 | lr 2.63e-03
Epoch   6 | train 0.0554 | val 0.0595 (sd 0.0343 current 0.0847) | val/persist 0.082 | lr 2.63e-03
Epoch   7 | train 0.0530 | val 0.0609 (sd 0.0360 current 0.0857) | val/persist 0.084 | lr 2.63e-03
Epoch   8 | train 0.0510 | val 0.0542 (sd 0.0329 current 0.0755) | val/persist 0.075 | lr 2.63e-03
Epoch   9 | train 0.0508 | val 0.0564 (sd 0.0387 current 0.0741) | val/persist 0.078 | lr 2.63e-03
Epoch  10 | train 0.0502 | val 0.0543 (sd 0.0361 current 0.0725) | val/persist 0.075 | lr 2.63e-03
Epoch  11 | train 0.0484 | val 0.0578 (sd 0.0340 current 0.0817) | val/persist 0.080 | lr 2.63e-03
Epoch  12 | train 0.0484 | val 0.0513 (sd 0.0322 current 0.0704) | val/persist 0.071 | lr 2.63e-03
Epoch  13 | train 0.0476 | val 0.0519 (sd 0.0339 current 0.0699) | val/persist 0.071 | lr 2.63e-03
Epoch  14 | train 0.0459 | val 0.0556 (sd 0.0367 current 0.0746) | val/persist 0.077 | lr 2.63e-03
Epoch  15 | train 0.0462 | val 0.0524 (sd 0.0340 current 0.0708) | val/persist 0.072 | lr 2.63e-03
Epoch  16 | train 0.0453 | val 0.0519 (sd 0.0310 current 0.0727) | val/persist 0.071 | lr 2.63e-03
Epoch  17 | train 0.0444 | val 0.0525 (sd 0.0318 current 0.0732) | val/persist 0.072 | lr 2.63e-03
Epoch  18 | train 0.0448 | val 0.0485 (sd 0.0308 current 0.0661) | val/persist 0.067 | lr 2.63e-03
Epoch  19 | train 0.0435 | val 0.0495 (sd 0.0309 current 0.0682) | val/persist 0.068 | lr 2.63e-03
Epoch  20 | train 0.0433 | val 0.0473 (sd 0.0300 current 0.0647) | val/persist 0.065 | lr 2.63e-03
Epoch  21 | train 0.0408 | val 0.0499 (sd 0.0275 current 0.0724) | val/persist 0.069 | lr 2.63e-03
Epoch  22 | train 0.0419 | val 0.0450 (sd 0.0243 current 0.0657) | val/persist 0.062 | lr 2.63e-03
Epoch  23 | train 0.0410 | val 0.0516 (sd 0.0269 current 0.0763) | val/persist 0.071 | lr 2.63e-03
Epoch  24 | train 0.0414 | val 0.0480 (sd 0.0237 current 0.0724) | val/persist 0.066 | lr 2.63e-03
Epoch  25 | train 0.0414 | val 0.0496 (sd 0.0257 current 0.0735) | val/persist 0.068 | lr 2.63e-03
Epoch  26 | train 0.0405 | val 0.0500 (sd 0.0246 current 0.0753) | val/persist 0.069 | lr 2.63e-03
Epoch  27 | train 0.0396 | val 0.0436 (sd 0.0240 current 0.0632) | val/persist 0.060 | lr 2.63e-03
Epoch  28 | train 0.0406 | val 0.0454 (sd 0.0260 current 0.0647) | val/persist 0.062 | lr 2.63e-03
Epoch  29 | train 0.0389 | val 0.0481 (sd 0.0242 current 0.0719) | val/persist 0.066 | lr 2.63e-03
Epoch  30 | train 0.0388 | val 0.0434 (sd 0.0236 current 0.0631) | val/persist 0.060 | lr 2.63e-03
Epoch  31 | train 0.0397 | val 0.0495 (sd 0.0271 current 0.0718) | val/persist 0.068 | lr 2.63e-03
Epoch  32 | train 0.0389 | val 0.0490 (sd 0.0246 current 0.0733) | val/persist 0.067 | lr 2.63e-03
Epoch  33 | train 0.0384 | val 0.0463 (sd 0.0251 current 0.0676) | val/persist 0.064 | lr 2.63e-03
Epoch  34 | train 0.0387 | val 0.0469 (sd 0.0252 current 0.0686) | val/persist 0.065 | lr 2.63e-03
Epoch  35 | train 0.0383 | val 0.0444 (sd 0.0245 current 0.0644) | val/persist 0.061 | lr 2.63e-03
Epoch  36 | train 0.0379 | val 0.0442 (sd 0.0251 current 0.0633) | val/persist 0.061 | lr 2.63e-03
Epoch  37 | train 0.0373 | val 0.0433 (sd 0.0238 current 0.0628) | val/persist 0.060 | lr 2.63e-03
Epoch  38 | train 0.0369 | val 0.0459 (sd 0.0250 current 0.0669) | val/persist 0.063 | lr 2.63e-03
Epoch  39 | train 0.0375 | val 0.0468 (sd 0.0247 current 0.0689) | val/persist 0.064 | lr 2.63e-03
Epoch  40 | train 0.0371 | val 0.0470 (sd 0.0248 current 0.0691) | val/persist 0.065 | lr 2.63e-03
Epoch  41 | train 0.0369 | val 0.0443 (sd 0.0249 current 0.0637) | val/persist 0.061 | lr 2.63e-03
Epoch  42 | train 0.0372 | val 0.0457 (sd 0.0250 current 0.0663) | val/persist 0.063 | lr 2.63e-03
Epoch  43 | train 0.0365 | val 0.0486 (sd 0.0245 current 0.0727) | val/persist 0.067 | lr 2.63e-03
Epoch  44 | train 0.0363 | val 0.0460 (sd 0.0261 current 0.0658) | val/persist 0.063 | lr 2.63e-03
Epoch  45 | train 0.0357 | val 0.0429 (sd 0.0247 current 0.0612) | val/persist 0.059 | lr 2.63e-03
Epoch  46 | train 0.0348 | val 0.0455 (sd 0.0248 current 0.0662) | val/persist 0.063 | lr 2.63e-03
Epoch  47 | train 0.0351 | val 0.0423 (sd 0.0245 current 0.0601) | val/persist 0.058 | lr 2.63e-03
Epoch  48 | train 0.0347 | val 0.0462 (sd 0.0262 current 0.0662) | val/persist 0.064 | lr 2.63e-03
Epoch  49 | train 0.0355 | val 0.0468 (sd 0.0258 current 0.0678) | val/persist 0.064 | lr 2.63e-03
Epoch  50 | train 0.0349 | val 0.0447 (sd 0.0243 current 0.0651) | val/persist 0.062 | lr 2.63e-03
Epoch  51 | train 0.0345 | val 0.0509 (sd 0.0255 current 0.0764) | val/persist 0.070 | lr 2.63e-03
Epoch  52 | train 0.0348 | val 0.0450 (sd 0.0237 current 0.0663) | val/persist 0.062 | lr 2.63e-03
Epoch  53 | train 0.0340 | val 0.0433 (sd 0.0230 current 0.0635) | val/persist 0.060 | lr 2.63e-03
Epoch  54 | train 0.0340 | val 0.0423 (sd 0.0242 current 0.0604) | val/persist 0.058 | lr 2.63e-03
Epoch  55 | train 0.0333 | val 0.0441 (sd 0.0237 current 0.0646) | val/persist 0.061 | lr 2.63e-03
Epoch  56 | train 0.0342 | val 0.0455 (sd 0.0238 current 0.0671) | val/persist 0.063 | lr 2.63e-03
Epoch  57 | train 0.0336 | val 0.0458 (sd 0.0245 current 0.0672) | val/persist 0.063 | lr 2.63e-03
Epoch  58 | train 0.0334 | val 0.0430 (sd 0.0234 current 0.0625) | val/persist 0.059 | lr 1.32e-03
Epoch  59 | train 0.0291 | val 0.0426 (sd 0.0236 current 0.0617) | val/persist 0.059 | lr 1.32e-03

Training completato. Best val: 0.0423 a epoch 47 (persistenza 0.7267)
[I 2026-10-01 10:58:23,477] Trial 37 finished with value: 0.04228783428021581 and parameters: {'gru_hidden': 32, 'mlp_hidden': 256, 'num_layers': 1, 'dropout': 0.00269899498727446, 'weight_decay': 0.016416115045083866, 'lr': 0.0026311135149495765, 'batch_size': 128, 'clip_norm': 5.0}. Best is trial 0 with value: 0.0412080110396433.
Split per-trial: 26879 finestre train | 6721 finestre val
Baseline persistenza (val): 0.7267 (sd 0.3393 | current 1.1141)
Epoch   0 | train 0.1706 | val 0.0976 (sd 0.0441 current 0.1511) | val/persist 0.134 | lr 2.07e-03
Epoch   1 | train 0.0957 | val 0.0859 (sd 0.0433 current 0.1285) | val/persist 0.118 | lr 2.07e-03
Epoch   2 | train 0.0860 | val 0.0809 (sd 0.0408 current 0.1211) | val/persist 0.111 | lr 2.07e-03
Epoch   3 | train 0.0802 | val 0.0774 (sd 0.0417 current 0.1132) | val/persist 0.107 | lr 2.07e-03
Epoch   4 | train 0.0744 | val 0.0704 (sd 0.0397 current 0.1011) | val/persist 0.097 | lr 2.07e-03
Epoch   5 | train 0.0737 | val 0.0679 (sd 0.0387 current 0.0972) | val/persist 0.093 | lr 2.07e-03
Epoch   6 | train 0.0702 | val 0.0731 (sd 0.0407 current 0.1056) | val/persist 0.101 | lr 2.07e-03
Epoch   7 | train 0.0675 | val 0.0662 (sd 0.0382 current 0.0941) | val/persist 0.091 | lr 2.07e-03
Epoch   8 | train 0.0686 | val 0.0777 (sd 0.0478 current 0.1077) | val/persist 0.107 | lr 2.07e-03
Epoch   9 | train 0.0681 | val 0.0653 (sd 0.0392 current 0.0914) | val/persist 0.090 | lr 2.07e-03
Epoch  10 | train 0.0644 | val 0.0594 (sd 0.0361 current 0.0827) | val/persist 0.082 | lr 2.07e-03
Epoch  11 | train 0.0657 | val 0.0616 (sd 0.0368 current 0.0864) | val/persist 0.085 | lr 2.07e-03
Epoch  12 | train 0.0634 | val 0.0574 (sd 0.0349 current 0.0799) | val/persist 0.079 | lr 2.07e-03
Epoch  13 | train 0.0618 | val 0.0564 (sd 0.0357 current 0.0772) | val/persist 0.078 | lr 2.07e-03
Epoch  14 | train 0.0617 | val 0.0575 (sd 0.0386 current 0.0765) | val/persist 0.079 | lr 2.07e-03
Epoch  15 | train 0.0630 | val 0.0593 (sd 0.0369 current 0.0817) | val/persist 0.082 | lr 2.07e-03
Epoch  16 | train 0.0605 | val 0.0585 (sd 0.0359 current 0.0812) | val/persist 0.081 | lr 2.07e-03
Epoch  17 | train 0.0605 | val 0.0547 (sd 0.0332 current 0.0761) | val/persist 0.075 | lr 2.07e-03
Epoch  18 | train 0.0609 | val 0.0556 (sd 0.0340 current 0.0771) | val/persist 0.077 | lr 2.07e-03
Epoch  19 | train 0.0603 | val 0.0527 (sd 0.0331 current 0.0724) | val/persist 0.073 | lr 2.07e-03
Epoch  20 | train 0.0580 | val 0.0537 (sd 0.0332 current 0.0741) | val/persist 0.074 | lr 2.07e-03
Epoch  21 | train 0.0597 | val 0.0547 (sd 0.0339 current 0.0754) | val/persist 0.075 | lr 2.07e-03
Epoch  22 | train 0.0579 | val 0.0643 (sd 0.0379 current 0.0906) | val/persist 0.088 | lr 2.07e-03
Epoch  23 | train 0.0608 | val 0.0518 (sd 0.0326 current 0.0710) | val/persist 0.071 | lr 2.07e-03
Epoch  24 | train 0.0589 | val 0.0552 (sd 0.0342 current 0.0763) | val/persist 0.076 | lr 2.07e-03
Epoch  25 | train 0.0577 | val 0.0527 (sd 0.0352 current 0.0702) | val/persist 0.072 | lr 2.07e-03
Epoch  26 | train 0.0579 | val 0.0525 (sd 0.0338 current 0.0712) | val/persist 0.072 | lr 2.07e-03
Epoch  27 | train 0.0572 | val 0.0529 (sd 0.0351 current 0.0706) | val/persist 0.073 | lr 2.07e-03
Epoch  28 | train 0.0556 | val 0.0534 (sd 0.0326 current 0.0741) | val/persist 0.073 | lr 2.07e-03
Epoch  29 | train 0.0552 | val 0.0514 (sd 0.0320 current 0.0708) | val/persist 0.071 | lr 2.07e-03
Epoch  30 | train 0.0561 | val 0.0560 (sd 0.0325 current 0.0795) | val/persist 0.077 | lr 2.07e-03
Epoch  31 | train 0.0567 | val 0.0529 (sd 0.0341 current 0.0716) | val/persist 0.073 | lr 2.07e-03
[I 2026-10-01 10:59:21,607] Trial 42 pruned. 
Split per-trial: 26879 finestre train | 6721 finestre val
Baseline persistenza (val): 0.7267 (sd 0.3393 | current 1.1141)
Epoch   0 | train 0.2361 | val 0.1166 (sd 0.0476 current 0.1856) | val/persist 0.160 | lr 1.36e-03
Epoch   1 | train 0.1014 | val 0.0974 (sd 0.0456 current 0.1492) | val/persist 0.134 | lr 1.36e-03
Epoch   2 | train 0.0892 | val 0.0857 (sd 0.0437 current 0.1277) | val/persist 0.118 | lr 1.36e-03
Epoch   3 | train 0.0813 | val 0.0774 (sd 0.0405 current 0.1143) | val/persist 0.107 | lr 1.36e-03
Epoch   4 | train 0.0779 | val 0.0812 (sd 0.0400 current 0.1224) | val/persist 0.112 | lr 1.36e-03
Epoch   5 | train 0.0727 | val 0.0706 (sd 0.0417 current 0.0996) | val/persist 0.097 | lr 1.36e-03
Epoch   6 | train 0.0706 | val 0.0666 (sd 0.0369 current 0.0963) | val/persist 0.092 | lr 1.36e-03
Epoch   7 | train 0.0659 | val 0.0632 (sd 0.0377 current 0.0887) | val/persist 0.087 | lr 1.36e-03
Epoch   8 | train 0.0632 | val 0.0625 (sd 0.0392 current 0.0858) | val/persist 0.086 | lr 1.36e-03
Epoch   9 | train 0.0614 | val 0.0608 (sd 0.0357 current 0.0859) | val/persist 0.084 | lr 1.36e-03
Epoch  10 | train 0.0590 | val 0.0617 (sd 0.0337 current 0.0897) | val/persist 0.085 | lr 1.36e-03
Epoch  11 | train 0.0597 | val 0.0547 (sd 0.0337 current 0.0757) | val/persist 0.075 | lr 1.36e-03
Epoch  12 | train 0.0568 | val 0.0590 (sd 0.0327 current 0.0852) | val/persist 0.081 | lr 1.36e-03
Epoch  13 | train 0.0565 | val 0.0554 (sd 0.0328 current 0.0780) | val/persist 0.076 | lr 1.36e-03
Epoch  14 | train 0.0559 | val 0.0511 (sd 0.0322 current 0.0701) | val/persist 0.070 | lr 1.36e-03
Epoch  15 | train 0.0547 | val 0.0524 (sd 0.0320 current 0.0728) | val/persist 0.072 | lr 1.36e-03
Epoch  16 | train 0.0531 | val 0.0526 (sd 0.0323 current 0.0729) | val/persist 0.072 | lr 1.36e-03
Epoch  17 | train 0.0532 | val 0.0554 (sd 0.0322 current 0.0787) | val/persist 0.076 | lr 1.36e-03
Epoch  18 | train 0.0528 | val 0.0525 (sd 0.0323 current 0.0728) | val/persist 0.072 | lr 1.36e-03
Epoch  19 | train 0.0514 | val 0.0494 (sd 0.0305 current 0.0683) | val/persist 0.068 | lr 1.36e-03
Epoch  20 | train 0.0516 | val 0.0508 (sd 0.0307 current 0.0708) | val/persist 0.070 | lr 1.36e-03
Epoch  21 | train 0.0513 | val 0.0497 (sd 0.0311 current 0.0684) | val/persist 0.068 | lr 1.36e-03
Epoch  22 | train 0.0499 | val 0.0497 (sd 0.0325 current 0.0670) | val/persist 0.068 | lr 1.36e-03
Epoch  23 | train 0.0502 | val 0.0502 (sd 0.0324 current 0.0680) | val/persist 0.069 | lr 1.36e-03
Epoch  24 | train 0.0504 | val 0.0509 (sd 0.0343 current 0.0676) | val/persist 0.070 | lr 1.36e-03
Epoch  25 | train 0.0496 | val 0.0477 (sd 0.0306 current 0.0648) | val/persist 0.066 | lr 1.36e-03
Epoch  26 | train 0.0492 | val 0.0475 (sd 0.0300 current 0.0651) | val/persist 0.065 | lr 1.36e-03
Epoch  27 | train 0.0478 | val 0.0514 (sd 0.0298 current 0.0730) | val/persist 0.071 | lr 1.36e-03
Epoch  28 | train 0.0478 | val 0.0475 (sd 0.0305 current 0.0646) | val/persist 0.065 | lr 1.36e-03
Epoch  29 | train 0.0477 | val 0.0476 (sd 0.0310 current 0.0641) | val/persist 0.065 | lr 1.36e-03
Epoch  30 | train 0.0481 | val 0.0468 (sd 0.0320 current 0.0617) | val/persist 0.064 | lr 1.36e-03
Epoch  31 | train 0.0476 | val 0.0492 (sd 0.0298 current 0.0686) | val/persist 0.068 | lr 1.36e-03
Epoch  32 | train 0.0469 | val 0.0466 (sd 0.0303 current 0.0629) | val/persist 0.064 | lr 1.36e-03
Epoch  33 | train 0.0480 | val 0.0480 (sd 0.0314 current 0.0645) | val/persist 0.066 | lr 1.36e-03
Epoch  34 | train 0.0460 | val 0.0472 (sd 0.0313 current 0.0631) | val/persist 0.065 | lr 1.36e-03
Epoch  35 | train 0.0455 | val 0.0466 (sd 0.0309 current 0.0622) | val/persist 0.064 | lr 1.36e-03
Epoch  36 | train 0.0468 | val 0.0458 (sd 0.0302 current 0.0614) | val/persist 0.063 | lr 1.36e-03
Epoch  37 | train 0.0470 | val 0.0456 (sd 0.0293 current 0.0619) | val/persist 0.063 | lr 1.36e-03
Epoch  38 | train 0.0439 | val 0.0506 (sd 0.0300 current 0.0712) | val/persist 0.070 | lr 1.36e-03
Epoch  39 | train 0.0442 | val 0.0465 (sd 0.0308 current 0.0621) | val/persist 0.064 | lr 1.36e-03
Epoch  40 | train 0.0451 | val 0.0483 (sd 0.0315 current 0.0650) | val/persist 0.066 | lr 1.36e-03
Epoch  41 | train 0.0443 | val 0.0455 (sd 0.0307 current 0.0604) | val/persist 0.063 | lr 1.36e-03
Epoch  42 | train 0.0431 | val 0.0456 (sd 0.0292 current 0.0621) | val/persist 0.063 | lr 1.36e-03
Epoch  43 | train 0.0438 | val 0.0489 (sd 0.0308 current 0.0670) | val/persist 0.067 | lr 1.36e-03
Epoch  44 | train 0.0435 | val 0.0456 (sd 0.0293 current 0.0619) | val/persist 0.063 | lr 1.36e-03
Epoch  45 | train 0.0421 | val 0.0486 (sd 0.0342 current 0.0630) | val/persist 0.067 | lr 1.36e-03
Epoch  46 | train 0.0431 | val 0.0457 (sd 0.0295 current 0.0619) | val/persist 0.063 | lr 1.36e-03
Epoch  47 | train 0.0429 | val 0.0465 (sd 0.0279 current 0.0651) | val/persist 0.064 | lr 1.36e-03
Epoch  48 | train 0.0422 | val 0.0484 (sd 0.0332 current 0.0636) | val/persist 0.067 | lr 1.36e-03
Epoch  49 | train 0.0423 | val 0.0448 (sd 0.0269 current 0.0627) | val/persist 0.062 | lr 1.36e-03
Epoch  50 | train 0.0405 | val 0.0449 (sd 0.0279 current 0.0620) | val/persist 0.062 | lr 1.36e-03
Epoch  51 | train 0.0413 | val 0.0447 (sd 0.0272 current 0.0622) | val/persist 0.062 | lr 1.36e-03
Epoch  52 | train 0.0409 | val 0.0427 (sd 0.0260 current 0.0593) | val/persist 0.059 | lr 1.36e-03
Epoch  53 | train 0.0406 | val 0.0433 (sd 0.0253 current 0.0614) | val/persist 0.060 | lr 1.36e-03
Epoch  54 | train 0.0397 | val 0.0422 (sd 0.0249 current 0.0596) | val/persist 0.058 | lr 1.36e-03
Epoch  55 | train 0.0403 | val 0.0429 (sd 0.0248 current 0.0610) | val/persist 0.059 | lr 1.36e-03
Epoch  56 | train 0.0392 | val 0.0440 (sd 0.0259 current 0.0621) | val/persist 0.060 | lr 1.36e-03
Epoch  57 | train 0.0391 | val 0.0442 (sd 0.0256 current 0.0627) | val/persist 0.061 | lr 1.36e-03
Epoch  58 | train 0.0390 | val 0.0453 (sd 0.0248 current 0.0659) | val/persist 0.062 | lr 1.36e-03
Epoch  59 | train 0.0396 | val 0.0429 (sd 0.0250 current 0.0609) | val/persist 0.059 | lr 1.36e-03

Training completato. Best val: 0.0422 a epoch 54 (persistenza 0.7267)
[I 2026-10-01 11:01:56,624] Trial 45 finished with value: 0.04223496089412988 and parameters: {'gru_hidden': 128, 'mlp_hidden': 256, 'num_layers': 1, 'dropout': 0.08589059285144064, 'weight_decay': 5.57704836155614e-06, 'lr': 0.001361615490801538, 'batch_size': 256, 'clip_norm': 1.0}. Best is trial 0 with value: 0.0412080110396433.
Split per-trial: 26879 finestre train | 6721 finestre val
Baseline persistenza (val): 0.7267 (sd 0.3393 | current 1.1141)
Epoch   0 | train 0.1703 | val 0.1035 (sd 0.0428 current 0.1642) | val/persist 0.142 | lr 1.89e-03
Epoch   1 | train 0.0837 | val 0.0798 (sd 0.0426 current 0.1169) | val/persist 0.110 | lr 1.89e-03
Epoch   2 | train 0.0742 | val 0.0837 (sd 0.0418 current 0.1257) | val/persist 0.115 | lr 1.89e-03
Epoch   3 | train 0.0677 | val 0.0695 (sd 0.0367 current 0.1024) | val/persist 0.096 | lr 1.89e-03
Epoch   4 | train 0.0637 | val 0.0799 (sd 0.0414 current 0.1185) | val/persist 0.110 | lr 1.89e-03
Epoch   5 | train 0.0622 | val 0.0591 (sd 0.0353 current 0.0829) | val/persist 0.081 | lr 1.89e-03
Epoch   6 | train 0.0621 | val 0.0588 (sd 0.0351 current 0.0824) | val/persist 0.081 | lr 1.89e-03
Epoch   7 | train 0.0567 | val 0.0576 (sd 0.0345 current 0.0807) | val/persist 0.079 | lr 1.89e-03
Epoch   8 | train 0.0550 | val 0.0529 (sd 0.0328 current 0.0730) | val/persist 0.073 | lr 1.89e-03
Epoch   9 | train 0.0532 | val 0.0584 (sd 0.0325 current 0.0843) | val/persist 0.080 | lr 1.89e-03
Epoch  10 | train 0.0530 | val 0.0545 (sd 0.0323 current 0.0767) | val/persist 0.075 | lr 1.89e-03
Epoch  11 | train 0.0510 | val 0.0550 (sd 0.0350 current 0.0749) | val/persist 0.076 | lr 1.89e-03
Epoch  12 | train 0.0511 | val 0.0544 (sd 0.0363 current 0.0725) | val/persist 0.075 | lr 1.89e-03
Epoch  13 | train 0.0495 | val 0.0546 (sd 0.0327 current 0.0766) | val/persist 0.075 | lr 1.89e-03
Epoch  14 | train 0.0469 | val 0.0520 (sd 0.0347 current 0.0693) | val/persist 0.072 | lr 1.89e-03
Epoch  15 | train 0.0487 | val 0.0523 (sd 0.0330 current 0.0716) | val/persist 0.072 | lr 1.89e-03
Epoch  16 | train 0.0495 | val 0.0496 (sd 0.0309 current 0.0683) | val/persist 0.068 | lr 1.89e-03
Epoch  17 | train 0.0471 | val 0.0537 (sd 0.0319 current 0.0755) | val/persist 0.074 | lr 1.89e-03
Epoch  18 | train 0.0459 | val 0.0506 (sd 0.0326 current 0.0685) | val/persist 0.070 | lr 1.89e-03
Epoch  19 | train 0.0460 | val 0.0485 (sd 0.0301 current 0.0669) | val/persist 0.067 | lr 1.89e-03
Epoch  20 | train 0.0451 | val 0.0520 (sd 0.0296 current 0.0743) | val/persist 0.071 | lr 1.89e-03
Epoch  21 | train 0.0447 | val 0.0459 (sd 0.0286 current 0.0632) | val/persist 0.063 | lr 1.89e-03
Epoch  22 | train 0.0428 | val 0.0469 (sd 0.0294 current 0.0644) | val/persist 0.065 | lr 1.89e-03
Epoch  23 | train 0.0440 | val 0.0461 (sd 0.0273 current 0.0649) | val/persist 0.063 | lr 1.89e-03
Epoch  24 | train 0.0421 | val 0.0460 (sd 0.0263 current 0.0658) | val/persist 0.063 | lr 1.89e-03
Epoch  25 | train 0.0412 | val 0.0473 (sd 0.0250 current 0.0697) | val/persist 0.065 | lr 1.89e-03
Epoch  26 | train 0.0420 | val 0.0475 (sd 0.0271 current 0.0679) | val/persist 0.065 | lr 1.89e-03
Epoch  27 | train 0.0409 | val 0.0530 (sd 0.0295 current 0.0764) | val/persist 0.073 | lr 1.89e-03
Epoch  28 | train 0.0408 | val 0.0470 (sd 0.0245 current 0.0695) | val/persist 0.065 | lr 1.89e-03
Epoch  29 | train 0.0401 | val 0.0492 (sd 0.0275 current 0.0709) | val/persist 0.068 | lr 1.89e-03
Epoch  30 | train 0.0400 | val 0.0454 (sd 0.0254 current 0.0654) | val/persist 0.063 | lr 1.89e-03
Epoch  31 | train 0.0389 | val 0.0479 (sd 0.0249 current 0.0710) | val/persist 0.066 | lr 1.89e-03
Epoch  32 | train 0.0389 | val 0.0452 (sd 0.0237 current 0.0666) | val/persist 0.062 | lr 1.89e-03
Epoch  33 | train 0.0384 | val 0.0451 (sd 0.0241 current 0.0660) | val/persist 0.062 | lr 1.89e-03
Epoch  34 | train 0.0389 | val 0.0454 (sd 0.0255 current 0.0654) | val/persist 0.063 | lr 1.89e-03
Epoch  35 | train 0.0391 | val 0.0436 (sd 0.0236 current 0.0637) | val/persist 0.060 | lr 1.89e-03
Epoch  36 | train 0.0387 | val 0.0482 (sd 0.0273 current 0.0692) | val/persist 0.066 | lr 1.89e-03
Epoch  37 | train 0.0380 | val 0.0462 (sd 0.0243 current 0.0680) | val/persist 0.064 | lr 1.89e-03
Epoch  38 | train 0.0371 | val 0.0450 (sd 0.0246 current 0.0654) | val/persist 0.062 | lr 1.89e-03
Epoch  39 | train 0.0368 | val 0.0453 (sd 0.0272 current 0.0633) | val/persist 0.062 | lr 1.89e-03
Epoch  40 | train 0.0365 | val 0.0496 (sd 0.0259 current 0.0734) | val/persist 0.068 | lr 1.89e-03
Epoch  41 | train 0.0362 | val 0.0442 (sd 0.0241 current 0.0643) | val/persist 0.061 | lr 1.89e-03
Epoch  42 | train 0.0353 | val 0.0440 (sd 0.0245 current 0.0635) | val/persist 0.060 | lr 1.89e-03
Epoch  43 | train 0.0347 | val 0.0459 (sd 0.0279 current 0.0640) | val/persist 0.063 | lr 1.89e-03
Epoch  44 | train 0.0361 | val 0.0462 (sd 0.0257 current 0.0668) | val/persist 0.064 | lr 1.89e-03
Epoch  45 | train 0.0355 | val 0.0440 (sd 0.0244 current 0.0637) | val/persist 0.061 | lr 1.89e-03
Epoch  46 | train 0.0358 | val 0.0501 (sd 0.0254 current 0.0748) | val/persist 0.069 | lr 9.47e-04
Epoch  47 | train 0.0310 | val 0.0414 (sd 0.0228 current 0.0599) | val/persist 0.057 | lr 9.47e-04
Epoch  48 | train 0.0298 | val 0.0406 (sd 0.0222 current 0.0591) | val/persist 0.056 | lr 9.47e-04
Epoch  49 | train 0.0300 | val 0.0408 (sd 0.0223 current 0.0594) | val/persist 0.056 | lr 9.47e-04
Epoch  50 | train 0.0296 | val 0.0430 (sd 0.0233 current 0.0627) | val/persist 0.059 | lr 9.47e-04
Epoch  51 | train 0.0290 | val 0.0421 (sd 0.0224 current 0.0618) | val/persist 0.058 | lr 9.47e-04
Epoch  52 | train 0.0293 | val 0.0409 (sd 0.0237 current 0.0581) | val/persist 0.056 | lr 9.47e-04
Epoch  53 | train 0.0290 | val 0.0406 (sd 0.0225 current 0.0587) | val/persist 0.056 | lr 9.47e-04
Epoch  54 | train 0.0292 | val 0.0416 (sd 0.0227 current 0.0604) | val/persist 0.057 | lr 9.47e-04
Epoch  55 | train 0.0287 | val 0.0422 (sd 0.0233 current 0.0612) | val/persist 0.058 | lr 9.47e-04
Epoch  56 | train 0.0286 | val 0.0417 (sd 0.0233 current 0.0602) | val/persist 0.057 | lr 9.47e-04
Epoch  57 | train 0.0286 | val 0.0418 (sd 0.0223 current 0.0613) | val/persist 0.058 | lr 9.47e-04
Epoch  58 | train 0.0280 | val 0.0426 (sd 0.0244 current 0.0608) | val/persist 0.059 | lr 9.47e-04
Epoch  59 | train 0.0277 | val 0.0413 (sd 0.0230 current 0.0597) | val/persist 0.057 | lr 9.47e-04

Training completato. Best val: 0.0406 a epoch 53 (persistenza 0.7267)
[I 2026-10-01 11:04:31,630] Trial 51 finished with value: 0.04060395106976984 and parameters: {'gru_hidden': 128, 'mlp_hidden': 512, 'num_layers': 1, 'dropout': 0.049354605028018486, 'weight_decay': 5.791227551651641e-06, 'lr': 0.0018939679528908676, 'batch_size': 256, 'clip_norm': 1.0}. Best is trial 51 with value: 0.04060395106976984.
Split per-trial: 26879 finestre train | 6721 finestre val
Baseline persistenza (val): 0.7267 (sd 0.3393 | current 1.1141)
Epoch   0 | train 0.2114 | val 0.1065 (sd 0.0454 current 0.1675) | val/persist 0.146 | lr 1.23e-03
Epoch   1 | train 0.0981 | val 0.0905 (sd 0.0431 current 0.1379) | val/persist 0.125 | lr 1.23e-03
Epoch   2 | train 0.0854 | val 0.0874 (sd 0.0404 current 0.1345) | val/persist 0.120 | lr 1.23e-03
Epoch   3 | train 0.0793 | val 0.0759 (sd 0.0392 current 0.1126) | val/persist 0.104 | lr 1.23e-03
Epoch   4 | train 0.0737 | val 0.0747 (sd 0.0412 current 0.1082) | val/persist 0.103 | lr 1.23e-03
Epoch   5 | train 0.0733 | val 0.0669 (sd 0.0372 current 0.0965) | val/persist 0.092 | lr 1.23e-03
Epoch   6 | train 0.0684 | val 0.0650 (sd 0.0390 current 0.0910) | val/persist 0.089 | lr 1.23e-03
Epoch   7 | train 0.0651 | val 0.0622 (sd 0.0376 current 0.0867) | val/persist 0.086 | lr 1.23e-03
Epoch   8 | train 0.0642 | val 0.0612 (sd 0.0363 current 0.0861) | val/persist 0.084 | lr 1.23e-03
Epoch   9 | train 0.0631 | val 0.0612 (sd 0.0350 current 0.0873) | val/persist 0.084 | lr 1.23e-03
Epoch  10 | train 0.0608 | val 0.0556 (sd 0.0349 current 0.0762) | val/persist 0.076 | lr 1.23e-03
Epoch  11 | train 0.0584 | val 0.0574 (sd 0.0359 current 0.0790) | val/persist 0.079 | lr 1.23e-03
Epoch  12 | train 0.0594 | val 0.0577 (sd 0.0338 current 0.0816) | val/persist 0.079 | lr 1.23e-03
Epoch  13 | train 0.0576 | val 0.0585 (sd 0.0351 current 0.0819) | val/persist 0.081 | lr 1.23e-03
Epoch  14 | train 0.0583 | val 0.0527 (sd 0.0326 current 0.0727) | val/persist 0.073 | lr 1.23e-03
Epoch  15 | train 0.0552 | val 0.0508 (sd 0.0329 current 0.0688) | val/persist 0.070 | lr 1.23e-03
Epoch  16 | train 0.0541 | val 0.0535 (sd 0.0330 current 0.0740) | val/persist 0.074 | lr 1.23e-03
Epoch  17 | train 0.0554 | val 0.0559 (sd 0.0354 current 0.0764) | val/persist 0.077 | lr 1.23e-03
Epoch  18 | train 0.0544 | val 0.0517 (sd 0.0334 current 0.0701) | val/persist 0.071 | lr 1.23e-03
Epoch  19 | train 0.0546 | val 0.0521 (sd 0.0335 current 0.0707) | val/persist 0.072 | lr 1.23e-03
Epoch  20 | train 0.0545 | val 0.0516 (sd 0.0320 current 0.0713) | val/persist 0.071 | lr 1.23e-03
Epoch  21 | train 0.0531 | val 0.0556 (sd 0.0327 current 0.0786) | val/persist 0.077 | lr 1.23e-03
Epoch  22 | train 0.0515 | val 0.0483 (sd 0.0312 current 0.0653) | val/persist 0.066 | lr 1.23e-03
Epoch  23 | train 0.0514 | val 0.0494 (sd 0.0317 current 0.0671) | val/persist 0.068 | lr 1.23e-03
Epoch  24 | train 0.0511 | val 0.0494 (sd 0.0340 current 0.0648) | val/persist 0.068 | lr 1.23e-03
Epoch  25 | train 0.0502 | val 0.0494 (sd 0.0305 current 0.0684) | val/persist 0.068 | lr 1.23e-03
Epoch  26 | train 0.0519 | val 0.0487 (sd 0.0334 current 0.0639) | val/persist 0.067 | lr 1.23e-03
Epoch  27 | train 0.0513 | val 0.0524 (sd 0.0368 current 0.0680) | val/persist 0.072 | lr 1.23e-03
Epoch  28 | train 0.0509 | val 0.0521 (sd 0.0320 current 0.0722) | val/persist 0.072 | lr 1.23e-03
Epoch  29 | train 0.0507 | val 0.0505 (sd 0.0308 current 0.0703) | val/persist 0.070 | lr 1.23e-03
Epoch  30 | train 0.0500 | val 0.0515 (sd 0.0313 current 0.0717) | val/persist 0.071 | lr 1.23e-03
Epoch  31 | train 0.0495 | val 0.0517 (sd 0.0301 current 0.0733) | val/persist 0.071 | lr 1.23e-03
Epoch  32 | train 0.0479 | val 0.0473 (sd 0.0304 current 0.0642) | val/persist 0.065 | lr 1.23e-03
Epoch  33 | train 0.0484 | val 0.0517 (sd 0.0307 current 0.0726) | val/persist 0.071 | lr 1.23e-03
Epoch  34 | train 0.0489 | val 0.0470 (sd 0.0301 current 0.0638) | val/persist 0.065 | lr 1.23e-03
Epoch  35 | train 0.0480 | val 0.0473 (sd 0.0291 current 0.0655) | val/persist 0.065 | lr 1.23e-03
Epoch  36 | train 0.0470 | val 0.0482 (sd 0.0304 current 0.0660) | val/persist 0.066 | lr 1.23e-03
Epoch  37 | train 0.0472 | val 0.0487 (sd 0.0302 current 0.0672) | val/persist 0.067 | lr 1.23e-03
Epoch  38 | train 0.0472 | val 0.0505 (sd 0.0284 current 0.0726) | val/persist 0.069 | lr 1.23e-03
[I 2026-10-01 11:06:11,195] Trial 56 pruned. 
Split per-trial: 26879 finestre train | 6721 finestre val
Baseline persistenza (val): 0.7267 (sd 0.3393 | current 1.1141)
Epoch   0 | train 0.2522 | val 0.1204 (sd 0.0483 current 0.1926) | val/persist 0.166 | lr 9.17e-04
Epoch   1 | train 0.1088 | val 0.0992 (sd 0.0437 current 0.1547) | val/persist 0.137 | lr 9.17e-04
Epoch   2 | train 0.0975 | val 0.0921 (sd 0.0425 current 0.1417) | val/persist 0.127 | lr 9.17e-04
Epoch   3 | train 0.0894 | val 0.0913 (sd 0.0421 current 0.1405) | val/persist 0.126 | lr 9.17e-04
Epoch   4 | train 0.0861 | val 0.0825 (sd 0.0410 current 0.1240) | val/persist 0.114 | lr 9.17e-04
Epoch   5 | train 0.0813 | val 0.0803 (sd 0.0395 current 0.1210) | val/persist 0.110 | lr 9.17e-04
Epoch   6 | train 0.0772 | val 0.0753 (sd 0.0382 current 0.1124) | val/persist 0.104 | lr 9.17e-04
Epoch   7 | train 0.0751 | val 0.0730 (sd 0.0373 current 0.1086) | val/persist 0.100 | lr 9.17e-04
Epoch   8 | train 0.0729 | val 0.0675 (sd 0.0368 current 0.0982) | val/persist 0.093 | lr 9.17e-04
[I 2026-10-01 11:06:37,020] Trial 63 pruned. 
Split per-trial: 26879 finestre train | 6721 finestre val
Baseline persistenza (val): 0.7267 (sd 0.3393 | current 1.1141)
Epoch   0 | train 0.2875 | val 0.1233 (sd 0.0490 current 0.1976) | val/persist 0.170 | lr 2.44e-04
Epoch   1 | train 0.1048 | val 0.0983 (sd 0.0412 current 0.1553) | val/persist 0.135 | lr 2.44e-04
Epoch   2 | train 0.0915 | val 0.0995 (sd 0.0412 current 0.1578) | val/persist 0.137 | lr 2.44e-04
Epoch   3 | train 0.0835 | val 0.0847 (sd 0.0390 current 0.1304) | val/persist 0.117 | lr 2.44e-04
Epoch   4 | train 0.0785 | val 0.0805 (sd 0.0388 current 0.1222) | val/persist 0.111 | lr 2.44e-04
Epoch   5 | train 0.0738 | val 0.0771 (sd 0.0371 current 0.1170) | val/persist 0.106 | lr 2.44e-04
Epoch   6 | train 0.0710 | val 0.0748 (sd 0.0375 current 0.1121) | val/persist 0.103 | lr 2.44e-04
Epoch   7 | train 0.0683 | val 0.0703 (sd 0.0368 current 0.1038) | val/persist 0.097 | lr 2.44e-04
Epoch   8 | train 0.0652 | val 0.0686 (sd 0.0381 current 0.0991) | val/persist 0.094 | lr 2.44e-04
[I 2026-10-01 11:07:34,390] Trial 66 pruned. 

Best val: 0.04060
  gru_hidden: 128
  mlp_hidden: 512
  num_layers: 1
  dropout: 0.049354605028018486
  weight_decay: 5.791227551651641e-06
  lr: 0.0018939679528908676
  batch_size: 256
  clip_norm: 1.0
Report: /home/gemma/tesi/aquabot/src/net/fm/tuning/tuning_results/best_fm_h20_nores.txt
