Studio: fm_h20_nores | device cpu | H=20 | residual=False
Caricamento dataset (p=1)...
Trovati 120 trial.
Dataset grezzo: 120 trial letti. Scaler e finestre costruiti in split_by_trial() (fit solo su train).
/home/gemma/tesi/aquabot/src/net/fm/tuning/tune.py:222: ExperimentalWarning: Argument ``multivariate`` is an experimental feature. The interface can change in the future.
  sampler = optuna.samplers.TPESampler(
/home/gemma/tesi/aquabot/src/net/fm/tuning/tune.py:222: ExperimentalWarning: Argument ``group`` is an experimental feature. The interface can change in the future.
  sampler = optuna.samplers.TPESampler(
/home/gemma/tesi/aquabot/src/net/fm/tuning/tune.py:222: ExperimentalWarning: Argument ``constant_liar`` is an experimental feature. The interface can change in the future.
  sampler = optuna.samplers.TPESampler(
[I 2026-10-01 10:43:12,035] Using an existing study with name 'fm_h20_nores' instead of creating a new one.
Normalizzatore caricato da /home/gemma/tesi/aquabot/src/net/scaler/scalers_joint.pkl (nessun refit).
Dataset: 33600 campioni da 120 trial. H=20 P=1 | seq_cmd=(20, 1) seq_sens=(20, 2)
Split per-trial: 26879 finestre train | 6721 finestre val
Baseline persistenza (val): 0.7267 (sd 0.3393 | current 1.1141)
Epoch   0 | train 0.3901 | val 0.1992 (sd 0.0589 current 0.3396) | val/persist 0.274 | lr 1.07e-04
Epoch   1 | train 0.1624 | val 0.1396 (sd 0.0522 current 0.2270) | val/persist 0.192 | lr 1.07e-04
Epoch   2 | train 0.1255 | val 0.1171 (sd 0.0480 current 0.1863) | val/persist 0.161 | lr 1.07e-04
Epoch   3 | train 0.1117 | val 0.1075 (sd 0.0449 current 0.1701) | val/persist 0.148 | lr 1.07e-04
Epoch   4 | train 0.1061 | val 0.1016 (sd 0.0438 current 0.1595) | val/persist 0.140 | lr 1.07e-04
Epoch   5 | train 0.1008 | val 0.0979 (sd 0.0440 current 0.1519) | val/persist 0.135 | lr 1.07e-04
Epoch   6 | train 0.0971 | val 0.0954 (sd 0.0428 current 0.1481) | val/persist 0.131 | lr 1.07e-04
Epoch   7 | train 0.0938 | val 0.0923 (sd 0.0430 current 0.1416) | val/persist 0.127 | lr 1.07e-04
Epoch   8 | train 0.0910 | val 0.0920 (sd 0.0424 current 0.1416) | val/persist 0.127 | lr 1.07e-04
Epoch   9 | train 0.0896 | val 0.0887 (sd 0.0426 current 0.1349) | val/persist 0.122 | lr 1.07e-04
Epoch  10 | train 0.0874 | val 0.0874 (sd 0.0418 current 0.1329) | val/persist 0.120 | lr 1.07e-04
Epoch  11 | train 0.0863 | val 0.0851 (sd 0.0418 current 0.1284) | val/persist 0.117 | lr 1.07e-04
Epoch  12 | train 0.0841 | val 0.0839 (sd 0.0420 current 0.1258) | val/persist 0.115 | lr 1.07e-04
Epoch  13 | train 0.0839 | val 0.0832 (sd 0.0414 current 0.1250) | val/persist 0.114 | lr 1.07e-04
Epoch  14 | train 0.0831 | val 0.0816 (sd 0.0414 current 0.1219) | val/persist 0.112 | lr 1.07e-04
Epoch  15 | train 0.0810 | val 0.0807 (sd 0.0411 current 0.1203) | val/persist 0.111 | lr 1.07e-04
Epoch  16 | train 0.0800 | val 0.0804 (sd 0.0411 current 0.1197) | val/persist 0.111 | lr 1.07e-04
Epoch  17 | train 0.0792 | val 0.0794 (sd 0.0413 current 0.1174) | val/persist 0.109 | lr 1.07e-04
Epoch  18 | train 0.0782 | val 0.0782 (sd 0.0407 current 0.1157) | val/persist 0.108 | lr 1.07e-04
Epoch  19 | train 0.0777 | val 0.0772 (sd 0.0405 current 0.1140) | val/persist 0.106 | lr 1.07e-04
Epoch  20 | train 0.0761 | val 0.0767 (sd 0.0408 current 0.1127) | val/persist 0.106 | lr 1.07e-04
Epoch  21 | train 0.0751 | val 0.0764 (sd 0.0403 current 0.1124) | val/persist 0.105 | lr 1.07e-04
Epoch  22 | train 0.0752 | val 0.0755 (sd 0.0408 current 0.1102) | val/persist 0.104 | lr 1.07e-04
Epoch  23 | train 0.0739 | val 0.0746 (sd 0.0398 current 0.1094) | val/persist 0.103 | lr 1.07e-04
Epoch  24 | train 0.0736 | val 0.0739 (sd 0.0408 current 0.1070) | val/persist 0.102 | lr 1.07e-04
Epoch  25 | train 0.0727 | val 0.0730 (sd 0.0402 current 0.1059) | val/persist 0.100 | lr 1.07e-04
Epoch  26 | train 0.0724 | val 0.0738 (sd 0.0397 current 0.1080) | val/persist 0.102 | lr 1.07e-04
Epoch  27 | train 0.0714 | val 0.0715 (sd 0.0394 current 0.1037) | val/persist 0.098 | lr 1.07e-04
Epoch  28 | train 0.0706 | val 0.0723 (sd 0.0398 current 0.1047) | val/persist 0.099 | lr 1.07e-04
Epoch  29 | train 0.0699 | val 0.0706 (sd 0.0394 current 0.1019) | val/persist 0.097 | lr 1.07e-04
Epoch  30 | train 0.0701 | val 0.0700 (sd 0.0394 current 0.1006) | val/persist 0.096 | lr 1.07e-04
Epoch  31 | train 0.0695 | val 0.0704 (sd 0.0390 current 0.1018) | val/persist 0.097 | lr 1.07e-04
Epoch  32 | train 0.0688 | val 0.0707 (sd 0.0390 current 0.1024) | val/persist 0.097 | lr 1.07e-04
Epoch  33 | train 0.0683 | val 0.0679 (sd 0.0388 current 0.0971) | val/persist 0.093 | lr 1.07e-04
Epoch  34 | train 0.0679 | val 0.0686 (sd 0.0387 current 0.0984) | val/persist 0.094 | lr 1.07e-04
Epoch  35 | train 0.0675 | val 0.0671 (sd 0.0388 current 0.0954) | val/persist 0.092 | lr 1.07e-04
Epoch  36 | train 0.0671 | val 0.0674 (sd 0.0390 current 0.0959) | val/persist 0.093 | lr 1.07e-04
Epoch  37 | train 0.0668 | val 0.0660 (sd 0.0387 current 0.0933) | val/persist 0.091 | lr 1.07e-04
Epoch  38 | train 0.0660 | val 0.0659 (sd 0.0388 current 0.0931) | val/persist 0.091 | lr 1.07e-04
Epoch  39 | train 0.0655 | val 0.0651 (sd 0.0385 current 0.0917) | val/persist 0.090 | lr 1.07e-04
Epoch  40 | train 0.0656 | val 0.0651 (sd 0.0386 current 0.0915) | val/persist 0.090 | lr 1.07e-04
Epoch  41 | train 0.0646 | val 0.0645 (sd 0.0386 current 0.0904) | val/persist 0.089 | lr 1.07e-04
Epoch  42 | train 0.0646 | val 0.0642 (sd 0.0385 current 0.0899) | val/persist 0.088 | lr 1.07e-04
Epoch  43 | train 0.0644 | val 0.0636 (sd 0.0380 current 0.0893) | val/persist 0.088 | lr 1.07e-04
Epoch  44 | train 0.0638 | val 0.0636 (sd 0.0382 current 0.0890) | val/persist 0.088 | lr 1.07e-04
Epoch  45 | train 0.0637 | val 0.0639 (sd 0.0384 current 0.0893) | val/persist 0.088 | lr 1.07e-04
Epoch  46 | train 0.0640 | val 0.0647 (sd 0.0393 current 0.0902) | val/persist 0.089 | lr 1.07e-04
Epoch  47 | train 0.0630 | val 0.0634 (sd 0.0384 current 0.0883) | val/persist 0.087 | lr 1.07e-04
Epoch  48 | train 0.0624 | val 0.0619 (sd 0.0377 current 0.0860) | val/persist 0.085 | lr 1.07e-04
Epoch  49 | train 0.0618 | val 0.0624 (sd 0.0382 current 0.0867) | val/persist 0.086 | lr 1.07e-04
Epoch  50 | train 0.0625 | val 0.0616 (sd 0.0379 current 0.0853) | val/persist 0.085 | lr 1.07e-04
Epoch  51 | train 0.0629 | val 0.0617 (sd 0.0382 current 0.0853) | val/persist 0.085 | lr 1.07e-04
Epoch  52 | train 0.0617 | val 0.0618 (sd 0.0384 current 0.0852) | val/persist 0.085 | lr 1.07e-04
Epoch  53 | train 0.0617 | val 0.0617 (sd 0.0379 current 0.0855) | val/persist 0.085 | lr 1.07e-04
Epoch  54 | train 0.0615 | val 0.0601 (sd 0.0375 current 0.0826) | val/persist 0.083 | lr 1.07e-04
Epoch  55 | train 0.0614 | val 0.0610 (sd 0.0376 current 0.0843) | val/persist 0.084 | lr 1.07e-04
Epoch  56 | train 0.0609 | val 0.0599 (sd 0.0375 current 0.0823) | val/persist 0.082 | lr 1.07e-04
Epoch  57 | train 0.0607 | val 0.0596 (sd 0.0375 current 0.0816) | val/persist 0.082 | lr 1.07e-04
Epoch  58 | train 0.0603 | val 0.0596 (sd 0.0372 current 0.0820) | val/persist 0.082 | lr 1.07e-04
Epoch  59 | train 0.0607 | val 0.0593 (sd 0.0373 current 0.0813) | val/persist 0.082 | lr 1.07e-04

Training completato. Best val: 0.0593 a epoch 59 (persistenza 0.7267)
[I 2026-10-01 10:46:16,822] Trial 7 finished with value: 0.059280879368693674 and parameters: {'gru_hidden': 32, 'mlp_hidden': 256, 'num_layers': 1, 'dropout': 0.12231582949020764, 'weight_decay': 0.010887322604883185, 'lr': 0.00010728254921858015, 'batch_size': 64, 'clip_norm': 1.0}. Best is trial 3 with value: 0.058409157049051086.
Split per-trial: 26879 finestre train | 6721 finestre val
Baseline persistenza (val): 0.7267 (sd 0.3393 | current 1.1141)
Epoch   0 | train 0.5705 | val 0.2746 (sd 0.0654 current 0.4838) | val/persist 0.378 | lr 1.81e-04
Epoch   1 | train 0.2230 | val 0.1520 (sd 0.0559 current 0.2480) | val/persist 0.209 | lr 1.81e-04
Epoch   2 | train 0.1443 | val 0.1142 (sd 0.0496 current 0.1788) | val/persist 0.157 | lr 1.81e-04
Epoch   3 | train 0.1218 | val 0.1033 (sd 0.0455 current 0.1612) | val/persist 0.142 | lr 1.81e-04
Epoch   4 | train 0.1128 | val 0.0968 (sd 0.0439 current 0.1497) | val/persist 0.133 | lr 1.81e-04
Epoch   5 | train 0.1042 | val 0.0931 (sd 0.0411 current 0.1451) | val/persist 0.128 | lr 1.81e-04
Epoch   6 | train 0.0988 | val 0.0862 (sd 0.0401 current 0.1323) | val/persist 0.119 | lr 1.81e-04
Epoch   7 | train 0.0927 | val 0.0846 (sd 0.0421 current 0.1271) | val/persist 0.116 | lr 1.81e-04
Epoch   8 | train 0.0894 | val 0.0801 (sd 0.0393 current 0.1210) | val/persist 0.110 | lr 1.81e-04
Epoch   9 | train 0.0846 | val 0.0766 (sd 0.0394 current 0.1139) | val/persist 0.105 | lr 1.81e-04
Epoch  10 | train 0.0826 | val 0.0733 (sd 0.0387 current 0.1078) | val/persist 0.101 | lr 1.81e-04
Epoch  11 | train 0.0784 | val 0.0712 (sd 0.0397 current 0.1028) | val/persist 0.098 | lr 1.81e-04
Epoch  12 | train 0.0767 | val 0.0713 (sd 0.0391 current 0.1035) | val/persist 0.098 | lr 1.81e-04
Epoch  13 | train 0.0741 | val 0.0683 (sd 0.0386 current 0.0979) | val/persist 0.094 | lr 1.81e-04
Epoch  14 | train 0.0731 | val 0.0669 (sd 0.0395 current 0.0944) | val/persist 0.092 | lr 1.81e-04
Epoch  15 | train 0.0716 | val 0.0683 (sd 0.0378 current 0.0988) | val/persist 0.094 | lr 1.81e-04
Epoch  16 | train 0.0702 | val 0.0653 (sd 0.0395 current 0.0911) | val/persist 0.090 | lr 1.81e-04
Epoch  17 | train 0.0688 | val 0.0654 (sd 0.0403 current 0.0905) | val/persist 0.090 | lr 1.81e-04
Epoch  18 | train 0.0674 | val 0.0623 (sd 0.0376 current 0.0870) | val/persist 0.086 | lr 1.81e-04
Epoch  19 | train 0.0679 | val 0.0629 (sd 0.0394 current 0.0865) | val/persist 0.087 | lr 1.81e-04
Epoch  20 | train 0.0665 | val 0.0606 (sd 0.0371 current 0.0841) | val/persist 0.083 | lr 1.81e-04
Epoch  21 | train 0.0653 | val 0.0641 (sd 0.0403 current 0.0880) | val/persist 0.088 | lr 1.81e-04
Epoch  22 | train 0.0656 | val 0.0653 (sd 0.0390 current 0.0917) | val/persist 0.090 | lr 1.81e-04
Epoch  23 | train 0.0644 | val 0.0613 (sd 0.0375 current 0.0852) | val/persist 0.084 | lr 1.81e-04
Epoch  24 | train 0.0642 | val 0.0595 (sd 0.0376 current 0.0814) | val/persist 0.082 | lr 1.81e-04
Epoch  25 | train 0.0629 | val 0.0588 (sd 0.0383 current 0.0794) | val/persist 0.081 | lr 1.81e-04
Epoch  26 | train 0.0630 | val 0.0598 (sd 0.0379 current 0.0817) | val/persist 0.082 | lr 1.81e-04
Epoch  27 | train 0.0615 | val 0.0607 (sd 0.0382 current 0.0832) | val/persist 0.084 | lr 1.81e-04
Epoch  28 | train 0.0610 | val 0.0571 (sd 0.0363 current 0.0779) | val/persist 0.079 | lr 1.81e-04
Epoch  29 | train 0.0617 | val 0.0581 (sd 0.0378 current 0.0785) | val/persist 0.080 | lr 1.81e-04
Epoch  30 | train 0.0603 | val 0.0564 (sd 0.0366 current 0.0763) | val/persist 0.078 | lr 1.81e-04
Epoch  31 | train 0.0594 | val 0.0564 (sd 0.0357 current 0.0771) | val/persist 0.078 | lr 1.81e-04
Epoch  32 | train 0.0597 | val 0.0553 (sd 0.0363 current 0.0743) | val/persist 0.076 | lr 1.81e-04
Epoch  33 | train 0.0589 | val 0.0575 (sd 0.0370 current 0.0780) | val/persist 0.079 | lr 1.81e-04
Epoch  34 | train 0.0582 | val 0.0560 (sd 0.0352 current 0.0767) | val/persist 0.077 | lr 1.81e-04
Epoch  35 | train 0.0593 | val 0.0565 (sd 0.0379 current 0.0751) | val/persist 0.078 | lr 1.81e-04
Epoch  36 | train 0.0582 | val 0.0541 (sd 0.0352 current 0.0731) | val/persist 0.075 | lr 1.81e-04
Epoch  37 | train 0.0569 | val 0.0544 (sd 0.0352 current 0.0736) | val/persist 0.075 | lr 1.81e-04
Epoch  38 | train 0.0569 | val 0.0538 (sd 0.0344 current 0.0733) | val/persist 0.074 | lr 1.81e-04
Epoch  39 | train 0.0555 | val 0.0541 (sd 0.0346 current 0.0735) | val/persist 0.074 | lr 1.81e-04
Epoch  40 | train 0.0553 | val 0.0517 (sd 0.0336 current 0.0697) | val/persist 0.071 | lr 1.81e-04
Epoch  41 | train 0.0551 | val 0.0531 (sd 0.0338 current 0.0724) | val/persist 0.073 | lr 1.81e-04
Epoch  42 | train 0.0545 | val 0.0535 (sd 0.0336 current 0.0734) | val/persist 0.074 | lr 1.81e-04
Epoch  43 | train 0.0545 | val 0.0513 (sd 0.0332 current 0.0694) | val/persist 0.071 | lr 1.81e-04
Epoch  44 | train 0.0548 | val 0.0507 (sd 0.0338 current 0.0677) | val/persist 0.070 | lr 1.81e-04
Epoch  45 | train 0.0541 | val 0.0510 (sd 0.0324 current 0.0696) | val/persist 0.070 | lr 1.81e-04
Epoch  46 | train 0.0530 | val 0.0504 (sd 0.0327 current 0.0681) | val/persist 0.069 | lr 1.81e-04
Epoch  47 | train 0.0536 | val 0.0498 (sd 0.0320 current 0.0677) | val/persist 0.069 | lr 1.81e-04
Epoch  48 | train 0.0528 | val 0.0495 (sd 0.0322 current 0.0668) | val/persist 0.068 | lr 1.81e-04
Epoch  49 | train 0.0529 | val 0.0525 (sd 0.0319 current 0.0731) | val/persist 0.072 | lr 1.81e-04
Epoch  50 | train 0.0520 | val 0.0487 (sd 0.0325 current 0.0650) | val/persist 0.067 | lr 1.81e-04
Epoch  51 | train 0.0523 | val 0.0506 (sd 0.0314 current 0.0698) | val/persist 0.070 | lr 1.81e-04
Epoch  52 | train 0.0521 | val 0.0489 (sd 0.0337 current 0.0641) | val/persist 0.067 | lr 1.81e-04
Epoch  53 | train 0.0513 | val 0.0497 (sd 0.0319 current 0.0676) | val/persist 0.068 | lr 1.81e-04
Epoch  54 | train 0.0512 | val 0.0470 (sd 0.0315 current 0.0625) | val/persist 0.065 | lr 1.81e-04
Epoch  55 | train 0.0501 | val 0.0492 (sd 0.0317 current 0.0666) | val/persist 0.068 | lr 1.81e-04
Epoch  56 | train 0.0501 | val 0.0473 (sd 0.0310 current 0.0636) | val/persist 0.065 | lr 1.81e-04
Epoch  57 | train 0.0502 | val 0.0477 (sd 0.0319 current 0.0635) | val/persist 0.066 | lr 1.81e-04
Epoch  58 | train 0.0500 | val 0.0494 (sd 0.0318 current 0.0669) | val/persist 0.068 | lr 1.81e-04
[I 2026-10-01 11:00:01,011] Trial 9 pruned. 
Split per-trial: 26879 finestre train | 6721 finestre val
Baseline persistenza (val): 0.7267 (sd 0.3393 | current 1.1141)
Epoch   0 | train 0.1539 | val 0.0998 (sd 0.0436 current 0.1561) | val/persist 0.137 | lr 8.50e-04
Epoch   1 | train 0.0816 | val 0.0866 (sd 0.0432 current 0.1300) | val/persist 0.119 | lr 8.50e-04
Epoch   2 | train 0.0713 | val 0.0792 (sd 0.0394 current 0.1189) | val/persist 0.109 | lr 8.50e-04
Epoch   3 | train 0.0657 | val 0.0659 (sd 0.0363 current 0.0955) | val/persist 0.091 | lr 8.50e-04
Epoch   4 | train 0.0624 | val 0.0645 (sd 0.0385 current 0.0905) | val/persist 0.089 | lr 8.50e-04
Epoch   5 | train 0.0596 | val 0.0620 (sd 0.0339 current 0.0901) | val/persist 0.085 | lr 8.50e-04
Epoch   6 | train 0.0570 | val 0.0612 (sd 0.0329 current 0.0895) | val/persist 0.084 | lr 8.50e-04
Epoch   7 | train 0.0548 | val 0.0572 (sd 0.0334 current 0.0810) | val/persist 0.079 | lr 8.50e-04
Epoch   8 | train 0.0528 | val 0.0528 (sd 0.0319 current 0.0737) | val/persist 0.073 | lr 8.50e-04
Epoch   9 | train 0.0509 | val 0.0534 (sd 0.0340 current 0.0728) | val/persist 0.074 | lr 8.50e-04
Epoch  10 | train 0.0499 | val 0.0511 (sd 0.0327 current 0.0695) | val/persist 0.070 | lr 8.50e-04
Epoch  11 | train 0.0482 | val 0.0513 (sd 0.0316 current 0.0710) | val/persist 0.071 | lr 8.50e-04
Epoch  12 | train 0.0488 | val 0.0528 (sd 0.0330 current 0.0726) | val/persist 0.073 | lr 8.50e-04
Epoch  13 | train 0.0472 | val 0.0548 (sd 0.0313 current 0.0782) | val/persist 0.075 | lr 8.50e-04
Epoch  14 | train 0.0466 | val 0.0565 (sd 0.0315 current 0.0815) | val/persist 0.078 | lr 8.50e-04
Epoch  15 | train 0.0464 | val 0.0589 (sd 0.0330 current 0.0849) | val/persist 0.081 | lr 8.50e-04
Epoch  16 | train 0.0449 | val 0.0499 (sd 0.0308 current 0.0689) | val/persist 0.069 | lr 8.50e-04
Epoch  17 | train 0.0439 | val 0.0479 (sd 0.0302 current 0.0657) | val/persist 0.066 | lr 8.50e-04
Epoch  18 | train 0.0427 | val 0.0494 (sd 0.0287 current 0.0702) | val/persist 0.068 | lr 8.50e-04
Epoch  19 | train 0.0419 | val 0.0494 (sd 0.0267 current 0.0722) | val/persist 0.068 | lr 8.50e-04
Epoch  20 | train 0.0413 | val 0.0496 (sd 0.0256 current 0.0736) | val/persist 0.068 | lr 8.50e-04
Epoch  21 | train 0.0407 | val 0.0457 (sd 0.0261 current 0.0654) | val/persist 0.063 | lr 8.50e-04
Epoch  22 | train 0.0402 | val 0.0460 (sd 0.0261 current 0.0660) | val/persist 0.063 | lr 8.50e-04
Epoch  23 | train 0.0391 | val 0.0457 (sd 0.0250 current 0.0664) | val/persist 0.063 | lr 8.50e-04
Epoch  24 | train 0.0396 | val 0.0502 (sd 0.0255 current 0.0749) | val/persist 0.069 | lr 8.50e-04
Epoch  25 | train 0.0388 | val 0.0445 (sd 0.0245 current 0.0645) | val/persist 0.061 | lr 8.50e-04
Epoch  26 | train 0.0382 | val 0.0461 (sd 0.0290 current 0.0633) | val/persist 0.063 | lr 8.50e-04
Epoch  27 | train 0.0379 | val 0.0456 (sd 0.0237 current 0.0674) | val/persist 0.063 | lr 8.50e-04
Epoch  28 | train 0.0376 | val 0.0429 (sd 0.0242 current 0.0617) | val/persist 0.059 | lr 8.50e-04
Epoch  29 | train 0.0366 | val 0.0458 (sd 0.0241 current 0.0675) | val/persist 0.063 | lr 8.50e-04
Epoch  30 | train 0.0371 | val 0.0446 (sd 0.0248 current 0.0644) | val/persist 0.061 | lr 8.50e-04
Epoch  31 | train 0.0359 | val 0.0426 (sd 0.0239 current 0.0613) | val/persist 0.059 | lr 8.50e-04
Epoch  32 | train 0.0356 | val 0.0452 (sd 0.0245 current 0.0659) | val/persist 0.062 | lr 8.50e-04
Epoch  33 | train 0.0351 | val 0.0466 (sd 0.0270 current 0.0661) | val/persist 0.064 | lr 8.50e-04
Epoch  34 | train 0.0350 | val 0.0473 (sd 0.0260 current 0.0685) | val/persist 0.065 | lr 8.50e-04
Epoch  35 | train 0.0351 | val 0.0424 (sd 0.0229 current 0.0619) | val/persist 0.058 | lr 8.50e-04
Epoch  36 | train 0.0346 | val 0.0482 (sd 0.0241 current 0.0724) | val/persist 0.066 | lr 8.50e-04
Epoch  37 | train 0.0339 | val 0.0448 (sd 0.0240 current 0.0657) | val/persist 0.062 | lr 8.50e-04
Epoch  38 | train 0.0337 | val 0.0430 (sd 0.0241 current 0.0618) | val/persist 0.059 | lr 8.50e-04
Epoch  39 | train 0.0330 | val 0.0446 (sd 0.0233 current 0.0658) | val/persist 0.061 | lr 8.50e-04
Epoch  40 | train 0.0325 | val 0.0456 (sd 0.0251 current 0.0661) | val/persist 0.063 | lr 8.50e-04
Epoch  41 | train 0.0328 | val 0.0450 (sd 0.0243 current 0.0657) | val/persist 0.062 | lr 8.50e-04
Epoch  42 | train 0.0323 | val 0.0429 (sd 0.0233 current 0.0624) | val/persist 0.059 | lr 8.50e-04
Epoch  43 | train 0.0320 | val 0.0439 (sd 0.0238 current 0.0640) | val/persist 0.060 | lr 8.50e-04
Epoch  44 | train 0.0315 | val 0.0433 (sd 0.0242 current 0.0625) | val/persist 0.060 | lr 8.50e-04
Epoch  45 | train 0.0307 | val 0.0421 (sd 0.0229 current 0.0613) | val/persist 0.058 | lr 8.50e-04
Epoch  46 | train 0.0308 | val 0.0435 (sd 0.0232 current 0.0638) | val/persist 0.060 | lr 8.50e-04
Epoch  47 | train 0.0301 | val 0.0439 (sd 0.0238 current 0.0641) | val/persist 0.060 | lr 8.50e-04
Epoch  48 | train 0.0305 | val 0.0443 (sd 0.0233 current 0.0653) | val/persist 0.061 | lr 8.50e-04
Epoch  49 | train 0.0295 | val 0.0461 (sd 0.0235 current 0.0686) | val/persist 0.063 | lr 8.50e-04
Epoch  50 | train 0.0292 | val 0.0455 (sd 0.0230 current 0.0681) | val/persist 0.063 | lr 8.50e-04
Epoch  51 | train 0.0292 | val 0.0447 (sd 0.0241 current 0.0654) | val/persist 0.062 | lr 8.50e-04
Epoch  52 | train 0.0287 | val 0.0452 (sd 0.0232 current 0.0672) | val/persist 0.062 | lr 8.50e-04
Epoch  53 | train 0.0284 | val 0.0455 (sd 0.0245 current 0.0665) | val/persist 0.063 | lr 8.50e-04
Epoch  54 | train 0.0280 | val 0.0448 (sd 0.0243 current 0.0653) | val/persist 0.062 | lr 8.50e-04
Epoch  55 | train 0.0279 | val 0.0459 (sd 0.0236 current 0.0683) | val/persist 0.063 | lr 8.50e-04
Epoch  56 | train 0.0275 | val 0.0453 (sd 0.0238 current 0.0668) | val/persist 0.062 | lr 4.25e-04
Epoch  57 | train 0.0240 | val 0.0417 (sd 0.0231 current 0.0602) | val/persist 0.057 | lr 4.25e-04
Epoch  58 | train 0.0232 | val 0.0428 (sd 0.0233 current 0.0624) | val/persist 0.059 | lr 4.25e-04
Epoch  59 | train 0.0232 | val 0.0425 (sd 0.0233 current 0.0617) | val/persist 0.058 | lr 4.25e-04

Training completato. Best val: 0.0417 a epoch 57 (persistenza 0.7267)
[I 2026-10-01 11:05:34,151] Trial 48 finished with value: 0.04168872108893338 and parameters: {'gru_hidden': 128, 'mlp_hidden': 256, 'num_layers': 1, 'dropout': 0.011620304177365981, 'weight_decay': 3.7154988207411502e-06, 'lr': 0.0008496583941043257, 'batch_size': 64, 'clip_norm': 0.5}. Best is trial 51 with value: 0.04060395106976984.
Split per-trial: 26879 finestre train | 6721 finestre val
Baseline persistenza (val): 0.7267 (sd 0.3393 | current 1.1141)
Epoch   0 | train 0.2067 | val 0.1069 (sd 0.0443 current 0.1696) | val/persist 0.147 | lr 3.34e-04
Epoch   1 | train 0.0984 | val 0.0949 (sd 0.0436 current 0.1462) | val/persist 0.131 | lr 3.34e-04
Epoch   2 | train 0.0868 | val 0.0879 (sd 0.0421 current 0.1337) | val/persist 0.121 | lr 3.34e-04
Epoch   3 | train 0.0805 | val 0.0808 (sd 0.0403 current 0.1214) | val/persist 0.111 | lr 3.34e-04
Epoch   4 | train 0.0749 | val 0.0745 (sd 0.0395 current 0.1095) | val/persist 0.103 | lr 3.34e-04
Epoch   5 | train 0.0711 | val 0.0716 (sd 0.0374 current 0.1057) | val/persist 0.098 | lr 3.34e-04
Epoch   6 | train 0.0683 | val 0.0699 (sd 0.0389 current 0.1009) | val/persist 0.096 | lr 3.34e-04
Epoch   7 | train 0.0654 | val 0.0667 (sd 0.0365 current 0.0969) | val/persist 0.092 | lr 3.34e-04
Epoch   8 | train 0.0639 | val 0.0643 (sd 0.0367 current 0.0918) | val/persist 0.088 | lr 3.34e-04
[I 2026-10-01 11:06:15,355] Trial 59 pruned. 
Split per-trial: 26879 finestre train | 6721 finestre val
Baseline persistenza (val): 0.7267 (sd 0.3393 | current 1.1141)
Epoch   0 | train 0.2348 | val 0.1197 (sd 0.0468 current 0.1926) | val/persist 0.165 | lr 1.33e-03
Epoch   1 | train 0.0976 | val 0.0966 (sd 0.0416 current 0.1516) | val/persist 0.133 | lr 1.33e-03
Epoch   2 | train 0.0836 | val 0.0870 (sd 0.0414 current 0.1325) | val/persist 0.120 | lr 1.33e-03
Epoch   3 | train 0.0768 | val 0.0772 (sd 0.0386 current 0.1158) | val/persist 0.106 | lr 1.33e-03
Epoch   4 | train 0.0705 | val 0.0812 (sd 0.0382 current 0.1243) | val/persist 0.112 | lr 1.33e-03
Epoch   5 | train 0.0682 | val 0.0710 (sd 0.0375 current 0.1045) | val/persist 0.098 | lr 1.33e-03
Epoch   6 | train 0.0655 | val 0.0681 (sd 0.0371 current 0.0992) | val/persist 0.094 | lr 1.33e-03
Epoch   7 | train 0.0627 | val 0.0657 (sd 0.0370 current 0.0945) | val/persist 0.090 | lr 1.33e-03
Epoch   8 | train 0.0598 | val 0.0617 (sd 0.0370 current 0.0865) | val/persist 0.085 | lr 1.33e-03
Epoch   9 | train 0.0589 | val 0.0611 (sd 0.0354 current 0.0868) | val/persist 0.084 | lr 1.33e-03
Epoch  10 | train 0.0578 | val 0.0608 (sd 0.0347 current 0.0870) | val/persist 0.084 | lr 1.33e-03
Epoch  11 | train 0.0566 | val 0.0593 (sd 0.0356 current 0.0831) | val/persist 0.082 | lr 1.33e-03
[I 2026-10-01 11:06:44,248] Trial 64 pruned. 
Split per-trial: 26879 finestre train | 6721 finestre val
Baseline persistenza (val): 0.7267 (sd 0.3393 | current 1.1141)
Epoch   0 | train 0.2542 | val 0.1128 (sd 0.0507 current 0.1749) | val/persist 0.155 | lr 1.38e-03
Epoch   1 | train 0.1091 | val 0.0922 (sd 0.0434 current 0.1410) | val/persist 0.127 | lr 1.38e-03
Epoch   2 | train 0.0945 | val 0.0848 (sd 0.0398 current 0.1299) | val/persist 0.117 | lr 1.38e-03
Epoch   3 | train 0.0852 | val 0.0758 (sd 0.0434 current 0.1082) | val/persist 0.104 | lr 1.38e-03
Epoch   4 | train 0.0809 | val 0.0741 (sd 0.0409 current 0.1072) | val/persist 0.102 | lr 1.38e-03
Epoch   5 | train 0.0734 | val 0.0661 (sd 0.0405 current 0.0917) | val/persist 0.091 | lr 1.38e-03
Epoch   6 | train 0.0699 | val 0.0668 (sd 0.0421 current 0.0915) | val/persist 0.092 | lr 1.38e-03
Epoch   7 | train 0.0679 | val 0.0602 (sd 0.0369 current 0.0835) | val/persist 0.083 | lr 1.38e-03
Epoch   8 | train 0.0659 | val 0.0592 (sd 0.0362 current 0.0822) | val/persist 0.081 | lr 1.38e-03
Epoch   9 | train 0.0638 | val 0.0595 (sd 0.0360 current 0.0830) | val/persist 0.082 | lr 1.38e-03
Epoch  10 | train 0.0616 | val 0.0553 (sd 0.0354 current 0.0752) | val/persist 0.076 | lr 1.38e-03
Epoch  11 | train 0.0601 | val 0.0566 (sd 0.0330 current 0.0803) | val/persist 0.078 | lr 1.38e-03
Epoch  12 | train 0.0590 | val 0.0530 (sd 0.0350 current 0.0710) | val/persist 0.073 | lr 1.38e-03
Epoch  13 | train 0.0579 | val 0.0505 (sd 0.0334 current 0.0676) | val/persist 0.070 | lr 1.38e-03
Epoch  14 | train 0.0560 | val 0.0552 (sd 0.0344 current 0.0761) | val/persist 0.076 | lr 1.38e-03
Epoch  15 | train 0.0556 | val 0.0528 (sd 0.0345 current 0.0711) | val/persist 0.073 | lr 1.38e-03
Epoch  16 | train 0.0558 | val 0.0527 (sd 0.0339 current 0.0714) | val/persist 0.072 | lr 1.38e-03
Epoch  17 | train 0.0553 | val 0.0533 (sd 0.0346 current 0.0720) | val/persist 0.073 | lr 1.38e-03
Epoch  18 | train 0.0538 | val 0.0491 (sd 0.0332 current 0.0650) | val/persist 0.068 | lr 1.38e-03
Epoch  19 | train 0.0534 | val 0.0513 (sd 0.0344 current 0.0681) | val/persist 0.071 | lr 1.38e-03
Epoch  20 | train 0.0529 | val 0.0517 (sd 0.0317 current 0.0717) | val/persist 0.071 | lr 1.38e-03
Epoch  21 | train 0.0514 | val 0.0485 (sd 0.0315 current 0.0654) | val/persist 0.067 | lr 1.38e-03
Epoch  22 | train 0.0532 | val 0.0517 (sd 0.0358 current 0.0676) | val/persist 0.071 | lr 1.38e-03
Epoch  23 | train 0.0497 | val 0.0526 (sd 0.0344 current 0.0708) | val/persist 0.072 | lr 1.38e-03
Epoch  24 | train 0.0524 | val 0.0534 (sd 0.0325 current 0.0743) | val/persist 0.074 | lr 1.38e-03
Epoch  25 | train 0.0493 | val 0.0488 (sd 0.0325 current 0.0652) | val/persist 0.067 | lr 1.38e-03
Epoch  26 | train 0.0490 | val 0.0480 (sd 0.0300 current 0.0661) | val/persist 0.066 | lr 1.38e-03
Epoch  27 | train 0.0488 | val 0.0523 (sd 0.0303 current 0.0743) | val/persist 0.072 | lr 1.38e-03
Epoch  28 | train 0.0478 | val 0.0501 (sd 0.0308 current 0.0694) | val/persist 0.069 | lr 1.38e-03
Epoch  29 | train 0.0476 | val 0.0465 (sd 0.0300 current 0.0630) | val/persist 0.064 | lr 1.38e-03
Epoch  30 | train 0.0468 | val 0.0478 (sd 0.0297 current 0.0658) | val/persist 0.066 | lr 1.38e-03
Epoch  31 | train 0.0467 | val 0.0483 (sd 0.0309 current 0.0656) | val/persist 0.066 | lr 1.38e-03
Epoch  32 | train 0.0461 | val 0.0470 (sd 0.0296 current 0.0644) | val/persist 0.065 | lr 1.38e-03
Epoch  33 | train 0.0458 | val 0.0467 (sd 0.0287 current 0.0648) | val/persist 0.064 | lr 1.38e-03
Epoch  34 | train 0.0446 | val 0.0467 (sd 0.0296 current 0.0639) | val/persist 0.064 | lr 1.38e-03
Epoch  35 | train 0.0445 | val 0.0463 (sd 0.0292 current 0.0633) | val/persist 0.064 | lr 1.38e-03
Epoch  36 | train 0.0451 | val 0.0467 (sd 0.0296 current 0.0637) | val/persist 0.064 | lr 1.38e-03
Epoch  37 | train 0.0439 | val 0.0485 (sd 0.0283 current 0.0686) | val/persist 0.067 | lr 1.38e-03
Epoch  38 | train 0.0439 | val 0.0451 (sd 0.0278 current 0.0624) | val/persist 0.062 | lr 1.38e-03
Epoch  39 | train 0.0432 | val 0.0464 (sd 0.0277 current 0.0652) | val/persist 0.064 | lr 1.38e-03
Epoch  40 | train 0.0422 | val 0.0463 (sd 0.0276 current 0.0649) | val/persist 0.064 | lr 1.38e-03
Epoch  41 | train 0.0417 | val 0.0452 (sd 0.0268 current 0.0636) | val/persist 0.062 | lr 1.38e-03
Epoch  42 | train 0.0419 | val 0.0441 (sd 0.0273 current 0.0608) | val/persist 0.061 | lr 1.38e-03
Epoch  43 | train 0.0410 | val 0.0469 (sd 0.0264 current 0.0673) | val/persist 0.064 | lr 1.38e-03
Epoch  44 | train 0.0412 | val 0.0439 (sd 0.0268 current 0.0610) | val/persist 0.060 | lr 1.38e-03
Epoch  45 | train 0.0410 | val 0.0459 (sd 0.0265 current 0.0652) | val/persist 0.063 | lr 1.38e-03
Epoch  46 | train 0.0410 | val 0.0451 (sd 0.0252 current 0.0650) | val/persist 0.062 | lr 1.38e-03
Epoch  47 | train 0.0407 | val 0.0434 (sd 0.0248 current 0.0620) | val/persist 0.060 | lr 1.38e-03
Epoch  48 | train 0.0399 | val 0.0442 (sd 0.0241 current 0.0643) | val/persist 0.061 | lr 1.38e-03
Epoch  49 | train 0.0391 | val 0.0449 (sd 0.0252 current 0.0645) | val/persist 0.062 | lr 1.38e-03
Epoch  50 | train 0.0393 | val 0.0428 (sd 0.0254 current 0.0603) | val/persist 0.059 | lr 1.38e-03
Epoch  51 | train 0.0386 | val 0.0426 (sd 0.0244 current 0.0609) | val/persist 0.059 | lr 1.38e-03
Epoch  52 | train 0.0385 | val 0.0455 (sd 0.0266 current 0.0645) | val/persist 0.063 | lr 1.38e-03
Epoch  53 | train 0.0383 | val 0.0430 (sd 0.0248 current 0.0611) | val/persist 0.059 | lr 1.38e-03
Epoch  54 | train 0.0377 | val 0.0438 (sd 0.0249 current 0.0628) | val/persist 0.060 | lr 1.38e-03
Epoch  55 | train 0.0375 | val 0.0438 (sd 0.0243 current 0.0633) | val/persist 0.060 | lr 1.38e-03
Epoch  56 | train 0.0370 | val 0.0437 (sd 0.0250 current 0.0623) | val/persist 0.060 | lr 1.38e-03
Epoch  57 | train 0.0363 | val 0.0445 (sd 0.0258 current 0.0633) | val/persist 0.061 | lr 1.38e-03
Epoch  58 | train 0.0365 | val 0.0453 (sd 0.0260 current 0.0647) | val/persist 0.062 | lr 1.38e-03
Epoch  59 | train 0.0362 | val 0.0447 (sd 0.0264 current 0.0630) | val/persist 0.062 | lr 1.38e-03

Training completato. Best val: 0.0426 a epoch 51 (persistenza 0.7267)
[I 2026-10-01 11:10:44,096] Trial 67 finished with value: 0.04264340930938579 and parameters: {'gru_hidden': 128, 'mlp_hidden': 64, 'num_layers': 1, 'dropout': 0.04129880253423567, 'weight_decay': 4.2293355693027356e-05, 'lr': 0.0013839408706360693, 'batch_size': 128, 'clip_norm': 1.0}. Best is trial 51 with value: 0.04060395106976984.
Split per-trial: 26879 finestre train | 6721 finestre val
Baseline persistenza (val): 0.7267 (sd 0.3393 | current 1.1141)
Epoch   0 | train 0.1391 | val 0.1112 (sd 0.0632 current 0.1591) | val/persist 0.153 | lr 6.38e-03
Epoch   1 | train 0.0995 | val 0.0895 (sd 0.0509 current 0.1282) | val/persist 0.123 | lr 6.38e-03
Epoch   2 | train 0.0897 | val 0.0764 (sd 0.0464 current 0.1064) | val/persist 0.105 | lr 6.38e-03
Epoch   3 | train 0.0820 | val 0.0775 (sd 0.0542 current 0.1008) | val/persist 0.107 | lr 6.38e-03
Epoch   4 | train 0.0790 | val 0.0929 (sd 0.0385 current 0.1473) | val/persist 0.128 | lr 6.38e-03
Epoch   5 | train 0.0755 | val 0.0806 (sd 0.0601 current 0.1011) | val/persist 0.111 | lr 6.38e-03
Epoch   6 | train 0.0750 | val 0.0751 (sd 0.0477 current 0.1024) | val/persist 0.103 | lr 6.38e-03
Epoch   7 | train 0.0708 | val 0.0641 (sd 0.0375 current 0.0906) | val/persist 0.088 | lr 6.38e-03
Epoch   8 | train 0.0717 | val 0.0623 (sd 0.0351 current 0.0895) | val/persist 0.086 | lr 6.38e-03
Epoch   9 | train 0.0678 | val 0.0708 (sd 0.0377 current 0.1040) | val/persist 0.097 | lr 6.38e-03
[I 2026-10-01 11:12:12,999] Trial 83 pruned. 
Split per-trial: 26879 finestre train | 6721 finestre val
Baseline persistenza (val): 0.7267 (sd 0.3393 | current 1.1141)
Epoch   0 | train 0.1713 | val 0.0991 (sd 0.0475 current 0.1506) | val/persist 0.136 | lr 1.91e-03
Epoch   1 | train 0.0802 | val 0.0821 (sd 0.0422 current 0.1220) | val/persist 0.113 | lr 1.91e-03
Epoch   2 | train 0.0709 | val 0.0726 (sd 0.0396 current 0.1055) | val/persist 0.100 | lr 1.91e-03
Epoch   3 | train 0.0638 | val 0.0718 (sd 0.0366 current 0.1070) | val/persist 0.099 | lr 1.91e-03
Epoch   4 | train 0.0621 | val 0.0718 (sd 0.0354 current 0.1082) | val/persist 0.099 | lr 1.91e-03
Epoch   5 | train 0.0598 | val 0.0574 (sd 0.0356 current 0.0793) | val/persist 0.079 | lr 1.91e-03
Epoch   6 | train 0.0564 | val 0.0572 (sd 0.0338 current 0.0806) | val/persist 0.079 | lr 1.91e-03
Epoch   7 | train 0.0523 | val 0.0548 (sd 0.0360 current 0.0736) | val/persist 0.075 | lr 1.91e-03
Epoch   8 | train 0.0539 | val 0.0620 (sd 0.0329 current 0.0910) | val/persist 0.085 | lr 1.91e-03
Epoch   9 | train 0.0529 | val 0.0534 (sd 0.0335 current 0.0734) | val/persist 0.074 | lr 1.91e-03
Epoch  10 | train 0.0492 | val 0.0502 (sd 0.0312 current 0.0693) | val/persist 0.069 | lr 1.91e-03
Epoch  11 | train 0.0484 | val 0.0591 (sd 0.0344 current 0.0838) | val/persist 0.081 | lr 1.91e-03
Epoch  12 | train 0.0501 | val 0.0512 (sd 0.0340 current 0.0684) | val/persist 0.070 | lr 1.91e-03
Epoch  13 | train 0.0464 | val 0.0490 (sd 0.0329 current 0.0650) | val/persist 0.067 | lr 1.91e-03
Epoch  14 | train 0.0441 | val 0.0530 (sd 0.0342 current 0.0717) | val/persist 0.073 | lr 1.91e-03
Epoch  15 | train 0.0446 | val 0.0490 (sd 0.0310 current 0.0670) | val/persist 0.067 | lr 1.91e-03
Epoch  16 | train 0.0448 | val 0.0498 (sd 0.0314 current 0.0683) | val/persist 0.069 | lr 1.91e-03
Epoch  17 | train 0.0433 | val 0.0531 (sd 0.0319 current 0.0742) | val/persist 0.073 | lr 1.91e-03
Epoch  18 | train 0.0445 | val 0.0501 (sd 0.0310 current 0.0692) | val/persist 0.069 | lr 1.91e-03
Epoch  19 | train 0.0422 | val 0.0529 (sd 0.0385 current 0.0674) | val/persist 0.073 | lr 1.91e-03
Epoch  20 | train 0.0427 | val 0.0476 (sd 0.0308 current 0.0643) | val/persist 0.065 | lr 1.91e-03
Epoch  21 | train 0.0430 | val 0.0484 (sd 0.0285 current 0.0684) | val/persist 0.067 | lr 1.91e-03
Epoch  22 | train 0.0405 | val 0.0472 (sd 0.0280 current 0.0663) | val/persist 0.065 | lr 1.91e-03
Epoch  23 | train 0.0397 | val 0.0484 (sd 0.0322 current 0.0645) | val/persist 0.067 | lr 1.91e-03
Epoch  24 | train 0.0393 | val 0.0515 (sd 0.0273 current 0.0758) | val/persist 0.071 | lr 1.91e-03
Epoch  25 | train 0.0391 | val 0.0492 (sd 0.0267 current 0.0718) | val/persist 0.068 | lr 1.91e-03
Epoch  26 | train 0.0375 | val 0.0446 (sd 0.0249 current 0.0644) | val/persist 0.061 | lr 1.91e-03
Epoch  27 | train 0.0376 | val 0.0444 (sd 0.0244 current 0.0644) | val/persist 0.061 | lr 1.91e-03
Epoch  28 | train 0.0375 | val 0.0494 (sd 0.0260 current 0.0727) | val/persist 0.068 | lr 1.91e-03
Epoch  29 | train 0.0370 | val 0.0447 (sd 0.0267 current 0.0626) | val/persist 0.061 | lr 1.91e-03
Epoch  30 | train 0.0381 | val 0.0437 (sd 0.0238 current 0.0635) | val/persist 0.060 | lr 1.91e-03
Epoch  31 | train 0.0366 | val 0.0453 (sd 0.0240 current 0.0667) | val/persist 0.062 | lr 1.91e-03
Epoch  32 | train 0.0375 | val 0.0503 (sd 0.0241 current 0.0765) | val/persist 0.069 | lr 1.91e-03
Epoch  33 | train 0.0357 | val 0.0493 (sd 0.0255 current 0.0731) | val/persist 0.068 | lr 1.91e-03
Epoch  34 | train 0.0350 | val 0.0436 (sd 0.0234 current 0.0638) | val/persist 0.060 | lr 1.91e-03
Epoch  35 | train 0.0361 | val 0.0444 (sd 0.0247 current 0.0641) | val/persist 0.061 | lr 1.91e-03
Epoch  36 | train 0.0346 | val 0.0455 (sd 0.0234 current 0.0675) | val/persist 0.063 | lr 1.91e-03
Epoch  37 | train 0.0338 | val 0.0441 (sd 0.0245 current 0.0638) | val/persist 0.061 | lr 1.91e-03
Epoch  38 | train 0.0346 | val 0.0446 (sd 0.0243 current 0.0649) | val/persist 0.061 | lr 1.91e-03
Epoch  39 | train 0.0339 | val 0.0445 (sd 0.0241 current 0.0650) | val/persist 0.061 | lr 1.91e-03
Epoch  40 | train 0.0333 | val 0.0450 (sd 0.0234 current 0.0666) | val/persist 0.062 | lr 1.91e-03
Epoch  41 | train 0.0336 | val 0.0460 (sd 0.0249 current 0.0672) | val/persist 0.063 | lr 1.91e-03
Epoch  42 | train 0.0333 | val 0.0440 (sd 0.0250 current 0.0630) | val/persist 0.061 | lr 1.91e-03
Epoch  43 | train 0.0330 | val 0.0422 (sd 0.0238 current 0.0606) | val/persist 0.058 | lr 1.91e-03
Epoch  44 | train 0.0314 | val 0.0416 (sd 0.0228 current 0.0605) | val/persist 0.057 | lr 1.91e-03
Epoch  45 | train 0.0319 | val 0.0418 (sd 0.0230 current 0.0607) | val/persist 0.058 | lr 1.91e-03
Epoch  46 | train 0.0308 | val 0.0457 (sd 0.0241 current 0.0673) | val/persist 0.063 | lr 1.91e-03
Epoch  47 | train 0.0313 | val 0.0428 (sd 0.0242 current 0.0615) | val/persist 0.059 | lr 1.91e-03
Epoch  48 | train 0.0308 | val 0.0451 (sd 0.0256 current 0.0646) | val/persist 0.062 | lr 1.91e-03
Epoch  49 | train 0.0306 | val 0.0448 (sd 0.0235 current 0.0661) | val/persist 0.062 | lr 1.91e-03
Epoch  50 | train 0.0298 | val 0.0456 (sd 0.0222 current 0.0691) | val/persist 0.063 | lr 1.91e-03
Epoch  51 | train 0.0310 | val 0.0454 (sd 0.0254 current 0.0654) | val/persist 0.063 | lr 1.91e-03
Epoch  52 | train 0.0293 | val 0.0456 (sd 0.0239 current 0.0673) | val/persist 0.063 | lr 1.91e-03
Epoch  53 | train 0.0293 | val 0.0432 (sd 0.0231 current 0.0633) | val/persist 0.059 | lr 1.91e-03
Epoch  54 | train 0.0295 | val 0.0446 (sd 0.0246 current 0.0647) | val/persist 0.061 | lr 1.91e-03
Epoch  55 | train 0.0278 | val 0.0432 (sd 0.0233 current 0.0631) | val/persist 0.059 | lr 9.53e-04
Epoch  56 | train 0.0251 | val 0.0418 (sd 0.0221 current 0.0615) | val/persist 0.058 | lr 9.53e-04
Epoch  57 | train 0.0247 | val 0.0405 (sd 0.0219 current 0.0590) | val/persist 0.056 | lr 9.53e-04
Epoch  58 | train 0.0239 | val 0.0420 (sd 0.0232 current 0.0607) | val/persist 0.058 | lr 9.53e-04
Epoch  59 | train 0.0237 | val 0.0409 (sd 0.0227 current 0.0592) | val/persist 0.056 | lr 9.53e-04

Training completato. Best val: 0.0405 a epoch 57 (persistenza 0.7267)
[I 2026-10-01 11:15:04,900] Trial 87 finished with value: 0.0404516324553882 and parameters: {'gru_hidden': 128, 'mlp_hidden': 512, 'num_layers': 1, 'dropout': 0.012010246412320867, 'weight_decay': 5.877501575612841e-05, 'lr': 0.0019056654098003627, 'batch_size': 256, 'clip_norm': 1.0}. Best is trial 87 with value: 0.0404516324553882.
Split per-trial: 26879 finestre train | 6721 finestre val
Baseline persistenza (val): 0.7267 (sd 0.3393 | current 1.1141)
Epoch   0 | train 0.1531 | val 0.0888 (sd 0.0448 current 0.1327) | val/persist 0.122 | lr 3.77e-03
Epoch   1 | train 0.0877 | val 0.0940 (sd 0.0405 current 0.1476) | val/persist 0.129 | lr 3.77e-03
Epoch   2 | train 0.0739 | val 0.0701 (sd 0.0383 current 0.1019) | val/persist 0.096 | lr 3.77e-03
Epoch   3 | train 0.0712 | val 0.0733 (sd 0.0398 current 0.1068) | val/persist 0.101 | lr 3.77e-03
Epoch   4 | train 0.0648 | val 0.0588 (sd 0.0356 current 0.0820) | val/persist 0.081 | lr 3.77e-03
Epoch   5 | train 0.0627 | val 0.0618 (sd 0.0359 current 0.0876) | val/persist 0.085 | lr 3.77e-03
Epoch   6 | train 0.0603 | val 0.0603 (sd 0.0339 current 0.0867) | val/persist 0.083 | lr 3.77e-03
Epoch   7 | train 0.0580 | val 0.0620 (sd 0.0412 current 0.0829) | val/persist 0.085 | lr 3.77e-03
Epoch   8 | train 0.0571 | val 0.0593 (sd 0.0349 current 0.0837) | val/persist 0.082 | lr 3.77e-03
Epoch   9 | train 0.0565 | val 0.0557 (sd 0.0345 current 0.0770) | val/persist 0.077 | lr 3.77e-03
Epoch  10 | train 0.0575 | val 0.0610 (sd 0.0328 current 0.0891) | val/persist 0.084 | lr 3.77e-03
Epoch  11 | train 0.0531 | val 0.0529 (sd 0.0330 current 0.0729) | val/persist 0.073 | lr 3.77e-03
Epoch  12 | train 0.0521 | val 0.0520 (sd 0.0344 current 0.0695) | val/persist 0.072 | lr 3.77e-03
Epoch  13 | train 0.0548 | val 0.0586 (sd 0.0313 current 0.0858) | val/persist 0.081 | lr 3.77e-03
Epoch  14 | train 0.0522 | val 0.0537 (sd 0.0307 current 0.0766) | val/persist 0.074 | lr 3.77e-03
Epoch  15 | train 0.0494 | val 0.0575 (sd 0.0318 current 0.0832) | val/persist 0.079 | lr 3.77e-03
Epoch  16 | train 0.0510 | val 0.0578 (sd 0.0275 current 0.0881) | val/persist 0.080 | lr 3.77e-03
Epoch  17 | train 0.0486 | val 0.0546 (sd 0.0278 current 0.0814) | val/persist 0.075 | lr 3.77e-03
[I 2026-10-01 11:15:53,588] Trial 90 pruned. 
Split per-trial: 26879 finestre train | 6721 finestre val
Baseline persistenza (val): 0.7267 (sd 0.3393 | current 1.1141)
Epoch   0 | train 0.2578 | val 0.1170 (sd 0.0479 current 0.1861) | val/persist 0.161 | lr 6.19e-04
Epoch   1 | train 0.1169 | val 0.1040 (sd 0.0452 current 0.1628) | val/persist 0.143 | lr 6.19e-04
Epoch   2 | train 0.1039 | val 0.0960 (sd 0.0402 current 0.1518) | val/persist 0.132 | lr 6.19e-04
Epoch   3 | train 0.0945 | val 0.0835 (sd 0.0405 current 0.1264) | val/persist 0.115 | lr 6.19e-04
Epoch   4 | train 0.0889 | val 0.0747 (sd 0.0386 current 0.1108) | val/persist 0.103 | lr 6.19e-04
Epoch   5 | train 0.0852 | val 0.0799 (sd 0.0397 current 0.1200) | val/persist 0.110 | lr 6.19e-04
Epoch   6 | train 0.0813 | val 0.0699 (sd 0.0418 current 0.0980) | val/persist 0.096 | lr 6.19e-04
Epoch   7 | train 0.0789 | val 0.0695 (sd 0.0389 current 0.1002) | val/persist 0.096 | lr 6.19e-04
Epoch   8 | train 0.0759 | val 0.0651 (sd 0.0371 current 0.0932) | val/persist 0.090 | lr 6.19e-04
[I 2026-10-01 11:16:27,921] Trial 94 pruned. 
Split per-trial: 26879 finestre train | 6721 finestre val
Baseline persistenza (val): 0.7267 (sd 0.3393 | current 1.1141)
Epoch   0 | train 0.2051 | val 0.0997 (sd 0.0437 current 0.1556) | val/persist 0.137 | lr 1.27e-03
Epoch   1 | train 0.1037 | val 0.0814 (sd 0.0415 current 0.1213) | val/persist 0.112 | lr 1.27e-03
Epoch   2 | train 0.0928 | val 0.0756 (sd 0.0406 current 0.1107) | val/persist 0.104 | lr 1.27e-03
Epoch   3 | train 0.0836 | val 0.0718 (sd 0.0401 current 0.1036) | val/persist 0.099 | lr 1.27e-03
Epoch   4 | train 0.0793 | val 0.0740 (sd 0.0441 current 0.1040) | val/persist 0.102 | lr 1.27e-03
Epoch   5 | train 0.0757 | val 0.0684 (sd 0.0374 current 0.0994) | val/persist 0.094 | lr 1.27e-03
Epoch   6 | train 0.0739 | val 0.0587 (sd 0.0344 current 0.0830) | val/persist 0.081 | lr 1.27e-03
Epoch   7 | train 0.0702 | val 0.0559 (sd 0.0350 current 0.0767) | val/persist 0.077 | lr 1.27e-03
Epoch   8 | train 0.0685 | val 0.0589 (sd 0.0333 current 0.0845) | val/persist 0.081 | lr 1.27e-03
Epoch   9 | train 0.0669 | val 0.0568 (sd 0.0352 current 0.0784) | val/persist 0.078 | lr 1.27e-03
Epoch  10 | train 0.0648 | val 0.0539 (sd 0.0335 current 0.0743) | val/persist 0.074 | lr 1.27e-03
Epoch  11 | train 0.0638 | val 0.0546 (sd 0.0346 current 0.0747) | val/persist 0.075 | lr 1.27e-03
Epoch  12 | train 0.0644 | val 0.0517 (sd 0.0340 current 0.0694) | val/persist 0.071 | lr 1.27e-03
Epoch  13 | train 0.0615 | val 0.0558 (sd 0.0342 current 0.0774) | val/persist 0.077 | lr 1.27e-03
Epoch  14 | train 0.0615 | val 0.0493 (sd 0.0330 current 0.0656) | val/persist 0.068 | lr 1.27e-03
Epoch  15 | train 0.0604 | val 0.0533 (sd 0.0328 current 0.0739) | val/persist 0.073 | lr 1.27e-03
Epoch  16 | train 0.0598 | val 0.0526 (sd 0.0325 current 0.0726) | val/persist 0.072 | lr 1.27e-03
Epoch  17 | train 0.0594 | val 0.0520 (sd 0.0328 current 0.0712) | val/persist 0.072 | lr 1.27e-03
Epoch  18 | train 0.0575 | val 0.0532 (sd 0.0333 current 0.0731) | val/persist 0.073 | lr 1.27e-03
Epoch  19 | train 0.0564 | val 0.0496 (sd 0.0322 current 0.0670) | val/persist 0.068 | lr 1.27e-03
Epoch  20 | train 0.0569 | val 0.0510 (sd 0.0335 current 0.0685) | val/persist 0.070 | lr 1.27e-03
Epoch  21 | train 0.0569 | val 0.0510 (sd 0.0301 current 0.0718) | val/persist 0.070 | lr 1.27e-03
Epoch  22 | train 0.0553 | val 0.0523 (sd 0.0303 current 0.0743) | val/persist 0.072 | lr 1.27e-03
Epoch  23 | train 0.0541 | val 0.0468 (sd 0.0301 current 0.0634) | val/persist 0.064 | lr 1.27e-03
Epoch  24 | train 0.0541 | val 0.0471 (sd 0.0301 current 0.0641) | val/persist 0.065 | lr 1.27e-03
Epoch  25 | train 0.0532 | val 0.0500 (sd 0.0289 current 0.0712) | val/persist 0.069 | lr 1.27e-03
Epoch  26 | train 0.0531 | val 0.0510 (sd 0.0278 current 0.0742) | val/persist 0.070 | lr 1.27e-03
Epoch  27 | train 0.0525 | val 0.0475 (sd 0.0275 current 0.0674) | val/persist 0.065 | lr 1.27e-03
Epoch  28 | train 0.0512 | val 0.0486 (sd 0.0301 current 0.0671) | val/persist 0.067 | lr 1.27e-03
Epoch  29 | train 0.0506 | val 0.0484 (sd 0.0314 current 0.0655) | val/persist 0.067 | lr 1.27e-03
Epoch  30 | train 0.0506 | val 0.0474 (sd 0.0278 current 0.0671) | val/persist 0.065 | lr 1.27e-03
Epoch  31 | train 0.0501 | val 0.0486 (sd 0.0286 current 0.0687) | val/persist 0.067 | lr 1.27e-03
Epoch  32 | train 0.0493 | val 0.0465 (sd 0.0280 current 0.0651) | val/persist 0.064 | lr 1.27e-03
Epoch  33 | train 0.0497 | val 0.0454 (sd 0.0262 current 0.0645) | val/persist 0.062 | lr 1.27e-03
Epoch  34 | train 0.0492 | val 0.0463 (sd 0.0278 current 0.0648) | val/persist 0.064 | lr 1.27e-03
Epoch  35 | train 0.0486 | val 0.0456 (sd 0.0280 current 0.0632) | val/persist 0.063 | lr 1.27e-03
Epoch  36 | train 0.0479 | val 0.0491 (sd 0.0269 current 0.0713) | val/persist 0.068 | lr 1.27e-03
Epoch  37 | train 0.0472 | val 0.0448 (sd 0.0272 current 0.0623) | val/persist 0.062 | lr 1.27e-03
Epoch  38 | train 0.0468 | val 0.0447 (sd 0.0261 current 0.0632) | val/persist 0.061 | lr 1.27e-03
Epoch  39 | train 0.0470 | val 0.0511 (sd 0.0274 current 0.0747) | val/persist 0.070 | lr 1.27e-03
Epoch  40 | train 0.0466 | val 0.0489 (sd 0.0285 current 0.0692) | val/persist 0.067 | lr 1.27e-03
Epoch  41 | train 0.0461 | val 0.0469 (sd 0.0264 current 0.0675) | val/persist 0.065 | lr 1.27e-03
Epoch  42 | train 0.0449 | val 0.0471 (sd 0.0271 current 0.0671) | val/persist 0.065 | lr 1.27e-03
Epoch  43 | train 0.0445 | val 0.0483 (sd 0.0276 current 0.0689) | val/persist 0.066 | lr 1.27e-03
Epoch  44 | train 0.0445 | val 0.0457 (sd 0.0258 current 0.0656) | val/persist 0.063 | lr 1.27e-03
Epoch  45 | train 0.0438 | val 0.0459 (sd 0.0251 current 0.0668) | val/persist 0.063 | lr 1.27e-03
Epoch  46 | train 0.0441 | val 0.0461 (sd 0.0269 current 0.0653) | val/persist 0.063 | lr 1.27e-03
Epoch  47 | train 0.0439 | val 0.0460 (sd 0.0259 current 0.0662) | val/persist 0.063 | lr 1.27e-03
Epoch  48 | train 0.0437 | val 0.0486 (sd 0.0279 current 0.0693) | val/persist 0.067 | lr 1.27e-03
Epoch  49 | train 0.0431 | val 0.0458 (sd 0.0259 current 0.0657) | val/persist 0.063 | lr 6.34e-04
Epoch  50 | train 0.0391 | val 0.0447 (sd 0.0258 current 0.0636) | val/persist 0.061 | lr 6.34e-04
Epoch  51 | train 0.0384 | val 0.0475 (sd 0.0260 current 0.0690) | val/persist 0.065 | lr 6.34e-04
[I 2026-10-01 11:20:37,408] Trial 95 pruned. 
Split per-trial: 26879 finestre train | 6721 finestre val
Baseline persistenza (val): 0.7267 (sd 0.3393 | current 1.1141)
Epoch   0 | train 0.1521 | val 0.1009 (sd 0.0446 current 0.1572) | val/persist 0.139 | lr 5.80e-04
Epoch   1 | train 0.0849 | val 0.0892 (sd 0.0417 current 0.1367) | val/persist 0.123 | lr 5.80e-04
Epoch   2 | train 0.0751 | val 0.0869 (sd 0.0443 current 0.1296) | val/persist 0.120 | lr 5.80e-04
Epoch   3 | train 0.0705 | val 0.0741 (sd 0.0407 current 0.1074) | val/persist 0.102 | lr 5.80e-04
Epoch   4 | train 0.0672 | val 0.0755 (sd 0.0401 current 0.1109) | val/persist 0.104 | lr 5.80e-04
Epoch   5 | train 0.0642 | val 0.0703 (sd 0.0387 current 0.1019) | val/persist 0.097 | lr 5.80e-04
Epoch   6 | train 0.0610 | val 0.0664 (sd 0.0379 current 0.0949) | val/persist 0.091 | lr 5.80e-04
Epoch   7 | train 0.0578 | val 0.0600 (sd 0.0365 current 0.0834) | val/persist 0.083 | lr 5.80e-04
Epoch   8 | train 0.0581 | val 0.0572 (sd 0.0369 current 0.0775) | val/persist 0.079 | lr 5.80e-04
Epoch   9 | train 0.0556 | val 0.0555 (sd 0.0341 current 0.0770) | val/persist 0.076 | lr 5.80e-04
Epoch  10 | train 0.0535 | val 0.0528 (sd 0.0320 current 0.0736) | val/persist 0.073 | lr 5.80e-04
Epoch  11 | train 0.0522 | val 0.0556 (sd 0.0344 current 0.0768) | val/persist 0.077 | lr 5.80e-04
Epoch  12 | train 0.0518 | val 0.0636 (sd 0.0340 current 0.0931) | val/persist 0.087 | lr 5.80e-04
Epoch  13 | train 0.0498 | val 0.0536 (sd 0.0312 current 0.0760) | val/persist 0.074 | lr 5.80e-04
Epoch  14 | train 0.0497 | val 0.0529 (sd 0.0307 current 0.0750) | val/persist 0.073 | lr 5.80e-04
[I 2026-10-01 11:21:43,426] Trial 97 pruned. 
Split per-trial: 26879 finestre train | 6721 finestre val
Baseline persistenza (val): 0.7267 (sd 0.3393 | current 1.1141)
Epoch   0 | train 0.1693 | val 0.1038 (sd 0.0429 current 0.1647) | val/persist 0.143 | lr 2.35e-03
Epoch   1 | train 0.0848 | val 0.0819 (sd 0.0400 current 0.1237) | val/persist 0.113 | lr 2.35e-03
Epoch   2 | train 0.0733 | val 0.0939 (sd 0.0452 current 0.1427) | val/persist 0.129 | lr 2.35e-03
Epoch   3 | train 0.0700 | val 0.0759 (sd 0.0382 current 0.1137) | val/persist 0.104 | lr 2.35e-03
Epoch   4 | train 0.0654 | val 0.0675 (sd 0.0456 current 0.0894) | val/persist 0.093 | lr 2.35e-03
Epoch   5 | train 0.0593 | val 0.0625 (sd 0.0357 current 0.0892) | val/persist 0.086 | lr 2.35e-03
Epoch   6 | train 0.0588 | val 0.0654 (sd 0.0342 current 0.0966) | val/persist 0.090 | lr 2.35e-03
Epoch   7 | train 0.0561 | val 0.0565 (sd 0.0344 current 0.0786) | val/persist 0.078 | lr 2.35e-03
Epoch   8 | train 0.0530 | val 0.0613 (sd 0.0397 current 0.0829) | val/persist 0.084 | lr 2.35e-03
Epoch   9 | train 0.0517 | val 0.0559 (sd 0.0339 current 0.0779) | val/persist 0.077 | lr 2.35e-03
Epoch  10 | train 0.0507 | val 0.0635 (sd 0.0411 current 0.0859) | val/persist 0.087 | lr 2.35e-03
Epoch  11 | train 0.0500 | val 0.0525 (sd 0.0337 current 0.0714) | val/persist 0.072 | lr 2.35e-03
Epoch  12 | train 0.0499 | val 0.0511 (sd 0.0343 current 0.0679) | val/persist 0.070 | lr 2.35e-03
Epoch  13 | train 0.0473 | val 0.0527 (sd 0.0308 current 0.0746) | val/persist 0.073 | lr 2.35e-03
Epoch  14 | train 0.0453 | val 0.0501 (sd 0.0315 current 0.0687) | val/persist 0.069 | lr 2.35e-03
Epoch  15 | train 0.0452 | val 0.0484 (sd 0.0301 current 0.0667) | val/persist 0.067 | lr 2.35e-03
Epoch  16 | train 0.0445 | val 0.0456 (sd 0.0279 current 0.0632) | val/persist 0.063 | lr 2.35e-03
Epoch  17 | train 0.0465 | val 0.0505 (sd 0.0287 current 0.0722) | val/persist 0.069 | lr 2.35e-03
Epoch  18 | train 0.0432 | val 0.0499 (sd 0.0289 current 0.0709) | val/persist 0.069 | lr 2.35e-03
Epoch  19 | train 0.0443 | val 0.0510 (sd 0.0265 current 0.0754) | val/persist 0.070 | lr 2.35e-03
Epoch  20 | train 0.0433 | val 0.0462 (sd 0.0268 current 0.0657) | val/persist 0.064 | lr 2.35e-03
Epoch  21 | train 0.0401 | val 0.0538 (sd 0.0272 current 0.0805) | val/persist 0.074 | lr 2.35e-03
Epoch  22 | train 0.0419 | val 0.0459 (sd 0.0268 current 0.0650) | val/persist 0.063 | lr 2.35e-03
Epoch  23 | train 0.0397 | val 0.0467 (sd 0.0276 current 0.0658) | val/persist 0.064 | lr 2.35e-03
Epoch  24 | train 0.0392 | val 0.0461 (sd 0.0260 current 0.0661) | val/persist 0.063 | lr 2.35e-03
Epoch  25 | train 0.0408 | val 0.0484 (sd 0.0251 current 0.0718) | val/persist 0.067 | lr 2.35e-03
Epoch  26 | train 0.0395 | val 0.0438 (sd 0.0244 current 0.0632) | val/persist 0.060 | lr 2.35e-03
Epoch  27 | train 0.0387 | val 0.0473 (sd 0.0267 current 0.0680) | val/persist 0.065 | lr 2.35e-03
Epoch  28 | train 0.0394 | val 0.0458 (sd 0.0248 current 0.0668) | val/persist 0.063 | lr 2.35e-03
Epoch  29 | train 0.0370 | val 0.0469 (sd 0.0251 current 0.0687) | val/persist 0.065 | lr 2.35e-03
Epoch  30 | train 0.0377 | val 0.0457 (sd 0.0254 current 0.0661) | val/persist 0.063 | lr 2.35e-03
Epoch  31 | train 0.0371 | val 0.0471 (sd 0.0276 current 0.0666) | val/persist 0.065 | lr 2.35e-03
Epoch  32 | train 0.0369 | val 0.0442 (sd 0.0240 current 0.0644) | val/persist 0.061 | lr 2.35e-03
Epoch  33 | train 0.0370 | val 0.0464 (sd 0.0248 current 0.0681) | val/persist 0.064 | lr 2.35e-03
Epoch  34 | train 0.0372 | val 0.0457 (sd 0.0241 current 0.0674) | val/persist 0.063 | lr 2.35e-03
Epoch  35 | train 0.0366 | val 0.0450 (sd 0.0259 current 0.0640) | val/persist 0.062 | lr 2.35e-03
Epoch  36 | train 0.0353 | val 0.0515 (sd 0.0249 current 0.0781) | val/persist 0.071 | lr 2.35e-03
Epoch  37 | train 0.0360 | val 0.0438 (sd 0.0252 current 0.0625) | val/persist 0.060 | lr 1.17e-03
Epoch  38 | train 0.0310 | val 0.0414 (sd 0.0234 current 0.0594) | val/persist 0.057 | lr 1.17e-03
Epoch  39 | train 0.0300 | val 0.0420 (sd 0.0237 current 0.0603) | val/persist 0.058 | lr 1.17e-03
Epoch  40 | train 0.0298 | val 0.0423 (sd 0.0241 current 0.0605) | val/persist 0.058 | lr 1.17e-03
Epoch  41 | train 0.0299 | val 0.0422 (sd 0.0239 current 0.0604) | val/persist 0.058 | lr 1.17e-03
Epoch  42 | train 0.0295 | val 0.0428 (sd 0.0230 current 0.0625) | val/persist 0.059 | lr 1.17e-03
Epoch  43 | train 0.0300 | val 0.0423 (sd 0.0227 current 0.0619) | val/persist 0.058 | lr 1.17e-03
Epoch  44 | train 0.0293 | val 0.0420 (sd 0.0223 current 0.0616) | val/persist 0.058 | lr 1.17e-03
Epoch  45 | train 0.0287 | val 0.0422 (sd 0.0230 current 0.0615) | val/persist 0.058 | lr 1.17e-03
Epoch  46 | train 0.0284 | val 0.0441 (sd 0.0224 current 0.0658) | val/persist 0.061 | lr 1.17e-03
Epoch  47 | train 0.0287 | val 0.0413 (sd 0.0223 current 0.0604) | val/persist 0.057 | lr 1.17e-03
Epoch  48 | train 0.0279 | val 0.0433 (sd 0.0232 current 0.0633) | val/persist 0.060 | lr 1.17e-03
Epoch  49 | train 0.0287 | val 0.0448 (sd 0.0233 current 0.0664) | val/persist 0.062 | lr 1.17e-03
Epoch  50 | train 0.0276 | val 0.0440 (sd 0.0235 current 0.0645) | val/persist 0.061 | lr 1.17e-03
Epoch  51 | train 0.0276 | val 0.0419 (sd 0.0226 current 0.0611) | val/persist 0.058 | lr 1.17e-03
Epoch  52 | train 0.0271 | val 0.0429 (sd 0.0236 current 0.0622) | val/persist 0.059 | lr 1.17e-03
Epoch  53 | train 0.0269 | val 0.0427 (sd 0.0238 current 0.0617) | val/persist 0.059 | lr 1.17e-03
Epoch  54 | train 0.0273 | val 0.0421 (sd 0.0240 current 0.0602) | val/persist 0.058 | lr 1.17e-03
Epoch  55 | train 0.0263 | val 0.0422 (sd 0.0228 current 0.0616) | val/persist 0.058 | lr 1.17e-03
Epoch  56 | train 0.0264 | val 0.0427 (sd 0.0227 current 0.0627) | val/persist 0.059 | lr 1.17e-03
Epoch  57 | train 0.0258 | val 0.0422 (sd 0.0229 current 0.0616) | val/persist 0.058 | lr 1.17e-03
Epoch  58 | train 0.0259 | val 0.0434 (sd 0.0233 current 0.0635) | val/persist 0.060 | lr 5.87e-04
Epoch  59 | train 0.0237 | val 0.0410 (sd 0.0227 current 0.0594) | val/persist 0.056 | lr 5.87e-04

Training completato. Best val: 0.0410 a epoch 59 (persistenza 0.7267)
[I 2026-10-01 11:25:08,052] Trial 99 finished with value: 0.041017889293633196 and parameters: {'gru_hidden': 128, 'mlp_hidden': 512, 'num_layers': 1, 'dropout': 0.031035466831497455, 'weight_decay': 3.0203085150839573e-06, 'lr': 0.0023468788853137044, 'batch_size': 256, 'clip_norm': 1.0}. Best is trial 88 with value: 0.04027897994221716.

Best val: 0.04028
  gru_hidden: 256
  mlp_hidden: 512
  num_layers: 1
  dropout: 0.06668923974698159
  weight_decay: 1.582283830185358e-05
  lr: 0.0005621588402773221
  batch_size: 64
  clip_norm: 0.5
Report: /home/gemma/tesi/aquabot/src/net/fm/tuning/tuning_results/best_fm_h20_nores.txt
