Studio: fm_h20_res | device cpu | H=20 | residual=True
Caricamento dataset (p=1)...
Trovati 120 trial.
Dataset grezzo: 120 trial letti. Scaler e finestre costruiti in split_by_trial() (fit solo su train).
/home/gemma/tesi/aquabot/src/net/fm/tuning/tune.py:222: ExperimentalWarning: Argument ``multivariate`` is an experimental feature. The interface can change in the future.
  sampler = optuna.samplers.TPESampler(
/home/gemma/tesi/aquabot/src/net/fm/tuning/tune.py:222: ExperimentalWarning: Argument ``group`` is an experimental feature. The interface can change in the future.
  sampler = optuna.samplers.TPESampler(
/home/gemma/tesi/aquabot/src/net/fm/tuning/tune.py:222: ExperimentalWarning: Argument ``constant_liar`` is an experimental feature. The interface can change in the future.
  sampler = optuna.samplers.TPESampler(
[I 2026-09-30 12:27:11,794] Using an existing study with name 'fm_h20_res' instead of creating a new one.
Normalizzatore caricato da /home/gemma/tesi/aquabot/src/net/scaler/scalers_joint.pkl (nessun refit).
Dataset: 33600 campioni da 120 trial. H=20 P=1 | seq_cmd=(20, 1) seq_sens=(20, 2)
Split per-trial: 26879 finestre train | 6721 finestre val
Baseline persistenza (val): 0.7267 (sd 0.3393 | current 1.1141)
Epoch   0 | train 0.1682 | val 0.1233 (sd 0.0641 current 0.1824) | val/persist 0.170 | lr 3.13e-03
Epoch   1 | train 0.1116 | val 0.1006 (sd 0.0605 current 0.1407) | val/persist 0.138 | lr 3.13e-03
Epoch   2 | train 0.1045 | val 0.1064 (sd 0.0519 current 0.1609) | val/persist 0.146 | lr 3.13e-03
Epoch   3 | train 0.0985 | val 0.0830 (sd 0.0461 current 0.1200) | val/persist 0.114 | lr 3.13e-03
Epoch   4 | train 0.0911 | val 0.0997 (sd 0.0545 current 0.1449) | val/persist 0.137 | lr 3.13e-03
Epoch   5 | train 0.0891 | val 0.0778 (sd 0.0352 current 0.1204) | val/persist 0.107 | lr 3.13e-03
Epoch   6 | train 0.0887 | val 0.0733 (sd 0.0359 current 0.1106) | val/persist 0.101 | lr 3.13e-03
Epoch   7 | train 0.0840 | val 0.0838 (sd 0.0357 current 0.1318) | val/persist 0.115 | lr 3.13e-03
Epoch   8 | train 0.0837 | val 0.0779 (sd 0.0342 current 0.1215) | val/persist 0.107 | lr 3.13e-03
Epoch   9 | train 0.0799 | val 0.0689 (sd 0.0356 current 0.1021) | val/persist 0.095 | lr 3.13e-03
Epoch  10 | train 0.0827 | val 0.0711 (sd 0.0348 current 0.1073) | val/persist 0.098 | lr 3.13e-03
Epoch  11 | train 0.0801 | val 0.0729 (sd 0.0380 current 0.1079) | val/persist 0.100 | lr 3.13e-03
Epoch  12 | train 0.0789 | val 0.0728 (sd 0.0375 current 0.1081) | val/persist 0.100 | lr 3.13e-03
Epoch  13 | train 0.0773 | val 0.0700 (sd 0.0340 current 0.1060) | val/persist 0.096 | lr 3.13e-03
Epoch  14 | train 0.0762 | val 0.0692 (sd 0.0326 current 0.1057) | val/persist 0.095 | lr 3.13e-03
Epoch  15 | train 0.0737 | val 0.0617 (sd 0.0356 current 0.0878) | val/persist 0.085 | lr 3.13e-03
Epoch  16 | train 0.0758 | val 0.0736 (sd 0.0350 current 0.1121) | val/persist 0.101 | lr 3.13e-03
Epoch  17 | train 0.0742 | val 0.0704 (sd 0.0337 current 0.1071) | val/persist 0.097 | lr 3.13e-03
Epoch  18 | train 0.0747 | val 0.0666 (sd 0.0322 current 0.1010) | val/persist 0.092 | lr 3.13e-03
Epoch  19 | train 0.0716 | val 0.0722 (sd 0.0375 current 0.1068) | val/persist 0.099 | lr 3.13e-03
Epoch  20 | train 0.0713 | val 0.0713 (sd 0.0332 current 0.1095) | val/persist 0.098 | lr 3.13e-03
Epoch  21 | train 0.0722 | val 0.0691 (sd 0.0365 current 0.1017) | val/persist 0.095 | lr 3.13e-03
Epoch  22 | train 0.0705 | val 0.0707 (sd 0.0370 current 0.1043) | val/persist 0.097 | lr 3.13e-03
Epoch  23 | train 0.0709 | val 0.0718 (sd 0.0373 current 0.1064) | val/persist 0.099 | lr 3.13e-03
Epoch  24 | train 0.0709 | val 0.0593 (sd 0.0327 current 0.0858) | val/persist 0.082 | lr 3.13e-03
Epoch  25 | train 0.0695 | val 0.0634 (sd 0.0292 current 0.0975) | val/persist 0.087 | lr 3.13e-03
Epoch  26 | train 0.0701 | val 0.0641 (sd 0.0325 current 0.0957) | val/persist 0.088 | lr 3.13e-03
Epoch  27 | train 0.0682 | val 0.0654 (sd 0.0299 current 0.1008) | val/persist 0.090 | lr 3.13e-03
Epoch  28 | train 0.0700 | val 0.0627 (sd 0.0332 current 0.0922) | val/persist 0.086 | lr 3.13e-03
Epoch  29 | train 0.0689 | val 0.0780 (sd 0.0292 current 0.1267) | val/persist 0.107 | lr 3.13e-03
Epoch  30 | train 0.0684 | val 0.0617 (sd 0.0296 current 0.0937) | val/persist 0.085 | lr 3.13e-03
Epoch  31 | train 0.0688 | val 0.0595 (sd 0.0278 current 0.0911) | val/persist 0.082 | lr 3.13e-03
Epoch  32 | train 0.0683 | val 0.0582 (sd 0.0311 current 0.0852) | val/persist 0.080 | lr 3.13e-03
Epoch  33 | train 0.0676 | val 0.0742 (sd 0.0326 current 0.1158) | val/persist 0.102 | lr 3.13e-03
Epoch  34 | train 0.0666 | val 0.0612 (sd 0.0317 current 0.0907) | val/persist 0.084 | lr 3.13e-03
Epoch  35 | train 0.0667 | val 0.0629 (sd 0.0341 current 0.0918) | val/persist 0.087 | lr 3.13e-03
Epoch  36 | train 0.0665 | val 0.0606 (sd 0.0304 current 0.0909) | val/persist 0.083 | lr 3.13e-03
Epoch  37 | train 0.0655 | val 0.0576 (sd 0.0292 current 0.0859) | val/persist 0.079 | lr 3.13e-03
Epoch  38 | train 0.0655 | val 0.0661 (sd 0.0302 current 0.1020) | val/persist 0.091 | lr 3.13e-03
Epoch  39 | train 0.0662 | val 0.0667 (sd 0.0314 current 0.1020) | val/persist 0.092 | lr 3.13e-03
Epoch  40 | train 0.0653 | val 0.0613 (sd 0.0346 current 0.0881) | val/persist 0.084 | lr 3.13e-03
Epoch  41 | train 0.0638 | val 0.0599 (sd 0.0311 current 0.0888) | val/persist 0.082 | lr 3.13e-03
Epoch  42 | train 0.0623 | val 0.0622 (sd 0.0343 current 0.0902) | val/persist 0.086 | lr 3.13e-03
Epoch  43 | train 0.0638 | val 0.0608 (sd 0.0299 current 0.0918) | val/persist 0.084 | lr 3.13e-03
Epoch  44 | train 0.0641 | val 0.0596 (sd 0.0307 current 0.0885) | val/persist 0.082 | lr 3.13e-03
Epoch  45 | train 0.0648 | val 0.0549 (sd 0.0274 current 0.0825) | val/persist 0.076 | lr 3.13e-03
Epoch  46 | train 0.0628 | val 0.0649 (sd 0.0330 current 0.0969) | val/persist 0.089 | lr 3.13e-03
Epoch  47 | train 0.0649 | val 0.0563 (sd 0.0288 current 0.0838) | val/persist 0.077 | lr 3.13e-03
Epoch  48 | train 0.0631 | val 0.0585 (sd 0.0335 current 0.0836) | val/persist 0.081 | lr 3.13e-03
Epoch  49 | train 0.0610 | val 0.0572 (sd 0.0324 current 0.0820) | val/persist 0.079 | lr 3.13e-03
Epoch  50 | train 0.0620 | val 0.0719 (sd 0.0342 current 0.1095) | val/persist 0.099 | lr 3.13e-03
Epoch  51 | train 0.0618 | val 0.0777 (sd 0.0384 current 0.1170) | val/persist 0.107 | lr 3.13e-03
Epoch  52 | train 0.0625 | val 0.0603 (sd 0.0296 current 0.0910) | val/persist 0.083 | lr 3.13e-03
Epoch  53 | train 0.0621 | val 0.0594 (sd 0.0295 current 0.0893) | val/persist 0.082 | lr 3.13e-03
Epoch  54 | train 0.0616 | val 0.0581 (sd 0.0294 current 0.0868) | val/persist 0.080 | lr 3.13e-03
Epoch  55 | train 0.0626 | val 0.0583 (sd 0.0312 current 0.0855) | val/persist 0.080 | lr 3.13e-03
Epoch  56 | train 0.0609 | val 0.0576 (sd 0.0312 current 0.0840) | val/persist 0.079 | lr 1.56e-03
Epoch  57 | train 0.0530 | val 0.0535 (sd 0.0293 current 0.0777) | val/persist 0.074 | lr 1.56e-03
Epoch  58 | train 0.0515 | val 0.0523 (sd 0.0282 current 0.0764) | val/persist 0.072 | lr 1.56e-03
Epoch  59 | train 0.0518 | val 0.0531 (sd 0.0286 current 0.0776) | val/persist 0.073 | lr 1.56e-03

Training completato. Best val: 0.0523 a epoch 58 (persistenza 0.7267)
[I 2026-09-30 12:31:05,033] Trial 6 finished with value: 0.0522888893124507 and parameters: {'gru_hidden': 32, 'mlp_hidden': 512, 'num_layers': 2, 'dropout': 0.1695414567724577, 'weight_decay': 2.0338001789367175e-05, 'lr': 0.003125175073965247, 'batch_size': 64, 'clip_norm': 1.0}. Best is trial 3 with value: 0.04362786160287288.
Split per-trial: 26879 finestre train | 6721 finestre val
Baseline persistenza (val): 0.7267 (sd 0.3393 | current 1.1141)
Epoch   0 | train 0.3561 | val 0.1702 (sd 0.0752 current 0.2653) | val/persist 0.234 | lr 4.55e-04
Epoch   1 | train 0.1464 | val 0.1208 (sd 0.0655 current 0.1762) | val/persist 0.166 | lr 4.55e-04
Epoch   2 | train 0.1206 | val 0.1085 (sd 0.0621 current 0.1550) | val/persist 0.149 | lr 4.55e-04
Epoch   3 | train 0.1095 | val 0.1018 (sd 0.0576 current 0.1460) | val/persist 0.140 | lr 4.55e-04
Epoch   4 | train 0.1023 | val 0.0956 (sd 0.0555 current 0.1358) | val/persist 0.132 | lr 4.55e-04
Epoch   5 | train 0.0966 | val 0.0899 (sd 0.0533 current 0.1264) | val/persist 0.124 | lr 4.55e-04
Epoch   6 | train 0.0906 | val 0.0872 (sd 0.0509 current 0.1235) | val/persist 0.120 | lr 4.55e-04
Epoch   7 | train 0.0882 | val 0.0839 (sd 0.0492 current 0.1186) | val/persist 0.115 | lr 4.55e-04
Epoch   8 | train 0.0855 | val 0.0845 (sd 0.0487 current 0.1204) | val/persist 0.116 | lr 4.55e-04
Epoch   9 | train 0.0826 | val 0.0805 (sd 0.0451 current 0.1160) | val/persist 0.111 | lr 4.55e-04
Epoch  10 | train 0.0809 | val 0.0754 (sd 0.0435 current 0.1072) | val/persist 0.104 | lr 4.55e-04
Epoch  11 | train 0.0785 | val 0.0744 (sd 0.0431 current 0.1058) | val/persist 0.102 | lr 4.55e-04
Epoch  12 | train 0.0760 | val 0.0706 (sd 0.0404 current 0.1008) | val/persist 0.097 | lr 4.55e-04
Epoch  13 | train 0.0762 | val 0.0703 (sd 0.0388 current 0.1017) | val/persist 0.097 | lr 4.55e-04
Epoch  14 | train 0.0727 | val 0.0667 (sd 0.0375 current 0.0959) | val/persist 0.092 | lr 4.55e-04
Epoch  15 | train 0.0710 | val 0.0660 (sd 0.0372 current 0.0947) | val/persist 0.091 | lr 4.55e-04
Epoch  16 | train 0.0689 | val 0.0638 (sd 0.0354 current 0.0921) | val/persist 0.088 | lr 4.55e-04
Epoch  17 | train 0.0696 | val 0.0637 (sd 0.0356 current 0.0918) | val/persist 0.088 | lr 4.55e-04
Epoch  18 | train 0.0673 | val 0.0615 (sd 0.0330 current 0.0899) | val/persist 0.085 | lr 4.55e-04
Epoch  19 | train 0.0671 | val 0.0616 (sd 0.0341 current 0.0892) | val/persist 0.085 | lr 4.55e-04
Epoch  20 | train 0.0651 | val 0.0608 (sd 0.0327 current 0.0890) | val/persist 0.084 | lr 4.55e-04
Epoch  21 | train 0.0641 | val 0.0573 (sd 0.0318 current 0.0828) | val/persist 0.079 | lr 4.55e-04
Epoch  22 | train 0.0639 | val 0.0578 (sd 0.0311 current 0.0845) | val/persist 0.080 | lr 4.55e-04
Epoch  23 | train 0.0636 | val 0.0576 (sd 0.0328 current 0.0824) | val/persist 0.079 | lr 4.55e-04
Epoch  24 | train 0.0629 | val 0.0577 (sd 0.0312 current 0.0841) | val/persist 0.079 | lr 4.55e-04
Epoch  25 | train 0.0614 | val 0.0568 (sd 0.0306 current 0.0829) | val/persist 0.078 | lr 4.55e-04
Epoch  26 | train 0.0611 | val 0.0568 (sd 0.0292 current 0.0845) | val/persist 0.078 | lr 4.55e-04
Epoch  27 | train 0.0609 | val 0.0601 (sd 0.0317 current 0.0885) | val/persist 0.083 | lr 4.55e-04
Epoch  28 | train 0.0600 | val 0.0535 (sd 0.0292 current 0.0778) | val/persist 0.074 | lr 4.55e-04
Epoch  29 | train 0.0591 | val 0.0535 (sd 0.0294 current 0.0776) | val/persist 0.074 | lr 4.55e-04
Epoch  30 | train 0.0589 | val 0.0533 (sd 0.0285 current 0.0781) | val/persist 0.073 | lr 4.55e-04
Epoch  31 | train 0.0585 | val 0.0576 (sd 0.0289 current 0.0864) | val/persist 0.079 | lr 4.55e-04
Epoch  32 | train 0.0579 | val 0.0524 (sd 0.0277 current 0.0772) | val/persist 0.072 | lr 4.55e-04
Epoch  33 | train 0.0580 | val 0.0520 (sd 0.0272 current 0.0768) | val/persist 0.072 | lr 4.55e-04
Epoch  34 | train 0.0566 | val 0.0538 (sd 0.0274 current 0.0803) | val/persist 0.074 | lr 4.55e-04
Epoch  35 | train 0.0563 | val 0.0548 (sd 0.0275 current 0.0821) | val/persist 0.075 | lr 4.55e-04
Epoch  36 | train 0.0565 | val 0.0512 (sd 0.0276 current 0.0749) | val/persist 0.070 | lr 4.55e-04
Epoch  37 | train 0.0557 | val 0.0501 (sd 0.0267 current 0.0734) | val/persist 0.069 | lr 4.55e-04
Epoch  38 | train 0.0562 | val 0.0503 (sd 0.0275 current 0.0731) | val/persist 0.069 | lr 4.55e-04
Epoch  39 | train 0.0553 | val 0.0505 (sd 0.0269 current 0.0741) | val/persist 0.070 | lr 4.55e-04
Epoch  40 | train 0.0553 | val 0.0505 (sd 0.0270 current 0.0740) | val/persist 0.069 | lr 4.55e-04
Epoch  41 | train 0.0539 | val 0.0499 (sd 0.0256 current 0.0742) | val/persist 0.069 | lr 4.55e-04
Epoch  42 | train 0.0533 | val 0.0488 (sd 0.0272 current 0.0703) | val/persist 0.067 | lr 4.55e-04
Epoch  43 | train 0.0538 | val 0.0490 (sd 0.0268 current 0.0711) | val/persist 0.067 | lr 4.55e-04
Epoch  44 | train 0.0529 | val 0.0477 (sd 0.0266 current 0.0688) | val/persist 0.066 | lr 4.55e-04
Epoch  45 | train 0.0536 | val 0.0511 (sd 0.0264 current 0.0758) | val/persist 0.070 | lr 4.55e-04
Epoch  46 | train 0.0538 | val 0.0510 (sd 0.0255 current 0.0766) | val/persist 0.070 | lr 4.55e-04
Epoch  47 | train 0.0523 | val 0.0484 (sd 0.0261 current 0.0706) | val/persist 0.067 | lr 4.55e-04
Epoch  48 | train 0.0521 | val 0.0489 (sd 0.0254 current 0.0723) | val/persist 0.067 | lr 4.55e-04
Epoch  49 | train 0.0520 | val 0.0476 (sd 0.0258 current 0.0693) | val/persist 0.065 | lr 4.55e-04
Epoch  50 | train 0.0523 | val 0.0489 (sd 0.0247 current 0.0731) | val/persist 0.067 | lr 4.55e-04
Epoch  51 | train 0.0516 | val 0.0480 (sd 0.0253 current 0.0708) | val/persist 0.066 | lr 4.55e-04
Epoch  52 | train 0.0516 | val 0.0473 (sd 0.0255 current 0.0691) | val/persist 0.065 | lr 4.55e-04
Epoch  53 | train 0.0517 | val 0.0471 (sd 0.0257 current 0.0685) | val/persist 0.065 | lr 4.55e-04
Epoch  54 | train 0.0509 | val 0.0468 (sd 0.0249 current 0.0687) | val/persist 0.064 | lr 4.55e-04
Epoch  55 | train 0.0501 | val 0.0476 (sd 0.0258 current 0.0694) | val/persist 0.066 | lr 4.55e-04
Epoch  56 | train 0.0505 | val 0.0476 (sd 0.0257 current 0.0696) | val/persist 0.066 | lr 4.55e-04
Epoch  57 | train 0.0504 | val 0.0479 (sd 0.0255 current 0.0703) | val/persist 0.066 | lr 4.55e-04
Epoch  58 | train 0.0506 | val 0.0467 (sd 0.0248 current 0.0686) | val/persist 0.064 | lr 4.55e-04
Epoch  59 | train 0.0497 | val 0.0464 (sd 0.0249 current 0.0679) | val/persist 0.064 | lr 4.55e-04

Training completato. Best val: 0.0464 a epoch 59 (persistenza 0.7267)
[I 2026-09-30 12:33:18,287] Trial 16 finished with value: 0.04639994521223351 and parameters: {'gru_hidden': 128, 'mlp_hidden': 256, 'num_layers': 1, 'dropout': 0.21933679999869604, 'weight_decay': 0.0014592909471635785, 'lr': 0.00045456747354147254, 'batch_size': 256, 'clip_norm': 5.0}. Best is trial 8 with value: 0.042171901499707315.
Split per-trial: 26879 finestre train | 6721 finestre val
Baseline persistenza (val): 0.7267 (sd 0.3393 | current 1.1141)
Epoch   0 | train 0.4447 | val 0.2137 (sd 0.0860 current 0.3414) | val/persist 0.294 | lr 3.25e-04
Epoch   1 | train 0.2295 | val 0.1418 (sd 0.0779 current 0.2057) | val/persist 0.195 | lr 3.25e-04
Epoch   2 | train 0.1937 | val 0.1312 (sd 0.0780 current 0.1845) | val/persist 0.181 | lr 3.25e-04
Epoch   3 | train 0.1800 | val 0.1279 (sd 0.0763 current 0.1794) | val/persist 0.176 | lr 3.25e-04
Epoch   4 | train 0.1721 | val 0.1265 (sd 0.0758 current 0.1772) | val/persist 0.174 | lr 3.25e-04
Epoch   5 | train 0.1669 | val 0.1163 (sd 0.0729 current 0.1597) | val/persist 0.160 | lr 3.25e-04
Epoch   6 | train 0.1616 | val 0.1130 (sd 0.0717 current 0.1543) | val/persist 0.156 | lr 3.25e-04
Epoch   7 | train 0.1584 | val 0.1150 (sd 0.0741 current 0.1559) | val/persist 0.158 | lr 3.25e-04
Epoch   8 | train 0.1534 | val 0.1096 (sd 0.0703 current 0.1489) | val/persist 0.151 | lr 3.25e-04
[I 2026-09-30 12:33:58,797] Trial 21 pruned. 
Split per-trial: 26879 finestre train | 6721 finestre val
Baseline persistenza (val): 0.7267 (sd 0.3393 | current 1.1141)
Epoch   0 | train 0.2085 | val 0.1134 (sd 0.0651 current 0.1616) | val/persist 0.156 | lr 7.43e-04
Epoch   1 | train 0.1171 | val 0.0969 (sd 0.0613 current 0.1325) | val/persist 0.133 | lr 7.43e-04
Epoch   2 | train 0.1026 | val 0.0901 (sd 0.0557 current 0.1245) | val/persist 0.124 | lr 7.43e-04
Epoch   3 | train 0.0930 | val 0.0813 (sd 0.0443 current 0.1184) | val/persist 0.112 | lr 7.43e-04
Epoch   4 | train 0.0880 | val 0.0761 (sd 0.0397 current 0.1124) | val/persist 0.105 | lr 7.43e-04
Epoch   5 | train 0.0816 | val 0.0655 (sd 0.0348 current 0.0963) | val/persist 0.090 | lr 7.43e-04
Epoch   6 | train 0.0779 | val 0.0603 (sd 0.0322 current 0.0884) | val/persist 0.083 | lr 7.43e-04
Epoch   7 | train 0.0766 | val 0.0613 (sd 0.0319 current 0.0907) | val/persist 0.084 | lr 7.43e-04
Epoch   8 | train 0.0731 | val 0.0628 (sd 0.0314 current 0.0941) | val/persist 0.086 | lr 7.43e-04
Epoch   9 | train 0.0718 | val 0.0541 (sd 0.0295 current 0.0787) | val/persist 0.074 | lr 7.43e-04
Epoch  10 | train 0.0703 | val 0.0646 (sd 0.0319 current 0.0973) | val/persist 0.089 | lr 7.43e-04
Epoch  11 | train 0.0678 | val 0.0551 (sd 0.0278 current 0.0823) | val/persist 0.076 | lr 7.43e-04
Epoch  12 | train 0.0662 | val 0.0581 (sd 0.0270 current 0.0892) | val/persist 0.080 | lr 7.43e-04
Epoch  13 | train 0.0665 | val 0.0526 (sd 0.0275 current 0.0777) | val/persist 0.072 | lr 7.43e-04
Epoch  14 | train 0.0632 | val 0.0599 (sd 0.0279 current 0.0918) | val/persist 0.082 | lr 7.43e-04
Epoch  15 | train 0.0628 | val 0.0559 (sd 0.0320 current 0.0797) | val/persist 0.077 | lr 7.43e-04
Epoch  16 | train 0.0634 | val 0.0550 (sd 0.0278 current 0.0821) | val/persist 0.076 | lr 7.43e-04
Epoch  17 | train 0.0609 | val 0.0577 (sd 0.0272 current 0.0882) | val/persist 0.079 | lr 7.43e-04
Epoch  18 | train 0.0601 | val 0.0521 (sd 0.0281 current 0.0762) | val/persist 0.072 | lr 7.43e-04
Epoch  19 | train 0.0588 | val 0.0544 (sd 0.0276 current 0.0811) | val/persist 0.075 | lr 7.43e-04
Epoch  20 | train 0.0593 | val 0.0540 (sd 0.0288 current 0.0791) | val/persist 0.074 | lr 7.43e-04
Epoch  21 | train 0.0567 | val 0.0530 (sd 0.0296 current 0.0763) | val/persist 0.073 | lr 7.43e-04
Epoch  22 | train 0.0567 | val 0.0534 (sd 0.0298 current 0.0770) | val/persist 0.073 | lr 7.43e-04
Epoch  23 | train 0.0556 | val 0.0538 (sd 0.0287 current 0.0790) | val/persist 0.074 | lr 7.43e-04
Epoch  24 | train 0.0563 | val 0.0533 (sd 0.0273 current 0.0794) | val/persist 0.073 | lr 7.43e-04
Epoch  25 | train 0.0543 | val 0.0538 (sd 0.0267 current 0.0809) | val/persist 0.074 | lr 7.43e-04
Epoch  26 | train 0.0535 | val 0.0529 (sd 0.0264 current 0.0794) | val/persist 0.073 | lr 7.43e-04
[I 2026-09-30 12:39:30,583] Trial 30 pruned. 
Split per-trial: 26879 finestre train | 6721 finestre val
Baseline persistenza (val): 0.7267 (sd 0.3393 | current 1.1141)
Epoch   0 | train 0.1932 | val 0.1101 (sd 0.0556 current 0.1647) | val/persist 0.152 | lr 5.76e-04
Epoch   1 | train 0.0914 | val 0.0930 (sd 0.0526 current 0.1333) | val/persist 0.128 | lr 5.76e-04
Epoch   2 | train 0.0802 | val 0.0897 (sd 0.0497 current 0.1298) | val/persist 0.123 | lr 5.76e-04
Epoch   3 | train 0.0762 | val 0.0825 (sd 0.0423 current 0.1228) | val/persist 0.114 | lr 5.76e-04
Epoch   4 | train 0.0701 | val 0.0825 (sd 0.0402 current 0.1248) | val/persist 0.114 | lr 5.76e-04
Epoch   5 | train 0.0655 | val 0.0693 (sd 0.0378 current 0.1008) | val/persist 0.095 | lr 5.76e-04
Epoch   6 | train 0.0625 | val 0.0686 (sd 0.0358 current 0.1015) | val/persist 0.094 | lr 5.76e-04
Epoch   7 | train 0.0594 | val 0.0699 (sd 0.0330 current 0.1068) | val/persist 0.096 | lr 5.76e-04
Epoch   8 | train 0.0583 | val 0.0619 (sd 0.0335 current 0.0902) | val/persist 0.085 | lr 5.76e-04
Epoch   9 | train 0.0561 | val 0.0679 (sd 0.0298 current 0.1059) | val/persist 0.093 | lr 5.76e-04
Epoch  10 | train 0.0532 | val 0.0562 (sd 0.0286 current 0.0839) | val/persist 0.077 | lr 5.76e-04
Epoch  11 | train 0.0522 | val 0.0574 (sd 0.0290 current 0.0858) | val/persist 0.079 | lr 5.76e-04
Epoch  12 | train 0.0511 | val 0.0565 (sd 0.0270 current 0.0860) | val/persist 0.078 | lr 5.76e-04
Epoch  13 | train 0.0497 | val 0.0583 (sd 0.0283 current 0.0883) | val/persist 0.080 | lr 5.76e-04
Epoch  14 | train 0.0498 | val 0.0515 (sd 0.0265 current 0.0766) | val/persist 0.071 | lr 5.76e-04
Epoch  15 | train 0.0476 | val 0.0515 (sd 0.0267 current 0.0762) | val/persist 0.071 | lr 5.76e-04
Epoch  16 | train 0.0469 | val 0.0506 (sd 0.0272 current 0.0740) | val/persist 0.070 | lr 5.76e-04
Epoch  17 | train 0.0460 | val 0.0492 (sd 0.0264 current 0.0721) | val/persist 0.068 | lr 5.76e-04
Epoch  18 | train 0.0447 | val 0.0482 (sd 0.0245 current 0.0718) | val/persist 0.066 | lr 5.76e-04
Epoch  19 | train 0.0440 | val 0.0477 (sd 0.0248 current 0.0707) | val/persist 0.066 | lr 5.76e-04
Epoch  20 | train 0.0439 | val 0.0478 (sd 0.0253 current 0.0702) | val/persist 0.066 | lr 5.76e-04
Epoch  21 | train 0.0435 | val 0.0480 (sd 0.0249 current 0.0711) | val/persist 0.066 | lr 5.76e-04
Epoch  22 | train 0.0424 | val 0.0499 (sd 0.0249 current 0.0750) | val/persist 0.069 | lr 5.76e-04
Epoch  23 | train 0.0422 | val 0.0469 (sd 0.0233 current 0.0704) | val/persist 0.065 | lr 5.76e-04
Epoch  24 | train 0.0412 | val 0.0458 (sd 0.0242 current 0.0673) | val/persist 0.063 | lr 5.76e-04
Epoch  25 | train 0.0405 | val 0.0451 (sd 0.0238 current 0.0664) | val/persist 0.062 | lr 5.76e-04
Epoch  26 | train 0.0413 | val 0.0469 (sd 0.0247 current 0.0691) | val/persist 0.065 | lr 5.76e-04
Epoch  27 | train 0.0413 | val 0.0470 (sd 0.0242 current 0.0698) | val/persist 0.065 | lr 5.76e-04
Epoch  28 | train 0.0412 | val 0.0460 (sd 0.0241 current 0.0679) | val/persist 0.063 | lr 5.76e-04
Epoch  29 | train 0.0400 | val 0.0459 (sd 0.0243 current 0.0674) | val/persist 0.063 | lr 5.76e-04
Epoch  30 | train 0.0396 | val 0.0492 (sd 0.0227 current 0.0757) | val/persist 0.068 | lr 5.76e-04
Epoch  31 | train 0.0394 | val 0.0448 (sd 0.0234 current 0.0663) | val/persist 0.062 | lr 5.76e-04
Epoch  32 | train 0.0390 | val 0.0458 (sd 0.0244 current 0.0673) | val/persist 0.063 | lr 5.76e-04
Epoch  33 | train 0.0385 | val 0.0448 (sd 0.0228 current 0.0667) | val/persist 0.062 | lr 5.76e-04
Epoch  34 | train 0.0381 | val 0.0434 (sd 0.0227 current 0.0641) | val/persist 0.060 | lr 5.76e-04
Epoch  35 | train 0.0399 | val 0.0451 (sd 0.0235 current 0.0667) | val/persist 0.062 | lr 5.76e-04
Epoch  36 | train 0.0374 | val 0.0447 (sd 0.0238 current 0.0656) | val/persist 0.062 | lr 5.76e-04
Epoch  37 | train 0.0379 | val 0.0447 (sd 0.0235 current 0.0658) | val/persist 0.061 | lr 5.76e-04
Epoch  38 | train 0.0378 | val 0.0463 (sd 0.0238 current 0.0689) | val/persist 0.064 | lr 5.76e-04
Epoch  39 | train 0.0371 | val 0.0450 (sd 0.0235 current 0.0665) | val/persist 0.062 | lr 5.76e-04
Epoch  40 | train 0.0374 | val 0.0462 (sd 0.0235 current 0.0690) | val/persist 0.064 | lr 5.76e-04
Epoch  41 | train 0.0362 | val 0.0423 (sd 0.0233 current 0.0614) | val/persist 0.058 | lr 5.76e-04
Epoch  42 | train 0.0362 | val 0.0422 (sd 0.0230 current 0.0615) | val/persist 0.058 | lr 5.76e-04
Epoch  43 | train 0.0364 | val 0.0465 (sd 0.0234 current 0.0697) | val/persist 0.064 | lr 5.76e-04
Epoch  44 | train 0.0362 | val 0.0442 (sd 0.0235 current 0.0649) | val/persist 0.061 | lr 5.76e-04
Epoch  45 | train 0.0359 | val 0.0447 (sd 0.0226 current 0.0668) | val/persist 0.062 | lr 5.76e-04
Epoch  46 | train 0.0355 | val 0.0454 (sd 0.0240 current 0.0667) | val/persist 0.062 | lr 5.76e-04
Epoch  47 | train 0.0355 | val 0.0448 (sd 0.0232 current 0.0663) | val/persist 0.062 | lr 5.76e-04
Epoch  48 | train 0.0348 | val 0.0434 (sd 0.0231 current 0.0638) | val/persist 0.060 | lr 5.76e-04
Epoch  49 | train 0.0348 | val 0.0425 (sd 0.0227 current 0.0624) | val/persist 0.059 | lr 5.76e-04
Epoch  50 | train 0.0342 | val 0.0430 (sd 0.0239 current 0.0620) | val/persist 0.059 | lr 5.76e-04
Epoch  51 | train 0.0348 | val 0.0445 (sd 0.0245 current 0.0644) | val/persist 0.061 | lr 5.76e-04
Epoch  52 | train 0.0338 | val 0.0459 (sd 0.0228 current 0.0690) | val/persist 0.063 | lr 5.76e-04
Epoch  53 | train 0.0341 | val 0.0454 (sd 0.0236 current 0.0671) | val/persist 0.062 | lr 2.88e-04
Epoch  54 | train 0.0315 | val 0.0407 (sd 0.0227 current 0.0587) | val/persist 0.056 | lr 2.88e-04
Epoch  55 | train 0.0308 | val 0.0404 (sd 0.0230 current 0.0578) | val/persist 0.056 | lr 2.88e-04
Epoch  56 | train 0.0306 | val 0.0433 (sd 0.0226 current 0.0641) | val/persist 0.060 | lr 2.88e-04
Epoch  57 | train 0.0308 | val 0.0406 (sd 0.0227 current 0.0585) | val/persist 0.056 | lr 2.88e-04
Epoch  58 | train 0.0305 | val 0.0409 (sd 0.0225 current 0.0593) | val/persist 0.056 | lr 2.88e-04
Epoch  59 | train 0.0307 | val 0.0416 (sd 0.0228 current 0.0604) | val/persist 0.057 | lr 2.88e-04

Training completato. Best val: 0.0404 a epoch 55 (persistenza 0.7267)
[I 2026-09-30 12:42:17,307] Trial 56 finished with value: 0.04039788358561997 and parameters: {'gru_hidden': 128, 'mlp_hidden': 512, 'num_layers': 1, 'dropout': 0.02717407426061276, 'weight_decay': 3.613865096554232e-05, 'lr': 0.0005764488654424762, 'batch_size': 128, 'clip_norm': 5.0}. Best is trial 56 with value: 0.04039788358561997.
Split per-trial: 26879 finestre train | 6721 finestre val
Baseline persistenza (val): 0.7267 (sd 0.3393 | current 1.1141)
Epoch   0 | train 0.1987 | val 0.1087 (sd 0.0567 current 0.1607) | val/persist 0.150 | lr 5.33e-04
Epoch   1 | train 0.0972 | val 0.0982 (sd 0.0558 current 0.1407) | val/persist 0.135 | lr 5.33e-04
Epoch   2 | train 0.0852 | val 0.0871 (sd 0.0476 current 0.1266) | val/persist 0.120 | lr 5.33e-04
Epoch   3 | train 0.0790 | val 0.0787 (sd 0.0438 current 0.1136) | val/persist 0.108 | lr 5.33e-04
Epoch   4 | train 0.0730 | val 0.0764 (sd 0.0429 current 0.1100) | val/persist 0.105 | lr 5.33e-04
Epoch   5 | train 0.0689 | val 0.0718 (sd 0.0400 current 0.1037) | val/persist 0.099 | lr 5.33e-04
Epoch   6 | train 0.0657 | val 0.0661 (sd 0.0362 current 0.0960) | val/persist 0.091 | lr 5.33e-04
Epoch   7 | train 0.0623 | val 0.0664 (sd 0.0347 current 0.0981) | val/persist 0.091 | lr 5.33e-04
Epoch   8 | train 0.0609 | val 0.0647 (sd 0.0334 current 0.0960) | val/persist 0.089 | lr 5.33e-04
Epoch   9 | train 0.0581 | val 0.0632 (sd 0.0334 current 0.0929) | val/persist 0.087 | lr 5.33e-04
Epoch  10 | train 0.0570 | val 0.0577 (sd 0.0295 current 0.0860) | val/persist 0.079 | lr 5.33e-04
Epoch  11 | train 0.0539 | val 0.0569 (sd 0.0302 current 0.0836) | val/persist 0.078 | lr 5.33e-04
Epoch  12 | train 0.0531 | val 0.0545 (sd 0.0285 current 0.0805) | val/persist 0.075 | lr 5.33e-04
Epoch  13 | train 0.0519 | val 0.0560 (sd 0.0269 current 0.0852) | val/persist 0.077 | lr 5.33e-04
Epoch  14 | train 0.0503 | val 0.0554 (sd 0.0268 current 0.0841) | val/persist 0.076 | lr 5.33e-04
Epoch  15 | train 0.0506 | val 0.0535 (sd 0.0258 current 0.0813) | val/persist 0.074 | lr 5.33e-04
Epoch  16 | train 0.0495 | val 0.0545 (sd 0.0269 current 0.0821) | val/persist 0.075 | lr 5.33e-04
Epoch  17 | train 0.0483 | val 0.0490 (sd 0.0255 current 0.0725) | val/persist 0.067 | lr 5.33e-04
Epoch  18 | train 0.0473 | val 0.0513 (sd 0.0291 current 0.0734) | val/persist 0.071 | lr 5.33e-04
Epoch  19 | train 0.0466 | val 0.0512 (sd 0.0257 current 0.0768) | val/persist 0.071 | lr 5.33e-04
Epoch  20 | train 0.0470 | val 0.0492 (sd 0.0247 current 0.0738) | val/persist 0.068 | lr 5.33e-04
Epoch  21 | train 0.0459 | val 0.0489 (sd 0.0245 current 0.0733) | val/persist 0.067 | lr 5.33e-04
Epoch  22 | train 0.0451 | val 0.0497 (sd 0.0244 current 0.0749) | val/persist 0.068 | lr 5.33e-04
Epoch  23 | train 0.0448 | val 0.0456 (sd 0.0245 current 0.0668) | val/persist 0.063 | lr 5.33e-04
Epoch  24 | train 0.0439 | val 0.0481 (sd 0.0241 current 0.0721) | val/persist 0.066 | lr 5.33e-04
Epoch  25 | train 0.0435 | val 0.0458 (sd 0.0235 current 0.0680) | val/persist 0.063 | lr 5.33e-04
Epoch  26 | train 0.0437 | val 0.0480 (sd 0.0242 current 0.0719) | val/persist 0.066 | lr 5.33e-04
Epoch  27 | train 0.0428 | val 0.0509 (sd 0.0245 current 0.0773) | val/persist 0.070 | lr 5.33e-04
Epoch  28 | train 0.0435 | val 0.0503 (sd 0.0254 current 0.0751) | val/persist 0.069 | lr 5.33e-04
Epoch  29 | train 0.0429 | val 0.0447 (sd 0.0237 current 0.0657) | val/persist 0.062 | lr 5.33e-04
Epoch  30 | train 0.0418 | val 0.0457 (sd 0.0240 current 0.0675) | val/persist 0.063 | lr 5.33e-04
Epoch  31 | train 0.0415 | val 0.0472 (sd 0.0252 current 0.0691) | val/persist 0.065 | lr 5.33e-04
Epoch  32 | train 0.0417 | val 0.0466 (sd 0.0250 current 0.0682) | val/persist 0.064 | lr 5.33e-04
Epoch  33 | train 0.0411 | val 0.0474 (sd 0.0232 current 0.0716) | val/persist 0.065 | lr 5.33e-04
Epoch  34 | train 0.0410 | val 0.0487 (sd 0.0253 current 0.0721) | val/persist 0.067 | lr 5.33e-04
Epoch  35 | train 0.0405 | val 0.0459 (sd 0.0244 current 0.0673) | val/persist 0.063 | lr 5.33e-04
Epoch  36 | train 0.0402 | val 0.0443 (sd 0.0232 current 0.0654) | val/persist 0.061 | lr 5.33e-04
Epoch  37 | train 0.0396 | val 0.0430 (sd 0.0227 current 0.0634) | val/persist 0.059 | lr 5.33e-04
Epoch  38 | train 0.0395 | val 0.0447 (sd 0.0241 current 0.0653) | val/persist 0.061 | lr 5.33e-04
Epoch  39 | train 0.0394 | val 0.0455 (sd 0.0249 current 0.0662) | val/persist 0.063 | lr 5.33e-04
Epoch  40 | train 0.0389 | val 0.0433 (sd 0.0236 current 0.0630) | val/persist 0.060 | lr 5.33e-04
Epoch  41 | train 0.0394 | val 0.0446 (sd 0.0240 current 0.0652) | val/persist 0.061 | lr 5.33e-04
Epoch  42 | train 0.0383 | val 0.0452 (sd 0.0233 current 0.0670) | val/persist 0.062 | lr 5.33e-04
Epoch  43 | train 0.0382 | val 0.0427 (sd 0.0231 current 0.0623) | val/persist 0.059 | lr 5.33e-04
Epoch  44 | train 0.0382 | val 0.0444 (sd 0.0245 current 0.0643) | val/persist 0.061 | lr 5.33e-04
Epoch  45 | train 0.0378 | val 0.0433 (sd 0.0226 current 0.0640) | val/persist 0.060 | lr 5.33e-04
Epoch  46 | train 0.0374 | val 0.0439 (sd 0.0229 current 0.0649) | val/persist 0.060 | lr 5.33e-04
Epoch  47 | train 0.0374 | val 0.0447 (sd 0.0224 current 0.0671) | val/persist 0.062 | lr 5.33e-04
Epoch  48 | train 0.0383 | val 0.0440 (sd 0.0233 current 0.0646) | val/persist 0.061 | lr 5.33e-04
Epoch  49 | train 0.0374 | val 0.0450 (sd 0.0240 current 0.0659) | val/persist 0.062 | lr 5.33e-04
Epoch  50 | train 0.0367 | val 0.0451 (sd 0.0236 current 0.0666) | val/persist 0.062 | lr 5.33e-04
Epoch  51 | train 0.0364 | val 0.0431 (sd 0.0232 current 0.0630) | val/persist 0.059 | lr 5.33e-04
Epoch  52 | train 0.0361 | val 0.0430 (sd 0.0242 current 0.0618) | val/persist 0.059 | lr 5.33e-04
Epoch  53 | train 0.0371 | val 0.0448 (sd 0.0224 current 0.0672) | val/persist 0.062 | lr 5.33e-04
Epoch  54 | train 0.0360 | val 0.0459 (sd 0.0237 current 0.0681) | val/persist 0.063 | lr 2.67e-04
Epoch  55 | train 0.0334 | val 0.0408 (sd 0.0232 current 0.0583) | val/persist 0.056 | lr 2.67e-04
Epoch  56 | train 0.0331 | val 0.0409 (sd 0.0228 current 0.0590) | val/persist 0.056 | lr 2.67e-04
Epoch  57 | train 0.0327 | val 0.0421 (sd 0.0228 current 0.0614) | val/persist 0.058 | lr 2.67e-04
Epoch  58 | train 0.0326 | val 0.0423 (sd 0.0237 current 0.0609) | val/persist 0.058 | lr 2.67e-04
Epoch  59 | train 0.0329 | val 0.0419 (sd 0.0219 current 0.0619) | val/persist 0.058 | lr 2.67e-04

Training completato. Best val: 0.0408 a epoch 55 (persistenza 0.7267)
[I 2026-09-30 12:45:00,548] Trial 62 finished with value: 0.04075908150067732 and parameters: {'gru_hidden': 128, 'mlp_hidden': 512, 'num_layers': 1, 'dropout': 0.07392991320473735, 'weight_decay': 3.758275865123029e-05, 'lr': 0.00053308196153329, 'batch_size': 128, 'clip_norm': 5.0}. Best is trial 56 with value: 0.04039788358561997.
Split per-trial: 26879 finestre train | 6721 finestre val
Baseline persistenza (val): 0.7267 (sd 0.3393 | current 1.1141)
Epoch   0 | train 0.1763 | val 0.1003 (sd 0.0539 current 0.1468) | val/persist 0.138 | lr 7.40e-04
Epoch   1 | train 0.0904 | val 0.0932 (sd 0.0505 current 0.1359) | val/persist 0.128 | lr 7.40e-04
Epoch   2 | train 0.0803 | val 0.0831 (sd 0.0454 current 0.1207) | val/persist 0.114 | lr 7.40e-04
Epoch   3 | train 0.0755 | val 0.0794 (sd 0.0428 current 0.1160) | val/persist 0.109 | lr 7.40e-04
Epoch   4 | train 0.0688 | val 0.0799 (sd 0.0374 current 0.1225) | val/persist 0.110 | lr 7.40e-04
Epoch   5 | train 0.0641 | val 0.0685 (sd 0.0353 current 0.1017) | val/persist 0.094 | lr 7.40e-04
Epoch   6 | train 0.0603 | val 0.0626 (sd 0.0330 current 0.0921) | val/persist 0.086 | lr 7.40e-04
Epoch   7 | train 0.0581 | val 0.0627 (sd 0.0308 current 0.0946) | val/persist 0.086 | lr 7.40e-04
Epoch   8 | train 0.0582 | val 0.0587 (sd 0.0317 current 0.0857) | val/persist 0.081 | lr 7.40e-04
Epoch   9 | train 0.0539 | val 0.0597 (sd 0.0296 current 0.0899) | val/persist 0.082 | lr 7.40e-04
Epoch  10 | train 0.0535 | val 0.0547 (sd 0.0286 current 0.0809) | val/persist 0.075 | lr 7.40e-04
Epoch  11 | train 0.0525 | val 0.0545 (sd 0.0274 current 0.0815) | val/persist 0.075 | lr 7.40e-04
Epoch  12 | train 0.0506 | val 0.0536 (sd 0.0265 current 0.0808) | val/persist 0.074 | lr 7.40e-04
Epoch  13 | train 0.0494 | val 0.0553 (sd 0.0271 current 0.0835) | val/persist 0.076 | lr 7.40e-04
Epoch  14 | train 0.0488 | val 0.0523 (sd 0.0262 current 0.0783) | val/persist 0.072 | lr 7.40e-04
Epoch  15 | train 0.0489 | val 0.0531 (sd 0.0261 current 0.0801) | val/persist 0.073 | lr 7.40e-04
Epoch  16 | train 0.0467 | val 0.0536 (sd 0.0254 current 0.0818) | val/persist 0.074 | lr 7.40e-04
Epoch  17 | train 0.0465 | val 0.0521 (sd 0.0266 current 0.0775) | val/persist 0.072 | lr 7.40e-04
Epoch  18 | train 0.0470 | val 0.0548 (sd 0.0271 current 0.0824) | val/persist 0.075 | lr 7.40e-04
Epoch  19 | train 0.0450 | val 0.0464 (sd 0.0237 current 0.0691) | val/persist 0.064 | lr 7.40e-04
Epoch  20 | train 0.0444 | val 0.0504 (sd 0.0252 current 0.0756) | val/persist 0.069 | lr 7.40e-04
Epoch  21 | train 0.0434 | val 0.0471 (sd 0.0245 current 0.0697) | val/persist 0.065 | lr 7.40e-04
Epoch  22 | train 0.0434 | val 0.0478 (sd 0.0239 current 0.0716) | val/persist 0.066 | lr 7.40e-04
Epoch  23 | train 0.0435 | val 0.0488 (sd 0.0259 current 0.0716) | val/persist 0.067 | lr 7.40e-04
Epoch  24 | train 0.0433 | val 0.0485 (sd 0.0263 current 0.0708) | val/persist 0.067 | lr 7.40e-04
Epoch  25 | train 0.0430 | val 0.0478 (sd 0.0243 current 0.0712) | val/persist 0.066 | lr 7.40e-04
Epoch  26 | train 0.0426 | val 0.0449 (sd 0.0239 current 0.0658) | val/persist 0.062 | lr 7.40e-04
Epoch  27 | train 0.0420 | val 0.0495 (sd 0.0241 current 0.0750) | val/persist 0.068 | lr 7.40e-04
Epoch  28 | train 0.0420 | val 0.0477 (sd 0.0246 current 0.0707) | val/persist 0.066 | lr 7.40e-04
Epoch  29 | train 0.0408 | val 0.0487 (sd 0.0249 current 0.0726) | val/persist 0.067 | lr 7.40e-04
Epoch  30 | train 0.0410 | val 0.0443 (sd 0.0236 current 0.0650) | val/persist 0.061 | lr 7.40e-04
Epoch  31 | train 0.0406 | val 0.0470 (sd 0.0254 current 0.0686) | val/persist 0.065 | lr 7.40e-04
Epoch  32 | train 0.0410 | val 0.0474 (sd 0.0241 current 0.0707) | val/persist 0.065 | lr 7.40e-04
Epoch  33 | train 0.0406 | val 0.0464 (sd 0.0251 current 0.0676) | val/persist 0.064 | lr 7.40e-04
Epoch  34 | train 0.0403 | val 0.0472 (sd 0.0247 current 0.0697) | val/persist 0.065 | lr 7.40e-04
Epoch  35 | train 0.0390 | val 0.0468 (sd 0.0269 current 0.0667) | val/persist 0.064 | lr 7.40e-04
Epoch  36 | train 0.0388 | val 0.0468 (sd 0.0227 current 0.0709) | val/persist 0.064 | lr 7.40e-04
Epoch  37 | train 0.0396 | val 0.0476 (sd 0.0240 current 0.0712) | val/persist 0.066 | lr 7.40e-04
Epoch  38 | train 0.0385 | val 0.0433 (sd 0.0248 current 0.0618) | val/persist 0.060 | lr 7.40e-04
Epoch  39 | train 0.0383 | val 0.0453 (sd 0.0246 current 0.0660) | val/persist 0.062 | lr 7.40e-04
Epoch  40 | train 0.0380 | val 0.0454 (sd 0.0237 current 0.0672) | val/persist 0.063 | lr 7.40e-04
Epoch  41 | train 0.0378 | val 0.0445 (sd 0.0231 current 0.0658) | val/persist 0.061 | lr 7.40e-04
Epoch  42 | train 0.0373 | val 0.0461 (sd 0.0236 current 0.0686) | val/persist 0.063 | lr 7.40e-04
Epoch  43 | train 0.0378 | val 0.0488 (sd 0.0253 current 0.0723) | val/persist 0.067 | lr 7.40e-04
Epoch  44 | train 0.0368 | val 0.0442 (sd 0.0251 current 0.0634) | val/persist 0.061 | lr 7.40e-04
Epoch  45 | train 0.0366 | val 0.0434 (sd 0.0231 current 0.0637) | val/persist 0.060 | lr 7.40e-04
Epoch  46 | train 0.0363 | val 0.0449 (sd 0.0233 current 0.0664) | val/persist 0.062 | lr 7.40e-04
Epoch  47 | train 0.0365 | val 0.0453 (sd 0.0241 current 0.0666) | val/persist 0.062 | lr 7.40e-04
Epoch  48 | train 0.0360 | val 0.0482 (sd 0.0230 current 0.0735) | val/persist 0.066 | lr 7.40e-04
Epoch  49 | train 0.0353 | val 0.0443 (sd 0.0248 current 0.0637) | val/persist 0.061 | lr 3.70e-04
Epoch  50 | train 0.0324 | val 0.0420 (sd 0.0224 current 0.0616) | val/persist 0.058 | lr 3.70e-04
Epoch  51 | train 0.0320 | val 0.0435 (sd 0.0229 current 0.0641) | val/persist 0.060 | lr 3.70e-04
Epoch  52 | train 0.0321 | val 0.0417 (sd 0.0233 current 0.0600) | val/persist 0.057 | lr 3.70e-04
Epoch  53 | train 0.0314 | val 0.0420 (sd 0.0227 current 0.0613) | val/persist 0.058 | lr 3.70e-04
Epoch  54 | train 0.0313 | val 0.0420 (sd 0.0228 current 0.0612) | val/persist 0.058 | lr 3.70e-04
Epoch  55 | train 0.0316 | val 0.0421 (sd 0.0224 current 0.0618) | val/persist 0.058 | lr 3.70e-04
Epoch  56 | train 0.0311 | val 0.0418 (sd 0.0228 current 0.0608) | val/persist 0.057 | lr 3.70e-04
Epoch  57 | train 0.0311 | val 0.0424 (sd 0.0229 current 0.0619) | val/persist 0.058 | lr 3.70e-04
Epoch  58 | train 0.0309 | val 0.0417 (sd 0.0235 current 0.0599) | val/persist 0.057 | lr 3.70e-04
Epoch  59 | train 0.0306 | val 0.0407 (sd 0.0225 current 0.0589) | val/persist 0.056 | lr 3.70e-04

Training completato. Best val: 0.0407 a epoch 59 (persistenza 0.7267)
[I 2026-09-30 12:47:41,042] Trial 77 finished with value: 0.04071736573206316 and parameters: {'gru_hidden': 128, 'mlp_hidden': 512, 'num_layers': 1, 'dropout': 0.07949939736088818, 'weight_decay': 5.322039767710815e-05, 'lr': 0.0007401510052724019, 'batch_size': 128, 'clip_norm': 5.0}. Best is trial 56 with value: 0.04039788358561997.
Split per-trial: 26879 finestre train | 6721 finestre val
Baseline persistenza (val): 0.7267 (sd 0.3393 | current 1.1141)
Epoch   0 | train 0.2085 | val 0.1202 (sd 0.0582 current 0.1821) | val/persist 0.165 | lr 4.63e-04
Epoch   1 | train 0.0996 | val 0.0967 (sd 0.0542 current 0.1392) | val/persist 0.133 | lr 4.63e-04
Epoch   2 | train 0.0886 | val 0.0939 (sd 0.0509 current 0.1368) | val/persist 0.129 | lr 4.63e-04
Epoch   3 | train 0.0826 | val 0.0845 (sd 0.0470 current 0.1219) | val/persist 0.116 | lr 4.63e-04
Epoch   4 | train 0.0776 | val 0.0802 (sd 0.0440 current 0.1164) | val/persist 0.110 | lr 4.63e-04
Epoch   5 | train 0.0754 | val 0.0779 (sd 0.0409 current 0.1149) | val/persist 0.107 | lr 4.63e-04
Epoch   6 | train 0.0696 | val 0.0717 (sd 0.0385 current 0.1050) | val/persist 0.099 | lr 4.63e-04
Epoch   7 | train 0.0663 | val 0.0703 (sd 0.0358 current 0.1048) | val/persist 0.097 | lr 4.63e-04
Epoch   8 | train 0.0639 | val 0.0694 (sd 0.0352 current 0.1036) | val/persist 0.096 | lr 4.63e-04
[I 2026-09-30 12:48:06,884] Trial 84 pruned. 
Split per-trial: 26879 finestre train | 6721 finestre val
Baseline persistenza (val): 0.7267 (sd 0.3393 | current 1.1141)
Epoch   0 | train 0.1474 | val 0.0995 (sd 0.0530 current 0.1459) | val/persist 0.137 | lr 1.23e-03
Epoch   1 | train 0.0844 | val 0.0833 (sd 0.0452 current 0.1215) | val/persist 0.115 | lr 1.23e-03
Epoch   2 | train 0.0738 | val 0.0768 (sd 0.0432 current 0.1104) | val/persist 0.106 | lr 1.23e-03
Epoch   3 | train 0.0690 | val 0.0723 (sd 0.0420 current 0.1027) | val/persist 0.100 | lr 1.23e-03
Epoch   4 | train 0.0645 | val 0.0765 (sd 0.0347 current 0.1184) | val/persist 0.105 | lr 1.23e-03
Epoch   5 | train 0.0607 | val 0.0651 (sd 0.0292 current 0.1010) | val/persist 0.090 | lr 1.23e-03
Epoch   6 | train 0.0580 | val 0.0615 (sd 0.0284 current 0.0945) | val/persist 0.085 | lr 1.23e-03
Epoch   7 | train 0.0550 | val 0.0588 (sd 0.0295 current 0.0881) | val/persist 0.081 | lr 1.23e-03
Epoch   8 | train 0.0531 | val 0.0571 (sd 0.0285 current 0.0857) | val/persist 0.079 | lr 1.23e-03
Epoch   9 | train 0.0511 | val 0.0520 (sd 0.0265 current 0.0775) | val/persist 0.072 | lr 1.23e-03
Epoch  10 | train 0.0504 | val 0.0538 (sd 0.0268 current 0.0808) | val/persist 0.074 | lr 1.23e-03
Epoch  11 | train 0.0483 | val 0.0550 (sd 0.0283 current 0.0817) | val/persist 0.076 | lr 1.23e-03
Epoch  12 | train 0.0487 | val 0.0574 (sd 0.0258 current 0.0889) | val/persist 0.079 | lr 1.23e-03
Epoch  13 | train 0.0468 | val 0.0497 (sd 0.0264 current 0.0729) | val/persist 0.068 | lr 1.23e-03
Epoch  14 | train 0.0454 | val 0.0499 (sd 0.0234 current 0.0763) | val/persist 0.069 | lr 1.23e-03
Epoch  15 | train 0.0450 | val 0.0508 (sd 0.0257 current 0.0758) | val/persist 0.070 | lr 1.23e-03
Epoch  16 | train 0.0451 | val 0.0480 (sd 0.0270 current 0.0691) | val/persist 0.066 | lr 1.23e-03
Epoch  17 | train 0.0450 | val 0.0493 (sd 0.0251 current 0.0735) | val/persist 0.068 | lr 1.23e-03
Epoch  18 | train 0.0430 | val 0.0493 (sd 0.0272 current 0.0713) | val/persist 0.068 | lr 1.23e-03
Epoch  19 | train 0.0432 | val 0.0485 (sd 0.0265 current 0.0705) | val/persist 0.067 | lr 1.23e-03
Epoch  20 | train 0.0428 | val 0.0458 (sd 0.0239 current 0.0678) | val/persist 0.063 | lr 1.23e-03
Epoch  21 | train 0.0418 | val 0.0461 (sd 0.0231 current 0.0691) | val/persist 0.063 | lr 1.23e-03
Epoch  22 | train 0.0419 | val 0.0482 (sd 0.0250 current 0.0715) | val/persist 0.066 | lr 1.23e-03
Epoch  23 | train 0.0404 | val 0.0487 (sd 0.0241 current 0.0733) | val/persist 0.067 | lr 1.23e-03
Epoch  24 | train 0.0417 | val 0.0500 (sd 0.0265 current 0.0734) | val/persist 0.069 | lr 1.23e-03
Epoch  25 | train 0.0407 | val 0.0469 (sd 0.0232 current 0.0705) | val/persist 0.065 | lr 1.23e-03
Epoch  26 | train 0.0409 | val 0.0492 (sd 0.0238 current 0.0745) | val/persist 0.068 | lr 1.23e-03
Epoch  27 | train 0.0393 | val 0.0482 (sd 0.0241 current 0.0724) | val/persist 0.066 | lr 1.23e-03
Epoch  28 | train 0.0391 | val 0.0461 (sd 0.0237 current 0.0685) | val/persist 0.063 | lr 1.23e-03
Epoch  29 | train 0.0397 | val 0.0471 (sd 0.0245 current 0.0697) | val/persist 0.065 | lr 1.23e-03
Epoch  30 | train 0.0387 | val 0.0489 (sd 0.0250 current 0.0729) | val/persist 0.067 | lr 1.23e-03
Epoch  31 | train 0.0392 | val 0.0474 (sd 0.0238 current 0.0710) | val/persist 0.065 | lr 6.16e-04
Epoch  32 | train 0.0344 | val 0.0427 (sd 0.0227 current 0.0628) | val/persist 0.059 | lr 6.16e-04
Epoch  33 | train 0.0336 | val 0.0418 (sd 0.0235 current 0.0601) | val/persist 0.058 | lr 6.16e-04
Epoch  34 | train 0.0333 | val 0.0434 (sd 0.0227 current 0.0642) | val/persist 0.060 | lr 6.16e-04
Epoch  35 | train 0.0333 | val 0.0424 (sd 0.0228 current 0.0619) | val/persist 0.058 | lr 6.16e-04
Epoch  36 | train 0.0330 | val 0.0422 (sd 0.0232 current 0.0612) | val/persist 0.058 | lr 6.16e-04
Epoch  37 | train 0.0330 | val 0.0429 (sd 0.0230 current 0.0629) | val/persist 0.059 | lr 6.16e-04
Epoch  38 | train 0.0327 | val 0.0425 (sd 0.0233 current 0.0618) | val/persist 0.059 | lr 6.16e-04
Epoch  39 | train 0.0325 | val 0.0427 (sd 0.0238 current 0.0615) | val/persist 0.059 | lr 6.16e-04
Epoch  40 | train 0.0322 | val 0.0431 (sd 0.0234 current 0.0627) | val/persist 0.059 | lr 6.16e-04
Epoch  41 | train 0.0323 | val 0.0422 (sd 0.0226 current 0.0618) | val/persist 0.058 | lr 6.16e-04
Epoch  42 | train 0.0322 | val 0.0426 (sd 0.0239 current 0.0612) | val/persist 0.059 | lr 6.16e-04
Epoch  43 | train 0.0318 | val 0.0442 (sd 0.0241 current 0.0642) | val/persist 0.061 | lr 6.16e-04
Epoch  44 | train 0.0315 | val 0.0427 (sd 0.0233 current 0.0621) | val/persist 0.059 | lr 3.08e-04
Epoch  45 | train 0.0294 | val 0.0406 (sd 0.0227 current 0.0585) | val/persist 0.056 | lr 3.08e-04
Epoch  46 | train 0.0291 | val 0.0408 (sd 0.0229 current 0.0587) | val/persist 0.056 | lr 3.08e-04
Epoch  47 | train 0.0290 | val 0.0408 (sd 0.0224 current 0.0591) | val/persist 0.056 | lr 3.08e-04
Epoch  48 | train 0.0290 | val 0.0419 (sd 0.0228 current 0.0609) | val/persist 0.058 | lr 3.08e-04
Epoch  49 | train 0.0287 | val 0.0409 (sd 0.0228 current 0.0591) | val/persist 0.056 | lr 3.08e-04
Epoch  50 | train 0.0286 | val 0.0413 (sd 0.0229 current 0.0598) | val/persist 0.057 | lr 3.08e-04
Epoch  51 | train 0.0284 | val 0.0412 (sd 0.0227 current 0.0597) | val/persist 0.057 | lr 3.08e-04
Epoch  52 | train 0.0282 | val 0.0417 (sd 0.0236 current 0.0598) | val/persist 0.057 | lr 3.08e-04
Epoch  53 | train 0.0284 | val 0.0411 (sd 0.0231 current 0.0590) | val/persist 0.057 | lr 3.08e-04
Epoch  54 | train 0.0281 | val 0.0410 (sd 0.0222 current 0.0599) | val/persist 0.056 | lr 3.08e-04
Epoch  55 | train 0.0279 | val 0.0414 (sd 0.0225 current 0.0603) | val/persist 0.057 | lr 3.08e-04
Epoch  56 | train 0.0278 | val 0.0408 (sd 0.0229 current 0.0586) | val/persist 0.056 | lr 1.54e-04
Epoch  57 | train 0.0267 | val 0.0407 (sd 0.0223 current 0.0592) | val/persist 0.056 | lr 1.54e-04
Epoch  58 | train 0.0267 | val 0.0401 (sd 0.0224 current 0.0578) | val/persist 0.055 | lr 1.54e-04
Epoch  59 | train 0.0267 | val 0.0404 (sd 0.0225 current 0.0584) | val/persist 0.056 | lr 1.54e-04

Training completato. Best val: 0.0401 a epoch 58 (persistenza 0.7267)
[I 2026-09-30 12:50:51,839] Trial 87 finished with value: 0.040098806303158 and parameters: {'gru_hidden': 64, 'mlp_hidden': 256, 'num_layers': 1, 'dropout': 0.014418562154646694, 'weight_decay': 0.0003454394610832306, 'lr': 0.0012314211438017896, 'batch_size': 64, 'clip_norm': 1.0}. Best is trial 87 with value: 0.040098806303158.
Split per-trial: 26879 finestre train | 6721 finestre val
Baseline persistenza (val): 0.7267 (sd 0.3393 | current 1.1141)
Epoch   0 | train 0.1537 | val 0.1037 (sd 0.0591 current 0.1484) | val/persist 0.143 | lr 1.51e-03
Epoch   1 | train 0.0877 | val 0.0926 (sd 0.0508 current 0.1345) | val/persist 0.127 | lr 1.51e-03
Epoch   2 | train 0.0798 | val 0.0780 (sd 0.0451 current 0.1108) | val/persist 0.107 | lr 1.51e-03
Epoch   3 | train 0.0711 | val 0.0784 (sd 0.0409 current 0.1160) | val/persist 0.108 | lr 1.51e-03
Epoch   4 | train 0.0658 | val 0.0640 (sd 0.0312 current 0.0968) | val/persist 0.088 | lr 1.51e-03
Epoch   5 | train 0.0618 | val 0.0698 (sd 0.0300 current 0.1097) | val/persist 0.096 | lr 1.51e-03
Epoch   6 | train 0.0599 | val 0.0598 (sd 0.0303 current 0.0893) | val/persist 0.082 | lr 1.51e-03
Epoch   7 | train 0.0565 | val 0.0585 (sd 0.0293 current 0.0876) | val/persist 0.080 | lr 1.51e-03
Epoch   8 | train 0.0554 | val 0.0573 (sd 0.0308 current 0.0837) | val/persist 0.079 | lr 1.51e-03
Epoch   9 | train 0.0530 | val 0.0591 (sd 0.0294 current 0.0889) | val/persist 0.081 | lr 1.51e-03
Epoch  10 | train 0.0527 | val 0.0576 (sd 0.0303 current 0.0849) | val/persist 0.079 | lr 1.51e-03
Epoch  11 | train 0.0507 | val 0.0583 (sd 0.0260 current 0.0905) | val/persist 0.080 | lr 1.51e-03
Epoch  12 | train 0.0495 | val 0.0537 (sd 0.0271 current 0.0804) | val/persist 0.074 | lr 1.51e-03
Epoch  13 | train 0.0492 | val 0.0525 (sd 0.0270 current 0.0780) | val/persist 0.072 | lr 1.51e-03
Epoch  14 | train 0.0503 | val 0.0513 (sd 0.0245 current 0.0782) | val/persist 0.071 | lr 1.51e-03
Epoch  15 | train 0.0487 | val 0.0553 (sd 0.0297 current 0.0808) | val/persist 0.076 | lr 1.51e-03
Epoch  16 | train 0.0473 | val 0.0549 (sd 0.0261 current 0.0837) | val/persist 0.076 | lr 1.51e-03
Epoch  17 | train 0.0469 | val 0.0508 (sd 0.0276 current 0.0740) | val/persist 0.070 | lr 1.51e-03
Epoch  18 | train 0.0453 | val 0.0506 (sd 0.0264 current 0.0748) | val/persist 0.070 | lr 1.51e-03
Epoch  19 | train 0.0454 | val 0.0514 (sd 0.0250 current 0.0779) | val/persist 0.071 | lr 1.51e-03
Epoch  20 | train 0.0446 | val 0.0567 (sd 0.0255 current 0.0880) | val/persist 0.078 | lr 1.51e-03
[I 2026-09-30 12:52:29,403] Trial 95 pruned. 
Split per-trial: 26879 finestre train | 6721 finestre val
Baseline persistenza (val): 0.7267 (sd 0.3393 | current 1.1141)
Epoch   0 | train 0.1552 | val 0.1029 (sd 0.0577 current 0.1482) | val/persist 0.142 | lr 9.26e-04
Epoch   1 | train 0.0827 | val 0.0898 (sd 0.0473 current 0.1323) | val/persist 0.124 | lr 9.26e-04
Epoch   2 | train 0.0727 | val 0.0755 (sd 0.0438 current 0.1073) | val/persist 0.104 | lr 9.26e-04
Epoch   3 | train 0.0670 | val 0.0706 (sd 0.0415 current 0.0997) | val/persist 0.097 | lr 9.26e-04
Epoch   4 | train 0.0640 | val 0.0691 (sd 0.0376 current 0.1006) | val/persist 0.095 | lr 9.26e-04
Epoch   5 | train 0.0612 | val 0.0667 (sd 0.0354 current 0.0979) | val/persist 0.092 | lr 9.26e-04
Epoch   6 | train 0.0573 | val 0.0627 (sd 0.0340 current 0.0913) | val/persist 0.086 | lr 9.26e-04
Epoch   7 | train 0.0549 | val 0.0614 (sd 0.0308 current 0.0920) | val/persist 0.084 | lr 9.26e-04
Epoch   8 | train 0.0526 | val 0.0586 (sd 0.0300 current 0.0872) | val/persist 0.081 | lr 9.26e-04
Epoch   9 | train 0.0507 | val 0.0576 (sd 0.0273 current 0.0879) | val/persist 0.079 | lr 9.26e-04
Epoch  10 | train 0.0502 | val 0.0568 (sd 0.0279 current 0.0858) | val/persist 0.078 | lr 9.26e-04
Epoch  11 | train 0.0482 | val 0.0549 (sd 0.0276 current 0.0822) | val/persist 0.076 | lr 9.26e-04
Epoch  12 | train 0.0464 | val 0.0542 (sd 0.0290 current 0.0794) | val/persist 0.075 | lr 9.26e-04
Epoch  13 | train 0.0462 | val 0.0509 (sd 0.0278 current 0.0739) | val/persist 0.070 | lr 9.26e-04
Epoch  14 | train 0.0450 | val 0.0536 (sd 0.0257 current 0.0814) | val/persist 0.074 | lr 9.26e-04
Epoch  15 | train 0.0445 | val 0.0490 (sd 0.0262 current 0.0717) | val/persist 0.067 | lr 9.26e-04
Epoch  16 | train 0.0440 | val 0.0603 (sd 0.0259 current 0.0946) | val/persist 0.083 | lr 9.26e-04
Epoch  17 | train 0.0431 | val 0.0488 (sd 0.0257 current 0.0720) | val/persist 0.067 | lr 9.26e-04
Epoch  18 | train 0.0422 | val 0.0487 (sd 0.0247 current 0.0727) | val/persist 0.067 | lr 9.26e-04
Epoch  19 | train 0.0415 | val 0.0477 (sd 0.0246 current 0.0709) | val/persist 0.066 | lr 9.26e-04
Epoch  20 | train 0.0415 | val 0.0489 (sd 0.0260 current 0.0719) | val/persist 0.067 | lr 9.26e-04
Epoch  21 | train 0.0406 | val 0.0470 (sd 0.0243 current 0.0697) | val/persist 0.065 | lr 9.26e-04
Epoch  22 | train 0.0408 | val 0.0499 (sd 0.0257 current 0.0741) | val/persist 0.069 | lr 9.26e-04
Epoch  23 | train 0.0402 | val 0.0479 (sd 0.0258 current 0.0701) | val/persist 0.066 | lr 9.26e-04
Epoch  24 | train 0.0397 | val 0.0499 (sd 0.0271 current 0.0727) | val/persist 0.069 | lr 9.26e-04
Epoch  25 | train 0.0397 | val 0.0465 (sd 0.0270 current 0.0661) | val/persist 0.064 | lr 9.26e-04
Epoch  26 | train 0.0393 | val 0.0498 (sd 0.0242 current 0.0754) | val/persist 0.069 | lr 9.26e-04
Epoch  27 | train 0.0386 | val 0.0445 (sd 0.0237 current 0.0653) | val/persist 0.061 | lr 9.26e-04
Epoch  28 | train 0.0381 | val 0.0505 (sd 0.0238 current 0.0771) | val/persist 0.069 | lr 9.26e-04
Epoch  29 | train 0.0379 | val 0.0460 (sd 0.0249 current 0.0671) | val/persist 0.063 | lr 9.26e-04
Epoch  30 | train 0.0377 | val 0.0472 (sd 0.0244 current 0.0701) | val/persist 0.065 | lr 9.26e-04
Epoch  31 | train 0.0375 | val 0.0473 (sd 0.0257 current 0.0690) | val/persist 0.065 | lr 9.26e-04
Epoch  32 | train 0.0371 | val 0.0475 (sd 0.0281 current 0.0669) | val/persist 0.065 | lr 9.26e-04
Epoch  33 | train 0.0365 | val 0.0440 (sd 0.0247 current 0.0633) | val/persist 0.061 | lr 9.26e-04
Epoch  34 | train 0.0357 | val 0.0460 (sd 0.0243 current 0.0677) | val/persist 0.063 | lr 9.26e-04
Epoch  35 | train 0.0357 | val 0.0446 (sd 0.0250 current 0.0642) | val/persist 0.061 | lr 9.26e-04
Epoch  36 | train 0.0354 | val 0.0466 (sd 0.0229 current 0.0704) | val/persist 0.064 | lr 9.26e-04
Epoch  37 | train 0.0351 | val 0.0441 (sd 0.0236 current 0.0646) | val/persist 0.061 | lr 9.26e-04
Epoch  38 | train 0.0355 | val 0.0461 (sd 0.0244 current 0.0678) | val/persist 0.063 | lr 9.26e-04
Epoch  39 | train 0.0356 | val 0.0464 (sd 0.0234 current 0.0693) | val/persist 0.064 | lr 9.26e-04
Epoch  40 | train 0.0343 | val 0.0468 (sd 0.0244 current 0.0691) | val/persist 0.064 | lr 9.26e-04
Epoch  41 | train 0.0340 | val 0.0457 (sd 0.0229 current 0.0684) | val/persist 0.063 | lr 9.26e-04
Epoch  42 | train 0.0336 | val 0.0443 (sd 0.0229 current 0.0656) | val/persist 0.061 | lr 9.26e-04
Epoch  43 | train 0.0337 | val 0.0477 (sd 0.0237 current 0.0716) | val/persist 0.066 | lr 9.26e-04
Epoch  44 | train 0.0339 | val 0.0439 (sd 0.0248 current 0.0629) | val/persist 0.060 | lr 9.26e-04
Epoch  45 | train 0.0332 | val 0.0456 (sd 0.0252 current 0.0660) | val/persist 0.063 | lr 9.26e-04
Epoch  46 | train 0.0332 | val 0.0431 (sd 0.0236 current 0.0626) | val/persist 0.059 | lr 9.26e-04
Epoch  47 | train 0.0322 | val 0.0442 (sd 0.0224 current 0.0659) | val/persist 0.061 | lr 9.26e-04
Epoch  48 | train 0.0324 | val 0.0431 (sd 0.0233 current 0.0628) | val/persist 0.059 | lr 9.26e-04
Epoch  49 | train 0.0323 | val 0.0444 (sd 0.0234 current 0.0654) | val/persist 0.061 | lr 9.26e-04
Epoch  50 | train 0.0320 | val 0.0452 (sd 0.0232 current 0.0671) | val/persist 0.062 | lr 9.26e-04
Epoch  51 | train 0.0313 | val 0.0462 (sd 0.0245 current 0.0680) | val/persist 0.064 | lr 9.26e-04
Epoch  52 | train 0.0314 | val 0.0420 (sd 0.0227 current 0.0613) | val/persist 0.058 | lr 9.26e-04
Epoch  53 | train 0.0306 | val 0.0442 (sd 0.0232 current 0.0652) | val/persist 0.061 | lr 9.26e-04
Epoch  54 | train 0.0309 | val 0.0457 (sd 0.0241 current 0.0672) | val/persist 0.063 | lr 9.26e-04
Epoch  55 | train 0.0306 | val 0.0432 (sd 0.0240 current 0.0623) | val/persist 0.059 | lr 9.26e-04
Epoch  56 | train 0.0303 | val 0.0439 (sd 0.0230 current 0.0647) | val/persist 0.060 | lr 9.26e-04
Epoch  57 | train 0.0302 | val 0.0426 (sd 0.0234 current 0.0617) | val/persist 0.059 | lr 9.26e-04
Epoch  58 | train 0.0297 | val 0.0437 (sd 0.0220 current 0.0655) | val/persist 0.060 | lr 9.26e-04
Epoch  59 | train 0.0299 | val 0.0462 (sd 0.0236 current 0.0688) | val/persist 0.064 | lr 9.26e-04

Training completato. Best val: 0.0420 a epoch 52 (persistenza 0.7267)
[I 2026-09-30 12:55:14,224] Trial 96 finished with value: 0.041991652889317714 and parameters: {'gru_hidden': 64, 'mlp_hidden': 256, 'num_layers': 1, 'dropout': 0.0011009366818353211, 'weight_decay': 0.0001775571108935564, 'lr': 0.0009261498382955307, 'batch_size': 64, 'clip_norm': 1.0}. Best is trial 87 with value: 0.040098806303158.
Split per-trial: 26879 finestre train | 6721 finestre val
Baseline persistenza (val): 0.7267 (sd 0.3393 | current 1.1141)
Epoch   0 | train 0.3741 | val 0.2039 (sd 0.0753 current 0.3325) | val/persist 0.281 | lr 1.63e-04
Epoch   1 | train 0.1534 | val 0.1349 (sd 0.0657 current 0.2041) | val/persist 0.186 | lr 1.63e-04
Epoch   2 | train 0.1136 | val 0.1141 (sd 0.0590 current 0.1692) | val/persist 0.157 | lr 1.63e-04
Epoch   3 | train 0.1010 | val 0.1079 (sd 0.0558 current 0.1600) | val/persist 0.148 | lr 1.63e-04
Epoch   4 | train 0.0937 | val 0.0997 (sd 0.0531 current 0.1464) | val/persist 0.137 | lr 1.63e-04
Epoch   5 | train 0.0896 | val 0.0978 (sd 0.0527 current 0.1428) | val/persist 0.135 | lr 1.63e-04
Epoch   6 | train 0.0853 | val 0.0949 (sd 0.0509 current 0.1389) | val/persist 0.131 | lr 1.63e-04
Epoch   7 | train 0.0823 | val 0.0898 (sd 0.0489 current 0.1308) | val/persist 0.124 | lr 1.63e-04
Epoch   8 | train 0.0799 | val 0.0895 (sd 0.0486 current 0.1304) | val/persist 0.123 | lr 1.63e-04
[I 2026-09-30 12:55:37,912] Trial 98 pruned. 
Split per-trial: 26879 finestre train | 6721 finestre val
Baseline persistenza (val): 0.7267 (sd 0.3393 | current 1.1141)
Epoch   0 | train 0.2704 | val 0.1365 (sd 0.0640 current 0.2091) | val/persist 0.188 | lr 5.41e-04
Epoch   1 | train 0.1119 | val 0.1069 (sd 0.0587 current 0.1551) | val/persist 0.147 | lr 5.41e-04
Epoch   2 | train 0.0965 | val 0.0940 (sd 0.0517 current 0.1363) | val/persist 0.129 | lr 5.41e-04
Epoch   3 | train 0.0884 | val 0.0906 (sd 0.0495 current 0.1317) | val/persist 0.125 | lr 5.41e-04
Epoch   4 | train 0.0822 | val 0.0830 (sd 0.0476 current 0.1183) | val/persist 0.114 | lr 5.41e-04
Epoch   5 | train 0.0785 | val 0.0806 (sd 0.0439 current 0.1173) | val/persist 0.111 | lr 5.41e-04
Epoch   6 | train 0.0764 | val 0.0816 (sd 0.0423 current 0.1209) | val/persist 0.112 | lr 5.41e-04
Epoch   7 | train 0.0719 | val 0.0715 (sd 0.0397 current 0.1033) | val/persist 0.098 | lr 5.41e-04
Epoch   8 | train 0.0700 | val 0.0702 (sd 0.0389 current 0.1015) | val/persist 0.097 | lr 5.41e-04
[I 2026-09-30 12:55:59,304] Trial 99 pruned. 

Best val: 0.04010
  gru_hidden: 64
  mlp_hidden: 256
  num_layers: 1
  dropout: 0.014418562154646694
  weight_decay: 0.0003454394610832306
  lr: 0.0012314211438017896
  batch_size: 64
  clip_norm: 1.0
Report: /home/gemma/tesi/aquabot/src/net/fm/tuning/tuning_results/best_fm_h20_res.txt
