Studio: fm_h20_nores | device cpu | H=20 | residual=False
Caricamento dataset (p=1)...
Trovati 120 trial.
Dataset grezzo: 120 trial letti. Scaler e finestre costruiti in split_by_trial() (fit solo su train).
/home/gemma/tesi/aquabot/src/net/fm/tuning/tune.py:222: ExperimentalWarning: Argument ``multivariate`` is an experimental feature. The interface can change in the future.
  sampler = optuna.samplers.TPESampler(
/home/gemma/tesi/aquabot/src/net/fm/tuning/tune.py:222: ExperimentalWarning: Argument ``group`` is an experimental feature. The interface can change in the future.
  sampler = optuna.samplers.TPESampler(
/home/gemma/tesi/aquabot/src/net/fm/tuning/tune.py:222: ExperimentalWarning: Argument ``constant_liar`` is an experimental feature. The interface can change in the future.
  sampler = optuna.samplers.TPESampler(
[I 2026-10-01 10:42:57,981] Using an existing study with name 'fm_h20_nores' instead of creating a new one.
Normalizzatore caricato da /home/gemma/tesi/aquabot/src/net/scaler/scalers_joint.pkl (nessun refit).
Dataset: 33600 campioni da 120 trial. H=20 P=1 | seq_cmd=(20, 1) seq_sens=(20, 2)
Split per-trial: 26879 finestre train | 6721 finestre val
Baseline persistenza (val): 0.7267 (sd 0.3393 | current 1.1141)
Epoch   0 | train 0.1970 | val 0.0996 (sd 0.0584 current 0.1407) | val/persist 0.137 | lr 4.62e-03
Epoch   1 | train 0.1317 | val 0.0926 (sd 0.0568 current 0.1285) | val/persist 0.127 | lr 4.62e-03
Epoch   2 | train 0.1190 | val 0.0931 (sd 0.0528 current 0.1334) | val/persist 0.128 | lr 4.62e-03
Epoch   3 | train 0.1104 | val 0.0837 (sd 0.0426 current 0.1248) | val/persist 0.115 | lr 4.62e-03
Epoch   4 | train 0.1063 | val 0.0790 (sd 0.0437 current 0.1142) | val/persist 0.109 | lr 4.62e-03
Epoch   5 | train 0.1017 | val 0.0745 (sd 0.0399 current 0.1090) | val/persist 0.102 | lr 4.62e-03
Epoch   6 | train 0.0996 | val 0.0725 (sd 0.0392 current 0.1059) | val/persist 0.100 | lr 4.62e-03
Epoch   7 | train 0.0962 | val 0.0630 (sd 0.0397 current 0.0862) | val/persist 0.087 | lr 4.62e-03
Epoch   8 | train 0.0953 | val 0.0747 (sd 0.0445 current 0.1048) | val/persist 0.103 | lr 4.62e-03
Epoch   9 | train 0.0945 | val 0.0781 (sd 0.0496 current 0.1066) | val/persist 0.107 | lr 4.62e-03
Epoch  10 | train 0.0957 | val 0.0641 (sd 0.0379 current 0.0903) | val/persist 0.088 | lr 4.62e-03
Epoch  11 | train 0.0922 | val 0.0622 (sd 0.0396 current 0.0847) | val/persist 0.086 | lr 4.62e-03
Epoch  12 | train 0.0891 | val 0.0632 (sd 0.0393 current 0.0872) | val/persist 0.087 | lr 4.62e-03
Epoch  13 | train 0.0867 | val 0.0582 (sd 0.0419 current 0.0746) | val/persist 0.080 | lr 4.62e-03
Epoch  14 | train 0.0868 | val 0.0644 (sd 0.0373 current 0.0915) | val/persist 0.089 | lr 4.62e-03
Epoch  15 | train 0.0858 | val 0.0597 (sd 0.0361 current 0.0834) | val/persist 0.082 | lr 4.62e-03
Epoch  16 | train 0.0859 | val 0.0756 (sd 0.0532 current 0.0980) | val/persist 0.104 | lr 4.62e-03
Epoch  17 | train 0.0856 | val 0.0627 (sd 0.0386 current 0.0868) | val/persist 0.086 | lr 4.62e-03
Epoch  18 | train 0.0838 | val 0.0605 (sd 0.0373 current 0.0837) | val/persist 0.083 | lr 4.62e-03
Epoch  19 | train 0.0852 | val 0.0626 (sd 0.0384 current 0.0869) | val/persist 0.086 | lr 4.62e-03
Epoch  20 | train 0.0847 | val 0.0766 (sd 0.0489 current 0.1042) | val/persist 0.105 | lr 4.62e-03
Epoch  21 | train 0.0840 | val 0.0576 (sd 0.0364 current 0.0788) | val/persist 0.079 | lr 4.62e-03
Epoch  22 | train 0.0834 | val 0.0628 (sd 0.0426 current 0.0830) | val/persist 0.086 | lr 4.62e-03
Epoch  23 | train 0.0804 | val 0.0598 (sd 0.0339 current 0.0857) | val/persist 0.082 | lr 4.62e-03
Epoch  24 | train 0.0818 | val 0.0662 (sd 0.0427 current 0.0896) | val/persist 0.091 | lr 4.62e-03
Epoch  25 | train 0.0822 | val 0.0575 (sd 0.0361 current 0.0789) | val/persist 0.079 | lr 4.62e-03
Epoch  26 | train 0.0797 | val 0.0614 (sd 0.0451 current 0.0778) | val/persist 0.085 | lr 4.62e-03
Epoch  27 | train 0.0780 | val 0.0589 (sd 0.0383 current 0.0795) | val/persist 0.081 | lr 4.62e-03
Epoch  28 | train 0.0796 | val 0.0593 (sd 0.0384 current 0.0802) | val/persist 0.082 | lr 4.62e-03
Epoch  29 | train 0.0812 | val 0.0601 (sd 0.0355 current 0.0847) | val/persist 0.083 | lr 4.62e-03
Epoch  30 | train 0.0778 | val 0.0616 (sd 0.0357 current 0.0875) | val/persist 0.085 | lr 4.62e-03
Epoch  31 | train 0.0794 | val 0.0606 (sd 0.0363 current 0.0848) | val/persist 0.083 | lr 4.62e-03
Epoch  32 | train 0.0772 | val 0.0632 (sd 0.0453 current 0.0812) | val/persist 0.087 | lr 4.62e-03
Epoch  33 | train 0.0768 | val 0.0591 (sd 0.0377 current 0.0805) | val/persist 0.081 | lr 4.62e-03
Epoch  34 | train 0.0770 | val 0.0557 (sd 0.0366 current 0.0749) | val/persist 0.077 | lr 4.62e-03
Epoch  35 | train 0.0770 | val 0.0596 (sd 0.0364 current 0.0828) | val/persist 0.082 | lr 4.62e-03
Epoch  36 | train 0.0777 | val 0.0589 (sd 0.0364 current 0.0814) | val/persist 0.081 | lr 4.62e-03
Epoch  37 | train 0.0754 | val 0.0623 (sd 0.0454 current 0.0793) | val/persist 0.086 | lr 4.62e-03
Epoch  38 | train 0.0750 | val 0.0666 (sd 0.0412 current 0.0921) | val/persist 0.092 | lr 4.62e-03
Epoch  39 | train 0.0765 | val 0.0577 (sd 0.0351 current 0.0802) | val/persist 0.079 | lr 4.62e-03
Epoch  40 | train 0.0744 | val 0.0597 (sd 0.0357 current 0.0836) | val/persist 0.082 | lr 4.62e-03
Epoch  41 | train 0.0730 | val 0.0637 (sd 0.0392 current 0.0883) | val/persist 0.088 | lr 4.62e-03
Epoch  42 | train 0.0768 | val 0.0696 (sd 0.0376 current 0.1016) | val/persist 0.096 | lr 4.62e-03
Epoch  43 | train 0.0759 | val 0.0631 (sd 0.0356 current 0.0906) | val/persist 0.087 | lr 4.62e-03
Epoch  44 | train 0.0737 | val 0.0622 (sd 0.0384 current 0.0859) | val/persist 0.086 | lr 4.62e-03
Epoch  45 | train 0.0740 | val 0.0574 (sd 0.0348 current 0.0800) | val/persist 0.079 | lr 2.31e-03
Epoch  46 | train 0.0651 | val 0.0538 (sd 0.0351 current 0.0725) | val/persist 0.074 | lr 2.31e-03
Epoch  47 | train 0.0640 | val 0.0533 (sd 0.0341 current 0.0724) | val/persist 0.073 | lr 2.31e-03
Epoch  48 | train 0.0615 | val 0.0520 (sd 0.0324 current 0.0716) | val/persist 0.072 | lr 2.31e-03
Epoch  49 | train 0.0618 | val 0.0538 (sd 0.0323 current 0.0752) | val/persist 0.074 | lr 2.31e-03
Epoch  50 | train 0.0618 | val 0.0545 (sd 0.0332 current 0.0757) | val/persist 0.075 | lr 2.31e-03
Epoch  51 | train 0.0623 | val 0.0531 (sd 0.0341 current 0.0722) | val/persist 0.073 | lr 2.31e-03
Epoch  52 | train 0.0613 | val 0.0556 (sd 0.0384 current 0.0729) | val/persist 0.077 | lr 2.31e-03
Epoch  53 | train 0.0610 | val 0.0535 (sd 0.0327 current 0.0743) | val/persist 0.074 | lr 2.31e-03
Epoch  54 | train 0.0611 | val 0.0567 (sd 0.0347 current 0.0787) | val/persist 0.078 | lr 2.31e-03
Epoch  55 | train 0.0600 | val 0.0536 (sd 0.0328 current 0.0744) | val/persist 0.074 | lr 2.31e-03
Epoch  56 | train 0.0609 | val 0.0544 (sd 0.0330 current 0.0758) | val/persist 0.075 | lr 2.31e-03
Epoch  57 | train 0.0604 | val 0.0584 (sd 0.0384 current 0.0784) | val/persist 0.080 | lr 2.31e-03
Epoch  58 | train 0.0610 | val 0.0537 (sd 0.0325 current 0.0749) | val/persist 0.074 | lr 2.31e-03
Epoch  59 | train 0.0601 | val 0.0562 (sd 0.0336 current 0.0787) | val/persist 0.077 | lr 1.15e-03

Training completato. Best val: 0.0520 a epoch 48 (persistenza 0.7267)
[I 2026-10-01 10:50:19,911] Trial 2 finished with value: 0.0519948073697044 and parameters: {'gru_hidden': 128, 'mlp_hidden': 128, 'num_layers': 2, 'dropout': 0.25476580667915094, 'weight_decay': 7.023875677319118e-05, 'lr': 0.004618228189649701, 'batch_size': 128, 'clip_norm': 0.5}. Best is trial 0 with value: 0.0412080110396433.
Split per-trial: 26879 finestre train | 6721 finestre val
Baseline persistenza (val): 0.7267 (sd 0.3393 | current 1.1141)
Epoch   0 | train 0.1848 | val 0.1071 (sd 0.0464 current 0.1677) | val/persist 0.147 | lr 1.14e-03
Epoch   1 | train 0.0854 | val 0.0902 (sd 0.0418 current 0.1386) | val/persist 0.124 | lr 1.14e-03
Epoch   2 | train 0.0755 | val 0.0916 (sd 0.0413 current 0.1418) | val/persist 0.126 | lr 1.14e-03
Epoch   3 | train 0.0714 | val 0.0785 (sd 0.0407 current 0.1163) | val/persist 0.108 | lr 1.14e-03
Epoch   4 | train 0.0666 | val 0.0782 (sd 0.0393 current 0.1170) | val/persist 0.108 | lr 1.14e-03
Epoch   5 | train 0.0654 | val 0.0728 (sd 0.0392 current 0.1063) | val/persist 0.100 | lr 1.14e-03
Epoch   6 | train 0.0623 | val 0.0740 (sd 0.0383 current 0.1097) | val/persist 0.102 | lr 1.14e-03
Epoch   7 | train 0.0604 | val 0.0687 (sd 0.0384 current 0.0991) | val/persist 0.095 | lr 1.14e-03
Epoch   8 | train 0.0590 | val 0.0687 (sd 0.0384 current 0.0989) | val/persist 0.095 | lr 1.14e-03
Epoch   9 | train 0.0571 | val 0.0649 (sd 0.0368 current 0.0931) | val/persist 0.089 | lr 1.14e-03
Epoch  10 | train 0.0558 | val 0.0610 (sd 0.0358 current 0.0862) | val/persist 0.084 | lr 1.14e-03
Epoch  11 | train 0.0550 | val 0.0624 (sd 0.0351 current 0.0897) | val/persist 0.086 | lr 1.14e-03
Epoch  12 | train 0.0529 | val 0.0603 (sd 0.0353 current 0.0852) | val/persist 0.083 | lr 1.14e-03
Epoch  13 | train 0.0522 | val 0.0560 (sd 0.0348 current 0.0771) | val/persist 0.077 | lr 1.14e-03
Epoch  14 | train 0.0506 | val 0.0585 (sd 0.0341 current 0.0830) | val/persist 0.081 | lr 1.14e-03
Epoch  15 | train 0.0505 | val 0.0542 (sd 0.0341 current 0.0743) | val/persist 0.075 | lr 1.14e-03
Epoch  16 | train 0.0494 | val 0.0561 (sd 0.0322 current 0.0800) | val/persist 0.077 | lr 1.14e-03
Epoch  17 | train 0.0481 | val 0.0526 (sd 0.0323 current 0.0730) | val/persist 0.072 | lr 1.14e-03
Epoch  18 | train 0.0476 | val 0.0532 (sd 0.0333 current 0.0731) | val/persist 0.073 | lr 1.14e-03
Epoch  19 | train 0.0476 | val 0.0523 (sd 0.0323 current 0.0723) | val/persist 0.072 | lr 1.14e-03
Epoch  20 | train 0.0469 | val 0.0518 (sd 0.0334 current 0.0703) | val/persist 0.071 | lr 1.14e-03
Epoch  21 | train 0.0460 | val 0.0500 (sd 0.0322 current 0.0678) | val/persist 0.069 | lr 1.14e-03
Epoch  22 | train 0.0464 | val 0.0528 (sd 0.0314 current 0.0742) | val/persist 0.073 | lr 1.14e-03
Epoch  23 | train 0.0449 | val 0.0533 (sd 0.0317 current 0.0748) | val/persist 0.073 | lr 1.14e-03
Epoch  24 | train 0.0454 | val 0.0505 (sd 0.0314 current 0.0695) | val/persist 0.069 | lr 1.14e-03
Epoch  25 | train 0.0446 | val 0.0500 (sd 0.0318 current 0.0683) | val/persist 0.069 | lr 1.14e-03
Epoch  26 | train 0.0449 | val 0.0512 (sd 0.0324 current 0.0700) | val/persist 0.071 | lr 1.14e-03
Epoch  27 | train 0.0438 | val 0.0481 (sd 0.0301 current 0.0662) | val/persist 0.066 | lr 1.14e-03
Epoch  28 | train 0.0438 | val 0.0528 (sd 0.0322 current 0.0733) | val/persist 0.073 | lr 1.14e-03
Epoch  29 | train 0.0437 | val 0.0471 (sd 0.0301 current 0.0640) | val/persist 0.065 | lr 1.14e-03
Epoch  30 | train 0.0430 | val 0.0487 (sd 0.0320 current 0.0655) | val/persist 0.067 | lr 1.14e-03
Epoch  31 | train 0.0426 | val 0.0504 (sd 0.0328 current 0.0681) | val/persist 0.069 | lr 1.14e-03
Epoch  32 | train 0.0426 | val 0.0480 (sd 0.0326 current 0.0634) | val/persist 0.066 | lr 1.14e-03
Epoch  33 | train 0.0427 | val 0.0491 (sd 0.0320 current 0.0661) | val/persist 0.068 | lr 1.14e-03
Epoch  34 | train 0.0426 | val 0.0474 (sd 0.0302 current 0.0646) | val/persist 0.065 | lr 1.14e-03
Epoch  35 | train 0.0418 | val 0.0501 (sd 0.0305 current 0.0698) | val/persist 0.069 | lr 1.14e-03
Epoch  36 | train 0.0424 | val 0.0491 (sd 0.0302 current 0.0680) | val/persist 0.068 | lr 1.14e-03
Epoch  37 | train 0.0415 | val 0.0493 (sd 0.0322 current 0.0664) | val/persist 0.068 | lr 1.14e-03
Epoch  38 | train 0.0416 | val 0.0486 (sd 0.0296 current 0.0677) | val/persist 0.067 | lr 1.14e-03
Epoch  39 | train 0.0412 | val 0.0493 (sd 0.0299 current 0.0686) | val/persist 0.068 | lr 1.14e-03
Epoch  40 | train 0.0411 | val 0.0472 (sd 0.0290 current 0.0654) | val/persist 0.065 | lr 5.69e-04
Epoch  41 | train 0.0378 | val 0.0450 (sd 0.0279 current 0.0620) | val/persist 0.062 | lr 5.69e-04
Epoch  42 | train 0.0375 | val 0.0460 (sd 0.0278 current 0.0641) | val/persist 0.063 | lr 5.69e-04
Epoch  43 | train 0.0377 | val 0.0453 (sd 0.0271 current 0.0635) | val/persist 0.062 | lr 5.69e-04
Epoch  44 | train 0.0380 | val 0.0441 (sd 0.0280 current 0.0603) | val/persist 0.061 | lr 5.69e-04
Epoch  45 | train 0.0374 | val 0.0447 (sd 0.0274 current 0.0621) | val/persist 0.062 | lr 5.69e-04
Epoch  46 | train 0.0373 | val 0.0433 (sd 0.0262 current 0.0603) | val/persist 0.060 | lr 5.69e-04
Epoch  47 | train 0.0369 | val 0.0441 (sd 0.0267 current 0.0615) | val/persist 0.061 | lr 5.69e-04
Epoch  48 | train 0.0366 | val 0.0436 (sd 0.0259 current 0.0613) | val/persist 0.060 | lr 5.69e-04
Epoch  49 | train 0.0364 | val 0.0442 (sd 0.0268 current 0.0617) | val/persist 0.061 | lr 5.69e-04
Epoch  50 | train 0.0368 | val 0.0444 (sd 0.0258 current 0.0630) | val/persist 0.061 | lr 5.69e-04
Epoch  51 | train 0.0362 | val 0.0436 (sd 0.0262 current 0.0611) | val/persist 0.060 | lr 5.69e-04
Epoch  52 | train 0.0362 | val 0.0442 (sd 0.0266 current 0.0617) | val/persist 0.061 | lr 5.69e-04
Epoch  53 | train 0.0360 | val 0.0437 (sd 0.0259 current 0.0616) | val/persist 0.060 | lr 5.69e-04
Epoch  54 | train 0.0361 | val 0.0432 (sd 0.0258 current 0.0607) | val/persist 0.060 | lr 5.69e-04
Epoch  55 | train 0.0357 | val 0.0429 (sd 0.0250 current 0.0608) | val/persist 0.059 | lr 5.69e-04
Epoch  56 | train 0.0359 | val 0.0437 (sd 0.0259 current 0.0615) | val/persist 0.060 | lr 5.69e-04
Epoch  57 | train 0.0355 | val 0.0420 (sd 0.0246 current 0.0595) | val/persist 0.058 | lr 5.69e-04
Epoch  58 | train 0.0358 | val 0.0459 (sd 0.0252 current 0.0667) | val/persist 0.063 | lr 5.69e-04
Epoch  59 | train 0.0353 | val 0.0451 (sd 0.0260 current 0.0642) | val/persist 0.062 | lr 5.69e-04

Training completato. Best val: 0.0420 a epoch 57 (persistenza 0.7267)
[I 2026-10-01 10:52:02,232] Trial 15 finished with value: 0.042047547921150355 and parameters: {'gru_hidden': 32, 'mlp_hidden': 256, 'num_layers': 1, 'dropout': 0.002849605297204849, 'weight_decay': 0.02656361364011516, 'lr': 0.001137830233508666, 'batch_size': 128, 'clip_norm': 5.0}. Best is trial 0 with value: 0.0412080110396433.
Split per-trial: 26879 finestre train | 6721 finestre val
Baseline persistenza (val): 0.7267 (sd 0.3393 | current 1.1141)
Epoch   0 | train 0.2716 | val 0.1098 (sd 0.0455 current 0.1741) | val/persist 0.151 | lr 9.58e-04
Epoch   1 | train 0.1212 | val 0.0909 (sd 0.0398 current 0.1419) | val/persist 0.125 | lr 9.58e-04
Epoch   2 | train 0.1026 | val 0.0814 (sd 0.0398 current 0.1230) | val/persist 0.112 | lr 9.58e-04
Epoch   3 | train 0.0932 | val 0.0736 (sd 0.0390 current 0.1081) | val/persist 0.101 | lr 9.58e-04
Epoch   4 | train 0.0881 | val 0.0773 (sd 0.0388 current 0.1159) | val/persist 0.106 | lr 9.58e-04
Epoch   5 | train 0.0831 | val 0.0708 (sd 0.0385 current 0.1031) | val/persist 0.097 | lr 9.58e-04
Epoch   6 | train 0.0816 | val 0.0664 (sd 0.0394 current 0.0934) | val/persist 0.091 | lr 9.58e-04
Epoch   7 | train 0.0767 | val 0.0605 (sd 0.0357 current 0.0854) | val/persist 0.083 | lr 9.58e-04
Epoch   8 | train 0.0731 | val 0.0634 (sd 0.0379 current 0.0890) | val/persist 0.087 | lr 9.58e-04
Epoch   9 | train 0.0718 | val 0.0561 (sd 0.0341 current 0.0780) | val/persist 0.077 | lr 9.58e-04
Epoch  10 | train 0.0683 | val 0.0581 (sd 0.0343 current 0.0819) | val/persist 0.080 | lr 9.58e-04
Epoch  11 | train 0.0682 | val 0.0545 (sd 0.0347 current 0.0744) | val/persist 0.075 | lr 9.58e-04
Epoch  12 | train 0.0669 | val 0.0542 (sd 0.0344 current 0.0740) | val/persist 0.075 | lr 9.58e-04
Epoch  13 | train 0.0642 | val 0.0556 (sd 0.0353 current 0.0758) | val/persist 0.076 | lr 9.58e-04
Epoch  14 | train 0.0652 | val 0.0523 (sd 0.0329 current 0.0716) | val/persist 0.072 | lr 9.58e-04
Epoch  15 | train 0.0624 | val 0.0532 (sd 0.0328 current 0.0735) | val/persist 0.073 | lr 9.58e-04
Epoch  16 | train 0.0629 | val 0.0507 (sd 0.0318 current 0.0696) | val/persist 0.070 | lr 9.58e-04
Epoch  17 | train 0.0605 | val 0.0520 (sd 0.0330 current 0.0709) | val/persist 0.071 | lr 9.58e-04
Epoch  18 | train 0.0599 | val 0.0483 (sd 0.0311 current 0.0654) | val/persist 0.066 | lr 9.58e-04
Epoch  19 | train 0.0593 | val 0.0488 (sd 0.0306 current 0.0669) | val/persist 0.067 | lr 9.58e-04
Epoch  20 | train 0.0582 | val 0.0486 (sd 0.0310 current 0.0661) | val/persist 0.067 | lr 9.58e-04
Epoch  21 | train 0.0585 | val 0.0493 (sd 0.0326 current 0.0660) | val/persist 0.068 | lr 9.58e-04
Epoch  22 | train 0.0581 | val 0.0504 (sd 0.0310 current 0.0698) | val/persist 0.069 | lr 9.58e-04
Epoch  23 | train 0.0571 | val 0.0526 (sd 0.0311 current 0.0741) | val/persist 0.072 | lr 9.58e-04
Epoch  24 | train 0.0565 | val 0.0498 (sd 0.0318 current 0.0678) | val/persist 0.069 | lr 9.58e-04
Epoch  25 | train 0.0565 | val 0.0499 (sd 0.0315 current 0.0683) | val/persist 0.069 | lr 9.58e-04
Epoch  26 | train 0.0557 | val 0.0497 (sd 0.0312 current 0.0681) | val/persist 0.068 | lr 9.58e-04
Epoch  27 | train 0.0542 | val 0.0469 (sd 0.0307 current 0.0631) | val/persist 0.065 | lr 9.58e-04
Epoch  28 | train 0.0537 | val 0.0489 (sd 0.0327 current 0.0651) | val/persist 0.067 | lr 9.58e-04
Epoch  29 | train 0.0540 | val 0.0490 (sd 0.0312 current 0.0669) | val/persist 0.067 | lr 9.58e-04
Epoch  30 | train 0.0541 | val 0.0504 (sd 0.0317 current 0.0691) | val/persist 0.069 | lr 9.58e-04
Epoch  31 | train 0.0533 | val 0.0515 (sd 0.0309 current 0.0720) | val/persist 0.071 | lr 9.58e-04
Epoch  32 | train 0.0518 | val 0.0540 (sd 0.0317 current 0.0762) | val/persist 0.074 | lr 9.58e-04
Epoch  33 | train 0.0530 | val 0.0503 (sd 0.0318 current 0.0688) | val/persist 0.069 | lr 9.58e-04
Epoch  34 | train 0.0517 | val 0.0503 (sd 0.0299 current 0.0707) | val/persist 0.069 | lr 9.58e-04
Epoch  35 | train 0.0523 | val 0.0489 (sd 0.0315 current 0.0662) | val/persist 0.067 | lr 9.58e-04
Epoch  36 | train 0.0509 | val 0.0459 (sd 0.0295 current 0.0623) | val/persist 0.063 | lr 9.58e-04
Epoch  37 | train 0.0505 | val 0.0512 (sd 0.0306 current 0.0719) | val/persist 0.071 | lr 9.58e-04
Epoch  38 | train 0.0513 | val 0.0477 (sd 0.0297 current 0.0657) | val/persist 0.066 | lr 9.58e-04
Epoch  39 | train 0.0491 | val 0.0482 (sd 0.0298 current 0.0666) | val/persist 0.066 | lr 9.58e-04
Epoch  40 | train 0.0489 | val 0.0481 (sd 0.0297 current 0.0665) | val/persist 0.066 | lr 9.58e-04
Epoch  41 | train 0.0489 | val 0.0482 (sd 0.0306 current 0.0658) | val/persist 0.066 | lr 9.58e-04
Epoch  42 | train 0.0488 | val 0.0462 (sd 0.0289 current 0.0636) | val/persist 0.064 | lr 9.58e-04
Epoch  43 | train 0.0476 | val 0.0450 (sd 0.0282 current 0.0617) | val/persist 0.062 | lr 9.58e-04
Epoch  44 | train 0.0482 | val 0.0473 (sd 0.0292 current 0.0654) | val/persist 0.065 | lr 9.58e-04
Epoch  45 | train 0.0471 | val 0.0559 (sd 0.0299 current 0.0819) | val/persist 0.077 | lr 9.58e-04
Epoch  46 | train 0.0470 | val 0.0479 (sd 0.0290 current 0.0667) | val/persist 0.066 | lr 9.58e-04
Epoch  47 | train 0.0459 | val 0.0484 (sd 0.0281 current 0.0687) | val/persist 0.067 | lr 9.58e-04
Epoch  48 | train 0.0456 | val 0.0463 (sd 0.0287 current 0.0639) | val/persist 0.064 | lr 9.58e-04
Epoch  49 | train 0.0448 | val 0.0470 (sd 0.0282 current 0.0657) | val/persist 0.065 | lr 9.58e-04
Epoch  50 | train 0.0451 | val 0.0457 (sd 0.0282 current 0.0631) | val/persist 0.063 | lr 9.58e-04
Epoch  51 | train 0.0440 | val 0.0479 (sd 0.0269 current 0.0689) | val/persist 0.066 | lr 9.58e-04
Epoch  52 | train 0.0445 | val 0.0483 (sd 0.0273 current 0.0692) | val/persist 0.066 | lr 9.58e-04
Epoch  53 | train 0.0443 | val 0.0458 (sd 0.0263 current 0.0653) | val/persist 0.063 | lr 9.58e-04
Epoch  54 | train 0.0440 | val 0.0484 (sd 0.0284 current 0.0684) | val/persist 0.067 | lr 4.79e-04
Epoch  55 | train 0.0401 | val 0.0456 (sd 0.0273 current 0.0639) | val/persist 0.063 | lr 4.79e-04
Epoch  56 | train 0.0400 | val 0.0451 (sd 0.0259 current 0.0643) | val/persist 0.062 | lr 4.79e-04
Epoch  57 | train 0.0393 | val 0.0440 (sd 0.0266 current 0.0614) | val/persist 0.061 | lr 4.79e-04
Epoch  58 | train 0.0391 | val 0.0441 (sd 0.0253 current 0.0629) | val/persist 0.061 | lr 4.79e-04
Epoch  59 | train 0.0393 | val 0.0444 (sd 0.0254 current 0.0635) | val/persist 0.061 | lr 4.79e-04

Training completato. Best val: 0.0440 a epoch 57 (persistenza 0.7267)
[I 2026-10-01 10:57:59,434] Trial 20 finished with value: 0.04396654549958964 and parameters: {'gru_hidden': 256, 'mlp_hidden': 64, 'num_layers': 1, 'dropout': 0.08112659715753395, 'weight_decay': 0.020673418525001895, 'lr': 0.0009582147184901041, 'batch_size': 128, 'clip_norm': 1.0}. Best is trial 0 with value: 0.0412080110396433.
Split per-trial: 26879 finestre train | 6721 finestre val
Baseline persistenza (val): 0.7267 (sd 0.3393 | current 1.1141)
Epoch   0 | train 0.2867 | val 0.1186 (sd 0.0498 current 0.1874) | val/persist 0.163 | lr 9.18e-04
Epoch   1 | train 0.1273 | val 0.0916 (sd 0.0411 current 0.1422) | val/persist 0.126 | lr 9.18e-04
Epoch   2 | train 0.1090 | val 0.0892 (sd 0.0444 current 0.1340) | val/persist 0.123 | lr 9.18e-04
Epoch   3 | train 0.1009 | val 0.0766 (sd 0.0393 current 0.1140) | val/persist 0.105 | lr 9.18e-04
Epoch   4 | train 0.0945 | val 0.0735 (sd 0.0376 current 0.1094) | val/persist 0.101 | lr 9.18e-04
Epoch   5 | train 0.0904 | val 0.0664 (sd 0.0373 current 0.0955) | val/persist 0.091 | lr 9.18e-04
Epoch   6 | train 0.0891 | val 0.0641 (sd 0.0362 current 0.0919) | val/persist 0.088 | lr 9.18e-04
Epoch   7 | train 0.0850 | val 0.0636 (sd 0.0354 current 0.0919) | val/persist 0.088 | lr 9.18e-04
Epoch   8 | train 0.0814 | val 0.0668 (sd 0.0405 current 0.0930) | val/persist 0.092 | lr 9.18e-04
Epoch   9 | train 0.0812 | val 0.0609 (sd 0.0377 current 0.0842) | val/persist 0.084 | lr 9.18e-04
Epoch  10 | train 0.0786 | val 0.0624 (sd 0.0356 current 0.0892) | val/persist 0.086 | lr 9.18e-04
Epoch  11 | train 0.0755 | val 0.0573 (sd 0.0338 current 0.0809) | val/persist 0.079 | lr 9.18e-04
Epoch  12 | train 0.0758 | val 0.0557 (sd 0.0347 current 0.0768) | val/persist 0.077 | lr 9.18e-04
Epoch  13 | train 0.0745 | val 0.0563 (sd 0.0341 current 0.0785) | val/persist 0.077 | lr 9.18e-04
Epoch  14 | train 0.0721 | val 0.0528 (sd 0.0347 current 0.0709) | val/persist 0.073 | lr 9.18e-04
Epoch  15 | train 0.0712 | val 0.0527 (sd 0.0335 current 0.0719) | val/persist 0.073 | lr 9.18e-04
Epoch  16 | train 0.0704 | val 0.0546 (sd 0.0353 current 0.0739) | val/persist 0.075 | lr 9.18e-04
Epoch  17 | train 0.0696 | val 0.0568 (sd 0.0350 current 0.0785) | val/persist 0.078 | lr 9.18e-04
Epoch  18 | train 0.0693 | val 0.0550 (sd 0.0346 current 0.0754) | val/persist 0.076 | lr 9.18e-04
Epoch  19 | train 0.0674 | val 0.0527 (sd 0.0331 current 0.0723) | val/persist 0.072 | lr 9.18e-04
Epoch  20 | train 0.0676 | val 0.0497 (sd 0.0325 current 0.0668) | val/persist 0.068 | lr 9.18e-04
Epoch  21 | train 0.0663 | val 0.0539 (sd 0.0346 current 0.0733) | val/persist 0.074 | lr 9.18e-04
Epoch  22 | train 0.0662 | val 0.0532 (sd 0.0324 current 0.0739) | val/persist 0.073 | lr 9.18e-04
Epoch  23 | train 0.0652 | val 0.0488 (sd 0.0316 current 0.0659) | val/persist 0.067 | lr 9.18e-04
Epoch  24 | train 0.0651 | val 0.0479 (sd 0.0315 current 0.0642) | val/persist 0.066 | lr 9.18e-04
Epoch  25 | train 0.0637 | val 0.0488 (sd 0.0315 current 0.0662) | val/persist 0.067 | lr 9.18e-04
Epoch  26 | train 0.0632 | val 0.0502 (sd 0.0324 current 0.0680) | val/persist 0.069 | lr 9.18e-04
Epoch  27 | train 0.0627 | val 0.0478 (sd 0.0300 current 0.0656) | val/persist 0.066 | lr 9.18e-04
Epoch  28 | train 0.0639 | val 0.0522 (sd 0.0309 current 0.0736) | val/persist 0.072 | lr 9.18e-04
Epoch  29 | train 0.0632 | val 0.0522 (sd 0.0320 current 0.0725) | val/persist 0.072 | lr 9.18e-04
Epoch  30 | train 0.0628 | val 0.0496 (sd 0.0315 current 0.0676) | val/persist 0.068 | lr 9.18e-04
Epoch  31 | train 0.0623 | val 0.0519 (sd 0.0321 current 0.0717) | val/persist 0.071 | lr 9.18e-04
Epoch  32 | train 0.0615 | val 0.0476 (sd 0.0308 current 0.0643) | val/persist 0.065 | lr 9.18e-04
Epoch  33 | train 0.0602 | val 0.0498 (sd 0.0313 current 0.0684) | val/persist 0.069 | lr 9.18e-04
Epoch  34 | train 0.0600 | val 0.0481 (sd 0.0301 current 0.0661) | val/persist 0.066 | lr 9.18e-04
Epoch  35 | train 0.0594 | val 0.0470 (sd 0.0310 current 0.0631) | val/persist 0.065 | lr 9.18e-04
Epoch  36 | train 0.0598 | val 0.0487 (sd 0.0311 current 0.0662) | val/persist 0.067 | lr 9.18e-04
Epoch  37 | train 0.0583 | val 0.0462 (sd 0.0310 current 0.0614) | val/persist 0.064 | lr 9.18e-04
Epoch  38 | train 0.0596 | val 0.0472 (sd 0.0300 current 0.0645) | val/persist 0.065 | lr 9.18e-04
Epoch  39 | train 0.0577 | val 0.0478 (sd 0.0292 current 0.0664) | val/persist 0.066 | lr 9.18e-04
Epoch  40 | train 0.0571 | val 0.0470 (sd 0.0300 current 0.0640) | val/persist 0.065 | lr 9.18e-04
Epoch  41 | train 0.0580 | val 0.0478 (sd 0.0284 current 0.0672) | val/persist 0.066 | lr 9.18e-04
Epoch  42 | train 0.0574 | val 0.0472 (sd 0.0296 current 0.0648) | val/persist 0.065 | lr 9.18e-04
Epoch  43 | train 0.0574 | val 0.0471 (sd 0.0294 current 0.0648) | val/persist 0.065 | lr 9.18e-04
Epoch  44 | train 0.0565 | val 0.0476 (sd 0.0281 current 0.0670) | val/persist 0.065 | lr 9.18e-04
Epoch  45 | train 0.0561 | val 0.0456 (sd 0.0279 current 0.0634) | val/persist 0.063 | lr 9.18e-04
Epoch  46 | train 0.0557 | val 0.0492 (sd 0.0282 current 0.0702) | val/persist 0.068 | lr 9.18e-04
Epoch  47 | train 0.0548 | val 0.0510 (sd 0.0282 current 0.0737) | val/persist 0.070 | lr 9.18e-04
Epoch  48 | train 0.0554 | val 0.0471 (sd 0.0277 current 0.0665) | val/persist 0.065 | lr 9.18e-04
Epoch  49 | train 0.0558 | val 0.0464 (sd 0.0270 current 0.0658) | val/persist 0.064 | lr 9.18e-04
Epoch  50 | train 0.0539 | val 0.0485 (sd 0.0296 current 0.0673) | val/persist 0.067 | lr 9.18e-04
Epoch  51 | train 0.0544 | val 0.0447 (sd 0.0258 current 0.0636) | val/persist 0.062 | lr 9.18e-04
Epoch  52 | train 0.0536 | val 0.0482 (sd 0.0274 current 0.0690) | val/persist 0.066 | lr 9.18e-04
Epoch  53 | train 0.0533 | val 0.0505 (sd 0.0277 current 0.0732) | val/persist 0.069 | lr 9.18e-04
Epoch  54 | train 0.0532 | val 0.0512 (sd 0.0297 current 0.0726) | val/persist 0.070 | lr 9.18e-04
Epoch  55 | train 0.0532 | val 0.0481 (sd 0.0291 current 0.0672) | val/persist 0.066 | lr 9.18e-04
Epoch  56 | train 0.0529 | val 0.0477 (sd 0.0272 current 0.0682) | val/persist 0.066 | lr 9.18e-04
Epoch  57 | train 0.0525 | val 0.0469 (sd 0.0256 current 0.0682) | val/persist 0.064 | lr 9.18e-04
Epoch  58 | train 0.0528 | val 0.0453 (sd 0.0255 current 0.0651) | val/persist 0.062 | lr 9.18e-04
Epoch  59 | train 0.0518 | val 0.0469 (sd 0.0259 current 0.0679) | val/persist 0.064 | lr 9.18e-04

Training completato. Best val: 0.0447 a epoch 51 (persistenza 0.7267)
[I 2026-10-01 11:03:37,052] Trial 40 finished with value: 0.04471553367458804 and parameters: {'gru_hidden': 256, 'mlp_hidden': 64, 'num_layers': 1, 'dropout': 0.11296521240436014, 'weight_decay': 0.0548467833568552, 'lr': 0.0009178974221396993, 'batch_size': 128, 'clip_norm': 5.0}. Best is trial 0 with value: 0.0412080110396433.
Split per-trial: 26879 finestre train | 6721 finestre val
Baseline persistenza (val): 0.7267 (sd 0.3393 | current 1.1141)
Epoch   0 | train 0.1225 | val 0.1056 (sd 0.0455 current 0.1656) | val/persist 0.145 | lr 5.78e-03
Epoch   1 | train 0.0777 | val 0.0794 (sd 0.0567 current 0.1021) | val/persist 0.109 | lr 5.78e-03
Epoch   2 | train 0.0699 | val 0.0706 (sd 0.0383 current 0.1029) | val/persist 0.097 | lr 5.78e-03
Epoch   3 | train 0.0650 | val 0.0780 (sd 0.0378 current 0.1181) | val/persist 0.107 | lr 5.78e-03
Epoch   4 | train 0.0636 | val 0.0669 (sd 0.0366 current 0.0972) | val/persist 0.092 | lr 5.78e-03
Epoch   5 | train 0.0605 | val 0.0649 (sd 0.0357 current 0.0941) | val/persist 0.089 | lr 5.78e-03
Epoch   6 | train 0.0570 | val 0.0709 (sd 0.0337 current 0.1081) | val/persist 0.098 | lr 5.78e-03
Epoch   7 | train 0.0580 | val 0.0548 (sd 0.0332 current 0.0763) | val/persist 0.075 | lr 5.78e-03
Epoch   8 | train 0.0538 | val 0.0643 (sd 0.0319 current 0.0966) | val/persist 0.088 | lr 5.78e-03
Epoch   9 | train 0.0514 | val 0.0562 (sd 0.0334 current 0.0790) | val/persist 0.077 | lr 5.78e-03
Epoch  10 | train 0.0515 | val 0.0567 (sd 0.0306 current 0.0827) | val/persist 0.078 | lr 5.78e-03
Epoch  11 | train 0.0513 | val 0.0543 (sd 0.0316 current 0.0770) | val/persist 0.075 | lr 5.78e-03
Epoch  12 | train 0.0472 | val 0.0540 (sd 0.0301 current 0.0780) | val/persist 0.074 | lr 5.78e-03
Epoch  13 | train 0.0461 | val 0.0527 (sd 0.0281 current 0.0773) | val/persist 0.073 | lr 5.78e-03
Epoch  14 | train 0.0480 | val 0.0518 (sd 0.0269 current 0.0767) | val/persist 0.071 | lr 5.78e-03
Epoch  15 | train 0.0461 | val 0.0506 (sd 0.0267 current 0.0745) | val/persist 0.070 | lr 5.78e-03
Epoch  16 | train 0.0455 | val 0.0591 (sd 0.0350 current 0.0831) | val/persist 0.081 | lr 5.78e-03
Epoch  17 | train 0.0448 | val 0.0536 (sd 0.0256 current 0.0815) | val/persist 0.074 | lr 5.78e-03
Epoch  18 | train 0.0458 | val 0.0633 (sd 0.0288 current 0.0977) | val/persist 0.087 | lr 5.78e-03
Epoch  19 | train 0.0466 | val 0.0544 (sd 0.0273 current 0.0814) | val/persist 0.075 | lr 5.78e-03
Epoch  20 | train 0.0434 | val 0.0470 (sd 0.0262 current 0.0677) | val/persist 0.065 | lr 5.78e-03
Epoch  21 | train 0.0432 | val 0.0503 (sd 0.0267 current 0.0739) | val/persist 0.069 | lr 5.78e-03
Epoch  22 | train 0.0435 | val 0.0527 (sd 0.0311 current 0.0743) | val/persist 0.072 | lr 5.78e-03
Epoch  23 | train 0.0431 | val 0.0542 (sd 0.0319 current 0.0764) | val/persist 0.075 | lr 5.78e-03
Epoch  24 | train 0.0436 | val 0.0543 (sd 0.0275 current 0.0811) | val/persist 0.075 | lr 5.78e-03
Epoch  25 | train 0.0410 | val 0.0455 (sd 0.0250 current 0.0660) | val/persist 0.063 | lr 5.78e-03
Epoch  26 | train 0.0407 | val 0.0515 (sd 0.0278 current 0.0751) | val/persist 0.071 | lr 5.78e-03
Epoch  27 | train 0.0400 | val 0.0501 (sd 0.0263 current 0.0739) | val/persist 0.069 | lr 5.78e-03
Epoch  28 | train 0.0400 | val 0.0492 (sd 0.0268 current 0.0716) | val/persist 0.068 | lr 5.78e-03
Epoch  29 | train 0.0400 | val 0.0516 (sd 0.0316 current 0.0717) | val/persist 0.071 | lr 5.78e-03
Epoch  30 | train 0.0388 | val 0.0502 (sd 0.0293 current 0.0711) | val/persist 0.069 | lr 5.78e-03
Epoch  31 | train 0.0382 | val 0.0484 (sd 0.0274 current 0.0694) | val/persist 0.067 | lr 5.78e-03
Epoch  32 | train 0.0380 | val 0.0487 (sd 0.0260 current 0.0714) | val/persist 0.067 | lr 5.78e-03
Epoch  33 | train 0.0407 | val 0.0549 (sd 0.0258 current 0.0839) | val/persist 0.076 | lr 5.78e-03
Epoch  34 | train 0.0382 | val 0.0499 (sd 0.0281 current 0.0716) | val/persist 0.069 | lr 5.78e-03
Epoch  35 | train 0.0385 | val 0.0512 (sd 0.0285 current 0.0739) | val/persist 0.070 | lr 5.78e-03
Epoch  36 | train 0.0363 | val 0.0486 (sd 0.0266 current 0.0706) | val/persist 0.067 | lr 2.89e-03
Epoch  37 | train 0.0305 | val 0.0459 (sd 0.0256 current 0.0662) | val/persist 0.063 | lr 2.89e-03
Epoch  38 | train 0.0291 | val 0.0450 (sd 0.0234 current 0.0666) | val/persist 0.062 | lr 2.89e-03
Epoch  39 | train 0.0281 | val 0.0440 (sd 0.0241 current 0.0638) | val/persist 0.060 | lr 2.89e-03
Epoch  40 | train 0.0287 | val 0.0465 (sd 0.0236 current 0.0694) | val/persist 0.064 | lr 2.89e-03
Epoch  41 | train 0.0282 | val 0.0442 (sd 0.0241 current 0.0642) | val/persist 0.061 | lr 2.89e-03
Epoch  42 | train 0.0282 | val 0.0437 (sd 0.0240 current 0.0634) | val/persist 0.060 | lr 2.89e-03
Epoch  43 | train 0.0271 | val 0.0463 (sd 0.0244 current 0.0682) | val/persist 0.064 | lr 2.89e-03
Epoch  44 | train 0.0274 | val 0.0464 (sd 0.0253 current 0.0675) | val/persist 0.064 | lr 2.89e-03
Epoch  45 | train 0.0270 | val 0.0481 (sd 0.0260 current 0.0702) | val/persist 0.066 | lr 2.89e-03
Epoch  46 | train 0.0267 | val 0.0477 (sd 0.0237 current 0.0718) | val/persist 0.066 | lr 2.89e-03
Epoch  47 | train 0.0266 | val 0.0472 (sd 0.0239 current 0.0705) | val/persist 0.065 | lr 2.89e-03
Epoch  48 | train 0.0260 | val 0.0461 (sd 0.0256 current 0.0666) | val/persist 0.063 | lr 2.89e-03
Epoch  49 | train 0.0263 | val 0.0471 (sd 0.0255 current 0.0686) | val/persist 0.065 | lr 2.89e-03
Epoch  50 | train 0.0253 | val 0.0461 (sd 0.0246 current 0.0676) | val/persist 0.063 | lr 2.89e-03
Epoch  51 | train 0.0260 | val 0.0490 (sd 0.0249 current 0.0732) | val/persist 0.067 | lr 2.89e-03
Epoch  52 | train 0.0254 | val 0.0462 (sd 0.0244 current 0.0679) | val/persist 0.064 | lr 2.89e-03
Epoch  53 | train 0.0245 | val 0.0486 (sd 0.0254 current 0.0718) | val/persist 0.067 | lr 1.45e-03
Epoch  54 | train 0.0215 | val 0.0451 (sd 0.0237 current 0.0666) | val/persist 0.062 | lr 1.45e-03
Epoch  55 | train 0.0205 | val 0.0450 (sd 0.0246 current 0.0655) | val/persist 0.062 | lr 1.45e-03
Epoch  56 | train 0.0202 | val 0.0458 (sd 0.0243 current 0.0673) | val/persist 0.063 | lr 1.45e-03
Epoch  57 | train 0.0203 | val 0.0468 (sd 0.0243 current 0.0693) | val/persist 0.064 | lr 1.45e-03

Training completato. Best val: 0.0437 a epoch 42 (persistenza 0.7267)
[I 2026-10-01 11:05:34,860] Trial 54 finished with value: 0.04367855660813565 and parameters: {'gru_hidden': 64, 'mlp_hidden': 256, 'num_layers': 1, 'dropout': 0.012826155822491875, 'weight_decay': 0.003666011714209485, 'lr': 0.0057823568747631, 'batch_size': 128, 'clip_norm': 5.0}. Best is trial 51 with value: 0.04060395106976984.
Split per-trial: 26879 finestre train | 6721 finestre val
Baseline persistenza (val): 0.7267 (sd 0.3393 | current 1.1141)
Epoch   0 | train 0.2209 | val 0.1161 (sd 0.0465 current 0.1858) | val/persist 0.160 | lr 7.01e-04
Epoch   1 | train 0.0990 | val 0.0967 (sd 0.0423 current 0.1512) | val/persist 0.133 | lr 7.01e-04
Epoch   2 | train 0.0882 | val 0.0879 (sd 0.0403 current 0.1354) | val/persist 0.121 | lr 7.01e-04
Epoch   3 | train 0.0807 | val 0.0798 (sd 0.0408 current 0.1188) | val/persist 0.110 | lr 7.01e-04
Epoch   4 | train 0.0768 | val 0.0751 (sd 0.0401 current 0.1100) | val/persist 0.103 | lr 7.01e-04
Epoch   5 | train 0.0729 | val 0.0735 (sd 0.0380 current 0.1089) | val/persist 0.101 | lr 7.01e-04
Epoch   6 | train 0.0710 | val 0.0696 (sd 0.0409 current 0.0983) | val/persist 0.096 | lr 7.01e-04
Epoch   7 | train 0.0684 | val 0.0696 (sd 0.0379 current 0.1013) | val/persist 0.096 | lr 7.01e-04
Epoch   8 | train 0.0662 | val 0.0662 (sd 0.0390 current 0.0934) | val/persist 0.091 | lr 7.01e-04
[I 2026-10-01 11:05:55,062] Trial 60 pruned. 
Split per-trial: 26879 finestre train | 6721 finestre val
Baseline persistenza (val): 0.7267 (sd 0.3393 | current 1.1141)
Epoch   0 | train 0.1411 | val 0.0955 (sd 0.0438 current 0.1473) | val/persist 0.131 | lr 1.62e-03
Epoch   1 | train 0.0818 | val 0.0776 (sd 0.0413 current 0.1140) | val/persist 0.107 | lr 1.62e-03
Epoch   2 | train 0.0731 | val 0.0717 (sd 0.0423 current 0.1011) | val/persist 0.099 | lr 1.62e-03
Epoch   3 | train 0.0671 | val 0.0648 (sd 0.0392 current 0.0904) | val/persist 0.089 | lr 1.62e-03
Epoch   4 | train 0.0648 | val 0.0780 (sd 0.0385 current 0.1175) | val/persist 0.107 | lr 1.62e-03
Epoch   5 | train 0.0606 | val 0.0551 (sd 0.0325 current 0.0777) | val/persist 0.076 | lr 1.62e-03
Epoch   6 | train 0.0577 | val 0.0611 (sd 0.0351 current 0.0870) | val/persist 0.084 | lr 1.62e-03
Epoch   7 | train 0.0557 | val 0.0532 (sd 0.0324 current 0.0741) | val/persist 0.073 | lr 1.62e-03
Epoch   8 | train 0.0533 | val 0.0537 (sd 0.0356 current 0.0718) | val/persist 0.074 | lr 1.62e-03
Epoch   9 | train 0.0524 | val 0.0624 (sd 0.0389 current 0.0858) | val/persist 0.086 | lr 1.62e-03
Epoch  10 | train 0.0515 | val 0.0552 (sd 0.0328 current 0.0776) | val/persist 0.076 | lr 1.62e-03
Epoch  11 | train 0.0500 | val 0.0512 (sd 0.0337 current 0.0687) | val/persist 0.070 | lr 1.62e-03
Epoch  12 | train 0.0488 | val 0.0539 (sd 0.0299 current 0.0778) | val/persist 0.074 | lr 1.62e-03
Epoch  13 | train 0.0482 | val 0.0519 (sd 0.0306 current 0.0732) | val/persist 0.071 | lr 1.62e-03
Epoch  14 | train 0.0463 | val 0.0459 (sd 0.0275 current 0.0644) | val/persist 0.063 | lr 1.62e-03
Epoch  15 | train 0.0465 | val 0.0474 (sd 0.0265 current 0.0683) | val/persist 0.065 | lr 1.62e-03
Epoch  16 | train 0.0450 | val 0.0489 (sd 0.0259 current 0.0718) | val/persist 0.067 | lr 1.62e-03
Epoch  17 | train 0.0448 | val 0.0474 (sd 0.0264 current 0.0684) | val/persist 0.065 | lr 1.62e-03
Epoch  18 | train 0.0441 | val 0.0500 (sd 0.0261 current 0.0739) | val/persist 0.069 | lr 1.62e-03
Epoch  19 | train 0.0431 | val 0.0458 (sd 0.0241 current 0.0676) | val/persist 0.063 | lr 1.62e-03
Epoch  20 | train 0.0417 | val 0.0489 (sd 0.0250 current 0.0727) | val/persist 0.067 | lr 1.62e-03
Epoch  21 | train 0.0415 | val 0.0506 (sd 0.0267 current 0.0745) | val/persist 0.070 | lr 1.62e-03
Epoch  22 | train 0.0403 | val 0.0453 (sd 0.0265 current 0.0641) | val/persist 0.062 | lr 1.62e-03
Epoch  23 | train 0.0403 | val 0.0498 (sd 0.0243 current 0.0753) | val/persist 0.069 | lr 1.62e-03
Epoch  24 | train 0.0396 | val 0.0459 (sd 0.0265 current 0.0652) | val/persist 0.063 | lr 1.62e-03
Epoch  25 | train 0.0388 | val 0.0477 (sd 0.0244 current 0.0711) | val/persist 0.066 | lr 1.62e-03
Epoch  26 | train 0.0383 | val 0.0455 (sd 0.0257 current 0.0652) | val/persist 0.063 | lr 1.62e-03
Epoch  27 | train 0.0387 | val 0.0488 (sd 0.0255 current 0.0721) | val/persist 0.067 | lr 1.62e-03
Epoch  28 | train 0.0374 | val 0.0493 (sd 0.0287 current 0.0698) | val/persist 0.068 | lr 1.62e-03
Epoch  29 | train 0.0373 | val 0.0458 (sd 0.0240 current 0.0677) | val/persist 0.063 | lr 1.62e-03
Epoch  30 | train 0.0360 | val 0.0456 (sd 0.0249 current 0.0662) | val/persist 0.063 | lr 1.62e-03
Epoch  31 | train 0.0349 | val 0.0487 (sd 0.0286 current 0.0688) | val/persist 0.067 | lr 1.62e-03
Epoch  32 | train 0.0349 | val 0.0467 (sd 0.0263 current 0.0671) | val/persist 0.064 | lr 1.62e-03
Epoch  33 | train 0.0347 | val 0.0502 (sd 0.0241 current 0.0762) | val/persist 0.069 | lr 8.12e-04
Epoch  34 | train 0.0303 | val 0.0423 (sd 0.0231 current 0.0615) | val/persist 0.058 | lr 8.12e-04
Epoch  35 | train 0.0286 | val 0.0451 (sd 0.0232 current 0.0670) | val/persist 0.062 | lr 8.12e-04
Epoch  36 | train 0.0284 | val 0.0443 (sd 0.0242 current 0.0645) | val/persist 0.061 | lr 8.12e-04
Epoch  37 | train 0.0280 | val 0.0430 (sd 0.0231 current 0.0628) | val/persist 0.059 | lr 8.12e-04
Epoch  38 | train 0.0279 | val 0.0430 (sd 0.0229 current 0.0632) | val/persist 0.059 | lr 8.12e-04
Epoch  39 | train 0.0272 | val 0.0460 (sd 0.0234 current 0.0687) | val/persist 0.063 | lr 8.12e-04
Epoch  40 | train 0.0274 | val 0.0450 (sd 0.0243 current 0.0656) | val/persist 0.062 | lr 8.12e-04
Epoch  41 | train 0.0266 | val 0.0446 (sd 0.0230 current 0.0662) | val/persist 0.061 | lr 8.12e-04
Epoch  42 | train 0.0261 | val 0.0438 (sd 0.0233 current 0.0643) | val/persist 0.060 | lr 8.12e-04
Epoch  43 | train 0.0256 | val 0.0443 (sd 0.0230 current 0.0657) | val/persist 0.061 | lr 8.12e-04
Epoch  44 | train 0.0259 | val 0.0459 (sd 0.0236 current 0.0683) | val/persist 0.063 | lr 8.12e-04
Epoch  45 | train 0.0253 | val 0.0451 (sd 0.0236 current 0.0667) | val/persist 0.062 | lr 4.06e-04
Epoch  46 | train 0.0226 | val 0.0447 (sd 0.0229 current 0.0665) | val/persist 0.062 | lr 4.06e-04
Epoch  47 | train 0.0225 | val 0.0441 (sd 0.0235 current 0.0647) | val/persist 0.061 | lr 4.06e-04
Epoch  48 | train 0.0221 | val 0.0434 (sd 0.0229 current 0.0639) | val/persist 0.060 | lr 4.06e-04
Epoch  49 | train 0.0218 | val 0.0440 (sd 0.0230 current 0.0650) | val/persist 0.061 | lr 4.06e-04

Training completato. Best val: 0.0423 a epoch 34 (persistenza 0.7267)
[I 2026-10-01 11:08:46,534] Trial 62 finished with value: 0.042321695761860144 and parameters: {'gru_hidden': 128, 'mlp_hidden': 256, 'num_layers': 1, 'dropout': 0.036883280631773985, 'weight_decay': 0.00015177183129894885, 'lr': 0.0016239786986143828, 'batch_size': 64, 'clip_norm': 0.5}. Best is trial 51 with value: 0.04060395106976984.
Split per-trial: 26879 finestre train | 6721 finestre val
Baseline persistenza (val): 0.7267 (sd 0.3393 | current 1.1141)
Epoch   0 | train 0.2307 | val 0.0950 (sd 0.0445 current 0.1455) | val/persist 0.131 | lr 1.21e-03
Epoch   1 | train 0.1282 | val 0.0845 (sd 0.0443 current 0.1247) | val/persist 0.116 | lr 1.21e-03
Epoch   2 | train 0.1155 | val 0.0733 (sd 0.0397 current 0.1068) | val/persist 0.101 | lr 1.21e-03
Epoch   3 | train 0.1104 | val 0.0748 (sd 0.0491 current 0.1005) | val/persist 0.103 | lr 1.21e-03
Epoch   4 | train 0.1066 | val 0.0672 (sd 0.0400 current 0.0944) | val/persist 0.093 | lr 1.21e-03
Epoch   5 | train 0.1041 | val 0.0684 (sd 0.0397 current 0.0972) | val/persist 0.094 | lr 1.21e-03
Epoch   6 | train 0.1007 | val 0.0693 (sd 0.0433 current 0.0953) | val/persist 0.095 | lr 1.21e-03
Epoch   7 | train 0.0956 | val 0.0622 (sd 0.0385 current 0.0858) | val/persist 0.086 | lr 1.21e-03
Epoch   8 | train 0.0942 | val 0.0563 (sd 0.0356 current 0.0770) | val/persist 0.078 | lr 1.21e-03
Epoch   9 | train 0.0921 | val 0.0597 (sd 0.0365 current 0.0829) | val/persist 0.082 | lr 1.21e-03
Epoch  10 | train 0.0924 | val 0.0575 (sd 0.0349 current 0.0801) | val/persist 0.079 | lr 1.21e-03
Epoch  11 | train 0.0905 | val 0.0589 (sd 0.0341 current 0.0837) | val/persist 0.081 | lr 1.21e-03
Epoch  12 | train 0.0888 | val 0.0606 (sd 0.0357 current 0.0855) | val/persist 0.083 | lr 1.21e-03
Epoch  13 | train 0.0862 | val 0.0585 (sd 0.0354 current 0.0815) | val/persist 0.080 | lr 1.21e-03
Epoch  14 | train 0.0839 | val 0.0585 (sd 0.0378 current 0.0792) | val/persist 0.080 | lr 1.21e-03
[I 2026-10-01 11:10:27,382] Trial 75 pruned. 
Split per-trial: 26879 finestre train | 6721 finestre val
Baseline persistenza (val): 0.7267 (sd 0.3393 | current 1.1141)
Epoch   0 | train 0.1367 | val 0.1029 (sd 0.0490 current 0.1568) | val/persist 0.142 | lr 3.25e-03
Epoch   1 | train 0.0834 | val 0.0790 (sd 0.0522 current 0.1059) | val/persist 0.109 | lr 3.25e-03
Epoch   2 | train 0.0729 | val 0.0785 (sd 0.0423 current 0.1147) | val/persist 0.108 | lr 3.25e-03
Epoch   3 | train 0.0699 | val 0.0740 (sd 0.0426 current 0.1053) | val/persist 0.102 | lr 3.25e-03
Epoch   4 | train 0.0645 | val 0.0686 (sd 0.0445 current 0.0927) | val/persist 0.094 | lr 3.25e-03
Epoch   5 | train 0.0629 | val 0.0643 (sd 0.0368 current 0.0918) | val/persist 0.088 | lr 3.25e-03
Epoch   6 | train 0.0610 | val 0.0613 (sd 0.0346 current 0.0880) | val/persist 0.084 | lr 3.25e-03
Epoch   7 | train 0.0570 | val 0.0680 (sd 0.0421 current 0.0939) | val/persist 0.094 | lr 3.25e-03
Epoch   8 | train 0.0543 | val 0.0574 (sd 0.0384 current 0.0764) | val/persist 0.079 | lr 3.25e-03
Epoch   9 | train 0.0546 | val 0.0671 (sd 0.0470 current 0.0872) | val/persist 0.092 | lr 3.25e-03
Epoch  10 | train 0.0540 | val 0.0538 (sd 0.0334 current 0.0742) | val/persist 0.074 | lr 3.25e-03
Epoch  11 | train 0.0508 | val 0.0541 (sd 0.0297 current 0.0784) | val/persist 0.074 | lr 3.25e-03
Epoch  12 | train 0.0503 | val 0.0486 (sd 0.0269 current 0.0702) | val/persist 0.067 | lr 3.25e-03
Epoch  13 | train 0.0504 | val 0.0648 (sd 0.0270 current 0.1025) | val/persist 0.089 | lr 3.25e-03
Epoch  14 | train 0.0464 | val 0.0529 (sd 0.0311 current 0.0747) | val/persist 0.073 | lr 3.25e-03
Epoch  15 | train 0.0465 | val 0.0510 (sd 0.0279 current 0.0742) | val/persist 0.070 | lr 3.25e-03
Epoch  16 | train 0.0444 | val 0.0586 (sd 0.0293 current 0.0880) | val/persist 0.081 | lr 3.25e-03
Epoch  17 | train 0.0445 | val 0.0534 (sd 0.0284 current 0.0783) | val/persist 0.073 | lr 3.25e-03
Epoch  18 | train 0.0464 | val 0.0487 (sd 0.0264 current 0.0711) | val/persist 0.067 | lr 3.25e-03
Epoch  19 | train 0.0433 | val 0.0535 (sd 0.0260 current 0.0810) | val/persist 0.074 | lr 3.25e-03
Epoch  20 | train 0.0428 | val 0.0487 (sd 0.0284 current 0.0689) | val/persist 0.067 | lr 3.25e-03
Epoch  21 | train 0.0414 | val 0.0557 (sd 0.0274 current 0.0840) | val/persist 0.077 | lr 3.25e-03
Epoch  22 | train 0.0422 | val 0.0517 (sd 0.0324 current 0.0711) | val/persist 0.071 | lr 3.25e-03
Epoch  23 | train 0.0421 | val 0.0551 (sd 0.0322 current 0.0781) | val/persist 0.076 | lr 1.62e-03
Epoch  24 | train 0.0334 | val 0.0450 (sd 0.0249 current 0.0651) | val/persist 0.062 | lr 1.62e-03
Epoch  25 | train 0.0319 | val 0.0454 (sd 0.0255 current 0.0654) | val/persist 0.063 | lr 1.62e-03
Epoch  26 | train 0.0303 | val 0.0460 (sd 0.0234 current 0.0686) | val/persist 0.063 | lr 1.62e-03
Epoch  27 | train 0.0301 | val 0.0475 (sd 0.0284 current 0.0665) | val/persist 0.065 | lr 1.62e-03
Epoch  28 | train 0.0298 | val 0.0441 (sd 0.0231 current 0.0651) | val/persist 0.061 | lr 1.62e-03
Epoch  29 | train 0.0293 | val 0.0474 (sd 0.0240 current 0.0707) | val/persist 0.065 | lr 1.62e-03
Epoch  30 | train 0.0292 | val 0.0462 (sd 0.0243 current 0.0681) | val/persist 0.064 | lr 1.62e-03
Epoch  31 | train 0.0284 | val 0.0439 (sd 0.0235 current 0.0643) | val/persist 0.060 | lr 1.62e-03
Epoch  32 | train 0.0275 | val 0.0462 (sd 0.0251 current 0.0673) | val/persist 0.064 | lr 1.62e-03
Epoch  33 | train 0.0269 | val 0.0449 (sd 0.0243 current 0.0656) | val/persist 0.062 | lr 1.62e-03
Epoch  34 | train 0.0258 | val 0.0467 (sd 0.0261 current 0.0673) | val/persist 0.064 | lr 1.62e-03
Epoch  35 | train 0.0247 | val 0.0446 (sd 0.0250 current 0.0642) | val/persist 0.061 | lr 1.62e-03
Epoch  36 | train 0.0246 | val 0.0452 (sd 0.0240 current 0.0663) | val/persist 0.062 | lr 1.62e-03
Epoch  37 | train 0.0241 | val 0.0451 (sd 0.0244 current 0.0658) | val/persist 0.062 | lr 1.62e-03
Epoch  38 | train 0.0237 | val 0.0465 (sd 0.0250 current 0.0681) | val/persist 0.064 | lr 1.62e-03
Epoch  39 | train 0.0235 | val 0.0464 (sd 0.0234 current 0.0694) | val/persist 0.064 | lr 1.62e-03
Epoch  40 | train 0.0228 | val 0.0465 (sd 0.0253 current 0.0677) | val/persist 0.064 | lr 1.62e-03
Epoch  41 | train 0.0220 | val 0.0472 (sd 0.0252 current 0.0692) | val/persist 0.065 | lr 1.62e-03
Epoch  42 | train 0.0218 | val 0.0469 (sd 0.0238 current 0.0700) | val/persist 0.065 | lr 8.12e-04
Epoch  43 | train 0.0177 | val 0.0446 (sd 0.0228 current 0.0664) | val/persist 0.061 | lr 8.12e-04
Epoch  44 | train 0.0165 | val 0.0455 (sd 0.0238 current 0.0672) | val/persist 0.063 | lr 8.12e-04
Epoch  45 | train 0.0165 | val 0.0461 (sd 0.0236 current 0.0686) | val/persist 0.063 | lr 8.12e-04
Epoch  46 | train 0.0160 | val 0.0453 (sd 0.0235 current 0.0671) | val/persist 0.062 | lr 8.12e-04

Training completato. Best val: 0.0439 a epoch 31 (persistenza 0.7267)
[I 2026-10-01 11:14:55,604] Trial 82 finished with value: 0.04389856594549973 and parameters: {'gru_hidden': 256, 'mlp_hidden': 512, 'num_layers': 1, 'dropout': 0.06606703844253245, 'weight_decay': 1.3824868032854243e-05, 'lr': 0.0032490254921321384, 'batch_size': 128, 'clip_norm': 0.5}. Best is trial 51 with value: 0.04060395106976984.
Split per-trial: 26879 finestre train | 6721 finestre val
Baseline persistenza (val): 0.7267 (sd 0.3393 | current 1.1141)
Epoch   0 | train 0.1779 | val 0.1112 (sd 0.0429 current 0.1795) | val/persist 0.153 | lr 5.86e-04
Epoch   1 | train 0.0887 | val 0.0879 (sd 0.0410 current 0.1347) | val/persist 0.121 | lr 5.86e-04
Epoch   2 | train 0.0802 | val 0.0820 (sd 0.0400 current 0.1241) | val/persist 0.113 | lr 5.86e-04
Epoch   3 | train 0.0742 | val 0.0761 (sd 0.0392 current 0.1130) | val/persist 0.105 | lr 5.86e-04
Epoch   4 | train 0.0703 | val 0.0805 (sd 0.0387 current 0.1222) | val/persist 0.111 | lr 5.86e-04
Epoch   5 | train 0.0677 | val 0.0695 (sd 0.0385 current 0.1005) | val/persist 0.096 | lr 5.86e-04
Epoch   6 | train 0.0646 | val 0.0695 (sd 0.0386 current 0.1005) | val/persist 0.096 | lr 5.86e-04
Epoch   7 | train 0.0635 | val 0.0649 (sd 0.0383 current 0.0915) | val/persist 0.089 | lr 5.86e-04
Epoch   8 | train 0.0607 | val 0.0608 (sd 0.0368 current 0.0848) | val/persist 0.084 | lr 5.86e-04
Epoch   9 | train 0.0590 | val 0.0634 (sd 0.0360 current 0.0909) | val/persist 0.087 | lr 5.86e-04
[I 2026-10-01 11:15:21,203] Trial 89 pruned. 
Split per-trial: 26879 finestre train | 6721 finestre val
Baseline persistenza (val): 0.7267 (sd 0.3393 | current 1.1141)
Epoch   0 | train 0.1711 | val 0.1070 (sd 0.0466 current 0.1675) | val/persist 0.147 | lr 2.50e-03
Epoch   1 | train 0.0872 | val 0.0895 (sd 0.0417 current 0.1372) | val/persist 0.123 | lr 2.50e-03
Epoch   2 | train 0.0783 | val 0.0777 (sd 0.0404 current 0.1150) | val/persist 0.107 | lr 2.50e-03
Epoch   3 | train 0.0728 | val 0.0738 (sd 0.0421 current 0.1054) | val/persist 0.101 | lr 2.50e-03
Epoch   4 | train 0.0676 | val 0.0730 (sd 0.0412 current 0.1048) | val/persist 0.100 | lr 2.50e-03
Epoch   5 | train 0.0626 | val 0.0660 (sd 0.0388 current 0.0931) | val/persist 0.091 | lr 2.50e-03
Epoch   6 | train 0.0614 | val 0.0617 (sd 0.0386 current 0.0848) | val/persist 0.085 | lr 2.50e-03
Epoch   7 | train 0.0603 | val 0.0746 (sd 0.0409 current 0.1083) | val/persist 0.103 | lr 2.50e-03
Epoch   8 | train 0.0602 | val 0.0586 (sd 0.0363 current 0.0809) | val/persist 0.081 | lr 2.50e-03
Epoch   9 | train 0.0563 | val 0.0562 (sd 0.0351 current 0.0773) | val/persist 0.077 | lr 2.50e-03
Epoch  10 | train 0.0540 | val 0.0566 (sd 0.0391 current 0.0740) | val/persist 0.078 | lr 2.50e-03
Epoch  11 | train 0.0548 | val 0.0568 (sd 0.0362 current 0.0774) | val/persist 0.078 | lr 2.50e-03
Epoch  12 | train 0.0523 | val 0.0570 (sd 0.0344 current 0.0797) | val/persist 0.078 | lr 2.50e-03
[I 2026-10-01 11:15:36,902] Trial 92 pruned. 
Split per-trial: 26879 finestre train | 6721 finestre val
Baseline persistenza (val): 0.7267 (sd 0.3393 | current 1.1141)
Epoch   0 | train 0.1612 | val 0.1041 (sd 0.0466 current 0.1616) | val/persist 0.143 | lr 2.90e-03
Epoch   1 | train 0.0768 | val 0.0774 (sd 0.0395 current 0.1153) | val/persist 0.106 | lr 2.90e-03
Epoch   2 | train 0.0711 | val 0.0690 (sd 0.0398 current 0.0983) | val/persist 0.095 | lr 2.90e-03
Epoch   3 | train 0.0663 | val 0.0793 (sd 0.0387 current 0.1199) | val/persist 0.109 | lr 2.90e-03
Epoch   4 | train 0.0603 | val 0.0690 (sd 0.0368 current 0.1012) | val/persist 0.095 | lr 2.90e-03
Epoch   5 | train 0.0563 | val 0.0676 (sd 0.0444 current 0.0908) | val/persist 0.093 | lr 2.90e-03
Epoch   6 | train 0.0535 | val 0.0558 (sd 0.0330 current 0.0786) | val/persist 0.077 | lr 2.90e-03
Epoch   7 | train 0.0542 | val 0.0612 (sd 0.0379 current 0.0845) | val/persist 0.084 | lr 2.90e-03
Epoch   8 | train 0.0507 | val 0.0563 (sd 0.0338 current 0.0788) | val/persist 0.077 | lr 2.90e-03
Epoch   9 | train 0.0500 | val 0.0549 (sd 0.0334 current 0.0764) | val/persist 0.076 | lr 2.90e-03
Epoch  10 | train 0.0494 | val 0.0529 (sd 0.0315 current 0.0742) | val/persist 0.073 | lr 2.90e-03
Epoch  11 | train 0.0471 | val 0.0569 (sd 0.0374 current 0.0764) | val/persist 0.078 | lr 2.90e-03
Epoch  12 | train 0.0475 | val 0.0530 (sd 0.0341 current 0.0719) | val/persist 0.073 | lr 2.90e-03
Epoch  13 | train 0.0460 | val 0.0501 (sd 0.0332 current 0.0670) | val/persist 0.069 | lr 2.90e-03
Epoch  14 | train 0.0465 | val 0.0499 (sd 0.0335 current 0.0662) | val/persist 0.069 | lr 2.90e-03
Epoch  15 | train 0.0446 | val 0.0531 (sd 0.0310 current 0.0752) | val/persist 0.073 | lr 2.90e-03
Epoch  16 | train 0.0462 | val 0.0489 (sd 0.0294 current 0.0684) | val/persist 0.067 | lr 2.90e-03
Epoch  17 | train 0.0420 | val 0.0469 (sd 0.0266 current 0.0671) | val/persist 0.064 | lr 2.90e-03
Epoch  18 | train 0.0424 | val 0.0512 (sd 0.0307 current 0.0718) | val/persist 0.070 | lr 2.90e-03
Epoch  19 | train 0.0416 | val 0.0466 (sd 0.0256 current 0.0676) | val/persist 0.064 | lr 2.90e-03
Epoch  20 | train 0.0417 | val 0.0492 (sd 0.0241 current 0.0743) | val/persist 0.068 | lr 2.90e-03
Epoch  21 | train 0.0387 | val 0.0482 (sd 0.0274 current 0.0689) | val/persist 0.066 | lr 2.90e-03
Epoch  22 | train 0.0388 | val 0.0483 (sd 0.0252 current 0.0714) | val/persist 0.066 | lr 2.90e-03
Epoch  23 | train 0.0386 | val 0.0449 (sd 0.0262 current 0.0637) | val/persist 0.062 | lr 2.90e-03
Epoch  24 | train 0.0383 | val 0.0442 (sd 0.0238 current 0.0646) | val/persist 0.061 | lr 2.90e-03
Epoch  25 | train 0.0371 | val 0.0462 (sd 0.0241 current 0.0682) | val/persist 0.064 | lr 2.90e-03
Epoch  26 | train 0.0363 | val 0.0493 (sd 0.0268 current 0.0718) | val/persist 0.068 | lr 2.90e-03
Epoch  27 | train 0.0382 | val 0.0463 (sd 0.0251 current 0.0676) | val/persist 0.064 | lr 2.90e-03
Epoch  28 | train 0.0367 | val 0.0462 (sd 0.0259 current 0.0665) | val/persist 0.064 | lr 2.90e-03
Epoch  29 | train 0.0371 | val 0.0463 (sd 0.0259 current 0.0668) | val/persist 0.064 | lr 2.90e-03
Epoch  30 | train 0.0354 | val 0.0453 (sd 0.0238 current 0.0668) | val/persist 0.062 | lr 2.90e-03
Epoch  31 | train 0.0350 | val 0.0507 (sd 0.0248 current 0.0767) | val/persist 0.070 | lr 2.90e-03
Epoch  32 | train 0.0343 | val 0.0416 (sd 0.0225 current 0.0607) | val/persist 0.057 | lr 2.90e-03
Epoch  33 | train 0.0350 | val 0.0462 (sd 0.0272 current 0.0651) | val/persist 0.064 | lr 2.90e-03
Epoch  34 | train 0.0338 | val 0.0446 (sd 0.0259 current 0.0632) | val/persist 0.061 | lr 2.90e-03
Epoch  35 | train 0.0337 | val 0.0464 (sd 0.0251 current 0.0677) | val/persist 0.064 | lr 2.90e-03
Epoch  36 | train 0.0332 | val 0.0453 (sd 0.0243 current 0.0663) | val/persist 0.062 | lr 2.90e-03
Epoch  37 | train 0.0328 | val 0.0429 (sd 0.0228 current 0.0630) | val/persist 0.059 | lr 2.90e-03
Epoch  38 | train 0.0319 | val 0.0435 (sd 0.0237 current 0.0633) | val/persist 0.060 | lr 2.90e-03
Epoch  39 | train 0.0311 | val 0.0439 (sd 0.0248 current 0.0630) | val/persist 0.060 | lr 2.90e-03
Epoch  40 | train 0.0312 | val 0.0469 (sd 0.0251 current 0.0688) | val/persist 0.065 | lr 2.90e-03
Epoch  41 | train 0.0315 | val 0.0447 (sd 0.0257 current 0.0637) | val/persist 0.062 | lr 2.90e-03
Epoch  42 | train 0.0298 | val 0.0447 (sd 0.0236 current 0.0657) | val/persist 0.061 | lr 2.90e-03
Epoch  43 | train 0.0296 | val 0.0458 (sd 0.0231 current 0.0684) | val/persist 0.063 | lr 1.45e-03
Epoch  44 | train 0.0250 | val 0.0408 (sd 0.0233 current 0.0583) | val/persist 0.056 | lr 1.45e-03
Epoch  45 | train 0.0239 | val 0.0411 (sd 0.0224 current 0.0598) | val/persist 0.057 | lr 1.45e-03
Epoch  46 | train 0.0235 | val 0.0422 (sd 0.0227 current 0.0617) | val/persist 0.058 | lr 1.45e-03
Epoch  47 | train 0.0233 | val 0.0415 (sd 0.0229 current 0.0602) | val/persist 0.057 | lr 1.45e-03
Epoch  48 | train 0.0231 | val 0.0423 (sd 0.0227 current 0.0618) | val/persist 0.058 | lr 1.45e-03
Epoch  49 | train 0.0226 | val 0.0421 (sd 0.0228 current 0.0615) | val/persist 0.058 | lr 1.45e-03
Epoch  50 | train 0.0225 | val 0.0413 (sd 0.0224 current 0.0602) | val/persist 0.057 | lr 1.45e-03
Epoch  51 | train 0.0223 | val 0.0426 (sd 0.0222 current 0.0629) | val/persist 0.059 | lr 1.45e-03
Epoch  52 | train 0.0220 | val 0.0422 (sd 0.0236 current 0.0608) | val/persist 0.058 | lr 1.45e-03
Epoch  53 | train 0.0212 | val 0.0419 (sd 0.0230 current 0.0607) | val/persist 0.058 | lr 1.45e-03
Epoch  54 | train 0.0210 | val 0.0431 (sd 0.0234 current 0.0628) | val/persist 0.059 | lr 1.45e-03
Epoch  55 | train 0.0207 | val 0.0421 (sd 0.0235 current 0.0607) | val/persist 0.058 | lr 7.25e-04
Epoch  56 | train 0.0187 | val 0.0420 (sd 0.0232 current 0.0608) | val/persist 0.058 | lr 7.25e-04
Epoch  57 | train 0.0182 | val 0.0425 (sd 0.0230 current 0.0619) | val/persist 0.058 | lr 7.25e-04
Epoch  58 | train 0.0179 | val 0.0423 (sd 0.0232 current 0.0615) | val/persist 0.058 | lr 7.25e-04
Epoch  59 | train 0.0176 | val 0.0421 (sd 0.0231 current 0.0611) | val/persist 0.058 | lr 7.25e-04

Training completato. Best val: 0.0408 a epoch 44 (persistenza 0.7267)
[I 2026-10-01 11:18:35,785] Trial 93 finished with value: 0.04077725403544059 and parameters: {'gru_hidden': 128, 'mlp_hidden': 512, 'num_layers': 1, 'dropout': 0.009779293622587129, 'weight_decay': 8.43421072394484e-06, 'lr': 0.002900538593755242, 'batch_size': 256, 'clip_norm': 1.0}. Best is trial 87 with value: 0.0404516324553882.
Split per-trial: 26879 finestre train | 6721 finestre val
Baseline persistenza (val): 0.7267 (sd 0.3393 | current 1.1141)
Epoch   0 | train 0.2558 | val 0.1258 (sd 0.0507 current 0.2010) | val/persist 0.173 | lr 6.88e-04
Epoch   1 | train 0.1000 | val 0.1020 (sd 0.0488 current 0.1551) | val/persist 0.140 | lr 6.88e-04
Epoch   2 | train 0.0870 | val 0.0928 (sd 0.0407 current 0.1448) | val/persist 0.128 | lr 6.88e-04
Epoch   3 | train 0.0799 | val 0.0872 (sd 0.0412 current 0.1333) | val/persist 0.120 | lr 6.88e-04
Epoch   4 | train 0.0727 | val 0.0813 (sd 0.0383 current 0.1242) | val/persist 0.112 | lr 6.88e-04
Epoch   5 | train 0.0692 | val 0.0749 (sd 0.0366 current 0.1131) | val/persist 0.103 | lr 6.88e-04
Epoch   6 | train 0.0662 | val 0.0708 (sd 0.0375 current 0.1040) | val/persist 0.097 | lr 6.88e-04
Epoch   7 | train 0.0634 | val 0.0667 (sd 0.0377 current 0.0957) | val/persist 0.092 | lr 6.88e-04
Epoch   8 | train 0.0600 | val 0.0629 (sd 0.0359 current 0.0900) | val/persist 0.087 | lr 6.88e-04
[I 2026-10-01 11:19:39,469] Trial 96 pruned. 

Best val: 0.04045
  gru_hidden: 128
  mlp_hidden: 512
  num_layers: 1
  dropout: 0.012010246412320867
  weight_decay: 5.877501575612841e-05
  lr: 0.0019056654098003627
  batch_size: 256
  clip_norm: 1.0
Report: /home/gemma/tesi/aquabot/src/net/fm/tuning/tuning_results/best_fm_h20_nores.txt
