Studio: fm_h20_res | device cpu | H=20 | residual=True
Caricamento dataset (p=1)...
Trovati 120 trial.
Dataset grezzo: 120 trial letti. Scaler e finestre costruiti in split_by_trial() (fit solo su train).
/home/gemma/tesi/aquabot/src/net/fm/tuning/tune.py:222: ExperimentalWarning: Argument ``multivariate`` is an experimental feature. The interface can change in the future.
  sampler = optuna.samplers.TPESampler(
/home/gemma/tesi/aquabot/src/net/fm/tuning/tune.py:222: ExperimentalWarning: Argument ``group`` is an experimental feature. The interface can change in the future.
  sampler = optuna.samplers.TPESampler(
/home/gemma/tesi/aquabot/src/net/fm/tuning/tune.py:222: ExperimentalWarning: Argument ``constant_liar`` is an experimental feature. The interface can change in the future.
  sampler = optuna.samplers.TPESampler(
[I 2026-09-30 12:26:54,065] A new study created in RDB with name: fm_h20_res
Primo trial = config attuale di train_fm.py
Normalizzatore caricato da /home/gemma/tesi/aquabot/src/net/scaler/scalers_joint.pkl (nessun refit).
Dataset: 33600 campioni da 120 trial. H=20 P=1 | seq_cmd=(20, 1) seq_sens=(20, 2)
Split per-trial: 26879 finestre train | 6721 finestre val
Baseline persistenza (val): 0.7267 (sd 0.3393 | current 1.1141)
Epoch   0 | train 0.1654 | val 0.1034 (sd 0.0559 current 0.1508) | val/persist 0.142 | lr 1.00e-03
Epoch   1 | train 0.0939 | val 0.0891 (sd 0.0470 current 0.1312) | val/persist 0.123 | lr 1.00e-03
Epoch   2 | train 0.0800 | val 0.0823 (sd 0.0420 current 0.1225) | val/persist 0.113 | lr 1.00e-03
Epoch   3 | train 0.0735 | val 0.0698 (sd 0.0361 current 0.1035) | val/persist 0.096 | lr 1.00e-03
Epoch   4 | train 0.0690 | val 0.0673 (sd 0.0332 current 0.1014) | val/persist 0.093 | lr 1.00e-03
Epoch   5 | train 0.0648 | val 0.0588 (sd 0.0323 current 0.0854) | val/persist 0.081 | lr 1.00e-03
Epoch   6 | train 0.0609 | val 0.0584 (sd 0.0295 current 0.0873) | val/persist 0.080 | lr 1.00e-03
Epoch   7 | train 0.0593 | val 0.0585 (sd 0.0294 current 0.0875) | val/persist 0.080 | lr 1.00e-03
Epoch   8 | train 0.0577 | val 0.0599 (sd 0.0292 current 0.0905) | val/persist 0.082 | lr 1.00e-03
Epoch   9 | train 0.0560 | val 0.0529 (sd 0.0270 current 0.0787) | val/persist 0.073 | lr 1.00e-03
Epoch  10 | train 0.0546 | val 0.0513 (sd 0.0249 current 0.0778) | val/persist 0.071 | lr 1.00e-03
Epoch  11 | train 0.0537 | val 0.0504 (sd 0.0266 current 0.0743) | val/persist 0.069 | lr 1.00e-03
Epoch  12 | train 0.0530 | val 0.0537 (sd 0.0277 current 0.0796) | val/persist 0.074 | lr 1.00e-03
Epoch  13 | train 0.0513 | val 0.0526 (sd 0.0253 current 0.0800) | val/persist 0.072 | lr 1.00e-03
Epoch  14 | train 0.0509 | val 0.0496 (sd 0.0264 current 0.0728) | val/persist 0.068 | lr 1.00e-03
Epoch  15 | train 0.0501 | val 0.0490 (sd 0.0262 current 0.0717) | val/persist 0.067 | lr 1.00e-03
Epoch  16 | train 0.0496 | val 0.0524 (sd 0.0260 current 0.0787) | val/persist 0.072 | lr 1.00e-03
Epoch  17 | train 0.0496 | val 0.0486 (sd 0.0273 current 0.0699) | val/persist 0.067 | lr 1.00e-03
Epoch  18 | train 0.0482 | val 0.0491 (sd 0.0265 current 0.0717) | val/persist 0.068 | lr 1.00e-03
Epoch  19 | train 0.0482 | val 0.0540 (sd 0.0252 current 0.0828) | val/persist 0.074 | lr 1.00e-03
Epoch  20 | train 0.0477 | val 0.0499 (sd 0.0272 current 0.0726) | val/persist 0.069 | lr 1.00e-03
Epoch  21 | train 0.0465 | val 0.0520 (sd 0.0245 current 0.0795) | val/persist 0.072 | lr 1.00e-03
Epoch  22 | train 0.0457 | val 0.0479 (sd 0.0246 current 0.0712) | val/persist 0.066 | lr 1.00e-03
Epoch  23 | train 0.0459 | val 0.0493 (sd 0.0266 current 0.0720) | val/persist 0.068 | lr 1.00e-03
Epoch  24 | train 0.0451 | val 0.0477 (sd 0.0252 current 0.0702) | val/persist 0.066 | lr 1.00e-03
Epoch  25 | train 0.0449 | val 0.0493 (sd 0.0269 current 0.0717) | val/persist 0.068 | lr 1.00e-03
Epoch  26 | train 0.0449 | val 0.0485 (sd 0.0255 current 0.0715) | val/persist 0.067 | lr 1.00e-03
Epoch  27 | train 0.0435 | val 0.0494 (sd 0.0273 current 0.0716) | val/persist 0.068 | lr 1.00e-03
Epoch  28 | train 0.0439 | val 0.0485 (sd 0.0270 current 0.0700) | val/persist 0.067 | lr 1.00e-03
Epoch  29 | train 0.0433 | val 0.0459 (sd 0.0242 current 0.0676) | val/persist 0.063 | lr 1.00e-03
Epoch  30 | train 0.0435 | val 0.0471 (sd 0.0251 current 0.0691) | val/persist 0.065 | lr 1.00e-03
Epoch  31 | train 0.0421 | val 0.0529 (sd 0.0260 current 0.0799) | val/persist 0.073 | lr 1.00e-03
Epoch  32 | train 0.0418 | val 0.0455 (sd 0.0242 current 0.0668) | val/persist 0.063 | lr 1.00e-03
Epoch  33 | train 0.0426 | val 0.0468 (sd 0.0251 current 0.0685) | val/persist 0.064 | lr 1.00e-03
Epoch  34 | train 0.0407 | val 0.0461 (sd 0.0258 current 0.0664) | val/persist 0.063 | lr 1.00e-03
Epoch  35 | train 0.0410 | val 0.0500 (sd 0.0259 current 0.0741) | val/persist 0.069 | lr 1.00e-03
Epoch  36 | train 0.0405 | val 0.0469 (sd 0.0250 current 0.0689) | val/persist 0.065 | lr 1.00e-03
Epoch  37 | train 0.0407 | val 0.0454 (sd 0.0250 current 0.0658) | val/persist 0.062 | lr 1.00e-03
Epoch  38 | train 0.0393 | val 0.0474 (sd 0.0257 current 0.0691) | val/persist 0.065 | lr 1.00e-03
Epoch  39 | train 0.0397 | val 0.0459 (sd 0.0245 current 0.0674) | val/persist 0.063 | lr 1.00e-03
Epoch  40 | train 0.0385 | val 0.0523 (sd 0.0269 current 0.0777) | val/persist 0.072 | lr 1.00e-03
Epoch  41 | train 0.0391 | val 0.0470 (sd 0.0244 current 0.0695) | val/persist 0.065 | lr 1.00e-03
Epoch  42 | train 0.0384 | val 0.0462 (sd 0.0247 current 0.0678) | val/persist 0.064 | lr 1.00e-03
Epoch  43 | train 0.0389 | val 0.0458 (sd 0.0253 current 0.0663) | val/persist 0.063 | lr 1.00e-03
Epoch  44 | train 0.0381 | val 0.0457 (sd 0.0243 current 0.0671) | val/persist 0.063 | lr 1.00e-03
Epoch  45 | train 0.0375 | val 0.0447 (sd 0.0248 current 0.0646) | val/persist 0.062 | lr 1.00e-03
Epoch  46 | train 0.0370 | val 0.0480 (sd 0.0246 current 0.0715) | val/persist 0.066 | lr 1.00e-03
Epoch  47 | train 0.0365 | val 0.0455 (sd 0.0249 current 0.0660) | val/persist 0.063 | lr 1.00e-03
Epoch  48 | train 0.0371 | val 0.0457 (sd 0.0240 current 0.0675) | val/persist 0.063 | lr 1.00e-03
Epoch  49 | train 0.0361 | val 0.0442 (sd 0.0247 current 0.0637) | val/persist 0.061 | lr 1.00e-03
Epoch  50 | train 0.0359 | val 0.0442 (sd 0.0245 current 0.0639) | val/persist 0.061 | lr 1.00e-03
Epoch  51 | train 0.0347 | val 0.0450 (sd 0.0242 current 0.0659) | val/persist 0.062 | lr 1.00e-03
Epoch  52 | train 0.0352 | val 0.0482 (sd 0.0248 current 0.0716) | val/persist 0.066 | lr 1.00e-03
Epoch  53 | train 0.0345 | val 0.0452 (sd 0.0261 current 0.0643) | val/persist 0.062 | lr 1.00e-03
Epoch  54 | train 0.0344 | val 0.0448 (sd 0.0246 current 0.0650) | val/persist 0.062 | lr 1.00e-03
Epoch  55 | train 0.0339 | val 0.0470 (sd 0.0270 current 0.0670) | val/persist 0.065 | lr 1.00e-03
Epoch  56 | train 0.0342 | val 0.0457 (sd 0.0244 current 0.0670) | val/persist 0.063 | lr 1.00e-03
Epoch  57 | train 0.0331 | val 0.0473 (sd 0.0248 current 0.0699) | val/persist 0.065 | lr 1.00e-03
Epoch  58 | train 0.0327 | val 0.0463 (sd 0.0248 current 0.0678) | val/persist 0.064 | lr 1.00e-03
Epoch  59 | train 0.0327 | val 0.0469 (sd 0.0247 current 0.0691) | val/persist 0.065 | lr 1.00e-03

Training completato. Best val: 0.0442 a epoch 50 (persistenza 0.7267)
[I 2026-09-30 12:31:22,905] Trial 0 finished with value: 0.0441556263363687 and parameters: {'gru_hidden': 128, 'mlp_hidden': 256, 'num_layers': 1, 'dropout': 0.1, 'weight_decay': 0.0001, 'lr': 0.001, 'batch_size': 64, 'clip_norm': 1.0}. Best is trial 8 with value: 0.042171901499707315.
Split per-trial: 26879 finestre train | 6721 finestre val
Baseline persistenza (val): 0.7267 (sd 0.3393 | current 1.1141)
Epoch   0 | train 0.1801 | val 0.1193 (sd 0.0624 current 0.1762) | val/persist 0.164 | lr 4.57e-03
Epoch   1 | train 0.1179 | val 0.1167 (sd 0.0584 current 0.1751) | val/persist 0.161 | lr 4.57e-03
Epoch   2 | train 0.1116 | val 0.0923 (sd 0.0559 current 0.1287) | val/persist 0.127 | lr 4.57e-03
Epoch   3 | train 0.1041 | val 0.0939 (sd 0.0525 current 0.1353) | val/persist 0.129 | lr 4.57e-03
Epoch   4 | train 0.0979 | val 0.0910 (sd 0.0374 current 0.1447) | val/persist 0.125 | lr 4.57e-03
Epoch   5 | train 0.0973 | val 0.0901 (sd 0.0382 current 0.1419) | val/persist 0.124 | lr 4.57e-03
Epoch   6 | train 0.0903 | val 0.0811 (sd 0.0358 current 0.1265) | val/persist 0.112 | lr 4.57e-03
Epoch   7 | train 0.0913 | val 0.0738 (sd 0.0368 current 0.1109) | val/persist 0.102 | lr 4.57e-03
Epoch   8 | train 0.0892 | val 0.0749 (sd 0.0344 current 0.1154) | val/persist 0.103 | lr 4.57e-03
Epoch   9 | train 0.0870 | val 0.0699 (sd 0.0357 current 0.1040) | val/persist 0.096 | lr 4.57e-03
Epoch  10 | train 0.0867 | val 0.0775 (sd 0.0356 current 0.1193) | val/persist 0.107 | lr 4.57e-03
Epoch  11 | train 0.0855 | val 0.0657 (sd 0.0337 current 0.0977) | val/persist 0.090 | lr 4.57e-03
Epoch  12 | train 0.0824 | val 0.0778 (sd 0.0411 current 0.1145) | val/persist 0.107 | lr 4.57e-03
Epoch  13 | train 0.0820 | val 0.0769 (sd 0.0373 current 0.1165) | val/persist 0.106 | lr 4.57e-03
Epoch  14 | train 0.0800 | val 0.0707 (sd 0.0386 current 0.1028) | val/persist 0.097 | lr 4.57e-03
Epoch  15 | train 0.0813 | val 0.0684 (sd 0.0340 current 0.1029) | val/persist 0.094 | lr 4.57e-03
Epoch  16 | train 0.0804 | val 0.0727 (sd 0.0362 current 0.1092) | val/persist 0.100 | lr 4.57e-03
Epoch  17 | train 0.0792 | val 0.0674 (sd 0.0361 current 0.0987) | val/persist 0.093 | lr 4.57e-03
Epoch  18 | train 0.0792 | val 0.0627 (sd 0.0341 current 0.0912) | val/persist 0.086 | lr 4.57e-03
Epoch  19 | train 0.0777 | val 0.0800 (sd 0.0354 current 0.1245) | val/persist 0.110 | lr 4.57e-03
Epoch  20 | train 0.0776 | val 0.0736 (sd 0.0375 current 0.1096) | val/persist 0.101 | lr 4.57e-03
Epoch  21 | train 0.0777 | val 0.0613 (sd 0.0372 current 0.0853) | val/persist 0.084 | lr 4.57e-03
Epoch  22 | train 0.0753 | val 0.0698 (sd 0.0362 current 0.1033) | val/persist 0.096 | lr 4.57e-03
Epoch  23 | train 0.0756 | val 0.0678 (sd 0.0322 current 0.1033) | val/persist 0.093 | lr 4.57e-03
Epoch  24 | train 0.0744 | val 0.0670 (sd 0.0325 current 0.1015) | val/persist 0.092 | lr 4.57e-03
Epoch  25 | train 0.0749 | val 0.0690 (sd 0.0387 current 0.0993) | val/persist 0.095 | lr 4.57e-03
Epoch  26 | train 0.0751 | val 0.0679 (sd 0.0337 current 0.1021) | val/persist 0.093 | lr 4.57e-03
Epoch  27 | train 0.0754 | val 0.0672 (sd 0.0326 current 0.1018) | val/persist 0.092 | lr 4.57e-03
Epoch  28 | train 0.0725 | val 0.0687 (sd 0.0369 current 0.1005) | val/persist 0.095 | lr 4.57e-03
Epoch  29 | train 0.0732 | val 0.0630 (sd 0.0320 current 0.0940) | val/persist 0.087 | lr 4.57e-03
Epoch  30 | train 0.0715 | val 0.0617 (sd 0.0314 current 0.0921) | val/persist 0.085 | lr 4.57e-03
Epoch  31 | train 0.0726 | val 0.0617 (sd 0.0321 current 0.0914) | val/persist 0.085 | lr 4.57e-03
Epoch  32 | train 0.0716 | val 0.0664 (sd 0.0344 current 0.0985) | val/persist 0.091 | lr 2.29e-03
Epoch  33 | train 0.0631 | val 0.0544 (sd 0.0303 current 0.0784) | val/persist 0.075 | lr 2.29e-03
[I 2026-09-30 12:33:28,341] Trial 18 pruned. 
Split per-trial: 26879 finestre train | 6721 finestre val
Baseline persistenza (val): 0.7267 (sd 0.3393 | current 1.1141)
Epoch   0 | train 0.5429 | val 0.3622 (sd 0.0903 current 0.6342) | val/persist 0.498 | lr 1.28e-04
Epoch   1 | train 0.2887 | val 0.2075 (sd 0.0794 current 0.3357) | val/persist 0.286 | lr 1.28e-04
Epoch   2 | train 0.1977 | val 0.1533 (sd 0.0727 current 0.2339) | val/persist 0.211 | lr 1.28e-04
Epoch   3 | train 0.1655 | val 0.1379 (sd 0.0717 current 0.2041) | val/persist 0.190 | lr 1.28e-04
Epoch   4 | train 0.1505 | val 0.1238 (sd 0.0696 current 0.1779) | val/persist 0.170 | lr 1.28e-04
Epoch   5 | train 0.1400 | val 0.1182 (sd 0.0685 current 0.1680) | val/persist 0.163 | lr 1.28e-04
Epoch   6 | train 0.1336 | val 0.1141 (sd 0.0667 current 0.1614) | val/persist 0.157 | lr 1.28e-04
Epoch   7 | train 0.1275 | val 0.1105 (sd 0.0646 current 0.1565) | val/persist 0.152 | lr 1.28e-04
Epoch   8 | train 0.1236 | val 0.1075 (sd 0.0640 current 0.1511) | val/persist 0.148 | lr 1.28e-04
[I 2026-09-30 12:33:50,844] Trial 24 pruned. 
Split per-trial: 26879 finestre train | 6721 finestre val
Baseline persistenza (val): 0.7267 (sd 0.3393 | current 1.1141)
Epoch   0 | train 0.2201 | val 0.1273 (sd 0.0724 current 0.1822) | val/persist 0.175 | lr 5.49e-03
Epoch   1 | train 0.1549 | val 0.1348 (sd 0.0830 current 0.1867) | val/persist 0.186 | lr 5.49e-03
Epoch   2 | train 0.1516 | val 0.1242 (sd 0.0688 current 0.1796) | val/persist 0.171 | lr 5.49e-03
Epoch   3 | train 0.1400 | val 0.1147 (sd 0.0675 current 0.1619) | val/persist 0.158 | lr 5.49e-03
Epoch   4 | train 0.1361 | val 0.1023 (sd 0.0652 current 0.1394) | val/persist 0.141 | lr 5.49e-03
Epoch   5 | train 0.1284 | val 0.0969 (sd 0.0586 current 0.1352) | val/persist 0.133 | lr 5.49e-03
Epoch   6 | train 0.1317 | val 0.0956 (sd 0.0524 current 0.1388) | val/persist 0.132 | lr 5.49e-03
Epoch   7 | train 0.1238 | val 0.0941 (sd 0.0539 current 0.1342) | val/persist 0.129 | lr 5.49e-03
Epoch   8 | train 0.1241 | val 0.1131 (sd 0.0724 current 0.1539) | val/persist 0.156 | lr 5.49e-03
[I 2026-09-30 12:34:23,882] Trial 28 pruned. 
Split per-trial: 26879 finestre train | 6721 finestre val
Baseline persistenza (val): 0.7267 (sd 0.3393 | current 1.1141)
Epoch   0 | train 0.2228 | val 0.1144 (sd 0.0604 current 0.1684) | val/persist 0.157 | lr 1.82e-03
Epoch   1 | train 0.1131 | val 0.1045 (sd 0.0578 current 0.1513) | val/persist 0.144 | lr 1.82e-03
Epoch   2 | train 0.1012 | val 0.0964 (sd 0.0533 current 0.1396) | val/persist 0.133 | lr 1.82e-03
Epoch   3 | train 0.0944 | val 0.0881 (sd 0.0502 current 0.1261) | val/persist 0.121 | lr 1.82e-03
Epoch   4 | train 0.0876 | val 0.0789 (sd 0.0452 current 0.1125) | val/persist 0.109 | lr 1.82e-03
Epoch   5 | train 0.0840 | val 0.0792 (sd 0.0415 current 0.1168) | val/persist 0.109 | lr 1.82e-03
Epoch   6 | train 0.0798 | val 0.0717 (sd 0.0382 current 0.1052) | val/persist 0.099 | lr 1.82e-03
Epoch   7 | train 0.0761 | val 0.0679 (sd 0.0369 current 0.0989) | val/persist 0.093 | lr 1.82e-03
Epoch   8 | train 0.0740 | val 0.0656 (sd 0.0351 current 0.0961) | val/persist 0.090 | lr 1.82e-03
Epoch   9 | train 0.0704 | val 0.0649 (sd 0.0353 current 0.0946) | val/persist 0.089 | lr 1.82e-03
Epoch  10 | train 0.0697 | val 0.0612 (sd 0.0325 current 0.0898) | val/persist 0.084 | lr 1.82e-03
Epoch  11 | train 0.0684 | val 0.0597 (sd 0.0309 current 0.0885) | val/persist 0.082 | lr 1.82e-03
Epoch  12 | train 0.0657 | val 0.0577 (sd 0.0310 current 0.0844) | val/persist 0.079 | lr 1.82e-03
Epoch  13 | train 0.0663 | val 0.0634 (sd 0.0326 current 0.0942) | val/persist 0.087 | lr 1.82e-03
Epoch  14 | train 0.0656 | val 0.0635 (sd 0.0312 current 0.0958) | val/persist 0.087 | lr 1.82e-03
Epoch  15 | train 0.0641 | val 0.0569 (sd 0.0298 current 0.0840) | val/persist 0.078 | lr 1.82e-03
Epoch  16 | train 0.0638 | val 0.0585 (sd 0.0286 current 0.0884) | val/persist 0.080 | lr 1.82e-03
Epoch  17 | train 0.0622 | val 0.0546 (sd 0.0284 current 0.0807) | val/persist 0.075 | lr 1.82e-03
Epoch  18 | train 0.0601 | val 0.0531 (sd 0.0294 current 0.0768) | val/persist 0.073 | lr 1.82e-03
Epoch  19 | train 0.0618 | val 0.0554 (sd 0.0286 current 0.0823) | val/persist 0.076 | lr 1.82e-03
Epoch  20 | train 0.0611 | val 0.0520 (sd 0.0289 current 0.0751) | val/persist 0.072 | lr 1.82e-03
Epoch  21 | train 0.0597 | val 0.0537 (sd 0.0284 current 0.0791) | val/persist 0.074 | lr 1.82e-03
Epoch  22 | train 0.0581 | val 0.0553 (sd 0.0311 current 0.0795) | val/persist 0.076 | lr 1.82e-03
Epoch  23 | train 0.0589 | val 0.0528 (sd 0.0272 current 0.0785) | val/persist 0.073 | lr 1.82e-03
Epoch  24 | train 0.0587 | val 0.0512 (sd 0.0270 current 0.0753) | val/persist 0.070 | lr 1.82e-03
Epoch  25 | train 0.0572 | val 0.0504 (sd 0.0263 current 0.0744) | val/persist 0.069 | lr 1.82e-03
Epoch  26 | train 0.0575 | val 0.0500 (sd 0.0262 current 0.0739) | val/persist 0.069 | lr 1.82e-03
Epoch  27 | train 0.0563 | val 0.0494 (sd 0.0258 current 0.0731) | val/persist 0.068 | lr 1.82e-03
Epoch  28 | train 0.0569 | val 0.0520 (sd 0.0292 current 0.0747) | val/persist 0.071 | lr 1.82e-03
Epoch  29 | train 0.0558 | val 0.0505 (sd 0.0266 current 0.0745) | val/persist 0.070 | lr 1.82e-03
Epoch  30 | train 0.0566 | val 0.0506 (sd 0.0270 current 0.0742) | val/persist 0.070 | lr 1.82e-03
Epoch  31 | train 0.0544 | val 0.0481 (sd 0.0262 current 0.0700) | val/persist 0.066 | lr 1.82e-03
Epoch  32 | train 0.0553 | val 0.0503 (sd 0.0260 current 0.0745) | val/persist 0.069 | lr 1.82e-03
Epoch  33 | train 0.0555 | val 0.0536 (sd 0.0275 current 0.0797) | val/persist 0.074 | lr 1.82e-03
Epoch  34 | train 0.0544 | val 0.0519 (sd 0.0257 current 0.0781) | val/persist 0.071 | lr 1.82e-03
Epoch  35 | train 0.0547 | val 0.0499 (sd 0.0259 current 0.0739) | val/persist 0.069 | lr 1.82e-03
Epoch  36 | train 0.0541 | val 0.0512 (sd 0.0262 current 0.0762) | val/persist 0.070 | lr 1.82e-03
Epoch  37 | train 0.0541 | val 0.0478 (sd 0.0265 current 0.0692) | val/persist 0.066 | lr 1.82e-03
Epoch  38 | train 0.0537 | val 0.0515 (sd 0.0280 current 0.0749) | val/persist 0.071 | lr 1.82e-03
Epoch  39 | train 0.0534 | val 0.0487 (sd 0.0286 current 0.0688) | val/persist 0.067 | lr 1.82e-03
Epoch  40 | train 0.0534 | val 0.0509 (sd 0.0283 current 0.0734) | val/persist 0.070 | lr 1.82e-03
Epoch  41 | train 0.0520 | val 0.0473 (sd 0.0251 current 0.0695) | val/persist 0.065 | lr 1.82e-03
Epoch  42 | train 0.0526 | val 0.0470 (sd 0.0258 current 0.0683) | val/persist 0.065 | lr 1.82e-03
Epoch  43 | train 0.0526 | val 0.0496 (sd 0.0274 current 0.0718) | val/persist 0.068 | lr 1.82e-03
Epoch  44 | train 0.0523 | val 0.0473 (sd 0.0261 current 0.0685) | val/persist 0.065 | lr 1.82e-03
Epoch  45 | train 0.0524 | val 0.0470 (sd 0.0257 current 0.0684) | val/persist 0.065 | lr 1.82e-03
Epoch  46 | train 0.0514 | val 0.0474 (sd 0.0256 current 0.0693) | val/persist 0.065 | lr 1.82e-03
Epoch  47 | train 0.0509 | val 0.0475 (sd 0.0270 current 0.0680) | val/persist 0.065 | lr 1.82e-03
Epoch  48 | train 0.0510 | val 0.0496 (sd 0.0280 current 0.0711) | val/persist 0.068 | lr 1.82e-03
Epoch  49 | train 0.0520 | val 0.0472 (sd 0.0258 current 0.0686) | val/persist 0.065 | lr 1.82e-03
Epoch  50 | train 0.0502 | val 0.0470 (sd 0.0277 current 0.0662) | val/persist 0.065 | lr 1.82e-03
Epoch  51 | train 0.0508 | val 0.0482 (sd 0.0262 current 0.0701) | val/persist 0.066 | lr 1.82e-03
Epoch  52 | train 0.0516 | val 0.0469 (sd 0.0266 current 0.0673) | val/persist 0.065 | lr 1.82e-03
Epoch  53 | train 0.0508 | val 0.0490 (sd 0.0269 current 0.0712) | val/persist 0.067 | lr 1.82e-03
Epoch  54 | train 0.0506 | val 0.0506 (sd 0.0278 current 0.0734) | val/persist 0.070 | lr 1.82e-03
Epoch  55 | train 0.0498 | val 0.0474 (sd 0.0261 current 0.0688) | val/persist 0.065 | lr 1.82e-03
Epoch  56 | train 0.0501 | val 0.0533 (sd 0.0324 current 0.0741) | val/persist 0.073 | lr 1.82e-03
Epoch  57 | train 0.0502 | val 0.0481 (sd 0.0249 current 0.0714) | val/persist 0.066 | lr 1.82e-03
Epoch  58 | train 0.0505 | val 0.0479 (sd 0.0262 current 0.0696) | val/persist 0.066 | lr 1.82e-03
Epoch  59 | train 0.0486 | val 0.0461 (sd 0.0251 current 0.0672) | val/persist 0.063 | lr 1.82e-03

Training completato. Best val: 0.0461 a epoch 59 (persistenza 0.7267)
[I 2026-09-30 12:35:47,054] Trial 33 finished with value: 0.04614333213572877 and parameters: {'gru_hidden': 64, 'mlp_hidden': 256, 'num_layers': 1, 'dropout': 0.2416371563233266, 'weight_decay': 3.126982286553857e-05, 'lr': 0.0018213329079546656, 'batch_size': 256, 'clip_norm': 1.0}. Best is trial 8 with value: 0.042171901499707315.
Split per-trial: 26879 finestre train | 6721 finestre val
Baseline persistenza (val): 0.7267 (sd 0.3393 | current 1.1141)
Epoch   0 | train 0.3248 | val 0.1766 (sd 0.0668 current 0.2865) | val/persist 0.243 | lr 2.98e-04
Epoch   1 | train 0.1342 | val 0.1230 (sd 0.0583 current 0.1876) | val/persist 0.169 | lr 2.98e-04
Epoch   2 | train 0.1085 | val 0.1125 (sd 0.0547 current 0.1703) | val/persist 0.155 | lr 2.98e-04
Epoch   3 | train 0.0971 | val 0.0989 (sd 0.0516 current 0.1463) | val/persist 0.136 | lr 2.98e-04
Epoch   4 | train 0.0901 | val 0.0937 (sd 0.0501 current 0.1374) | val/persist 0.129 | lr 2.98e-04
Epoch   5 | train 0.0869 | val 0.0903 (sd 0.0487 current 0.1319) | val/persist 0.124 | lr 2.98e-04
Epoch   6 | train 0.0829 | val 0.0895 (sd 0.0482 current 0.1308) | val/persist 0.123 | lr 2.98e-04
Epoch   7 | train 0.0803 | val 0.0856 (sd 0.0472 current 0.1240) | val/persist 0.118 | lr 2.98e-04
Epoch   8 | train 0.0779 | val 0.0841 (sd 0.0459 current 0.1222) | val/persist 0.116 | lr 2.98e-04
[I 2026-09-30 12:36:00,101] Trial 39 pruned. 
Split per-trial: 26879 finestre train | 6721 finestre val
Baseline persistenza (val): 0.7267 (sd 0.3393 | current 1.1141)
Epoch   0 | train 0.1447 | val 0.0965 (sd 0.0564 current 0.1365) | val/persist 0.133 | lr 2.00e-03
Epoch   1 | train 0.0952 | val 0.0930 (sd 0.0530 current 0.1331) | val/persist 0.128 | lr 2.00e-03
Epoch   2 | train 0.0857 | val 0.0869 (sd 0.0460 current 0.1278) | val/persist 0.120 | lr 2.00e-03
Epoch   3 | train 0.0795 | val 0.0795 (sd 0.0428 current 0.1163) | val/persist 0.109 | lr 2.00e-03
Epoch   4 | train 0.0748 | val 0.0694 (sd 0.0356 current 0.1031) | val/persist 0.095 | lr 2.00e-03
Epoch   5 | train 0.0716 | val 0.0683 (sd 0.0323 current 0.1043) | val/persist 0.094 | lr 2.00e-03
Epoch   6 | train 0.0718 | val 0.0602 (sd 0.0317 current 0.0887) | val/persist 0.083 | lr 2.00e-03
Epoch   7 | train 0.0672 | val 0.0664 (sd 0.0325 current 0.1002) | val/persist 0.091 | lr 2.00e-03
Epoch   8 | train 0.0651 | val 0.0693 (sd 0.0336 current 0.1050) | val/persist 0.095 | lr 2.00e-03
Epoch   9 | train 0.0639 | val 0.0619 (sd 0.0287 current 0.0950) | val/persist 0.085 | lr 2.00e-03
Epoch  10 | train 0.0641 | val 0.0637 (sd 0.0346 current 0.0927) | val/persist 0.088 | lr 2.00e-03
Epoch  11 | train 0.0642 | val 0.0650 (sd 0.0286 current 0.1013) | val/persist 0.089 | lr 2.00e-03
Epoch  12 | train 0.0608 | val 0.0546 (sd 0.0276 current 0.0816) | val/persist 0.075 | lr 2.00e-03
Epoch  13 | train 0.0612 | val 0.0650 (sd 0.0336 current 0.0965) | val/persist 0.089 | lr 2.00e-03
Epoch  14 | train 0.0604 | val 0.0698 (sd 0.0311 current 0.1086) | val/persist 0.096 | lr 2.00e-03
Epoch  15 | train 0.0608 | val 0.0594 (sd 0.0282 current 0.0907) | val/persist 0.082 | lr 2.00e-03
Epoch  16 | train 0.0588 | val 0.0590 (sd 0.0286 current 0.0894) | val/persist 0.081 | lr 2.00e-03
Epoch  17 | train 0.0580 | val 0.0528 (sd 0.0269 current 0.0788) | val/persist 0.073 | lr 2.00e-03
Epoch  18 | train 0.0572 | val 0.0565 (sd 0.0296 current 0.0835) | val/persist 0.078 | lr 2.00e-03
Epoch  19 | train 0.0579 | val 0.0535 (sd 0.0275 current 0.0796) | val/persist 0.074 | lr 2.00e-03
Epoch  20 | train 0.0563 | val 0.0589 (sd 0.0300 current 0.0878) | val/persist 0.081 | lr 2.00e-03
Epoch  21 | train 0.0567 | val 0.0583 (sd 0.0273 current 0.0893) | val/persist 0.080 | lr 2.00e-03
Epoch  22 | train 0.0561 | val 0.0530 (sd 0.0272 current 0.0788) | val/persist 0.073 | lr 2.00e-03
Epoch  23 | train 0.0559 | val 0.0555 (sd 0.0261 current 0.0849) | val/persist 0.076 | lr 2.00e-03
Epoch  24 | train 0.0561 | val 0.0552 (sd 0.0289 current 0.0814) | val/persist 0.076 | lr 2.00e-03
Epoch  25 | train 0.0548 | val 0.0556 (sd 0.0289 current 0.0822) | val/persist 0.076 | lr 2.00e-03
Epoch  26 | train 0.0548 | val 0.0568 (sd 0.0308 current 0.0828) | val/persist 0.078 | lr 2.00e-03
Epoch  27 | train 0.0544 | val 0.0527 (sd 0.0286 current 0.0767) | val/persist 0.072 | lr 2.00e-03
Epoch  28 | train 0.0538 | val 0.0523 (sd 0.0264 current 0.0783) | val/persist 0.072 | lr 2.00e-03
Epoch  29 | train 0.0541 | val 0.0575 (sd 0.0282 current 0.0868) | val/persist 0.079 | lr 2.00e-03
[I 2026-09-30 12:37:14,441] Trial 40 pruned. 
Split per-trial: 26879 finestre train | 6721 finestre val
Baseline persistenza (val): 0.7267 (sd 0.3393 | current 1.1141)
Epoch   0 | train 0.2758 | val 0.1408 (sd 0.0635 current 0.2181) | val/persist 0.194 | lr 5.71e-04
Epoch   1 | train 0.1236 | val 0.1108 (sd 0.0555 current 0.1662) | val/persist 0.153 | lr 5.71e-04
Epoch   2 | train 0.1051 | val 0.0995 (sd 0.0527 current 0.1462) | val/persist 0.137 | lr 5.71e-04
Epoch   3 | train 0.0945 | val 0.0922 (sd 0.0513 current 0.1332) | val/persist 0.127 | lr 5.71e-04
Epoch   4 | train 0.0895 | val 0.0885 (sd 0.0498 current 0.1271) | val/persist 0.122 | lr 5.71e-04
Epoch   5 | train 0.0849 | val 0.0845 (sd 0.0490 current 0.1201) | val/persist 0.116 | lr 5.71e-04
Epoch   6 | train 0.0800 | val 0.0827 (sd 0.0472 current 0.1182) | val/persist 0.114 | lr 5.71e-04
Epoch   7 | train 0.0777 | val 0.0808 (sd 0.0450 current 0.1166) | val/persist 0.111 | lr 5.71e-04
Epoch   8 | train 0.0756 | val 0.0762 (sd 0.0436 current 0.1088) | val/persist 0.105 | lr 5.71e-04
[I 2026-09-30 12:37:28,551] Trial 44 pruned. 
Split per-trial: 26879 finestre train | 6721 finestre val
Baseline persistenza (val): 0.7267 (sd 0.3393 | current 1.1141)
Epoch   0 | train 0.2273 | val 0.1219 (sd 0.0640 current 0.1797) | val/persist 0.168 | lr 3.54e-04
Epoch   1 | train 0.1100 | val 0.1018 (sd 0.0576 current 0.1459) | val/persist 0.140 | lr 3.54e-04
Epoch   2 | train 0.0973 | val 0.0963 (sd 0.0519 current 0.1407) | val/persist 0.133 | lr 3.54e-04
Epoch   3 | train 0.0901 | val 0.0864 (sd 0.0490 current 0.1238) | val/persist 0.119 | lr 3.54e-04
Epoch   4 | train 0.0834 | val 0.0876 (sd 0.0478 current 0.1275) | val/persist 0.121 | lr 3.54e-04
Epoch   5 | train 0.0787 | val 0.0769 (sd 0.0421 current 0.1118) | val/persist 0.106 | lr 3.54e-04
Epoch   6 | train 0.0751 | val 0.0786 (sd 0.0404 current 0.1168) | val/persist 0.108 | lr 3.54e-04
Epoch   7 | train 0.0705 | val 0.0701 (sd 0.0374 current 0.1028) | val/persist 0.096 | lr 3.54e-04
Epoch   8 | train 0.0693 | val 0.0675 (sd 0.0358 current 0.0993) | val/persist 0.093 | lr 3.54e-04
Epoch   9 | train 0.0660 | val 0.0633 (sd 0.0359 current 0.0907) | val/persist 0.087 | lr 3.54e-04
Epoch  10 | train 0.0643 | val 0.0612 (sd 0.0322 current 0.0902) | val/persist 0.084 | lr 3.54e-04
Epoch  11 | train 0.0609 | val 0.0577 (sd 0.0307 current 0.0847) | val/persist 0.079 | lr 3.54e-04
Epoch  12 | train 0.0599 | val 0.0591 (sd 0.0297 current 0.0885) | val/persist 0.081 | lr 3.54e-04
Epoch  13 | train 0.0573 | val 0.0570 (sd 0.0288 current 0.0852) | val/persist 0.078 | lr 3.54e-04
Epoch  14 | train 0.0581 | val 0.0583 (sd 0.0289 current 0.0878) | val/persist 0.080 | lr 3.54e-04
Epoch  15 | train 0.0557 | val 0.0537 (sd 0.0294 current 0.0780) | val/persist 0.074 | lr 3.54e-04
Epoch  16 | train 0.0555 | val 0.0568 (sd 0.0266 current 0.0869) | val/persist 0.078 | lr 3.54e-04
Epoch  17 | train 0.0541 | val 0.0511 (sd 0.0272 current 0.0750) | val/persist 0.070 | lr 3.54e-04
Epoch  18 | train 0.0532 | val 0.0510 (sd 0.0270 current 0.0750) | val/persist 0.070 | lr 3.54e-04
Epoch  19 | train 0.0531 | val 0.0507 (sd 0.0259 current 0.0754) | val/persist 0.070 | lr 3.54e-04
Epoch  20 | train 0.0528 | val 0.0507 (sd 0.0256 current 0.0758) | val/persist 0.070 | lr 3.54e-04
Epoch  21 | train 0.0512 | val 0.0504 (sd 0.0262 current 0.0745) | val/persist 0.069 | lr 3.54e-04
Epoch  22 | train 0.0509 | val 0.0512 (sd 0.0287 current 0.0737) | val/persist 0.070 | lr 3.54e-04
Epoch  23 | train 0.0500 | val 0.0487 (sd 0.0254 current 0.0721) | val/persist 0.067 | lr 3.54e-04
Epoch  24 | train 0.0496 | val 0.0510 (sd 0.0255 current 0.0766) | val/persist 0.070 | lr 3.54e-04
Epoch  25 | train 0.0493 | val 0.0478 (sd 0.0267 current 0.0690) | val/persist 0.066 | lr 3.54e-04
Epoch  26 | train 0.0491 | val 0.0510 (sd 0.0270 current 0.0750) | val/persist 0.070 | lr 3.54e-04
Epoch  27 | train 0.0480 | val 0.0481 (sd 0.0256 current 0.0706) | val/persist 0.066 | lr 3.54e-04
Epoch  28 | train 0.0472 | val 0.0477 (sd 0.0252 current 0.0701) | val/persist 0.066 | lr 3.54e-04
Epoch  29 | train 0.0476 | val 0.0477 (sd 0.0274 current 0.0679) | val/persist 0.066 | lr 3.54e-04
Epoch  30 | train 0.0483 | val 0.0471 (sd 0.0247 current 0.0696) | val/persist 0.065 | lr 3.54e-04
Epoch  31 | train 0.0472 | val 0.0458 (sd 0.0245 current 0.0672) | val/persist 0.063 | lr 3.54e-04
Epoch  32 | train 0.0460 | val 0.0450 (sd 0.0238 current 0.0661) | val/persist 0.062 | lr 3.54e-04
Epoch  33 | train 0.0458 | val 0.0525 (sd 0.0254 current 0.0796) | val/persist 0.072 | lr 3.54e-04
Epoch  34 | train 0.0467 | val 0.0484 (sd 0.0258 current 0.0709) | val/persist 0.067 | lr 3.54e-04
Epoch  35 | train 0.0460 | val 0.0460 (sd 0.0250 current 0.0669) | val/persist 0.063 | lr 3.54e-04
Epoch  36 | train 0.0452 | val 0.0470 (sd 0.0247 current 0.0694) | val/persist 0.065 | lr 3.54e-04
Epoch  37 | train 0.0460 | val 0.0446 (sd 0.0237 current 0.0655) | val/persist 0.061 | lr 3.54e-04
Epoch  38 | train 0.0451 | val 0.0460 (sd 0.0251 current 0.0669) | val/persist 0.063 | lr 3.54e-04
Epoch  39 | train 0.0451 | val 0.0463 (sd 0.0242 current 0.0683) | val/persist 0.064 | lr 3.54e-04
Epoch  40 | train 0.0444 | val 0.0447 (sd 0.0238 current 0.0657) | val/persist 0.062 | lr 3.54e-04
Epoch  41 | train 0.0440 | val 0.0470 (sd 0.0270 current 0.0671) | val/persist 0.065 | lr 3.54e-04
Epoch  42 | train 0.0444 | val 0.0456 (sd 0.0236 current 0.0677) | val/persist 0.063 | lr 3.54e-04
Epoch  43 | train 0.0442 | val 0.0448 (sd 0.0252 current 0.0644) | val/persist 0.062 | lr 3.54e-04
Epoch  44 | train 0.0430 | val 0.0475 (sd 0.0257 current 0.0693) | val/persist 0.065 | lr 3.54e-04
Epoch  45 | train 0.0428 | val 0.0448 (sd 0.0246 current 0.0651) | val/persist 0.062 | lr 3.54e-04
Epoch  46 | train 0.0433 | val 0.0441 (sd 0.0246 current 0.0636) | val/persist 0.061 | lr 3.54e-04
Epoch  47 | train 0.0434 | val 0.0454 (sd 0.0246 current 0.0662) | val/persist 0.062 | lr 3.54e-04
Epoch  48 | train 0.0430 | val 0.0480 (sd 0.0241 current 0.0720) | val/persist 0.066 | lr 3.54e-04
Epoch  49 | train 0.0429 | val 0.0456 (sd 0.0244 current 0.0668) | val/persist 0.063 | lr 3.54e-04
Epoch  50 | train 0.0424 | val 0.0455 (sd 0.0239 current 0.0671) | val/persist 0.063 | lr 3.54e-04
Epoch  51 | train 0.0418 | val 0.0436 (sd 0.0233 current 0.0639) | val/persist 0.060 | lr 3.54e-04
Epoch  52 | train 0.0411 | val 0.0442 (sd 0.0241 current 0.0643) | val/persist 0.061 | lr 3.54e-04
Epoch  53 | train 0.0418 | val 0.0465 (sd 0.0244 current 0.0686) | val/persist 0.064 | lr 3.54e-04
Epoch  54 | train 0.0412 | val 0.0466 (sd 0.0243 current 0.0689) | val/persist 0.064 | lr 3.54e-04
Epoch  55 | train 0.0415 | val 0.0488 (sd 0.0235 current 0.0741) | val/persist 0.067 | lr 3.54e-04
Epoch  56 | train 0.0413 | val 0.0442 (sd 0.0241 current 0.0643) | val/persist 0.061 | lr 3.54e-04
Epoch  57 | train 0.0406 | val 0.0439 (sd 0.0248 current 0.0630) | val/persist 0.060 | lr 3.54e-04
Epoch  58 | train 0.0413 | val 0.0428 (sd 0.0234 current 0.0622) | val/persist 0.059 | lr 3.54e-04
Epoch  59 | train 0.0410 | val 0.0457 (sd 0.0238 current 0.0676) | val/persist 0.063 | lr 3.54e-04

Training completato. Best val: 0.0428 a epoch 58 (persistenza 0.7267)
[I 2026-09-30 12:43:19,878] Trial 46 finished with value: 0.04283364967848641 and parameters: {'gru_hidden': 256, 'mlp_hidden': 512, 'num_layers': 1, 'dropout': 0.20049156677168598, 'weight_decay': 0.0007192098102948378, 'lr': 0.0003536093127992205, 'batch_size': 128, 'clip_norm': 5.0}. Best is trial 56 with value: 0.04039788358561997.
Split per-trial: 26879 finestre train | 6721 finestre val
Baseline persistenza (val): 0.7267 (sd 0.3393 | current 1.1141)
Epoch   0 | train 0.2034 | val 0.1172 (sd 0.0593 current 0.1750) | val/persist 0.161 | lr 5.56e-04
Epoch   1 | train 0.1072 | val 0.0989 (sd 0.0562 current 0.1416) | val/persist 0.136 | lr 5.56e-04
Epoch   2 | train 0.0958 | val 0.0934 (sd 0.0522 current 0.1347) | val/persist 0.129 | lr 5.56e-04
Epoch   3 | train 0.0880 | val 0.0831 (sd 0.0487 current 0.1175) | val/persist 0.114 | lr 5.56e-04
Epoch   4 | train 0.0817 | val 0.0841 (sd 0.0491 current 0.1190) | val/persist 0.116 | lr 5.56e-04
Epoch   5 | train 0.0796 | val 0.0770 (sd 0.0444 current 0.1095) | val/persist 0.106 | lr 5.56e-04
Epoch   6 | train 0.0742 | val 0.0774 (sd 0.0439 current 0.1109) | val/persist 0.106 | lr 5.56e-04
Epoch   7 | train 0.0725 | val 0.0691 (sd 0.0389 current 0.0993) | val/persist 0.095 | lr 5.56e-04
Epoch   8 | train 0.0698 | val 0.0682 (sd 0.0367 current 0.0996) | val/persist 0.094 | lr 5.56e-04
[I 2026-09-30 12:43:47,680] Trial 65 pruned. 
Split per-trial: 26879 finestre train | 6721 finestre val
Baseline persistenza (val): 0.7267 (sd 0.3393 | current 1.1141)
Epoch   0 | train 0.4738 | val 0.2737 (sd 0.0856 current 0.4617) | val/persist 0.377 | lr 3.45e-04
Epoch   1 | train 0.1866 | val 0.1434 (sd 0.0726 current 0.2143) | val/persist 0.197 | lr 3.45e-04
Epoch   2 | train 0.1287 | val 0.1207 (sd 0.0656 current 0.1758) | val/persist 0.166 | lr 3.45e-04
Epoch   3 | train 0.1129 | val 0.1092 (sd 0.0605 current 0.1579) | val/persist 0.150 | lr 3.45e-04
Epoch   4 | train 0.1046 | val 0.1046 (sd 0.0585 current 0.1507) | val/persist 0.144 | lr 3.45e-04
Epoch   5 | train 0.0982 | val 0.0982 (sd 0.0567 current 0.1397) | val/persist 0.135 | lr 3.45e-04
Epoch   6 | train 0.0965 | val 0.0961 (sd 0.0561 current 0.1361) | val/persist 0.132 | lr 3.45e-04
Epoch   7 | train 0.0910 | val 0.0930 (sd 0.0544 current 0.1316) | val/persist 0.128 | lr 3.45e-04
Epoch   8 | train 0.0886 | val 0.0918 (sd 0.0525 current 0.1310) | val/persist 0.126 | lr 3.45e-04
[I 2026-09-30 12:44:18,777] Trial 69 pruned. 
Split per-trial: 26879 finestre train | 6721 finestre val
Baseline persistenza (val): 0.7267 (sd 0.3393 | current 1.1141)
Epoch   0 | train 0.3262 | val 0.1461 (sd 0.0770 current 0.2153) | val/persist 0.201 | lr 3.22e-04
Epoch   1 | train 0.1290 | val 0.1177 (sd 0.0684 current 0.1670) | val/persist 0.162 | lr 3.22e-04
Epoch   2 | train 0.1117 | val 0.1065 (sd 0.0623 current 0.1507) | val/persist 0.147 | lr 3.22e-04
Epoch   3 | train 0.1025 | val 0.0994 (sd 0.0587 current 0.1401) | val/persist 0.137 | lr 3.22e-04
Epoch   4 | train 0.0952 | val 0.0922 (sd 0.0554 current 0.1290) | val/persist 0.127 | lr 3.22e-04
Epoch   5 | train 0.0900 | val 0.0866 (sd 0.0522 current 0.1211) | val/persist 0.119 | lr 3.22e-04
Epoch   6 | train 0.0852 | val 0.0820 (sd 0.0478 current 0.1162) | val/persist 0.113 | lr 3.22e-04
Epoch   7 | train 0.0815 | val 0.0817 (sd 0.0458 current 0.1176) | val/persist 0.112 | lr 3.22e-04
Epoch   8 | train 0.0783 | val 0.0768 (sd 0.0442 current 0.1094) | val/persist 0.106 | lr 3.22e-04
[I 2026-09-30 12:44:53,992] Trial 72 pruned. 
Split per-trial: 26879 finestre train | 6721 finestre val
Baseline persistenza (val): 0.7267 (sd 0.3393 | current 1.1141)
Epoch   0 | train 0.2240 | val 0.1201 (sd 0.0676 current 0.1726) | val/persist 0.165 | lr 1.37e-03
Epoch   1 | train 0.0944 | val 0.0942 (sd 0.0522 current 0.1361) | val/persist 0.130 | lr 1.37e-03
Epoch   2 | train 0.0829 | val 0.0867 (sd 0.0478 current 0.1255) | val/persist 0.119 | lr 1.37e-03
Epoch   3 | train 0.0750 | val 0.0804 (sd 0.0431 current 0.1177) | val/persist 0.111 | lr 1.37e-03
Epoch   4 | train 0.0705 | val 0.0750 (sd 0.0407 current 0.1094) | val/persist 0.103 | lr 1.37e-03
Epoch   5 | train 0.0657 | val 0.0731 (sd 0.0397 current 0.1066) | val/persist 0.101 | lr 1.37e-03
Epoch   6 | train 0.0643 | val 0.0679 (sd 0.0385 current 0.0973) | val/persist 0.093 | lr 1.37e-03
Epoch   7 | train 0.0609 | val 0.0641 (sd 0.0346 current 0.0937) | val/persist 0.088 | lr 1.37e-03
Epoch   8 | train 0.0562 | val 0.0584 (sd 0.0327 current 0.0841) | val/persist 0.080 | lr 1.37e-03
Epoch   9 | train 0.0546 | val 0.0579 (sd 0.0305 current 0.0853) | val/persist 0.080 | lr 1.37e-03
Epoch  10 | train 0.0529 | val 0.0565 (sd 0.0282 current 0.0848) | val/persist 0.078 | lr 1.37e-03
Epoch  11 | train 0.0512 | val 0.0573 (sd 0.0275 current 0.0872) | val/persist 0.079 | lr 1.37e-03
Epoch  12 | train 0.0507 | val 0.0542 (sd 0.0277 current 0.0808) | val/persist 0.075 | lr 1.37e-03
Epoch  13 | train 0.0494 | val 0.0510 (sd 0.0273 current 0.0746) | val/persist 0.070 | lr 1.37e-03
Epoch  14 | train 0.0473 | val 0.0513 (sd 0.0277 current 0.0749) | val/persist 0.071 | lr 1.37e-03
Epoch  15 | train 0.0468 | val 0.0529 (sd 0.0263 current 0.0795) | val/persist 0.073 | lr 1.37e-03
Epoch  16 | train 0.0455 | val 0.0498 (sd 0.0261 current 0.0734) | val/persist 0.068 | lr 1.37e-03
Epoch  17 | train 0.0454 | val 0.0468 (sd 0.0260 current 0.0675) | val/persist 0.064 | lr 1.37e-03
Epoch  18 | train 0.0448 | val 0.0515 (sd 0.0258 current 0.0771) | val/persist 0.071 | lr 1.37e-03
Epoch  19 | train 0.0432 | val 0.0482 (sd 0.0249 current 0.0715) | val/persist 0.066 | lr 1.37e-03
Epoch  20 | train 0.0426 | val 0.0466 (sd 0.0246 current 0.0685) | val/persist 0.064 | lr 1.37e-03
Epoch  21 | train 0.0430 | val 0.0474 (sd 0.0260 current 0.0688) | val/persist 0.065 | lr 1.37e-03
Epoch  22 | train 0.0422 | val 0.0473 (sd 0.0249 current 0.0697) | val/persist 0.065 | lr 1.37e-03
Epoch  23 | train 0.0426 | val 0.0477 (sd 0.0243 current 0.0711) | val/persist 0.066 | lr 1.37e-03
Epoch  24 | train 0.0413 | val 0.0453 (sd 0.0241 current 0.0665) | val/persist 0.062 | lr 1.37e-03
Epoch  25 | train 0.0406 | val 0.0461 (sd 0.0246 current 0.0676) | val/persist 0.063 | lr 1.37e-03
Epoch  26 | train 0.0407 | val 0.0472 (sd 0.0248 current 0.0696) | val/persist 0.065 | lr 1.37e-03
Epoch  27 | train 0.0414 | val 0.0459 (sd 0.0248 current 0.0671) | val/persist 0.063 | lr 1.37e-03
Epoch  28 | train 0.0405 | val 0.0449 (sd 0.0241 current 0.0657) | val/persist 0.062 | lr 1.37e-03
Epoch  29 | train 0.0395 | val 0.0457 (sd 0.0237 current 0.0678) | val/persist 0.063 | lr 1.37e-03
Epoch  30 | train 0.0386 | val 0.0459 (sd 0.0238 current 0.0679) | val/persist 0.063 | lr 1.37e-03
Epoch  31 | train 0.0387 | val 0.0464 (sd 0.0240 current 0.0687) | val/persist 0.064 | lr 1.37e-03
Epoch  32 | train 0.0398 | val 0.0461 (sd 0.0235 current 0.0687) | val/persist 0.063 | lr 1.37e-03
Epoch  33 | train 0.0387 | val 0.0499 (sd 0.0242 current 0.0756) | val/persist 0.069 | lr 1.37e-03
Epoch  34 | train 0.0382 | val 0.0459 (sd 0.0242 current 0.0677) | val/persist 0.063 | lr 1.37e-03
Epoch  35 | train 0.0383 | val 0.0439 (sd 0.0234 current 0.0645) | val/persist 0.060 | lr 1.37e-03
Epoch  36 | train 0.0367 | val 0.0439 (sd 0.0230 current 0.0648) | val/persist 0.060 | lr 1.37e-03
Epoch  37 | train 0.0377 | val 0.0442 (sd 0.0251 current 0.0634) | val/persist 0.061 | lr 1.37e-03
Epoch  38 | train 0.0365 | val 0.0460 (sd 0.0245 current 0.0674) | val/persist 0.063 | lr 1.37e-03
Epoch  39 | train 0.0372 | val 0.0487 (sd 0.0239 current 0.0735) | val/persist 0.067 | lr 1.37e-03
Epoch  40 | train 0.0379 | val 0.0468 (sd 0.0250 current 0.0686) | val/persist 0.064 | lr 1.37e-03
Epoch  41 | train 0.0357 | val 0.0446 (sd 0.0232 current 0.0660) | val/persist 0.061 | lr 1.37e-03
Epoch  42 | train 0.0359 | val 0.0456 (sd 0.0237 current 0.0674) | val/persist 0.063 | lr 1.37e-03
Epoch  43 | train 0.0357 | val 0.0447 (sd 0.0237 current 0.0657) | val/persist 0.062 | lr 1.37e-03
Epoch  44 | train 0.0361 | val 0.0443 (sd 0.0238 current 0.0648) | val/persist 0.061 | lr 1.37e-03
Epoch  45 | train 0.0350 | val 0.0434 (sd 0.0246 current 0.0621) | val/persist 0.060 | lr 1.37e-03
Epoch  46 | train 0.0348 | val 0.0472 (sd 0.0238 current 0.0706) | val/persist 0.065 | lr 1.37e-03
Epoch  47 | train 0.0350 | val 0.0453 (sd 0.0243 current 0.0663) | val/persist 0.062 | lr 1.37e-03
Epoch  48 | train 0.0340 | val 0.0434 (sd 0.0236 current 0.0631) | val/persist 0.060 | lr 1.37e-03
Epoch  49 | train 0.0335 | val 0.0441 (sd 0.0235 current 0.0647) | val/persist 0.061 | lr 1.37e-03
Epoch  50 | train 0.0340 | val 0.0436 (sd 0.0240 current 0.0631) | val/persist 0.060 | lr 1.37e-03
Epoch  51 | train 0.0334 | val 0.0435 (sd 0.0233 current 0.0636) | val/persist 0.060 | lr 1.37e-03
Epoch  52 | train 0.0327 | val 0.0440 (sd 0.0243 current 0.0638) | val/persist 0.061 | lr 1.37e-03
Epoch  53 | train 0.0331 | val 0.0440 (sd 0.0237 current 0.0643) | val/persist 0.061 | lr 1.37e-03
Epoch  54 | train 0.0326 | val 0.0438 (sd 0.0240 current 0.0636) | val/persist 0.060 | lr 1.37e-03
Epoch  55 | train 0.0328 | val 0.0428 (sd 0.0235 current 0.0621) | val/persist 0.059 | lr 1.37e-03
Epoch  56 | train 0.0329 | val 0.0434 (sd 0.0239 current 0.0629) | val/persist 0.060 | lr 1.37e-03
Epoch  57 | train 0.0328 | val 0.0448 (sd 0.0247 current 0.0648) | val/persist 0.062 | lr 1.37e-03
Epoch  58 | train 0.0310 | val 0.0424 (sd 0.0231 current 0.0617) | val/persist 0.058 | lr 1.37e-03
Epoch  59 | train 0.0318 | val 0.0442 (sd 0.0231 current 0.0652) | val/persist 0.061 | lr 1.37e-03

Training completato. Best val: 0.0424 a epoch 58 (persistenza 0.7267)
[I 2026-09-30 12:47:52,079] Trial 76 finished with value: 0.0423931603168487 and parameters: {'gru_hidden': 128, 'mlp_hidden': 256, 'num_layers': 1, 'dropout': 0.02181246622627451, 'weight_decay': 0.00010721630509371902, 'lr': 0.001365467550538281, 'batch_size': 256, 'clip_norm': 1.0}. Best is trial 56 with value: 0.04039788358561997.

Best val: 0.04040
  gru_hidden: 128
  mlp_hidden: 512
  num_layers: 1
  dropout: 0.02717407426061276
  weight_decay: 3.613865096554232e-05
  lr: 0.0005764488654424762
  batch_size: 128
  clip_norm: 5.0
Report: /home/gemma/tesi/aquabot/src/net/fm/tuning/tuning_results/best_fm_h20_res.txt
