Studio: fm_h20_res | device cpu | H=20 | residual=True
Caricamento dataset (p=1)...
Trovati 120 trial.
Dataset grezzo: 120 trial letti. Scaler e finestre costruiti in split_by_trial() (fit solo su train).
/home/gemma/tesi/aquabot/src/net/fm/tuning/tune.py:222: ExperimentalWarning: Argument ``multivariate`` is an experimental feature. The interface can change in the future.
  sampler = optuna.samplers.TPESampler(
/home/gemma/tesi/aquabot/src/net/fm/tuning/tune.py:222: ExperimentalWarning: Argument ``group`` is an experimental feature. The interface can change in the future.
  sampler = optuna.samplers.TPESampler(
/home/gemma/tesi/aquabot/src/net/fm/tuning/tune.py:222: ExperimentalWarning: Argument ``constant_liar`` is an experimental feature. The interface can change in the future.
  sampler = optuna.samplers.TPESampler(
[I 2026-09-30 12:27:05,696] Using an existing study with name 'fm_h20_res' instead of creating a new one.
Normalizzatore caricato da /home/gemma/tesi/aquabot/src/net/scaler/scalers_joint.pkl (nessun refit).
Dataset: 33600 campioni da 120 trial. H=20 P=1 | seq_cmd=(20, 1) seq_sens=(20, 2)
Split per-trial: 26879 finestre train | 6721 finestre val
Baseline persistenza (val): 0.7267 (sd 0.3393 | current 1.1141)
Epoch   0 | train 0.4971 | val 0.2983 (sd 0.0874 current 0.5092) | val/persist 0.410 | lr 1.89e-04
Epoch   1 | train 0.2308 | val 0.1804 (sd 0.0739 current 0.2869) | val/persist 0.248 | lr 1.89e-04
Epoch   2 | train 0.1570 | val 0.1345 (sd 0.0682 current 0.2008) | val/persist 0.185 | lr 1.89e-04
Epoch   3 | train 0.1317 | val 0.1211 (sd 0.0631 current 0.1791) | val/persist 0.167 | lr 1.89e-04
Epoch   4 | train 0.1194 | val 0.1127 (sd 0.0602 current 0.1652) | val/persist 0.155 | lr 1.89e-04
Epoch   5 | train 0.1125 | val 0.1089 (sd 0.0583 current 0.1594) | val/persist 0.150 | lr 1.89e-04
Epoch   6 | train 0.1071 | val 0.1036 (sd 0.0564 current 0.1508) | val/persist 0.143 | lr 1.89e-04
Epoch   7 | train 0.1030 | val 0.1014 (sd 0.0545 current 0.1484) | val/persist 0.140 | lr 1.89e-04
Epoch   8 | train 0.0985 | val 0.0962 (sd 0.0528 current 0.1395) | val/persist 0.132 | lr 1.89e-04
Epoch   9 | train 0.0966 | val 0.0965 (sd 0.0518 current 0.1411) | val/persist 0.133 | lr 1.89e-04
Epoch  10 | train 0.0931 | val 0.0929 (sd 0.0514 current 0.1343) | val/persist 0.128 | lr 1.89e-04
Epoch  11 | train 0.0912 | val 0.0899 (sd 0.0502 current 0.1295) | val/persist 0.124 | lr 1.89e-04
Epoch  12 | train 0.0881 | val 0.0880 (sd 0.0490 current 0.1270) | val/persist 0.121 | lr 1.89e-04
Epoch  13 | train 0.0867 | val 0.0852 (sd 0.0471 current 0.1234) | val/persist 0.117 | lr 1.89e-04
Epoch  14 | train 0.0844 | val 0.0827 (sd 0.0466 current 0.1187) | val/persist 0.114 | lr 1.89e-04
Epoch  15 | train 0.0832 | val 0.0816 (sd 0.0457 current 0.1175) | val/persist 0.112 | lr 1.89e-04
Epoch  16 | train 0.0815 | val 0.0813 (sd 0.0444 current 0.1181) | val/persist 0.112 | lr 1.89e-04
Epoch  17 | train 0.0793 | val 0.0780 (sd 0.0438 current 0.1122) | val/persist 0.107 | lr 1.89e-04
Epoch  18 | train 0.0782 | val 0.0775 (sd 0.0432 current 0.1117) | val/persist 0.107 | lr 1.89e-04
Epoch  19 | train 0.0773 | val 0.0770 (sd 0.0433 current 0.1106) | val/persist 0.106 | lr 1.89e-04
Epoch  20 | train 0.0754 | val 0.0739 (sd 0.0421 current 0.1057) | val/persist 0.102 | lr 1.89e-04
Epoch  21 | train 0.0745 | val 0.0730 (sd 0.0408 current 0.1051) | val/persist 0.100 | lr 1.89e-04
Epoch  22 | train 0.0738 | val 0.0719 (sd 0.0412 current 0.1026) | val/persist 0.099 | lr 1.89e-04
Epoch  23 | train 0.0721 | val 0.0712 (sd 0.0401 current 0.1023) | val/persist 0.098 | lr 1.89e-04
Epoch  24 | train 0.0714 | val 0.0708 (sd 0.0389 current 0.1026) | val/persist 0.097 | lr 1.89e-04
Epoch  25 | train 0.0705 | val 0.0693 (sd 0.0389 current 0.0996) | val/persist 0.095 | lr 1.89e-04
Epoch  26 | train 0.0695 | val 0.0673 (sd 0.0385 current 0.0962) | val/persist 0.093 | lr 1.89e-04
Epoch  27 | train 0.0693 | val 0.0673 (sd 0.0372 current 0.0973) | val/persist 0.093 | lr 1.89e-04
Epoch  28 | train 0.0683 | val 0.0670 (sd 0.0370 current 0.0971) | val/persist 0.092 | lr 1.89e-04
Epoch  29 | train 0.0674 | val 0.0669 (sd 0.0371 current 0.0967) | val/persist 0.092 | lr 1.89e-04
Epoch  30 | train 0.0661 | val 0.0661 (sd 0.0382 current 0.0940) | val/persist 0.091 | lr 1.89e-04
Epoch  31 | train 0.0663 | val 0.0634 (sd 0.0362 current 0.0907) | val/persist 0.087 | lr 1.89e-04
Epoch  32 | train 0.0650 | val 0.0636 (sd 0.0350 current 0.0922) | val/persist 0.088 | lr 1.89e-04
Epoch  33 | train 0.0643 | val 0.0672 (sd 0.0359 current 0.0985) | val/persist 0.092 | lr 1.89e-04
Epoch  34 | train 0.0647 | val 0.0621 (sd 0.0344 current 0.0897) | val/persist 0.085 | lr 1.89e-04
Epoch  35 | train 0.0645 | val 0.0620 (sd 0.0337 current 0.0903) | val/persist 0.085 | lr 1.89e-04
Epoch  36 | train 0.0633 | val 0.0617 (sd 0.0332 current 0.0901) | val/persist 0.085 | lr 1.89e-04
Epoch  37 | train 0.0625 | val 0.0626 (sd 0.0348 current 0.0904) | val/persist 0.086 | lr 1.89e-04
Epoch  38 | train 0.0624 | val 0.0605 (sd 0.0333 current 0.0876) | val/persist 0.083 | lr 1.89e-04
Epoch  39 | train 0.0616 | val 0.0609 (sd 0.0320 current 0.0898) | val/persist 0.084 | lr 1.89e-04
Epoch  40 | train 0.0614 | val 0.0602 (sd 0.0322 current 0.0882) | val/persist 0.083 | lr 1.89e-04
Epoch  41 | train 0.0603 | val 0.0585 (sd 0.0329 current 0.0841) | val/persist 0.080 | lr 1.89e-04
Epoch  42 | train 0.0602 | val 0.0590 (sd 0.0321 current 0.0860) | val/persist 0.081 | lr 1.89e-04
Epoch  43 | train 0.0594 | val 0.0579 (sd 0.0311 current 0.0846) | val/persist 0.080 | lr 1.89e-04
Epoch  44 | train 0.0594 | val 0.0580 (sd 0.0319 current 0.0841) | val/persist 0.080 | lr 1.89e-04
Epoch  45 | train 0.0592 | val 0.0568 (sd 0.0310 current 0.0825) | val/persist 0.078 | lr 1.89e-04
Epoch  46 | train 0.0593 | val 0.0574 (sd 0.0306 current 0.0842) | val/persist 0.079 | lr 1.89e-04
Epoch  47 | train 0.0586 | val 0.0563 (sd 0.0300 current 0.0825) | val/persist 0.077 | lr 1.89e-04
Epoch  48 | train 0.0582 | val 0.0563 (sd 0.0306 current 0.0820) | val/persist 0.077 | lr 1.89e-04
Epoch  49 | train 0.0583 | val 0.0564 (sd 0.0312 current 0.0817) | val/persist 0.078 | lr 1.89e-04
Epoch  50 | train 0.0572 | val 0.0549 (sd 0.0299 current 0.0800) | val/persist 0.076 | lr 1.89e-04
Epoch  51 | train 0.0569 | val 0.0545 (sd 0.0297 current 0.0793) | val/persist 0.075 | lr 1.89e-04
Epoch  52 | train 0.0571 | val 0.0560 (sd 0.0298 current 0.0823) | val/persist 0.077 | lr 1.89e-04
Epoch  53 | train 0.0579 | val 0.0568 (sd 0.0319 current 0.0816) | val/persist 0.078 | lr 1.89e-04
Epoch  54 | train 0.0560 | val 0.0540 (sd 0.0299 current 0.0781) | val/persist 0.074 | lr 1.89e-04
Epoch  55 | train 0.0564 | val 0.0543 (sd 0.0302 current 0.0783) | val/persist 0.075 | lr 1.89e-04
Epoch  56 | train 0.0562 | val 0.0539 (sd 0.0287 current 0.0790) | val/persist 0.074 | lr 1.89e-04
Epoch  57 | train 0.0549 | val 0.0539 (sd 0.0286 current 0.0791) | val/persist 0.074 | lr 1.89e-04
Epoch  58 | train 0.0546 | val 0.0527 (sd 0.0290 current 0.0765) | val/persist 0.073 | lr 1.89e-04
Epoch  59 | train 0.0555 | val 0.0535 (sd 0.0297 current 0.0774) | val/persist 0.074 | lr 1.89e-04

Training completato. Best val: 0.0527 a epoch 58 (persistenza 0.7267)
[I 2026-09-30 12:29:20,870] Trial 4 finished with value: 0.05274376531669629 and parameters: {'gru_hidden': 128, 'mlp_hidden': 256, 'num_layers': 1, 'dropout': 0.15974583179426594, 'weight_decay': 0.0035833850455539926, 'lr': 0.0001894291970737789, 'batch_size': 256, 'clip_norm': 0.5}. Best is trial 3 with value: 0.04362786160287288.
Split per-trial: 26879 finestre train | 6721 finestre val
Baseline persistenza (val): 0.7267 (sd 0.3393 | current 1.1141)
Epoch   0 | train 0.2085 | val 0.1173 (sd 0.0609 current 0.1737) | val/persist 0.161 | lr 3.90e-03
Epoch   1 | train 0.1286 | val 0.1011 (sd 0.0592 current 0.1429) | val/persist 0.139 | lr 3.90e-03
Epoch   2 | train 0.1154 | val 0.0932 (sd 0.0469 current 0.1395) | val/persist 0.128 | lr 3.90e-03
Epoch   3 | train 0.1090 | val 0.0972 (sd 0.0529 current 0.1415) | val/persist 0.134 | lr 3.90e-03
Epoch   4 | train 0.1027 | val 0.0764 (sd 0.0372 current 0.1156) | val/persist 0.105 | lr 3.90e-03
Epoch   5 | train 0.1018 | val 0.0781 (sd 0.0384 current 0.1178) | val/persist 0.107 | lr 3.90e-03
Epoch   6 | train 0.0979 | val 0.0718 (sd 0.0381 current 0.1056) | val/persist 0.099 | lr 3.90e-03
Epoch   7 | train 0.0965 | val 0.0692 (sd 0.0386 current 0.0999) | val/persist 0.095 | lr 3.90e-03
Epoch   8 | train 0.0923 | val 0.0726 (sd 0.0384 current 0.1069) | val/persist 0.100 | lr 3.90e-03
Epoch   9 | train 0.0939 | val 0.0667 (sd 0.0374 current 0.0960) | val/persist 0.092 | lr 3.90e-03
Epoch  10 | train 0.0879 | val 0.0694 (sd 0.0335 current 0.1052) | val/persist 0.095 | lr 3.90e-03
Epoch  11 | train 0.0879 | val 0.0612 (sd 0.0333 current 0.0891) | val/persist 0.084 | lr 3.90e-03
Epoch  12 | train 0.0874 | val 0.0619 (sd 0.0297 current 0.0941) | val/persist 0.085 | lr 3.90e-03
Epoch  13 | train 0.0865 | val 0.0602 (sd 0.0294 current 0.0911) | val/persist 0.083 | lr 3.90e-03
Epoch  14 | train 0.0856 | val 0.0648 (sd 0.0330 current 0.0967) | val/persist 0.089 | lr 3.90e-03
Epoch  15 | train 0.0852 | val 0.0654 (sd 0.0305 current 0.1002) | val/persist 0.090 | lr 3.90e-03
Epoch  16 | train 0.0848 | val 0.0616 (sd 0.0331 current 0.0902) | val/persist 0.085 | lr 3.90e-03
Epoch  17 | train 0.0862 | val 0.0694 (sd 0.0411 current 0.0976) | val/persist 0.095 | lr 3.90e-03
Epoch  18 | train 0.0853 | val 0.0631 (sd 0.0349 current 0.0912) | val/persist 0.087 | lr 3.90e-03
Epoch  19 | train 0.0837 | val 0.0628 (sd 0.0382 current 0.0873) | val/persist 0.086 | lr 3.90e-03
Epoch  20 | train 0.0823 | val 0.0595 (sd 0.0351 current 0.0839) | val/persist 0.082 | lr 3.90e-03
Epoch  21 | train 0.0827 | val 0.0718 (sd 0.0420 current 0.1016) | val/persist 0.099 | lr 3.90e-03
Epoch  22 | train 0.0825 | val 0.0594 (sd 0.0325 current 0.0863) | val/persist 0.082 | lr 3.90e-03
Epoch  23 | train 0.0815 | val 0.0643 (sd 0.0355 current 0.0930) | val/persist 0.088 | lr 3.90e-03
Epoch  24 | train 0.0815 | val 0.0634 (sd 0.0320 current 0.0948) | val/persist 0.087 | lr 3.90e-03
Epoch  25 | train 0.0802 | val 0.0563 (sd 0.0310 current 0.0817) | val/persist 0.077 | lr 3.90e-03
Epoch  26 | train 0.0799 | val 0.0579 (sd 0.0330 current 0.0827) | val/persist 0.080 | lr 3.90e-03
Epoch  27 | train 0.0763 | val 0.0595 (sd 0.0325 current 0.0866) | val/persist 0.082 | lr 3.90e-03
Epoch  28 | train 0.0793 | val 0.0580 (sd 0.0320 current 0.0840) | val/persist 0.080 | lr 3.90e-03
Epoch  29 | train 0.0775 | val 0.0630 (sd 0.0327 current 0.0933) | val/persist 0.087 | lr 3.90e-03
Epoch  30 | train 0.0778 | val 0.0538 (sd 0.0315 current 0.0761) | val/persist 0.074 | lr 3.90e-03
Epoch  31 | train 0.0794 | val 0.0619 (sd 0.0387 current 0.0852) | val/persist 0.085 | lr 3.90e-03
Epoch  32 | train 0.0763 | val 0.0573 (sd 0.0293 current 0.0853) | val/persist 0.079 | lr 3.90e-03
Epoch  33 | train 0.0762 | val 0.0573 (sd 0.0375 current 0.0771) | val/persist 0.079 | lr 3.90e-03
Epoch  34 | train 0.0787 | val 0.0599 (sd 0.0324 current 0.0874) | val/persist 0.082 | lr 3.90e-03
Epoch  35 | train 0.0756 | val 0.0591 (sd 0.0320 current 0.0861) | val/persist 0.081 | lr 3.90e-03
Epoch  36 | train 0.0744 | val 0.0597 (sd 0.0329 current 0.0866) | val/persist 0.082 | lr 3.90e-03
Epoch  37 | train 0.0748 | val 0.0566 (sd 0.0328 current 0.0804) | val/persist 0.078 | lr 3.90e-03
Epoch  38 | train 0.0753 | val 0.0590 (sd 0.0322 current 0.0858) | val/persist 0.081 | lr 3.90e-03
Epoch  39 | train 0.0737 | val 0.0606 (sd 0.0295 current 0.0917) | val/persist 0.083 | lr 3.90e-03
Epoch  40 | train 0.0750 | val 0.0594 (sd 0.0314 current 0.0874) | val/persist 0.082 | lr 3.90e-03
Epoch  41 | train 0.0733 | val 0.0588 (sd 0.0338 current 0.0838) | val/persist 0.081 | lr 1.95e-03
Epoch  42 | train 0.0671 | val 0.0512 (sd 0.0295 current 0.0730) | val/persist 0.071 | lr 1.95e-03
Epoch  43 | train 0.0663 | val 0.0524 (sd 0.0311 current 0.0736) | val/persist 0.072 | lr 1.95e-03
Epoch  44 | train 0.0659 | val 0.0545 (sd 0.0314 current 0.0776) | val/persist 0.075 | lr 1.95e-03
Epoch  45 | train 0.0653 | val 0.0501 (sd 0.0269 current 0.0732) | val/persist 0.069 | lr 1.95e-03
Epoch  46 | train 0.0652 | val 0.0528 (sd 0.0282 current 0.0774) | val/persist 0.073 | lr 1.95e-03
Epoch  47 | train 0.0644 | val 0.0503 (sd 0.0274 current 0.0733) | val/persist 0.069 | lr 1.95e-03
Epoch  48 | train 0.0651 | val 0.0526 (sd 0.0298 current 0.0755) | val/persist 0.072 | lr 1.95e-03
Epoch  49 | train 0.0642 | val 0.0514 (sd 0.0272 current 0.0755) | val/persist 0.071 | lr 1.95e-03
Epoch  50 | train 0.0650 | val 0.0527 (sd 0.0287 current 0.0767) | val/persist 0.073 | lr 1.95e-03
Epoch  51 | train 0.0649 | val 0.0519 (sd 0.0299 current 0.0738) | val/persist 0.071 | lr 1.95e-03
Epoch  52 | train 0.0636 | val 0.0542 (sd 0.0301 current 0.0784) | val/persist 0.075 | lr 1.95e-03
Epoch  53 | train 0.0642 | val 0.0520 (sd 0.0302 current 0.0739) | val/persist 0.072 | lr 1.95e-03
Epoch  54 | train 0.0634 | val 0.0521 (sd 0.0298 current 0.0744) | val/persist 0.072 | lr 1.95e-03
Epoch  55 | train 0.0648 | val 0.0537 (sd 0.0303 current 0.0771) | val/persist 0.074 | lr 1.95e-03
Epoch  56 | train 0.0633 | val 0.0524 (sd 0.0293 current 0.0755) | val/persist 0.072 | lr 9.75e-04
Epoch  57 | train 0.0600 | val 0.0519 (sd 0.0306 current 0.0732) | val/persist 0.071 | lr 9.75e-04
Epoch  58 | train 0.0598 | val 0.0533 (sd 0.0288 current 0.0777) | val/persist 0.073 | lr 9.75e-04
Epoch  59 | train 0.0592 | val 0.0510 (sd 0.0298 current 0.0722) | val/persist 0.070 | lr 9.75e-04

Training completato. Best val: 0.0501 a epoch 45 (persistenza 0.7267)
[I 2026-09-30 12:31:00,997] Trial 11 finished with value: 0.050065616490212676 and parameters: {'gru_hidden': 64, 'mlp_hidden': 128, 'num_layers': 1, 'dropout': 0.3379625635399722, 'weight_decay': 1.8669492311816598e-06, 'lr': 0.003899637308146333, 'batch_size': 128, 'clip_norm': 1.0}. Best is trial 3 with value: 0.04362786160287288.
Split per-trial: 26879 finestre train | 6721 finestre val
Baseline persistenza (val): 0.7267 (sd 0.3393 | current 1.1141)
Epoch   0 | train 0.4397 | val 0.1904 (sd 0.0861 current 0.2948) | val/persist 0.262 | lr 9.89e-04
Epoch   1 | train 0.2252 | val 0.1412 (sd 0.0834 current 0.1990) | val/persist 0.194 | lr 9.89e-04
Epoch   2 | train 0.1966 | val 0.1240 (sd 0.0759 current 0.1721) | val/persist 0.171 | lr 9.89e-04
Epoch   3 | train 0.1832 | val 0.1195 (sd 0.0757 current 0.1633) | val/persist 0.164 | lr 9.89e-04
Epoch   4 | train 0.1795 | val 0.1080 (sd 0.0640 current 0.1519) | val/persist 0.149 | lr 9.89e-04
Epoch   5 | train 0.1724 | val 0.1090 (sd 0.0651 current 0.1529) | val/persist 0.150 | lr 9.89e-04
Epoch   6 | train 0.1658 | val 0.1034 (sd 0.0630 current 0.1437) | val/persist 0.142 | lr 9.89e-04
Epoch   7 | train 0.1619 | val 0.0937 (sd 0.0563 current 0.1310) | val/persist 0.129 | lr 9.89e-04
Epoch   8 | train 0.1571 | val 0.0909 (sd 0.0535 current 0.1283) | val/persist 0.125 | lr 9.89e-04
Epoch   9 | train 0.1549 | val 0.0853 (sd 0.0534 current 0.1172) | val/persist 0.117 | lr 9.89e-04
Epoch  10 | train 0.1539 | val 0.0917 (sd 0.0530 current 0.1304) | val/persist 0.126 | lr 9.89e-04
Epoch  11 | train 0.1505 | val 0.0881 (sd 0.0555 current 0.1207) | val/persist 0.121 | lr 9.89e-04
Epoch  12 | train 0.1511 | val 0.0789 (sd 0.0466 current 0.1111) | val/persist 0.109 | lr 9.89e-04
Epoch  13 | train 0.1460 | val 0.0850 (sd 0.0493 current 0.1207) | val/persist 0.117 | lr 9.89e-04
Epoch  14 | train 0.1462 | val 0.0831 (sd 0.0514 current 0.1149) | val/persist 0.114 | lr 9.89e-04
Epoch  15 | train 0.1457 | val 0.0839 (sd 0.0479 current 0.1199) | val/persist 0.115 | lr 9.89e-04
Epoch  16 | train 0.1473 | val 0.0768 (sd 0.0469 current 0.1068) | val/persist 0.106 | lr 9.89e-04
Epoch  17 | train 0.1427 | val 0.0836 (sd 0.0431 current 0.1241) | val/persist 0.115 | lr 9.89e-04
Epoch  18 | train 0.1433 | val 0.0838 (sd 0.0411 current 0.1266) | val/persist 0.115 | lr 9.89e-04
Epoch  19 | train 0.1439 | val 0.0802 (sd 0.0466 current 0.1138) | val/persist 0.110 | lr 9.89e-04
Epoch  20 | train 0.1406 | val 0.0717 (sd 0.0458 current 0.0976) | val/persist 0.099 | lr 9.89e-04
Epoch  21 | train 0.1383 | val 0.0747 (sd 0.0491 current 0.1002) | val/persist 0.103 | lr 9.89e-04
Epoch  22 | train 0.1401 | val 0.0741 (sd 0.0431 current 0.1052) | val/persist 0.102 | lr 9.89e-04
Epoch  23 | train 0.1360 | val 0.0726 (sd 0.0400 current 0.1052) | val/persist 0.100 | lr 9.89e-04
Epoch  24 | train 0.1393 | val 0.0731 (sd 0.0416 current 0.1047) | val/persist 0.101 | lr 9.89e-04
Epoch  25 | train 0.1345 | val 0.0759 (sd 0.0454 current 0.1064) | val/persist 0.104 | lr 9.89e-04
Epoch  26 | train 0.1366 | val 0.0664 (sd 0.0379 current 0.0949) | val/persist 0.091 | lr 9.89e-04
Epoch  27 | train 0.1346 | val 0.0706 (sd 0.0406 current 0.1006) | val/persist 0.097 | lr 9.89e-04
Epoch  28 | train 0.1339 | val 0.0774 (sd 0.0458 current 0.1089) | val/persist 0.106 | lr 9.89e-04
Epoch  29 | train 0.1315 | val 0.0753 (sd 0.0457 current 0.1049) | val/persist 0.104 | lr 9.89e-04
Epoch  30 | train 0.1342 | val 0.0776 (sd 0.0428 current 0.1124) | val/persist 0.107 | lr 9.89e-04
Epoch  31 | train 0.1332 | val 0.0660 (sd 0.0390 current 0.0931) | val/persist 0.091 | lr 9.89e-04
Epoch  32 | train 0.1329 | val 0.0773 (sd 0.0465 current 0.1080) | val/persist 0.106 | lr 9.89e-04
Epoch  33 | train 0.1308 | val 0.0708 (sd 0.0414 current 0.1003) | val/persist 0.097 | lr 9.89e-04
Epoch  34 | train 0.1301 | val 0.0724 (sd 0.0450 current 0.0998) | val/persist 0.100 | lr 9.89e-04
Epoch  35 | train 0.1297 | val 0.0790 (sd 0.0471 current 0.1109) | val/persist 0.109 | lr 9.89e-04
Epoch  36 | train 0.1310 | val 0.0759 (sd 0.0496 current 0.1022) | val/persist 0.104 | lr 9.89e-04
Epoch  37 | train 0.1283 | val 0.0725 (sd 0.0445 current 0.1005) | val/persist 0.100 | lr 9.89e-04
Epoch  38 | train 0.1306 | val 0.0701 (sd 0.0457 current 0.0945) | val/persist 0.096 | lr 9.89e-04
Epoch  39 | train 0.1290 | val 0.0684 (sd 0.0401 current 0.0967) | val/persist 0.094 | lr 9.89e-04
Epoch  40 | train 0.1271 | val 0.0646 (sd 0.0434 current 0.0859) | val/persist 0.089 | lr 9.89e-04
Epoch  41 | train 0.1281 | val 0.0695 (sd 0.0409 current 0.0980) | val/persist 0.096 | lr 9.89e-04
Epoch  42 | train 0.1269 | val 0.0739 (sd 0.0418 current 0.1059) | val/persist 0.102 | lr 9.89e-04
Epoch  43 | train 0.1274 | val 0.0667 (sd 0.0436 current 0.0899) | val/persist 0.092 | lr 9.89e-04
[I 2026-09-30 12:33:28,419] Trial 15 pruned. 
Split per-trial: 26879 finestre train | 6721 finestre val
Baseline persistenza (val): 0.7267 (sd 0.3393 | current 1.1141)
Epoch   0 | train 0.1776 | val 0.1243 (sd 0.0542 current 0.1944) | val/persist 0.171 | lr 9.36e-03
Epoch   1 | train 0.1228 | val 0.0912 (sd 0.0431 current 0.1392) | val/persist 0.125 | lr 9.36e-03
Epoch   2 | train 0.1105 | val 0.0897 (sd 0.0496 current 0.1297) | val/persist 0.123 | lr 9.36e-03
Epoch   3 | train 0.0980 | val 0.0922 (sd 0.0408 current 0.1437) | val/persist 0.127 | lr 9.36e-03
Epoch   4 | train 0.0978 | val 0.0880 (sd 0.0462 current 0.1298) | val/persist 0.121 | lr 9.36e-03
Epoch   5 | train 0.0953 | val 0.0995 (sd 0.0403 current 0.1587) | val/persist 0.137 | lr 9.36e-03
Epoch   6 | train 0.0952 | val 0.0893 (sd 0.0366 current 0.1420) | val/persist 0.123 | lr 9.36e-03
Epoch   7 | train 0.0891 | val 0.0764 (sd 0.0343 current 0.1185) | val/persist 0.105 | lr 9.36e-03
Epoch   8 | train 0.0894 | val 0.0756 (sd 0.0401 current 0.1112) | val/persist 0.104 | lr 9.36e-03
[I 2026-09-30 12:34:13,594] Trial 25 pruned. 
Split per-trial: 26879 finestre train | 6721 finestre val
Baseline persistenza (val): 0.7267 (sd 0.3393 | current 1.1141)
Epoch   0 | train 0.2829 | val 0.1282 (sd 0.0719 current 0.1845) | val/persist 0.176 | lr 1.04e-03
Epoch   1 | train 0.1225 | val 0.1072 (sd 0.0635 current 0.1510) | val/persist 0.148 | lr 1.04e-03
Epoch   2 | train 0.1040 | val 0.0989 (sd 0.0571 current 0.1407) | val/persist 0.136 | lr 1.04e-03
Epoch   3 | train 0.0940 | val 0.0871 (sd 0.0510 current 0.1232) | val/persist 0.120 | lr 1.04e-03
Epoch   4 | train 0.0881 | val 0.0839 (sd 0.0448 current 0.1230) | val/persist 0.115 | lr 1.04e-03
Epoch   5 | train 0.0840 | val 0.0779 (sd 0.0414 current 0.1145) | val/persist 0.107 | lr 1.04e-03
Epoch   6 | train 0.0794 | val 0.0685 (sd 0.0375 current 0.0995) | val/persist 0.094 | lr 1.04e-03
Epoch   7 | train 0.0747 | val 0.0717 (sd 0.0349 current 0.1085) | val/persist 0.099 | lr 1.04e-03
Epoch   8 | train 0.0729 | val 0.0659 (sd 0.0342 current 0.0975) | val/persist 0.091 | lr 1.04e-03
Epoch   9 | train 0.0702 | val 0.0655 (sd 0.0325 current 0.0985) | val/persist 0.090 | lr 1.04e-03
Epoch  10 | train 0.0668 | val 0.0603 (sd 0.0299 current 0.0907) | val/persist 0.083 | lr 1.04e-03
Epoch  11 | train 0.0662 | val 0.0582 (sd 0.0309 current 0.0855) | val/persist 0.080 | lr 1.04e-03
Epoch  12 | train 0.0651 | val 0.0581 (sd 0.0285 current 0.0877) | val/persist 0.080 | lr 1.04e-03
Epoch  13 | train 0.0629 | val 0.0545 (sd 0.0289 current 0.0802) | val/persist 0.075 | lr 1.04e-03
Epoch  14 | train 0.0621 | val 0.0523 (sd 0.0272 current 0.0774) | val/persist 0.072 | lr 1.04e-03
Epoch  15 | train 0.0604 | val 0.0547 (sd 0.0284 current 0.0809) | val/persist 0.075 | lr 1.04e-03
Epoch  16 | train 0.0596 | val 0.0520 (sd 0.0273 current 0.0767) | val/persist 0.072 | lr 1.04e-03
Epoch  17 | train 0.0594 | val 0.0566 (sd 0.0277 current 0.0856) | val/persist 0.078 | lr 1.04e-03
Epoch  18 | train 0.0587 | val 0.0526 (sd 0.0289 current 0.0763) | val/persist 0.072 | lr 1.04e-03
Epoch  19 | train 0.0582 | val 0.0507 (sd 0.0270 current 0.0744) | val/persist 0.070 | lr 1.04e-03
Epoch  20 | train 0.0573 | val 0.0511 (sd 0.0262 current 0.0761) | val/persist 0.070 | lr 1.04e-03
Epoch  21 | train 0.0559 | val 0.0506 (sd 0.0273 current 0.0740) | val/persist 0.070 | lr 1.04e-03
Epoch  22 | train 0.0549 | val 0.0496 (sd 0.0273 current 0.0718) | val/persist 0.068 | lr 1.04e-03
Epoch  23 | train 0.0545 | val 0.0504 (sd 0.0261 current 0.0747) | val/persist 0.069 | lr 1.04e-03
Epoch  24 | train 0.0546 | val 0.0495 (sd 0.0257 current 0.0732) | val/persist 0.068 | lr 1.04e-03
Epoch  25 | train 0.0540 | val 0.0519 (sd 0.0261 current 0.0776) | val/persist 0.071 | lr 1.04e-03
Epoch  26 | train 0.0529 | val 0.0494 (sd 0.0268 current 0.0720) | val/persist 0.068 | lr 1.04e-03
Epoch  27 | train 0.0533 | val 0.0492 (sd 0.0262 current 0.0722) | val/persist 0.068 | lr 1.04e-03
Epoch  28 | train 0.0522 | val 0.0497 (sd 0.0259 current 0.0735) | val/persist 0.068 | lr 1.04e-03
Epoch  29 | train 0.0522 | val 0.0484 (sd 0.0256 current 0.0712) | val/persist 0.067 | lr 1.04e-03
Epoch  30 | train 0.0520 | val 0.0487 (sd 0.0260 current 0.0713) | val/persist 0.067 | lr 1.04e-03
Epoch  31 | train 0.0512 | val 0.0470 (sd 0.0246 current 0.0694) | val/persist 0.065 | lr 1.04e-03
Epoch  32 | train 0.0519 | val 0.0498 (sd 0.0263 current 0.0733) | val/persist 0.069 | lr 1.04e-03
Epoch  33 | train 0.0499 | val 0.0483 (sd 0.0255 current 0.0711) | val/persist 0.066 | lr 1.04e-03
Epoch  34 | train 0.0498 | val 0.0488 (sd 0.0263 current 0.0712) | val/persist 0.067 | lr 1.04e-03
Epoch  35 | train 0.0495 | val 0.0497 (sd 0.0256 current 0.0738) | val/persist 0.068 | lr 1.04e-03
Epoch  36 | train 0.0488 | val 0.0528 (sd 0.0263 current 0.0793) | val/persist 0.073 | lr 1.04e-03
Epoch  37 | train 0.0484 | val 0.0493 (sd 0.0268 current 0.0718) | val/persist 0.068 | lr 1.04e-03
Epoch  38 | train 0.0489 | val 0.0467 (sd 0.0252 current 0.0682) | val/persist 0.064 | lr 1.04e-03
Epoch  39 | train 0.0479 | val 0.0509 (sd 0.0280 current 0.0739) | val/persist 0.070 | lr 1.04e-03
Epoch  40 | train 0.0477 | val 0.0474 (sd 0.0262 current 0.0686) | val/persist 0.065 | lr 1.04e-03
Epoch  41 | train 0.0466 | val 0.0490 (sd 0.0272 current 0.0707) | val/persist 0.067 | lr 1.04e-03
Epoch  42 | train 0.0471 | val 0.0486 (sd 0.0269 current 0.0703) | val/persist 0.067 | lr 1.04e-03
Epoch  43 | train 0.0469 | val 0.0475 (sd 0.0266 current 0.0685) | val/persist 0.065 | lr 1.04e-03
Epoch  44 | train 0.0468 | val 0.0481 (sd 0.0262 current 0.0699) | val/persist 0.066 | lr 1.04e-03
Epoch  45 | train 0.0459 | val 0.0464 (sd 0.0257 current 0.0671) | val/persist 0.064 | lr 1.04e-03
Epoch  46 | train 0.0451 | val 0.0491 (sd 0.0260 current 0.0723) | val/persist 0.068 | lr 1.04e-03
Epoch  47 | train 0.0455 | val 0.0481 (sd 0.0264 current 0.0698) | val/persist 0.066 | lr 1.04e-03
Epoch  48 | train 0.0447 | val 0.0476 (sd 0.0265 current 0.0688) | val/persist 0.066 | lr 1.04e-03
Epoch  49 | train 0.0447 | val 0.0497 (sd 0.0254 current 0.0741) | val/persist 0.068 | lr 1.04e-03
Epoch  50 | train 0.0444 | val 0.0473 (sd 0.0258 current 0.0688) | val/persist 0.065 | lr 1.04e-03
Epoch  51 | train 0.0439 | val 0.0484 (sd 0.0266 current 0.0703) | val/persist 0.067 | lr 1.04e-03
Epoch  52 | train 0.0430 | val 0.0470 (sd 0.0262 current 0.0678) | val/persist 0.065 | lr 1.04e-03
Epoch  53 | train 0.0428 | val 0.0466 (sd 0.0257 current 0.0674) | val/persist 0.064 | lr 1.04e-03
Epoch  54 | train 0.0432 | val 0.0487 (sd 0.0267 current 0.0707) | val/persist 0.067 | lr 1.04e-03
Epoch  55 | train 0.0428 | val 0.0487 (sd 0.0281 current 0.0692) | val/persist 0.067 | lr 1.04e-03
Epoch  56 | train 0.0423 | val 0.0462 (sd 0.0255 current 0.0669) | val/persist 0.064 | lr 1.04e-03
Epoch  57 | train 0.0422 | val 0.0501 (sd 0.0265 current 0.0738) | val/persist 0.069 | lr 1.04e-03
Epoch  58 | train 0.0417 | val 0.0498 (sd 0.0274 current 0.0722) | val/persist 0.069 | lr 1.04e-03
Epoch  59 | train 0.0419 | val 0.0477 (sd 0.0250 current 0.0705) | val/persist 0.066 | lr 1.04e-03

Training completato. Best val: 0.0462 a epoch 56 (persistenza 0.7267)
[I 2026-09-30 12:36:36,000] Trial 32 finished with value: 0.04617210580575078 and parameters: {'gru_hidden': 128, 'mlp_hidden': 64, 'num_layers': 1, 'dropout': 0.08667912181036444, 'weight_decay': 0.0003703870245650026, 'lr': 0.0010449973862271683, 'batch_size': 128, 'clip_norm': 1.0}. Best is trial 8 with value: 0.042171901499707315.
Split per-trial: 26879 finestre train | 6721 finestre val
Baseline persistenza (val): 0.7267 (sd 0.3393 | current 1.1141)
Epoch   0 | train 0.1977 | val 0.1144 (sd 0.0668 current 0.1621) | val/persist 0.157 | lr 1.04e-03
Epoch   1 | train 0.0951 | val 0.0939 (sd 0.0559 current 0.1318) | val/persist 0.129 | lr 1.04e-03
Epoch   2 | train 0.0813 | val 0.0791 (sd 0.0427 current 0.1156) | val/persist 0.109 | lr 1.04e-03
Epoch   3 | train 0.0733 | val 0.0710 (sd 0.0386 current 0.1033) | val/persist 0.098 | lr 1.04e-03
Epoch   4 | train 0.0662 | val 0.0638 (sd 0.0380 current 0.0896) | val/persist 0.088 | lr 1.04e-03
Epoch   5 | train 0.0624 | val 0.0601 (sd 0.0319 current 0.0883) | val/persist 0.083 | lr 1.04e-03
Epoch   6 | train 0.0591 | val 0.0609 (sd 0.0297 current 0.0922) | val/persist 0.084 | lr 1.04e-03
Epoch   7 | train 0.0551 | val 0.0573 (sd 0.0278 current 0.0867) | val/persist 0.079 | lr 1.04e-03
Epoch   8 | train 0.0528 | val 0.0535 (sd 0.0271 current 0.0799) | val/persist 0.074 | lr 1.04e-03
Epoch   9 | train 0.0515 | val 0.0564 (sd 0.0275 current 0.0853) | val/persist 0.078 | lr 1.04e-03
Epoch  10 | train 0.0507 | val 0.0532 (sd 0.0281 current 0.0783) | val/persist 0.073 | lr 1.04e-03
Epoch  11 | train 0.0491 | val 0.0500 (sd 0.0265 current 0.0736) | val/persist 0.069 | lr 1.04e-03
Epoch  12 | train 0.0475 | val 0.0510 (sd 0.0270 current 0.0751) | val/persist 0.070 | lr 1.04e-03
Epoch  13 | train 0.0462 | val 0.0491 (sd 0.0254 current 0.0728) | val/persist 0.068 | lr 1.04e-03
Epoch  14 | train 0.0461 | val 0.0481 (sd 0.0275 current 0.0687) | val/persist 0.066 | lr 1.04e-03
Epoch  15 | train 0.0455 | val 0.0454 (sd 0.0246 current 0.0662) | val/persist 0.063 | lr 1.04e-03
Epoch  16 | train 0.0436 | val 0.0508 (sd 0.0248 current 0.0769) | val/persist 0.070 | lr 1.04e-03
Epoch  17 | train 0.0433 | val 0.0485 (sd 0.0260 current 0.0711) | val/persist 0.067 | lr 1.04e-03
Epoch  18 | train 0.0425 | val 0.0532 (sd 0.0324 current 0.0740) | val/persist 0.073 | lr 1.04e-03
Epoch  19 | train 0.0417 | val 0.0478 (sd 0.0260 current 0.0696) | val/persist 0.066 | lr 1.04e-03
Epoch  20 | train 0.0405 | val 0.0473 (sd 0.0274 current 0.0672) | val/persist 0.065 | lr 1.04e-03
Epoch  21 | train 0.0400 | val 0.0519 (sd 0.0270 current 0.0768) | val/persist 0.071 | lr 1.04e-03
Epoch  22 | train 0.0394 | val 0.0461 (sd 0.0247 current 0.0674) | val/persist 0.063 | lr 1.04e-03
Epoch  23 | train 0.0386 | val 0.0498 (sd 0.0251 current 0.0745) | val/persist 0.069 | lr 1.04e-03
Epoch  24 | train 0.0371 | val 0.0487 (sd 0.0262 current 0.0712) | val/persist 0.067 | lr 1.04e-03
Epoch  25 | train 0.0373 | val 0.0479 (sd 0.0259 current 0.0699) | val/persist 0.066 | lr 1.04e-03
Epoch  26 | train 0.0362 | val 0.0470 (sd 0.0255 current 0.0686) | val/persist 0.065 | lr 5.22e-04
Epoch  27 | train 0.0317 | val 0.0455 (sd 0.0247 current 0.0664) | val/persist 0.063 | lr 5.22e-04
Epoch  28 | train 0.0305 | val 0.0473 (sd 0.0261 current 0.0684) | val/persist 0.065 | lr 5.22e-04
Epoch  29 | train 0.0304 | val 0.0454 (sd 0.0246 current 0.0662) | val/persist 0.062 | lr 5.22e-04
Epoch  30 | train 0.0304 | val 0.0453 (sd 0.0244 current 0.0662) | val/persist 0.062 | lr 5.22e-04
Epoch  31 | train 0.0296 | val 0.0459 (sd 0.0248 current 0.0669) | val/persist 0.063 | lr 5.22e-04
Epoch  32 | train 0.0287 | val 0.0452 (sd 0.0248 current 0.0656) | val/persist 0.062 | lr 5.22e-04
Epoch  33 | train 0.0285 | val 0.0465 (sd 0.0244 current 0.0686) | val/persist 0.064 | lr 5.22e-04
Epoch  34 | train 0.0284 | val 0.0463 (sd 0.0259 current 0.0667) | val/persist 0.064 | lr 5.22e-04
Epoch  35 | train 0.0276 | val 0.0465 (sd 0.0261 current 0.0669) | val/persist 0.064 | lr 5.22e-04
Epoch  36 | train 0.0276 | val 0.0465 (sd 0.0256 current 0.0673) | val/persist 0.064 | lr 5.22e-04
Epoch  37 | train 0.0265 | val 0.0462 (sd 0.0257 current 0.0667) | val/persist 0.064 | lr 5.22e-04
Epoch  38 | train 0.0260 | val 0.0474 (sd 0.0251 current 0.0698) | val/persist 0.065 | lr 5.22e-04
Epoch  39 | train 0.0260 | val 0.0471 (sd 0.0271 current 0.0672) | val/persist 0.065 | lr 5.22e-04
Epoch  40 | train 0.0250 | val 0.0476 (sd 0.0260 current 0.0692) | val/persist 0.065 | lr 5.22e-04
Epoch  41 | train 0.0250 | val 0.0477 (sd 0.0266 current 0.0687) | val/persist 0.066 | lr 5.22e-04
Epoch  42 | train 0.0245 | val 0.0509 (sd 0.0254 current 0.0764) | val/persist 0.070 | lr 5.22e-04
Epoch  43 | train 0.0245 | val 0.0470 (sd 0.0258 current 0.0683) | val/persist 0.065 | lr 2.61e-04
Epoch  44 | train 0.0218 | val 0.0467 (sd 0.0255 current 0.0678) | val/persist 0.064 | lr 2.61e-04
Epoch  45 | train 0.0215 | val 0.0472 (sd 0.0251 current 0.0693) | val/persist 0.065 | lr 2.61e-04
Epoch  46 | train 0.0213 | val 0.0472 (sd 0.0254 current 0.0690) | val/persist 0.065 | lr 2.61e-04
Epoch  47 | train 0.0212 | val 0.0469 (sd 0.0258 current 0.0680) | val/persist 0.065 | lr 2.61e-04

Training completato. Best val: 0.0452 a epoch 32 (persistenza 0.7267)
[I 2026-09-30 12:40:50,708] Trial 41 finished with value: 0.045181574582439175 and parameters: {'gru_hidden': 256, 'mlp_hidden': 64, 'num_layers': 1, 'dropout': 0.026462241875020956, 'weight_decay': 9.054851912803417e-05, 'lr': 0.0010441013882764045, 'batch_size': 64, 'clip_norm': 1.0}. Best is trial 42 with value: 0.041036635329958826.
Split per-trial: 26879 finestre train | 6721 finestre val
Baseline persistenza (val): 0.7267 (sd 0.3393 | current 1.1141)
Epoch   0 | train 0.1371 | val 0.0949 (sd 0.0553 current 0.1345) | val/persist 0.131 | lr 1.11e-03
Epoch   1 | train 0.0831 | val 0.0864 (sd 0.0461 current 0.1267) | val/persist 0.119 | lr 1.11e-03
Epoch   2 | train 0.0715 | val 0.0764 (sd 0.0392 current 0.1135) | val/persist 0.105 | lr 1.11e-03
Epoch   3 | train 0.0641 | val 0.0674 (sd 0.0406 current 0.0942) | val/persist 0.093 | lr 1.11e-03
Epoch   4 | train 0.0595 | val 0.0593 (sd 0.0306 current 0.0880) | val/persist 0.082 | lr 1.11e-03
Epoch   5 | train 0.0573 | val 0.0575 (sd 0.0289 current 0.0861) | val/persist 0.079 | lr 1.11e-03
Epoch   6 | train 0.0545 | val 0.0576 (sd 0.0292 current 0.0860) | val/persist 0.079 | lr 1.11e-03
Epoch   7 | train 0.0528 | val 0.0512 (sd 0.0258 current 0.0766) | val/persist 0.070 | lr 1.11e-03
Epoch   8 | train 0.0506 | val 0.0568 (sd 0.0281 current 0.0856) | val/persist 0.078 | lr 1.11e-03
Epoch   9 | train 0.0490 | val 0.0614 (sd 0.0280 current 0.0948) | val/persist 0.084 | lr 1.11e-03
Epoch  10 | train 0.0492 | val 0.0551 (sd 0.0248 current 0.0853) | val/persist 0.076 | lr 1.11e-03
Epoch  11 | train 0.0474 | val 0.0505 (sd 0.0246 current 0.0763) | val/persist 0.069 | lr 1.11e-03
Epoch  12 | train 0.0471 | val 0.0537 (sd 0.0302 current 0.0773) | val/persist 0.074 | lr 1.11e-03
Epoch  13 | train 0.0465 | val 0.0588 (sd 0.0250 current 0.0926) | val/persist 0.081 | lr 1.11e-03
Epoch  14 | train 0.0459 | val 0.0512 (sd 0.0275 current 0.0749) | val/persist 0.070 | lr 1.11e-03
Epoch  15 | train 0.0454 | val 0.0518 (sd 0.0243 current 0.0792) | val/persist 0.071 | lr 1.11e-03
Epoch  16 | train 0.0445 | val 0.0511 (sd 0.0269 current 0.0752) | val/persist 0.070 | lr 1.11e-03
Epoch  17 | train 0.0436 | val 0.0473 (sd 0.0248 current 0.0699) | val/persist 0.065 | lr 1.11e-03
Epoch  18 | train 0.0427 | val 0.0506 (sd 0.0262 current 0.0749) | val/persist 0.070 | lr 1.11e-03
Epoch  19 | train 0.0421 | val 0.0476 (sd 0.0246 current 0.0707) | val/persist 0.066 | lr 1.11e-03
Epoch  20 | train 0.0416 | val 0.0500 (sd 0.0247 current 0.0752) | val/persist 0.069 | lr 1.11e-03
Epoch  21 | train 0.0417 | val 0.0519 (sd 0.0262 current 0.0776) | val/persist 0.071 | lr 1.11e-03
Epoch  22 | train 0.0408 | val 0.0491 (sd 0.0246 current 0.0736) | val/persist 0.068 | lr 1.11e-03
Epoch  23 | train 0.0404 | val 0.0487 (sd 0.0263 current 0.0710) | val/persist 0.067 | lr 1.11e-03
Epoch  24 | train 0.0400 | val 0.0465 (sd 0.0254 current 0.0677) | val/persist 0.064 | lr 1.11e-03
Epoch  25 | train 0.0394 | val 0.0483 (sd 0.0257 current 0.0708) | val/persist 0.066 | lr 1.11e-03
Epoch  26 | train 0.0393 | val 0.0461 (sd 0.0254 current 0.0668) | val/persist 0.063 | lr 1.11e-03
Epoch  27 | train 0.0389 | val 0.0466 (sd 0.0248 current 0.0684) | val/persist 0.064 | lr 1.11e-03
Epoch  28 | train 0.0379 | val 0.0489 (sd 0.0252 current 0.0727) | val/persist 0.067 | lr 1.11e-03
Epoch  29 | train 0.0382 | val 0.0500 (sd 0.0240 current 0.0761) | val/persist 0.069 | lr 1.11e-03
Epoch  30 | train 0.0378 | val 0.0495 (sd 0.0265 current 0.0726) | val/persist 0.068 | lr 1.11e-03
Epoch  31 | train 0.0367 | val 0.0482 (sd 0.0244 current 0.0720) | val/persist 0.066 | lr 1.11e-03
Epoch  32 | train 0.0374 | val 0.0525 (sd 0.0265 current 0.0785) | val/persist 0.072 | lr 1.11e-03
Epoch  33 | train 0.0364 | val 0.0463 (sd 0.0245 current 0.0681) | val/persist 0.064 | lr 1.11e-03
Epoch  34 | train 0.0356 | val 0.0455 (sd 0.0259 current 0.0652) | val/persist 0.063 | lr 1.11e-03
Epoch  35 | train 0.0355 | val 0.0483 (sd 0.0233 current 0.0733) | val/persist 0.066 | lr 1.11e-03
Epoch  36 | train 0.0354 | val 0.0463 (sd 0.0230 current 0.0696) | val/persist 0.064 | lr 1.11e-03
Epoch  37 | train 0.0349 | val 0.0475 (sd 0.0261 current 0.0689) | val/persist 0.065 | lr 1.11e-03
Epoch  38 | train 0.0344 | val 0.0453 (sd 0.0236 current 0.0671) | val/persist 0.062 | lr 1.11e-03
Epoch  39 | train 0.0347 | val 0.0477 (sd 0.0249 current 0.0705) | val/persist 0.066 | lr 1.11e-03
Epoch  40 | train 0.0340 | val 0.0472 (sd 0.0237 current 0.0706) | val/persist 0.065 | lr 1.11e-03
Epoch  41 | train 0.0335 | val 0.0464 (sd 0.0249 current 0.0678) | val/persist 0.064 | lr 1.11e-03
Epoch  42 | train 0.0336 | val 0.0471 (sd 0.0247 current 0.0694) | val/persist 0.065 | lr 1.11e-03
Epoch  43 | train 0.0329 | val 0.0467 (sd 0.0252 current 0.0682) | val/persist 0.064 | lr 1.11e-03
Epoch  44 | train 0.0326 | val 0.0478 (sd 0.0236 current 0.0720) | val/persist 0.066 | lr 1.11e-03
Epoch  45 | train 0.0319 | val 0.0466 (sd 0.0230 current 0.0701) | val/persist 0.064 | lr 1.11e-03
Epoch  46 | train 0.0317 | val 0.0474 (sd 0.0240 current 0.0708) | val/persist 0.065 | lr 1.11e-03
Epoch  47 | train 0.0316 | val 0.0449 (sd 0.0246 current 0.0652) | val/persist 0.062 | lr 1.11e-03
Epoch  48 | train 0.0314 | val 0.0454 (sd 0.0247 current 0.0661) | val/persist 0.062 | lr 1.11e-03
Epoch  49 | train 0.0308 | val 0.0452 (sd 0.0234 current 0.0670) | val/persist 0.062 | lr 1.11e-03
Epoch  50 | train 0.0309 | val 0.0492 (sd 0.0242 current 0.0743) | val/persist 0.068 | lr 1.11e-03
Epoch  51 | train 0.0303 | val 0.0439 (sd 0.0252 current 0.0625) | val/persist 0.060 | lr 1.11e-03
Epoch  52 | train 0.0301 | val 0.0445 (sd 0.0242 current 0.0647) | val/persist 0.061 | lr 1.11e-03
Epoch  53 | train 0.0295 | val 0.0447 (sd 0.0243 current 0.0651) | val/persist 0.062 | lr 1.11e-03
Epoch  54 | train 0.0295 | val 0.0464 (sd 0.0258 current 0.0670) | val/persist 0.064 | lr 1.11e-03
Epoch  55 | train 0.0292 | val 0.0445 (sd 0.0239 current 0.0651) | val/persist 0.061 | lr 1.11e-03
Epoch  56 | train 0.0288 | val 0.0453 (sd 0.0235 current 0.0671) | val/persist 0.062 | lr 1.11e-03
Epoch  57 | train 0.0290 | val 0.0488 (sd 0.0242 current 0.0734) | val/persist 0.067 | lr 1.11e-03
Epoch  58 | train 0.0287 | val 0.0470 (sd 0.0254 current 0.0686) | val/persist 0.065 | lr 1.11e-03
Epoch  59 | train 0.0287 | val 0.0466 (sd 0.0247 current 0.0686) | val/persist 0.064 | lr 1.11e-03

Training completato. Best val: 0.0439 a epoch 51 (persistenza 0.7267)
[I 2026-09-30 12:43:47,050] Trial 61 finished with value: 0.04385426137186205 and parameters: {'gru_hidden': 64, 'mlp_hidden': 512, 'num_layers': 1, 'dropout': 0.026321191743661695, 'weight_decay': 0.00019974528837293578, 'lr': 0.0011141461670156028, 'batch_size': 64, 'clip_norm': 0.5}. Best is trial 56 with value: 0.04039788358561997.
Split per-trial: 26879 finestre train | 6721 finestre val
Baseline persistenza (val): 0.7267 (sd 0.3393 | current 1.1141)
Epoch   0 | train 0.3167 | val 0.1590 (sd 0.0697 current 0.2483) | val/persist 0.219 | lr 3.30e-04
Epoch   1 | train 0.1254 | val 0.1175 (sd 0.0579 current 0.1772) | val/persist 0.162 | lr 3.30e-04
Epoch   2 | train 0.1047 | val 0.1015 (sd 0.0547 current 0.1482) | val/persist 0.140 | lr 3.30e-04
Epoch   3 | train 0.0946 | val 0.0970 (sd 0.0549 current 0.1392) | val/persist 0.134 | lr 3.30e-04
Epoch   4 | train 0.0896 | val 0.0904 (sd 0.0522 current 0.1287) | val/persist 0.124 | lr 3.30e-04
Epoch   5 | train 0.0846 | val 0.0876 (sd 0.0500 current 0.1251) | val/persist 0.121 | lr 3.30e-04
Epoch   6 | train 0.0814 | val 0.0831 (sd 0.0489 current 0.1172) | val/persist 0.114 | lr 3.30e-04
Epoch   7 | train 0.0775 | val 0.0811 (sd 0.0492 current 0.1131) | val/persist 0.112 | lr 3.30e-04
Epoch   8 | train 0.0760 | val 0.0787 (sd 0.0456 current 0.1119) | val/persist 0.108 | lr 3.30e-04
[I 2026-09-30 12:44:09,639] Trial 68 pruned. 
Split per-trial: 26879 finestre train | 6721 finestre val
Baseline persistenza (val): 0.7267 (sd 0.3393 | current 1.1141)
Epoch   0 | train 0.1985 | val 0.1174 (sd 0.0552 current 0.1795) | val/persist 0.162 | lr 5.05e-04
Epoch   1 | train 0.0931 | val 0.0961 (sd 0.0490 current 0.1433) | val/persist 0.132 | lr 5.05e-04
Epoch   2 | train 0.0818 | val 0.0884 (sd 0.0480 current 0.1287) | val/persist 0.122 | lr 5.05e-04
Epoch   3 | train 0.0746 | val 0.0821 (sd 0.0484 current 0.1158) | val/persist 0.113 | lr 5.05e-04
Epoch   4 | train 0.0701 | val 0.0778 (sd 0.0438 current 0.1119) | val/persist 0.107 | lr 5.05e-04
Epoch   5 | train 0.0674 | val 0.0763 (sd 0.0401 current 0.1126) | val/persist 0.105 | lr 5.05e-04
Epoch   6 | train 0.0641 | val 0.0707 (sd 0.0393 current 0.1022) | val/persist 0.097 | lr 5.05e-04
Epoch   7 | train 0.0618 | val 0.0672 (sd 0.0385 current 0.0960) | val/persist 0.093 | lr 5.05e-04
Epoch   8 | train 0.0603 | val 0.0670 (sd 0.0388 current 0.0953) | val/persist 0.092 | lr 5.05e-04
[I 2026-09-30 12:44:30,627] Trial 71 pruned. 
Split per-trial: 26879 finestre train | 6721 finestre val
Baseline persistenza (val): 0.7267 (sd 0.3393 | current 1.1141)
Epoch   0 | train 0.3211 | val 0.1403 (sd 0.0763 current 0.2043) | val/persist 0.193 | lr 3.30e-04
Epoch   1 | train 0.1271 | val 0.1185 (sd 0.0652 current 0.1719) | val/persist 0.163 | lr 3.30e-04
Epoch   2 | train 0.1101 | val 0.1053 (sd 0.0610 current 0.1497) | val/persist 0.145 | lr 3.30e-04
Epoch   3 | train 0.1006 | val 0.0969 (sd 0.0588 current 0.1350) | val/persist 0.133 | lr 3.30e-04
Epoch   4 | train 0.0933 | val 0.0937 (sd 0.0545 current 0.1328) | val/persist 0.129 | lr 3.30e-04
Epoch   5 | train 0.0918 | val 0.0870 (sd 0.0527 current 0.1214) | val/persist 0.120 | lr 3.30e-04
Epoch   6 | train 0.0861 | val 0.0855 (sd 0.0505 current 0.1206) | val/persist 0.118 | lr 3.30e-04
Epoch   7 | train 0.0818 | val 0.0871 (sd 0.0495 current 0.1247) | val/persist 0.120 | lr 3.30e-04
Epoch   8 | train 0.0806 | val 0.0793 (sd 0.0489 current 0.1097) | val/persist 0.109 | lr 3.30e-04
[I 2026-09-30 12:45:22,323] Trial 74 pruned. 
Split per-trial: 26879 finestre train | 6721 finestre val
Baseline persistenza (val): 0.7267 (sd 0.3393 | current 1.1141)
Epoch   0 | train 0.1510 | val 0.1073 (sd 0.0577 current 0.1569) | val/persist 0.148 | lr 1.40e-03
Epoch   1 | train 0.0829 | val 0.0930 (sd 0.0494 current 0.1366) | val/persist 0.128 | lr 1.40e-03
Epoch   2 | train 0.0699 | val 0.0753 (sd 0.0456 current 0.1050) | val/persist 0.104 | lr 1.40e-03
Epoch   3 | train 0.0634 | val 0.0651 (sd 0.0355 current 0.0947) | val/persist 0.090 | lr 1.40e-03
Epoch   4 | train 0.0604 | val 0.0648 (sd 0.0305 current 0.0990) | val/persist 0.089 | lr 1.40e-03
Epoch   5 | train 0.0559 | val 0.0608 (sd 0.0307 current 0.0909) | val/persist 0.084 | lr 1.40e-03
Epoch   6 | train 0.0534 | val 0.0650 (sd 0.0283 current 0.1017) | val/persist 0.089 | lr 1.40e-03
Epoch   7 | train 0.0512 | val 0.0555 (sd 0.0267 current 0.0842) | val/persist 0.076 | lr 1.40e-03
Epoch   8 | train 0.0489 | val 0.0582 (sd 0.0273 current 0.0891) | val/persist 0.080 | lr 1.40e-03
Epoch   9 | train 0.0478 | val 0.0519 (sd 0.0256 current 0.0782) | val/persist 0.071 | lr 1.40e-03
Epoch  10 | train 0.0462 | val 0.0501 (sd 0.0242 current 0.0759) | val/persist 0.069 | lr 1.40e-03
Epoch  11 | train 0.0458 | val 0.0498 (sd 0.0252 current 0.0744) | val/persist 0.068 | lr 1.40e-03
Epoch  12 | train 0.0449 | val 0.0516 (sd 0.0253 current 0.0778) | val/persist 0.071 | lr 1.40e-03
Epoch  13 | train 0.0437 | val 0.0513 (sd 0.0274 current 0.0752) | val/persist 0.071 | lr 1.40e-03
Epoch  14 | train 0.0437 | val 0.0490 (sd 0.0261 current 0.0718) | val/persist 0.067 | lr 1.40e-03
Epoch  15 | train 0.0424 | val 0.0471 (sd 0.0246 current 0.0695) | val/persist 0.065 | lr 1.40e-03
Epoch  16 | train 0.0429 | val 0.0484 (sd 0.0241 current 0.0727) | val/persist 0.067 | lr 1.40e-03
Epoch  17 | train 0.0406 | val 0.0490 (sd 0.0241 current 0.0738) | val/persist 0.067 | lr 1.40e-03
Epoch  18 | train 0.0413 | val 0.0524 (sd 0.0260 current 0.0787) | val/persist 0.072 | lr 1.40e-03
Epoch  19 | train 0.0412 | val 0.0461 (sd 0.0239 current 0.0682) | val/persist 0.063 | lr 1.40e-03
Epoch  20 | train 0.0400 | val 0.0460 (sd 0.0243 current 0.0677) | val/persist 0.063 | lr 1.40e-03
Epoch  21 | train 0.0395 | val 0.0499 (sd 0.0265 current 0.0733) | val/persist 0.069 | lr 1.40e-03
Epoch  22 | train 0.0398 | val 0.0533 (sd 0.0240 current 0.0826) | val/persist 0.073 | lr 1.40e-03
Epoch  23 | train 0.0390 | val 0.0461 (sd 0.0258 current 0.0664) | val/persist 0.063 | lr 1.40e-03
Epoch  24 | train 0.0385 | val 0.0455 (sd 0.0242 current 0.0668) | val/persist 0.063 | lr 1.40e-03
Epoch  25 | train 0.0372 | val 0.0447 (sd 0.0240 current 0.0653) | val/persist 0.061 | lr 1.40e-03
Epoch  26 | train 0.0369 | val 0.0478 (sd 0.0257 current 0.0699) | val/persist 0.066 | lr 1.40e-03
Epoch  27 | train 0.0372 | val 0.0492 (sd 0.0236 current 0.0748) | val/persist 0.068 | lr 1.40e-03
Epoch  28 | train 0.0368 | val 0.0451 (sd 0.0237 current 0.0666) | val/persist 0.062 | lr 1.40e-03
Epoch  29 | train 0.0364 | val 0.0471 (sd 0.0243 current 0.0699) | val/persist 0.065 | lr 1.40e-03
Epoch  30 | train 0.0371 | val 0.0456 (sd 0.0243 current 0.0669) | val/persist 0.063 | lr 1.40e-03
Epoch  31 | train 0.0348 | val 0.0437 (sd 0.0230 current 0.0644) | val/persist 0.060 | lr 1.40e-03
Epoch  32 | train 0.0346 | val 0.0434 (sd 0.0226 current 0.0643) | val/persist 0.060 | lr 1.40e-03
Epoch  33 | train 0.0334 | val 0.0471 (sd 0.0249 current 0.0694) | val/persist 0.065 | lr 1.40e-03
Epoch  34 | train 0.0339 | val 0.0445 (sd 0.0234 current 0.0656) | val/persist 0.061 | lr 1.40e-03
Epoch  35 | train 0.0336 | val 0.0468 (sd 0.0228 current 0.0708) | val/persist 0.064 | lr 1.40e-03
Epoch  36 | train 0.0335 | val 0.0456 (sd 0.0235 current 0.0677) | val/persist 0.063 | lr 1.40e-03
Epoch  37 | train 0.0338 | val 0.0479 (sd 0.0240 current 0.0718) | val/persist 0.066 | lr 1.40e-03
Epoch  38 | train 0.0324 | val 0.0425 (sd 0.0224 current 0.0625) | val/persist 0.058 | lr 1.40e-03
Epoch  39 | train 0.0313 | val 0.0441 (sd 0.0225 current 0.0657) | val/persist 0.061 | lr 1.40e-03
Epoch  40 | train 0.0312 | val 0.0462 (sd 0.0232 current 0.0693) | val/persist 0.064 | lr 1.40e-03
Epoch  41 | train 0.0306 | val 0.0468 (sd 0.0225 current 0.0712) | val/persist 0.064 | lr 1.40e-03
Epoch  42 | train 0.0307 | val 0.0483 (sd 0.0227 current 0.0739) | val/persist 0.066 | lr 1.40e-03
Epoch  43 | train 0.0315 | val 0.0489 (sd 0.0238 current 0.0740) | val/persist 0.067 | lr 1.40e-03
Epoch  44 | train 0.0302 | val 0.0463 (sd 0.0236 current 0.0690) | val/persist 0.064 | lr 1.40e-03
Epoch  45 | train 0.0292 | val 0.0432 (sd 0.0240 current 0.0624) | val/persist 0.059 | lr 1.40e-03
Epoch  46 | train 0.0294 | val 0.0471 (sd 0.0240 current 0.0703) | val/persist 0.065 | lr 1.40e-03
Epoch  47 | train 0.0293 | val 0.0427 (sd 0.0229 current 0.0626) | val/persist 0.059 | lr 1.40e-03
Epoch  48 | train 0.0282 | val 0.0469 (sd 0.0240 current 0.0699) | val/persist 0.065 | lr 1.40e-03
Epoch  49 | train 0.0280 | val 0.0485 (sd 0.0234 current 0.0735) | val/persist 0.067 | lr 7.02e-04
Epoch  50 | train 0.0237 | val 0.0422 (sd 0.0225 current 0.0618) | val/persist 0.058 | lr 7.02e-04
Epoch  51 | train 0.0230 | val 0.0421 (sd 0.0227 current 0.0615) | val/persist 0.058 | lr 7.02e-04
Epoch  52 | train 0.0224 | val 0.0420 (sd 0.0226 current 0.0614) | val/persist 0.058 | lr 7.02e-04
Epoch  53 | train 0.0223 | val 0.0425 (sd 0.0232 current 0.0618) | val/persist 0.058 | lr 7.02e-04
Epoch  54 | train 0.0219 | val 0.0418 (sd 0.0226 current 0.0610) | val/persist 0.058 | lr 7.02e-04
Epoch  55 | train 0.0215 | val 0.0427 (sd 0.0229 current 0.0625) | val/persist 0.059 | lr 7.02e-04
Epoch  56 | train 0.0218 | val 0.0430 (sd 0.0234 current 0.0627) | val/persist 0.059 | lr 7.02e-04
Epoch  57 | train 0.0213 | val 0.0435 (sd 0.0242 current 0.0629) | val/persist 0.060 | lr 7.02e-04
Epoch  58 | train 0.0208 | val 0.0427 (sd 0.0225 current 0.0629) | val/persist 0.059 | lr 7.02e-04
Epoch  59 | train 0.0208 | val 0.0428 (sd 0.0228 current 0.0628) | val/persist 0.059 | lr 7.02e-04

Training completato. Best val: 0.0418 a epoch 54 (persistenza 0.7267)
[I 2026-09-30 12:48:19,918] Trial 80 finished with value: 0.04179260499188986 and parameters: {'gru_hidden': 128, 'mlp_hidden': 512, 'num_layers': 1, 'dropout': 0.006177487140905911, 'weight_decay': 6.020661338477047e-06, 'lr': 0.0014043622995639224, 'batch_size': 128, 'clip_norm': 1.0}. Best is trial 56 with value: 0.04039788358561997.
Split per-trial: 26879 finestre train | 6721 finestre val
Baseline persistenza (val): 0.7267 (sd 0.3393 | current 1.1141)
Epoch   0 | train 0.1689 | val 0.1044 (sd 0.0520 current 0.1568) | val/persist 0.144 | lr 1.01e-03
Epoch   1 | train 0.0864 | val 0.0912 (sd 0.0528 current 0.1295) | val/persist 0.125 | lr 1.01e-03
Epoch   2 | train 0.0751 | val 0.0842 (sd 0.0482 current 0.1202) | val/persist 0.116 | lr 1.01e-03
Epoch   3 | train 0.0714 | val 0.0767 (sd 0.0416 current 0.1118) | val/persist 0.106 | lr 1.01e-03
Epoch   4 | train 0.0659 | val 0.0720 (sd 0.0396 current 0.1043) | val/persist 0.099 | lr 1.01e-03
Epoch   5 | train 0.0637 | val 0.0712 (sd 0.0372 current 0.1052) | val/persist 0.098 | lr 1.01e-03
Epoch   6 | train 0.0614 | val 0.0690 (sd 0.0367 current 0.1014) | val/persist 0.095 | lr 1.01e-03
Epoch   7 | train 0.0578 | val 0.0622 (sd 0.0344 current 0.0900) | val/persist 0.086 | lr 1.01e-03
Epoch   8 | train 0.0558 | val 0.0602 (sd 0.0332 current 0.0873) | val/persist 0.083 | lr 1.01e-03
Epoch   9 | train 0.0543 | val 0.0586 (sd 0.0321 current 0.0851) | val/persist 0.081 | lr 1.01e-03
Epoch  10 | train 0.0517 | val 0.0598 (sd 0.0300 current 0.0896) | val/persist 0.082 | lr 1.01e-03
Epoch  11 | train 0.0507 | val 0.0554 (sd 0.0290 current 0.0817) | val/persist 0.076 | lr 1.01e-03
Epoch  12 | train 0.0494 | val 0.0554 (sd 0.0294 current 0.0815) | val/persist 0.076 | lr 1.01e-03
Epoch  13 | train 0.0484 | val 0.0556 (sd 0.0279 current 0.0832) | val/persist 0.076 | lr 1.01e-03
Epoch  14 | train 0.0488 | val 0.0529 (sd 0.0280 current 0.0778) | val/persist 0.073 | lr 1.01e-03
Epoch  15 | train 0.0482 | val 0.0558 (sd 0.0265 current 0.0851) | val/persist 0.077 | lr 1.01e-03
Epoch  16 | train 0.0452 | val 0.0501 (sd 0.0256 current 0.0747) | val/persist 0.069 | lr 1.01e-03
Epoch  17 | train 0.0455 | val 0.0502 (sd 0.0255 current 0.0749) | val/persist 0.069 | lr 1.01e-03
Epoch  18 | train 0.0457 | val 0.0511 (sd 0.0259 current 0.0763) | val/persist 0.070 | lr 1.01e-03
Epoch  19 | train 0.0443 | val 0.0492 (sd 0.0260 current 0.0725) | val/persist 0.068 | lr 1.01e-03
Epoch  20 | train 0.0458 | val 0.0519 (sd 0.0258 current 0.0779) | val/persist 0.071 | lr 1.01e-03
Epoch  21 | train 0.0432 | val 0.0482 (sd 0.0263 current 0.0700) | val/persist 0.066 | lr 1.01e-03
Epoch  22 | train 0.0423 | val 0.0466 (sd 0.0245 current 0.0687) | val/persist 0.064 | lr 1.01e-03
Epoch  23 | train 0.0424 | val 0.0480 (sd 0.0255 current 0.0705) | val/persist 0.066 | lr 1.01e-03
Epoch  24 | train 0.0416 | val 0.0480 (sd 0.0240 current 0.0719) | val/persist 0.066 | lr 1.01e-03
Epoch  25 | train 0.0413 | val 0.0461 (sd 0.0258 current 0.0664) | val/persist 0.063 | lr 1.01e-03
Epoch  26 | train 0.0412 | val 0.0485 (sd 0.0254 current 0.0716) | val/persist 0.067 | lr 1.01e-03
Epoch  27 | train 0.0405 | val 0.0457 (sd 0.0232 current 0.0682) | val/persist 0.063 | lr 1.01e-03
Epoch  28 | train 0.0403 | val 0.0511 (sd 0.0245 current 0.0777) | val/persist 0.070 | lr 1.01e-03
Epoch  29 | train 0.0402 | val 0.0461 (sd 0.0248 current 0.0674) | val/persist 0.063 | lr 1.01e-03
Epoch  30 | train 0.0397 | val 0.0462 (sd 0.0259 current 0.0664) | val/persist 0.064 | lr 1.01e-03
Epoch  31 | train 0.0402 | val 0.0514 (sd 0.0249 current 0.0779) | val/persist 0.071 | lr 1.01e-03
Epoch  32 | train 0.0393 | val 0.0533 (sd 0.0255 current 0.0810) | val/persist 0.073 | lr 1.01e-03
Epoch  33 | train 0.0391 | val 0.0493 (sd 0.0260 current 0.0726) | val/persist 0.068 | lr 1.01e-03
Epoch  34 | train 0.0394 | val 0.0470 (sd 0.0253 current 0.0687) | val/persist 0.065 | lr 1.01e-03
Epoch  35 | train 0.0389 | val 0.0449 (sd 0.0231 current 0.0667) | val/persist 0.062 | lr 1.01e-03
Epoch  36 | train 0.0391 | val 0.0472 (sd 0.0250 current 0.0693) | val/persist 0.065 | lr 1.01e-03
Epoch  37 | train 0.0382 | val 0.0458 (sd 0.0256 current 0.0660) | val/persist 0.063 | lr 1.01e-03
Epoch  38 | train 0.0384 | val 0.0495 (sd 0.0261 current 0.0729) | val/persist 0.068 | lr 1.01e-03
Epoch  39 | train 0.0382 | val 0.0459 (sd 0.0234 current 0.0683) | val/persist 0.063 | lr 1.01e-03
Epoch  40 | train 0.0371 | val 0.0455 (sd 0.0234 current 0.0676) | val/persist 0.063 | lr 1.01e-03
Epoch  41 | train 0.0375 | val 0.0449 (sd 0.0238 current 0.0659) | val/persist 0.062 | lr 1.01e-03
Epoch  42 | train 0.0365 | val 0.0476 (sd 0.0262 current 0.0690) | val/persist 0.065 | lr 1.01e-03
Epoch  43 | train 0.0372 | val 0.0435 (sd 0.0232 current 0.0639) | val/persist 0.060 | lr 1.01e-03
Epoch  44 | train 0.0371 | val 0.0471 (sd 0.0242 current 0.0701) | val/persist 0.065 | lr 1.01e-03
Epoch  45 | train 0.0365 | val 0.0453 (sd 0.0233 current 0.0673) | val/persist 0.062 | lr 1.01e-03
Epoch  46 | train 0.0362 | val 0.0433 (sd 0.0241 current 0.0626) | val/persist 0.060 | lr 1.01e-03
Epoch  47 | train 0.0352 | val 0.0434 (sd 0.0238 current 0.0630) | val/persist 0.060 | lr 1.01e-03
Epoch  48 | train 0.0354 | val 0.0477 (sd 0.0247 current 0.0706) | val/persist 0.066 | lr 1.01e-03
Epoch  49 | train 0.0356 | val 0.0427 (sd 0.0224 current 0.0631) | val/persist 0.059 | lr 1.01e-03
Epoch  50 | train 0.0356 | val 0.0435 (sd 0.0242 current 0.0627) | val/persist 0.060 | lr 1.01e-03
Epoch  51 | train 0.0354 | val 0.0436 (sd 0.0228 current 0.0645) | val/persist 0.060 | lr 1.01e-03
Epoch  52 | train 0.0346 | val 0.0463 (sd 0.0233 current 0.0693) | val/persist 0.064 | lr 1.01e-03
Epoch  53 | train 0.0345 | val 0.0460 (sd 0.0243 current 0.0677) | val/persist 0.063 | lr 1.01e-03
Epoch  54 | train 0.0344 | val 0.0441 (sd 0.0233 current 0.0649) | val/persist 0.061 | lr 1.01e-03
Epoch  55 | train 0.0344 | val 0.0426 (sd 0.0235 current 0.0617) | val/persist 0.059 | lr 1.01e-03
Epoch  56 | train 0.0340 | val 0.0423 (sd 0.0241 current 0.0606) | val/persist 0.058 | lr 1.01e-03
Epoch  57 | train 0.0338 | val 0.0480 (sd 0.0259 current 0.0701) | val/persist 0.066 | lr 1.01e-03
Epoch  58 | train 0.0342 | val 0.0441 (sd 0.0228 current 0.0654) | val/persist 0.061 | lr 1.01e-03
Epoch  59 | train 0.0335 | val 0.0438 (sd 0.0233 current 0.0643) | val/persist 0.060 | lr 1.01e-03

Training completato. Best val: 0.0423 a epoch 56 (persistenza 0.7267)
[I 2026-09-30 12:49:58,980] Trial 90 finished with value: 0.042338376837354245 and parameters: {'gru_hidden': 32, 'mlp_hidden': 512, 'num_layers': 1, 'dropout': 0.017106095842494465, 'weight_decay': 4.41916071053106e-05, 'lr': 0.001006924597188555, 'batch_size': 128, 'clip_norm': 5.0}. Best is trial 56 with value: 0.04039788358561997.
Split per-trial: 26879 finestre train | 6721 finestre val
Baseline persistenza (val): 0.7267 (sd 0.3393 | current 1.1141)
Epoch   0 | train 0.1843 | val 0.1087 (sd 0.0598 current 0.1575) | val/persist 0.150 | lr 8.86e-04
Epoch   1 | train 0.0925 | val 0.0973 (sd 0.0535 current 0.1411) | val/persist 0.134 | lr 8.86e-04
Epoch   2 | train 0.0820 | val 0.0976 (sd 0.0471 current 0.1481) | val/persist 0.134 | lr 8.86e-04
Epoch   3 | train 0.0738 | val 0.0793 (sd 0.0414 current 0.1172) | val/persist 0.109 | lr 8.86e-04
Epoch   4 | train 0.0666 | val 0.0729 (sd 0.0398 current 0.1061) | val/persist 0.100 | lr 8.86e-04
Epoch   5 | train 0.0629 | val 0.0688 (sd 0.0358 current 0.1017) | val/persist 0.095 | lr 8.86e-04
Epoch   6 | train 0.0599 | val 0.0717 (sd 0.0363 current 0.1072) | val/persist 0.099 | lr 8.86e-04
Epoch   7 | train 0.0582 | val 0.0667 (sd 0.0310 current 0.1024) | val/persist 0.092 | lr 8.86e-04
Epoch   8 | train 0.0538 | val 0.0588 (sd 0.0309 current 0.0867) | val/persist 0.081 | lr 8.86e-04
Epoch   9 | train 0.0533 | val 0.0595 (sd 0.0279 current 0.0911) | val/persist 0.082 | lr 8.86e-04
Epoch  10 | train 0.0518 | val 0.0556 (sd 0.0274 current 0.0838) | val/persist 0.077 | lr 8.86e-04
Epoch  11 | train 0.0497 | val 0.0544 (sd 0.0283 current 0.0805) | val/persist 0.075 | lr 8.86e-04
Epoch  12 | train 0.0482 | val 0.0565 (sd 0.0259 current 0.0871) | val/persist 0.078 | lr 8.86e-04
Epoch  13 | train 0.0478 | val 0.0521 (sd 0.0278 current 0.0764) | val/persist 0.072 | lr 8.86e-04
Epoch  14 | train 0.0466 | val 0.0530 (sd 0.0279 current 0.0780) | val/persist 0.073 | lr 8.86e-04
Epoch  15 | train 0.0448 | val 0.0514 (sd 0.0264 current 0.0764) | val/persist 0.071 | lr 8.86e-04
Epoch  16 | train 0.0445 | val 0.0491 (sd 0.0249 current 0.0733) | val/persist 0.068 | lr 8.86e-04
Epoch  17 | train 0.0435 | val 0.0501 (sd 0.0247 current 0.0756) | val/persist 0.069 | lr 8.86e-04
Epoch  18 | train 0.0445 | val 0.0468 (sd 0.0255 current 0.0681) | val/persist 0.064 | lr 8.86e-04
Epoch  19 | train 0.0430 | val 0.0530 (sd 0.0278 current 0.0782) | val/persist 0.073 | lr 8.86e-04
Epoch  20 | train 0.0428 | val 0.0521 (sd 0.0246 current 0.0796) | val/persist 0.072 | lr 8.86e-04
Epoch  21 | train 0.0423 | val 0.0480 (sd 0.0242 current 0.0718) | val/persist 0.066 | lr 8.86e-04
Epoch  22 | train 0.0414 | val 0.0479 (sd 0.0269 current 0.0689) | val/persist 0.066 | lr 8.86e-04
Epoch  23 | train 0.0409 | val 0.0453 (sd 0.0244 current 0.0661) | val/persist 0.062 | lr 8.86e-04
Epoch  24 | train 0.0398 | val 0.0486 (sd 0.0248 current 0.0723) | val/persist 0.067 | lr 8.86e-04
Epoch  25 | train 0.0394 | val 0.0470 (sd 0.0253 current 0.0687) | val/persist 0.065 | lr 8.86e-04
Epoch  26 | train 0.0394 | val 0.0469 (sd 0.0247 current 0.0691) | val/persist 0.064 | lr 8.86e-04
Epoch  27 | train 0.0395 | val 0.0468 (sd 0.0248 current 0.0688) | val/persist 0.064 | lr 8.86e-04
Epoch  28 | train 0.0388 | val 0.0459 (sd 0.0245 current 0.0673) | val/persist 0.063 | lr 8.86e-04
Epoch  29 | train 0.0389 | val 0.0452 (sd 0.0236 current 0.0668) | val/persist 0.062 | lr 8.86e-04
Epoch  30 | train 0.0387 | val 0.0431 (sd 0.0228 current 0.0635) | val/persist 0.059 | lr 8.86e-04
Epoch  31 | train 0.0376 | val 0.0442 (sd 0.0247 current 0.0636) | val/persist 0.061 | lr 8.86e-04
Epoch  32 | train 0.0383 | val 0.0425 (sd 0.0228 current 0.0621) | val/persist 0.058 | lr 8.86e-04
Epoch  33 | train 0.0368 | val 0.0447 (sd 0.0229 current 0.0665) | val/persist 0.061 | lr 8.86e-04
Epoch  34 | train 0.0362 | val 0.0484 (sd 0.0240 current 0.0729) | val/persist 0.067 | lr 8.86e-04
Epoch  35 | train 0.0365 | val 0.0457 (sd 0.0227 current 0.0686) | val/persist 0.063 | lr 8.86e-04
Epoch  36 | train 0.0369 | val 0.0477 (sd 0.0237 current 0.0717) | val/persist 0.066 | lr 8.86e-04
Epoch  37 | train 0.0359 | val 0.0434 (sd 0.0227 current 0.0642) | val/persist 0.060 | lr 8.86e-04
Epoch  38 | train 0.0361 | val 0.0432 (sd 0.0228 current 0.0636) | val/persist 0.059 | lr 8.86e-04
Epoch  39 | train 0.0348 | val 0.0432 (sd 0.0229 current 0.0634) | val/persist 0.059 | lr 8.86e-04
Epoch  40 | train 0.0342 | val 0.0435 (sd 0.0246 current 0.0624) | val/persist 0.060 | lr 8.86e-04
Epoch  41 | train 0.0345 | val 0.0439 (sd 0.0245 current 0.0633) | val/persist 0.060 | lr 8.86e-04
Epoch  42 | train 0.0345 | val 0.0461 (sd 0.0243 current 0.0678) | val/persist 0.063 | lr 8.86e-04
Epoch  43 | train 0.0343 | val 0.0437 (sd 0.0231 current 0.0644) | val/persist 0.060 | lr 4.43e-04
Epoch  44 | train 0.0306 | val 0.0422 (sd 0.0238 current 0.0607) | val/persist 0.058 | lr 4.43e-04
Epoch  45 | train 0.0304 | val 0.0408 (sd 0.0219 current 0.0597) | val/persist 0.056 | lr 4.43e-04
Epoch  46 | train 0.0304 | val 0.0412 (sd 0.0227 current 0.0597) | val/persist 0.057 | lr 4.43e-04
Epoch  47 | train 0.0302 | val 0.0419 (sd 0.0215 current 0.0623) | val/persist 0.058 | lr 4.43e-04
Epoch  48 | train 0.0299 | val 0.0409 (sd 0.0218 current 0.0600) | val/persist 0.056 | lr 4.43e-04
Epoch  49 | train 0.0297 | val 0.0414 (sd 0.0223 current 0.0604) | val/persist 0.057 | lr 4.43e-04
Epoch  50 | train 0.0295 | val 0.0421 (sd 0.0222 current 0.0621) | val/persist 0.058 | lr 4.43e-04
Epoch  51 | train 0.0293 | val 0.0429 (sd 0.0225 current 0.0632) | val/persist 0.059 | lr 4.43e-04
Epoch  52 | train 0.0292 | val 0.0401 (sd 0.0220 current 0.0582) | val/persist 0.055 | lr 4.43e-04
Epoch  53 | train 0.0294 | val 0.0411 (sd 0.0231 current 0.0591) | val/persist 0.057 | lr 4.43e-04
Epoch  54 | train 0.0290 | val 0.0407 (sd 0.0217 current 0.0597) | val/persist 0.056 | lr 4.43e-04
Epoch  55 | train 0.0291 | val 0.0403 (sd 0.0222 current 0.0583) | val/persist 0.055 | lr 4.43e-04
Epoch  56 | train 0.0285 | val 0.0420 (sd 0.0235 current 0.0604) | val/persist 0.058 | lr 4.43e-04
Epoch  57 | train 0.0282 | val 0.0421 (sd 0.0229 current 0.0612) | val/persist 0.058 | lr 4.43e-04
Epoch  58 | train 0.0285 | val 0.0406 (sd 0.0220 current 0.0591) | val/persist 0.056 | lr 4.43e-04
Epoch  59 | train 0.0277 | val 0.0413 (sd 0.0218 current 0.0608) | val/persist 0.057 | lr 4.43e-04

Training completato. Best val: 0.0401 a epoch 52 (persistenza 0.7267)
[I 2026-09-30 12:52:31,715] Trial 94 finished with value: 0.040101229078073335 and parameters: {'gru_hidden': 128, 'mlp_hidden': 256, 'num_layers': 1, 'dropout': 0.001781445204525306, 'weight_decay': 2.5321101787449694e-06, 'lr': 0.0008855151092822789, 'batch_size': 128, 'clip_norm': 1.0}. Best is trial 87 with value: 0.040098806303158.

Best val: 0.04010
  gru_hidden: 64
  mlp_hidden: 256
  num_layers: 1
  dropout: 0.014418562154646694
  weight_decay: 0.0003454394610832306
  lr: 0.0012314211438017896
  batch_size: 64
  clip_norm: 1.0
Report: /home/gemma/tesi/aquabot/src/net/fm/tuning/tuning_results/best_fm_h20_res.txt
