Studio: fm_h20_nores | device cpu | H=20 | residual=False
Caricamento dataset (p=1)...
Trovati 120 trial.
Dataset grezzo: 120 trial letti. Scaler e finestre costruiti in split_by_trial() (fit solo su train).
/home/gemma/tesi/aquabot/src/net/fm/tuning/tune.py:222: ExperimentalWarning: Argument ``multivariate`` is an experimental feature. The interface can change in the future.
  sampler = optuna.samplers.TPESampler(
/home/gemma/tesi/aquabot/src/net/fm/tuning/tune.py:222: ExperimentalWarning: Argument ``group`` is an experimental feature. The interface can change in the future.
  sampler = optuna.samplers.TPESampler(
/home/gemma/tesi/aquabot/src/net/fm/tuning/tune.py:222: ExperimentalWarning: Argument ``constant_liar`` is an experimental feature. The interface can change in the future.
  sampler = optuna.samplers.TPESampler(
[I 2026-10-01 10:42:55,017] Using an existing study with name 'fm_h20_nores' instead of creating a new one.
Normalizzatore caricato da /home/gemma/tesi/aquabot/src/net/scaler/scalers_joint.pkl (nessun refit).
Dataset: 33600 campioni da 120 trial. H=20 P=1 | seq_cmd=(20, 1) seq_sens=(20, 2)
Split per-trial: 26879 finestre train | 6721 finestre val
Baseline persistenza (val): 0.7267 (sd 0.3393 | current 1.1141)
Epoch   0 | train 0.2552 | val 0.1193 (sd 0.0707 current 0.1679) | val/persist 0.164 | lr 4.76e-03
Epoch   1 | train 0.1641 | val 0.0917 (sd 0.0538 current 0.1295) | val/persist 0.126 | lr 4.76e-03
Epoch   2 | train 0.1512 | val 0.1002 (sd 0.0597 current 0.1408) | val/persist 0.138 | lr 4.76e-03
Epoch   3 | train 0.1399 | val 0.0859 (sd 0.0443 current 0.1275) | val/persist 0.118 | lr 4.76e-03
Epoch   4 | train 0.1343 | val 0.0777 (sd 0.0434 current 0.1120) | val/persist 0.107 | lr 4.76e-03
Epoch   5 | train 0.1285 | val 0.0790 (sd 0.0455 current 0.1126) | val/persist 0.109 | lr 4.76e-03
Epoch   6 | train 0.1283 | val 0.0816 (sd 0.0532 current 0.1100) | val/persist 0.112 | lr 4.76e-03
Epoch   7 | train 0.1255 | val 0.0759 (sd 0.0531 current 0.0986) | val/persist 0.104 | lr 4.76e-03
Epoch   8 | train 0.1233 | val 0.0750 (sd 0.0419 current 0.1081) | val/persist 0.103 | lr 4.76e-03
Epoch   9 | train 0.1192 | val 0.0821 (sd 0.0585 current 0.1057) | val/persist 0.113 | lr 4.76e-03
Epoch  10 | train 0.1175 | val 0.0646 (sd 0.0419 current 0.0874) | val/persist 0.089 | lr 4.76e-03
Epoch  11 | train 0.1174 | val 0.0786 (sd 0.0413 current 0.1159) | val/persist 0.108 | lr 4.76e-03
Epoch  12 | train 0.1157 | val 0.0616 (sd 0.0401 current 0.0831) | val/persist 0.085 | lr 4.76e-03
Epoch  13 | train 0.1145 | val 0.0627 (sd 0.0379 current 0.0875) | val/persist 0.086 | lr 4.76e-03
Epoch  14 | train 0.1155 | val 0.0697 (sd 0.0450 current 0.0945) | val/persist 0.096 | lr 4.76e-03
Epoch  15 | train 0.1116 | val 0.0619 (sd 0.0402 current 0.0836) | val/persist 0.085 | lr 4.76e-03
Epoch  16 | train 0.1091 | val 0.0666 (sd 0.0437 current 0.0895) | val/persist 0.092 | lr 4.76e-03
Epoch  17 | train 0.1126 | val 0.0692 (sd 0.0506 current 0.0878) | val/persist 0.095 | lr 4.76e-03
Epoch  18 | train 0.1105 | val 0.0657 (sd 0.0415 current 0.0899) | val/persist 0.090 | lr 4.76e-03
Epoch  19 | train 0.1113 | val 0.0672 (sd 0.0440 current 0.0903) | val/persist 0.092 | lr 4.76e-03
Epoch  20 | train 0.1088 | val 0.0651 (sd 0.0433 current 0.0870) | val/persist 0.090 | lr 4.76e-03
Epoch  21 | train 0.1089 | val 0.0666 (sd 0.0494 current 0.0839) | val/persist 0.092 | lr 4.76e-03
Epoch  22 | train 0.1072 | val 0.0738 (sd 0.0430 current 0.1046) | val/persist 0.102 | lr 4.76e-03
Epoch  23 | train 0.1082 | val 0.0649 (sd 0.0420 current 0.0878) | val/persist 0.089 | lr 2.38e-03
Epoch  24 | train 0.0967 | val 0.0588 (sd 0.0418 current 0.0758) | val/persist 0.081 | lr 2.38e-03
Epoch  25 | train 0.0960 | val 0.0523 (sd 0.0335 current 0.0710) | val/persist 0.072 | lr 2.38e-03
Epoch  26 | train 0.0959 | val 0.0595 (sd 0.0403 current 0.0787) | val/persist 0.082 | lr 2.38e-03
Epoch  27 | train 0.0921 | val 0.0598 (sd 0.0355 current 0.0841) | val/persist 0.082 | lr 2.38e-03
Epoch  28 | train 0.0922 | val 0.0608 (sd 0.0412 current 0.0804) | val/persist 0.084 | lr 2.38e-03
Epoch  29 | train 0.0900 | val 0.0538 (sd 0.0343 current 0.0734) | val/persist 0.074 | lr 2.38e-03
Epoch  30 | train 0.0901 | val 0.0540 (sd 0.0388 current 0.0693) | val/persist 0.074 | lr 2.38e-03
Epoch  31 | train 0.0903 | val 0.0580 (sd 0.0368 current 0.0791) | val/persist 0.080 | lr 2.38e-03
Epoch  32 | train 0.0913 | val 0.0538 (sd 0.0352 current 0.0724) | val/persist 0.074 | lr 2.38e-03
Epoch  33 | train 0.0921 | val 0.0598 (sd 0.0418 current 0.0779) | val/persist 0.082 | lr 2.38e-03
Epoch  34 | train 0.0893 | val 0.0543 (sd 0.0360 current 0.0726) | val/persist 0.075 | lr 2.38e-03
Epoch  35 | train 0.0896 | val 0.0588 (sd 0.0356 current 0.0820) | val/persist 0.081 | lr 2.38e-03
Epoch  36 | train 0.0905 | val 0.0569 (sd 0.0365 current 0.0773) | val/persist 0.078 | lr 1.19e-03
Epoch  37 | train 0.0842 | val 0.0508 (sd 0.0327 current 0.0689) | val/persist 0.070 | lr 1.19e-03
Epoch  38 | train 0.0827 | val 0.0521 (sd 0.0335 current 0.0707) | val/persist 0.072 | lr 1.19e-03
Epoch  39 | train 0.0816 | val 0.0521 (sd 0.0349 current 0.0694) | val/persist 0.072 | lr 1.19e-03
Epoch  40 | train 0.0805 | val 0.0520 (sd 0.0338 current 0.0702) | val/persist 0.072 | lr 1.19e-03
Epoch  41 | train 0.0821 | val 0.0561 (sd 0.0383 current 0.0739) | val/persist 0.077 | lr 1.19e-03
Epoch  42 | train 0.0798 | val 0.0525 (sd 0.0323 current 0.0728) | val/persist 0.072 | lr 1.19e-03
Epoch  43 | train 0.0806 | val 0.0543 (sd 0.0347 current 0.0738) | val/persist 0.075 | lr 1.19e-03
Epoch  44 | train 0.0795 | val 0.0556 (sd 0.0373 current 0.0739) | val/persist 0.077 | lr 1.19e-03
Epoch  45 | train 0.0788 | val 0.0575 (sd 0.0413 current 0.0737) | val/persist 0.079 | lr 1.19e-03
Epoch  46 | train 0.0794 | val 0.0535 (sd 0.0336 current 0.0733) | val/persist 0.074 | lr 1.19e-03
Epoch  47 | train 0.0783 | val 0.0546 (sd 0.0349 current 0.0744) | val/persist 0.075 | lr 1.19e-03
Epoch  48 | train 0.0786 | val 0.0545 (sd 0.0338 current 0.0751) | val/persist 0.075 | lr 5.95e-04
Epoch  49 | train 0.0775 | val 0.0511 (sd 0.0336 current 0.0687) | val/persist 0.070 | lr 5.95e-04
Epoch  50 | train 0.0753 | val 0.0515 (sd 0.0334 current 0.0697) | val/persist 0.071 | lr 5.95e-04
Epoch  51 | train 0.0750 | val 0.0524 (sd 0.0334 current 0.0714) | val/persist 0.072 | lr 5.95e-04
Epoch  52 | train 0.0750 | val 0.0541 (sd 0.0328 current 0.0754) | val/persist 0.074 | lr 5.95e-04

Training completato. Best val: 0.0508 a epoch 37 (persistenza 0.7267)
[I 2026-10-01 10:53:54,475] Trial 1 finished with value: 0.05077160204686042 and parameters: {'gru_hidden': 256, 'mlp_hidden': 128, 'num_layers': 2, 'dropout': 0.394614554680115, 'weight_decay': 9.376054445705424e-06, 'lr': 0.004757987401755259, 'batch_size': 256, 'clip_norm': 0.5}. Best is trial 0 with value: 0.0412080110396433.
Split per-trial: 26879 finestre train | 6721 finestre val
Baseline persistenza (val): 0.7267 (sd 0.3393 | current 1.1141)
Epoch   0 | train 0.4626 | val 0.1877 (sd 0.0662 current 0.3093) | val/persist 0.258 | lr 4.94e-04
Epoch   1 | train 0.1888 | val 0.1249 (sd 0.0522 current 0.1976) | val/persist 0.172 | lr 4.94e-04
Epoch   2 | train 0.1526 | val 0.1068 (sd 0.0447 current 0.1689) | val/persist 0.147 | lr 4.94e-04
Epoch   3 | train 0.1354 | val 0.0998 (sd 0.0443 current 0.1553) | val/persist 0.137 | lr 4.94e-04
Epoch   4 | train 0.1271 | val 0.0942 (sd 0.0422 current 0.1463) | val/persist 0.130 | lr 4.94e-04
Epoch   5 | train 0.1212 | val 0.0873 (sd 0.0411 current 0.1335) | val/persist 0.120 | lr 4.94e-04
Epoch   6 | train 0.1133 | val 0.0809 (sd 0.0412 current 0.1206) | val/persist 0.111 | lr 4.94e-04
Epoch   7 | train 0.1101 | val 0.0790 (sd 0.0419 current 0.1161) | val/persist 0.109 | lr 4.94e-04
Epoch   8 | train 0.1074 | val 0.0844 (sd 0.0410 current 0.1279) | val/persist 0.116 | lr 4.94e-04
[I 2026-10-01 10:54:49,822] Trial 26 pruned. 
Split per-trial: 26879 finestre train | 6721 finestre val
Baseline persistenza (val): 0.7267 (sd 0.3393 | current 1.1141)
Epoch   0 | train 0.1372 | val 0.0950 (sd 0.0536 current 0.1364) | val/persist 0.131 | lr 6.55e-03
Epoch   1 | train 0.0904 | val 0.0848 (sd 0.0445 current 0.1250) | val/persist 0.117 | lr 6.55e-03
Epoch   2 | train 0.0840 | val 0.0701 (sd 0.0437 current 0.0966) | val/persist 0.097 | lr 6.55e-03
Epoch   3 | train 0.0768 | val 0.0682 (sd 0.0375 current 0.0989) | val/persist 0.094 | lr 6.55e-03
Epoch   4 | train 0.0719 | val 0.0658 (sd 0.0364 current 0.0953) | val/persist 0.091 | lr 6.55e-03
Epoch   5 | train 0.0684 | val 0.0661 (sd 0.0384 current 0.0938) | val/persist 0.091 | lr 6.55e-03
Epoch   6 | train 0.0667 | val 0.0747 (sd 0.0453 current 0.1041) | val/persist 0.103 | lr 6.55e-03
Epoch   7 | train 0.0674 | val 0.0705 (sd 0.0368 current 0.1042) | val/persist 0.097 | lr 6.55e-03
Epoch   8 | train 0.0647 | val 0.0702 (sd 0.0428 current 0.0976) | val/persist 0.097 | lr 6.55e-03
Epoch   9 | train 0.0628 | val 0.0598 (sd 0.0326 current 0.0870) | val/persist 0.082 | lr 6.55e-03
Epoch  10 | train 0.0631 | val 0.0573 (sd 0.0321 current 0.0826) | val/persist 0.079 | lr 6.55e-03
Epoch  11 | train 0.0594 | val 0.0622 (sd 0.0413 current 0.0831) | val/persist 0.086 | lr 6.55e-03
Epoch  12 | train 0.0599 | val 0.0574 (sd 0.0339 current 0.0809) | val/persist 0.079 | lr 6.55e-03
Epoch  13 | train 0.0565 | val 0.0572 (sd 0.0369 current 0.0775) | val/persist 0.079 | lr 6.55e-03
Epoch  14 | train 0.0570 | val 0.0534 (sd 0.0288 current 0.0780) | val/persist 0.073 | lr 6.55e-03
Epoch  15 | train 0.0577 | val 0.0584 (sd 0.0331 current 0.0837) | val/persist 0.080 | lr 6.55e-03
Epoch  16 | train 0.0545 | val 0.0576 (sd 0.0294 current 0.0859) | val/persist 0.079 | lr 6.55e-03
Epoch  17 | train 0.0552 | val 0.0544 (sd 0.0298 current 0.0790) | val/persist 0.075 | lr 6.55e-03
Epoch  18 | train 0.0541 | val 0.0561 (sd 0.0297 current 0.0824) | val/persist 0.077 | lr 6.55e-03
Epoch  19 | train 0.0548 | val 0.0594 (sd 0.0311 current 0.0876) | val/persist 0.082 | lr 6.55e-03
Epoch  20 | train 0.0517 | val 0.0520 (sd 0.0284 current 0.0757) | val/persist 0.072 | lr 6.55e-03
Epoch  21 | train 0.0510 | val 0.0573 (sd 0.0293 current 0.0852) | val/persist 0.079 | lr 6.55e-03
Epoch  22 | train 0.0517 | val 0.0555 (sd 0.0302 current 0.0809) | val/persist 0.076 | lr 6.55e-03
Epoch  23 | train 0.0493 | val 0.0557 (sd 0.0303 current 0.0811) | val/persist 0.077 | lr 6.55e-03
Epoch  24 | train 0.0496 | val 0.0574 (sd 0.0312 current 0.0836) | val/persist 0.079 | lr 6.55e-03
Epoch  25 | train 0.0509 | val 0.0504 (sd 0.0275 current 0.0734) | val/persist 0.069 | lr 6.55e-03
Epoch  26 | train 0.0482 | val 0.0527 (sd 0.0310 current 0.0743) | val/persist 0.072 | lr 6.55e-03
Epoch  27 | train 0.0480 | val 0.0533 (sd 0.0283 current 0.0783) | val/persist 0.073 | lr 6.55e-03
Epoch  28 | train 0.0464 | val 0.0528 (sd 0.0283 current 0.0772) | val/persist 0.073 | lr 6.55e-03
Epoch  29 | train 0.0474 | val 0.0580 (sd 0.0269 current 0.0891) | val/persist 0.080 | lr 6.55e-03
Epoch  30 | train 0.0484 | val 0.0612 (sd 0.0294 current 0.0930) | val/persist 0.084 | lr 6.55e-03
Epoch  31 | train 0.0484 | val 0.0577 (sd 0.0261 current 0.0892) | val/persist 0.079 | lr 6.55e-03
Epoch  32 | train 0.0462 | val 0.0530 (sd 0.0304 current 0.0756) | val/persist 0.073 | lr 6.55e-03
Epoch  33 | train 0.0447 | val 0.0586 (sd 0.0264 current 0.0907) | val/persist 0.081 | lr 6.55e-03
Epoch  34 | train 0.0454 | val 0.0518 (sd 0.0256 current 0.0780) | val/persist 0.071 | lr 6.55e-03
Epoch  35 | train 0.0444 | val 0.0539 (sd 0.0261 current 0.0817) | val/persist 0.074 | lr 6.55e-03
Epoch  36 | train 0.0449 | val 0.0502 (sd 0.0288 current 0.0715) | val/persist 0.069 | lr 6.55e-03
Epoch  37 | train 0.0441 | val 0.0520 (sd 0.0263 current 0.0776) | val/persist 0.072 | lr 6.55e-03
Epoch  38 | train 0.0426 | val 0.0560 (sd 0.0279 current 0.0841) | val/persist 0.077 | lr 6.55e-03
Epoch  39 | train 0.0434 | val 0.0520 (sd 0.0261 current 0.0780) | val/persist 0.072 | lr 6.55e-03
Epoch  40 | train 0.0441 | val 0.0528 (sd 0.0287 current 0.0769) | val/persist 0.073 | lr 6.55e-03
Epoch  41 | train 0.0415 | val 0.0592 (sd 0.0356 current 0.0829) | val/persist 0.082 | lr 6.55e-03
Epoch  42 | train 0.0416 | val 0.0541 (sd 0.0295 current 0.0786) | val/persist 0.074 | lr 6.55e-03
Epoch  43 | train 0.0424 | val 0.0566 (sd 0.0311 current 0.0820) | val/persist 0.078 | lr 6.55e-03
Epoch  44 | train 0.0426 | val 0.0521 (sd 0.0270 current 0.0772) | val/persist 0.072 | lr 6.55e-03
Epoch  45 | train 0.0419 | val 0.0544 (sd 0.0286 current 0.0801) | val/persist 0.075 | lr 6.55e-03
Epoch  46 | train 0.0419 | val 0.0577 (sd 0.0274 current 0.0880) | val/persist 0.079 | lr 6.55e-03
Epoch  47 | train 0.0394 | val 0.0545 (sd 0.0271 current 0.0819) | val/persist 0.075 | lr 3.28e-03
Epoch  48 | train 0.0324 | val 0.0464 (sd 0.0251 current 0.0676) | val/persist 0.064 | lr 3.28e-03
Epoch  49 | train 0.0305 | val 0.0482 (sd 0.0253 current 0.0710) | val/persist 0.066 | lr 3.28e-03
Epoch  50 | train 0.0297 | val 0.0474 (sd 0.0247 current 0.0701) | val/persist 0.065 | lr 3.28e-03
Epoch  51 | train 0.0297 | val 0.0493 (sd 0.0248 current 0.0738) | val/persist 0.068 | lr 3.28e-03
Epoch  52 | train 0.0290 | val 0.0497 (sd 0.0269 current 0.0725) | val/persist 0.068 | lr 3.28e-03
Epoch  53 | train 0.0284 | val 0.0479 (sd 0.0247 current 0.0712) | val/persist 0.066 | lr 3.28e-03
Epoch  54 | train 0.0283 | val 0.0509 (sd 0.0271 current 0.0746) | val/persist 0.070 | lr 3.28e-03
Epoch  55 | train 0.0291 | val 0.0492 (sd 0.0262 current 0.0723) | val/persist 0.068 | lr 3.28e-03
Epoch  56 | train 0.0282 | val 0.0489 (sd 0.0267 current 0.0712) | val/persist 0.067 | lr 3.28e-03
Epoch  57 | train 0.0279 | val 0.0513 (sd 0.0263 current 0.0762) | val/persist 0.071 | lr 3.28e-03
Epoch  58 | train 0.0281 | val 0.0488 (sd 0.0247 current 0.0730) | val/persist 0.067 | lr 3.28e-03
Epoch  59 | train 0.0279 | val 0.0512 (sd 0.0273 current 0.0752) | val/persist 0.071 | lr 1.64e-03

Training completato. Best val: 0.0464 a epoch 48 (persistenza 0.7267)
[I 2026-10-01 10:57:40,368] Trial 32 finished with value: 0.04635207384066503 and parameters: {'gru_hidden': 128, 'mlp_hidden': 256, 'num_layers': 1, 'dropout': 0.09453315559158196, 'weight_decay': 0.0008155774621778972, 'lr': 0.006552979548774884, 'batch_size': 128, 'clip_norm': 1.0}. Best is trial 0 with value: 0.0412080110396433.
Split per-trial: 26879 finestre train | 6721 finestre val
Baseline persistenza (val): 0.7267 (sd 0.3393 | current 1.1141)
Epoch   0 | train 0.3898 | val 0.1981 (sd 0.0593 current 0.3369) | val/persist 0.273 | lr 4.91e-04
Epoch   1 | train 0.1458 | val 0.1229 (sd 0.0505 current 0.1952) | val/persist 0.169 | lr 4.91e-04
Epoch   2 | train 0.1088 | val 0.1044 (sd 0.0456 current 0.1631) | val/persist 0.144 | lr 4.91e-04
Epoch   3 | train 0.0973 | val 0.0957 (sd 0.0435 current 0.1479) | val/persist 0.132 | lr 4.91e-04
Epoch   4 | train 0.0916 | val 0.0914 (sd 0.0426 current 0.1403) | val/persist 0.126 | lr 4.91e-04
Epoch   5 | train 0.0863 | val 0.0872 (sd 0.0419 current 0.1326) | val/persist 0.120 | lr 4.91e-04
Epoch   6 | train 0.0835 | val 0.0833 (sd 0.0414 current 0.1251) | val/persist 0.115 | lr 4.91e-04
Epoch   7 | train 0.0810 | val 0.0828 (sd 0.0418 current 0.1237) | val/persist 0.114 | lr 4.91e-04
Epoch   8 | train 0.0796 | val 0.0795 (sd 0.0408 current 0.1182) | val/persist 0.109 | lr 4.91e-04
[I 2026-10-01 10:57:51,896] Trial 38 pruned. 
Split per-trial: 26879 finestre train | 6721 finestre val
Baseline persistenza (val): 0.7267 (sd 0.3393 | current 1.1141)
Epoch   0 | train 0.2840 | val 0.1464 (sd 0.0531 current 0.2396) | val/persist 0.201 | lr 4.45e-04
Epoch   1 | train 0.1112 | val 0.1067 (sd 0.0448 current 0.1685) | val/persist 0.147 | lr 4.45e-04
Epoch   2 | train 0.0929 | val 0.0986 (sd 0.0435 current 0.1536) | val/persist 0.136 | lr 4.45e-04
Epoch   3 | train 0.0848 | val 0.0889 (sd 0.0437 current 0.1341) | val/persist 0.122 | lr 4.45e-04
Epoch   4 | train 0.0795 | val 0.0845 (sd 0.0413 current 0.1276) | val/persist 0.116 | lr 4.45e-04
Epoch   5 | train 0.0766 | val 0.0810 (sd 0.0408 current 0.1213) | val/persist 0.111 | lr 4.45e-04
Epoch   6 | train 0.0743 | val 0.0800 (sd 0.0408 current 0.1192) | val/persist 0.110 | lr 4.45e-04
Epoch   7 | train 0.0720 | val 0.0784 (sd 0.0408 current 0.1159) | val/persist 0.108 | lr 4.45e-04
Epoch   8 | train 0.0698 | val 0.0747 (sd 0.0399 current 0.1095) | val/persist 0.103 | lr 4.45e-04
[I 2026-10-01 10:58:06,109] Trial 39 pruned. 
Split per-trial: 26879 finestre train | 6721 finestre val
Baseline persistenza (val): 0.7267 (sd 0.3393 | current 1.1141)
Epoch   0 | train 0.2343 | val 0.1098 (sd 0.0455 current 0.1742) | val/persist 0.151 | lr 8.20e-04
Epoch   1 | train 0.1069 | val 0.0982 (sd 0.0438 current 0.1527) | val/persist 0.135 | lr 8.20e-04
Epoch   2 | train 0.0920 | val 0.0817 (sd 0.0434 current 0.1201) | val/persist 0.112 | lr 8.20e-04
Epoch   3 | train 0.0827 | val 0.0740 (sd 0.0396 current 0.1085) | val/persist 0.102 | lr 8.20e-04
Epoch   4 | train 0.0778 | val 0.0709 (sd 0.0376 current 0.1043) | val/persist 0.098 | lr 8.20e-04
Epoch   5 | train 0.0758 | val 0.0714 (sd 0.0399 current 0.1029) | val/persist 0.098 | lr 8.20e-04
Epoch   6 | train 0.0726 | val 0.0691 (sd 0.0370 current 0.1012) | val/persist 0.095 | lr 8.20e-04
Epoch   7 | train 0.0705 | val 0.0652 (sd 0.0362 current 0.0942) | val/persist 0.090 | lr 8.20e-04
Epoch   8 | train 0.0674 | val 0.0621 (sd 0.0352 current 0.0889) | val/persist 0.085 | lr 8.20e-04
Epoch   9 | train 0.0662 | val 0.0625 (sd 0.0352 current 0.0897) | val/persist 0.086 | lr 8.20e-04
Epoch  10 | train 0.0640 | val 0.0567 (sd 0.0332 current 0.0803) | val/persist 0.078 | lr 8.20e-04
Epoch  11 | train 0.0635 | val 0.0602 (sd 0.0346 current 0.0857) | val/persist 0.083 | lr 8.20e-04
Epoch  12 | train 0.0619 | val 0.0573 (sd 0.0355 current 0.0791) | val/persist 0.079 | lr 8.20e-04
Epoch  13 | train 0.0609 | val 0.0579 (sd 0.0328 current 0.0830) | val/persist 0.080 | lr 8.20e-04
Epoch  14 | train 0.0600 | val 0.0547 (sd 0.0326 current 0.0768) | val/persist 0.075 | lr 8.20e-04
Epoch  15 | train 0.0594 | val 0.0543 (sd 0.0320 current 0.0765) | val/persist 0.075 | lr 8.20e-04
Epoch  16 | train 0.0569 | val 0.0530 (sd 0.0324 current 0.0737) | val/persist 0.073 | lr 8.20e-04
Epoch  17 | train 0.0561 | val 0.0516 (sd 0.0324 current 0.0709) | val/persist 0.071 | lr 8.20e-04
Epoch  18 | train 0.0568 | val 0.0522 (sd 0.0320 current 0.0724) | val/persist 0.072 | lr 8.20e-04
Epoch  19 | train 0.0542 | val 0.0501 (sd 0.0312 current 0.0690) | val/persist 0.069 | lr 8.20e-04
Epoch  20 | train 0.0537 | val 0.0487 (sd 0.0310 current 0.0665) | val/persist 0.067 | lr 8.20e-04
Epoch  21 | train 0.0531 | val 0.0489 (sd 0.0310 current 0.0668) | val/persist 0.067 | lr 8.20e-04
Epoch  22 | train 0.0531 | val 0.0527 (sd 0.0324 current 0.0731) | val/persist 0.073 | lr 8.20e-04
Epoch  23 | train 0.0531 | val 0.0525 (sd 0.0333 current 0.0717) | val/persist 0.072 | lr 8.20e-04
Epoch  24 | train 0.0518 | val 0.0494 (sd 0.0307 current 0.0681) | val/persist 0.068 | lr 8.20e-04
Epoch  25 | train 0.0512 | val 0.0502 (sd 0.0321 current 0.0684) | val/persist 0.069 | lr 8.20e-04
Epoch  26 | train 0.0510 | val 0.0491 (sd 0.0327 current 0.0655) | val/persist 0.068 | lr 8.20e-04
Epoch  27 | train 0.0509 | val 0.0503 (sd 0.0316 current 0.0689) | val/persist 0.069 | lr 8.20e-04
Epoch  28 | train 0.0496 | val 0.0473 (sd 0.0310 current 0.0635) | val/persist 0.065 | lr 8.20e-04
Epoch  29 | train 0.0490 | val 0.0474 (sd 0.0323 current 0.0624) | val/persist 0.065 | lr 8.20e-04
Epoch  30 | train 0.0496 | val 0.0481 (sd 0.0312 current 0.0650) | val/persist 0.066 | lr 8.20e-04
Epoch  31 | train 0.0488 | val 0.0479 (sd 0.0320 current 0.0638) | val/persist 0.066 | lr 8.20e-04
Epoch  32 | train 0.0482 | val 0.0472 (sd 0.0320 current 0.0624) | val/persist 0.065 | lr 8.20e-04
Epoch  33 | train 0.0477 | val 0.0483 (sd 0.0316 current 0.0651) | val/persist 0.067 | lr 8.20e-04
Epoch  34 | train 0.0481 | val 0.0474 (sd 0.0312 current 0.0636) | val/persist 0.065 | lr 8.20e-04
Epoch  35 | train 0.0474 | val 0.0482 (sd 0.0331 current 0.0632) | val/persist 0.066 | lr 8.20e-04
Epoch  36 | train 0.0476 | val 0.0486 (sd 0.0305 current 0.0666) | val/persist 0.067 | lr 8.20e-04
Epoch  37 | train 0.0463 | val 0.0482 (sd 0.0315 current 0.0649) | val/persist 0.066 | lr 8.20e-04
Epoch  38 | train 0.0469 | val 0.0464 (sd 0.0315 current 0.0613) | val/persist 0.064 | lr 8.20e-04
Epoch  39 | train 0.0463 | val 0.0478 (sd 0.0306 current 0.0651) | val/persist 0.066 | lr 8.20e-04
Epoch  40 | train 0.0462 | val 0.0490 (sd 0.0318 current 0.0662) | val/persist 0.067 | lr 8.20e-04
Epoch  41 | train 0.0452 | val 0.0463 (sd 0.0294 current 0.0632) | val/persist 0.064 | lr 8.20e-04
Epoch  42 | train 0.0448 | val 0.0458 (sd 0.0303 current 0.0613) | val/persist 0.063 | lr 8.20e-04
Epoch  43 | train 0.0450 | val 0.0450 (sd 0.0310 current 0.0590) | val/persist 0.062 | lr 8.20e-04
Epoch  44 | train 0.0444 | val 0.0470 (sd 0.0304 current 0.0636) | val/persist 0.065 | lr 8.20e-04
Epoch  45 | train 0.0456 | val 0.0484 (sd 0.0294 current 0.0674) | val/persist 0.067 | lr 8.20e-04
Epoch  46 | train 0.0446 | val 0.0461 (sd 0.0297 current 0.0624) | val/persist 0.063 | lr 8.20e-04
Epoch  47 | train 0.0441 | val 0.0474 (sd 0.0310 current 0.0638) | val/persist 0.065 | lr 8.20e-04
Epoch  48 | train 0.0441 | val 0.0469 (sd 0.0303 current 0.0636) | val/persist 0.065 | lr 8.20e-04
Epoch  49 | train 0.0437 | val 0.0459 (sd 0.0301 current 0.0618) | val/persist 0.063 | lr 8.20e-04
Epoch  50 | train 0.0435 | val 0.0472 (sd 0.0297 current 0.0646) | val/persist 0.065 | lr 8.20e-04
Epoch  51 | train 0.0434 | val 0.0471 (sd 0.0307 current 0.0635) | val/persist 0.065 | lr 8.20e-04
Epoch  52 | train 0.0432 | val 0.0484 (sd 0.0306 current 0.0662) | val/persist 0.067 | lr 8.20e-04
Epoch  53 | train 0.0426 | val 0.0472 (sd 0.0303 current 0.0641) | val/persist 0.065 | lr 8.20e-04
Epoch  54 | train 0.0425 | val 0.0453 (sd 0.0292 current 0.0613) | val/persist 0.062 | lr 4.10e-04
Epoch  55 | train 0.0390 | val 0.0446 (sd 0.0294 current 0.0599) | val/persist 0.061 | lr 4.10e-04
Epoch  56 | train 0.0386 | val 0.0440 (sd 0.0291 current 0.0589) | val/persist 0.061 | lr 4.10e-04
Epoch  57 | train 0.0387 | val 0.0460 (sd 0.0295 current 0.0626) | val/persist 0.063 | lr 4.10e-04
Epoch  58 | train 0.0393 | val 0.0444 (sd 0.0292 current 0.0596) | val/persist 0.061 | lr 4.10e-04
Epoch  59 | train 0.0390 | val 0.0452 (sd 0.0291 current 0.0613) | val/persist 0.062 | lr 4.10e-04

Training completato. Best val: 0.0440 a epoch 56 (persistenza 0.7267)
[I 2026-10-01 11:01:25,829] Trial 41 finished with value: 0.04402100897600311 and parameters: {'gru_hidden': 128, 'mlp_hidden': 64, 'num_layers': 1, 'dropout': 0.04603582985743036, 'weight_decay': 0.023627411860849643, 'lr': 0.0008202826530838891, 'batch_size': 64, 'clip_norm': 1.0}. Best is trial 0 with value: 0.0412080110396433.
Split per-trial: 26879 finestre train | 6721 finestre val
Baseline persistenza (val): 0.7267 (sd 0.3393 | current 1.1141)
Epoch   0 | train 0.1233 | val 0.0869 (sd 0.0496 current 0.1242) | val/persist 0.120 | lr 4.30e-03
Epoch   1 | train 0.0874 | val 0.0860 (sd 0.0430 current 0.1289) | val/persist 0.118 | lr 4.30e-03
Epoch   2 | train 0.0786 | val 0.0790 (sd 0.0365 current 0.1214) | val/persist 0.109 | lr 4.30e-03
Epoch   3 | train 0.0721 | val 0.0773 (sd 0.0369 current 0.1176) | val/persist 0.106 | lr 4.30e-03
Epoch   4 | train 0.0695 | val 0.0590 (sd 0.0351 current 0.0829) | val/persist 0.081 | lr 4.30e-03
Epoch   5 | train 0.0641 | val 0.0608 (sd 0.0393 current 0.0822) | val/persist 0.084 | lr 4.30e-03
Epoch   6 | train 0.0658 | val 0.0590 (sd 0.0361 current 0.0818) | val/persist 0.081 | lr 4.30e-03
Epoch   7 | train 0.0613 | val 0.0620 (sd 0.0388 current 0.0853) | val/persist 0.085 | lr 4.30e-03
Epoch   8 | train 0.0587 | val 0.0595 (sd 0.0311 current 0.0878) | val/persist 0.082 | lr 4.30e-03
Epoch   9 | train 0.0577 | val 0.0608 (sd 0.0351 current 0.0865) | val/persist 0.084 | lr 4.30e-03
Epoch  10 | train 0.0554 | val 0.0641 (sd 0.0312 current 0.0969) | val/persist 0.088 | lr 4.30e-03
Epoch  11 | train 0.0564 | val 0.0541 (sd 0.0297 current 0.0786) | val/persist 0.075 | lr 4.30e-03
Epoch  12 | train 0.0557 | val 0.0574 (sd 0.0332 current 0.0816) | val/persist 0.079 | lr 4.30e-03
Epoch  13 | train 0.0547 | val 0.0597 (sd 0.0348 current 0.0845) | val/persist 0.082 | lr 4.30e-03
Epoch  14 | train 0.0520 | val 0.0656 (sd 0.0334 current 0.0978) | val/persist 0.090 | lr 4.30e-03
Epoch  15 | train 0.0511 | val 0.0517 (sd 0.0271 current 0.0764) | val/persist 0.071 | lr 4.30e-03
Epoch  16 | train 0.0521 | val 0.0510 (sd 0.0261 current 0.0759) | val/persist 0.070 | lr 4.30e-03
Epoch  17 | train 0.0512 | val 0.0573 (sd 0.0306 current 0.0840) | val/persist 0.079 | lr 4.30e-03
Epoch  18 | train 0.0491 | val 0.0546 (sd 0.0287 current 0.0806) | val/persist 0.075 | lr 4.30e-03
Epoch  19 | train 0.0490 | val 0.0575 (sd 0.0279 current 0.0871) | val/persist 0.079 | lr 4.30e-03
Epoch  20 | train 0.0512 | val 0.0515 (sd 0.0296 current 0.0734) | val/persist 0.071 | lr 4.30e-03
Epoch  21 | train 0.0492 | val 0.0492 (sd 0.0277 current 0.0707) | val/persist 0.068 | lr 4.30e-03
Epoch  22 | train 0.0481 | val 0.0471 (sd 0.0256 current 0.0686) | val/persist 0.065 | lr 4.30e-03
Epoch  23 | train 0.0483 | val 0.0630 (sd 0.0302 current 0.0958) | val/persist 0.087 | lr 4.30e-03
Epoch  24 | train 0.0483 | val 0.0554 (sd 0.0272 current 0.0835) | val/persist 0.076 | lr 4.30e-03
Epoch  25 | train 0.0479 | val 0.0497 (sd 0.0268 current 0.0725) | val/persist 0.068 | lr 4.30e-03
Epoch  26 | train 0.0453 | val 0.0522 (sd 0.0269 current 0.0776) | val/persist 0.072 | lr 4.30e-03
Epoch  27 | train 0.0442 | val 0.0547 (sd 0.0275 current 0.0820) | val/persist 0.075 | lr 4.30e-03
Epoch  28 | train 0.0458 | val 0.0524 (sd 0.0278 current 0.0770) | val/persist 0.072 | lr 4.30e-03
Epoch  29 | train 0.0448 | val 0.0532 (sd 0.0278 current 0.0785) | val/persist 0.073 | lr 4.30e-03
Epoch  30 | train 0.0430 | val 0.0531 (sd 0.0268 current 0.0794) | val/persist 0.073 | lr 4.30e-03
Epoch  31 | train 0.0434 | val 0.0510 (sd 0.0305 current 0.0714) | val/persist 0.070 | lr 4.30e-03
Epoch  32 | train 0.0438 | val 0.0503 (sd 0.0278 current 0.0727) | val/persist 0.069 | lr 4.30e-03
Epoch  33 | train 0.0426 | val 0.0559 (sd 0.0326 current 0.0793) | val/persist 0.077 | lr 2.15e-03
Epoch  34 | train 0.0354 | val 0.0474 (sd 0.0251 current 0.0697) | val/persist 0.065 | lr 2.15e-03
Epoch  35 | train 0.0343 | val 0.0478 (sd 0.0250 current 0.0706) | val/persist 0.066 | lr 2.15e-03
Epoch  36 | train 0.0339 | val 0.0464 (sd 0.0238 current 0.0691) | val/persist 0.064 | lr 2.15e-03
Epoch  37 | train 0.0330 | val 0.0515 (sd 0.0249 current 0.0781) | val/persist 0.071 | lr 2.15e-03
Epoch  38 | train 0.0335 | val 0.0468 (sd 0.0251 current 0.0685) | val/persist 0.064 | lr 2.15e-03
Epoch  39 | train 0.0329 | val 0.0462 (sd 0.0254 current 0.0669) | val/persist 0.064 | lr 2.15e-03
Epoch  40 | train 0.0330 | val 0.0481 (sd 0.0257 current 0.0706) | val/persist 0.066 | lr 2.15e-03
Epoch  41 | train 0.0319 | val 0.0522 (sd 0.0252 current 0.0792) | val/persist 0.072 | lr 2.15e-03
Epoch  42 | train 0.0318 | val 0.0509 (sd 0.0262 current 0.0756) | val/persist 0.070 | lr 2.15e-03
Epoch  43 | train 0.0316 | val 0.0489 (sd 0.0257 current 0.0720) | val/persist 0.067 | lr 2.15e-03
Epoch  44 | train 0.0314 | val 0.0479 (sd 0.0260 current 0.0699) | val/persist 0.066 | lr 2.15e-03
Epoch  45 | train 0.0311 | val 0.0486 (sd 0.0257 current 0.0715) | val/persist 0.067 | lr 2.15e-03
Epoch  46 | train 0.0307 | val 0.0498 (sd 0.0256 current 0.0740) | val/persist 0.069 | lr 2.15e-03
Epoch  47 | train 0.0301 | val 0.0516 (sd 0.0265 current 0.0767) | val/persist 0.071 | lr 2.15e-03
Epoch  48 | train 0.0301 | val 0.0508 (sd 0.0256 current 0.0759) | val/persist 0.070 | lr 2.15e-03
Epoch  49 | train 0.0294 | val 0.0491 (sd 0.0261 current 0.0721) | val/persist 0.068 | lr 2.15e-03
Epoch  50 | train 0.0289 | val 0.0525 (sd 0.0279 current 0.0772) | val/persist 0.072 | lr 1.07e-03
[I 2026-10-01 11:03:47,717] Trial 50 pruned. 
Split per-trial: 26879 finestre train | 6721 finestre val
Baseline persistenza (val): 0.7267 (sd 0.3393 | current 1.1141)
Epoch   0 | train 0.1785 | val 0.1156 (sd 0.0466 current 0.1846) | val/persist 0.159 | lr 1.68e-03
Epoch   1 | train 0.0906 | val 0.0924 (sd 0.0466 current 0.1382) | val/persist 0.127 | lr 1.68e-03
Epoch   2 | train 0.0784 | val 0.0697 (sd 0.0404 current 0.0991) | val/persist 0.096 | lr 1.68e-03
Epoch   3 | train 0.0708 | val 0.0671 (sd 0.0402 current 0.0940) | val/persist 0.092 | lr 1.68e-03
Epoch   4 | train 0.0630 | val 0.0637 (sd 0.0336 current 0.0937) | val/persist 0.088 | lr 1.68e-03
Epoch   5 | train 0.0620 | val 0.0617 (sd 0.0406 current 0.0829) | val/persist 0.085 | lr 1.68e-03
Epoch   6 | train 0.0590 | val 0.0620 (sd 0.0363 current 0.0876) | val/persist 0.085 | lr 1.68e-03
Epoch   7 | train 0.0580 | val 0.0609 (sd 0.0340 current 0.0878) | val/persist 0.084 | lr 1.68e-03
Epoch   8 | train 0.0555 | val 0.0579 (sd 0.0346 current 0.0812) | val/persist 0.080 | lr 1.68e-03
Epoch   9 | train 0.0524 | val 0.0517 (sd 0.0313 current 0.0721) | val/persist 0.071 | lr 1.68e-03
Epoch  10 | train 0.0530 | val 0.0525 (sd 0.0345 current 0.0705) | val/persist 0.072 | lr 1.68e-03
Epoch  11 | train 0.0516 | val 0.0524 (sd 0.0323 current 0.0724) | val/persist 0.072 | lr 1.68e-03
Epoch  12 | train 0.0503 | val 0.0509 (sd 0.0326 current 0.0691) | val/persist 0.070 | lr 1.68e-03
Epoch  13 | train 0.0490 | val 0.0567 (sd 0.0308 current 0.0825) | val/persist 0.078 | lr 1.68e-03
Epoch  14 | train 0.0490 | val 0.0512 (sd 0.0319 current 0.0705) | val/persist 0.070 | lr 1.68e-03
Epoch  15 | train 0.0475 | val 0.0516 (sd 0.0344 current 0.0688) | val/persist 0.071 | lr 1.68e-03
Epoch  16 | train 0.0484 | val 0.0558 (sd 0.0315 current 0.0802) | val/persist 0.077 | lr 1.68e-03
Epoch  17 | train 0.0459 | val 0.0522 (sd 0.0340 current 0.0703) | val/persist 0.072 | lr 1.68e-03
Epoch  18 | train 0.0445 | val 0.0495 (sd 0.0319 current 0.0672) | val/persist 0.068 | lr 1.68e-03
Epoch  19 | train 0.0456 | val 0.0522 (sd 0.0319 current 0.0725) | val/persist 0.072 | lr 1.68e-03
Epoch  20 | train 0.0439 | val 0.0481 (sd 0.0302 current 0.0660) | val/persist 0.066 | lr 1.68e-03
Epoch  21 | train 0.0433 | val 0.0483 (sd 0.0309 current 0.0657) | val/persist 0.066 | lr 1.68e-03
Epoch  22 | train 0.0434 | val 0.0492 (sd 0.0346 current 0.0639) | val/persist 0.068 | lr 1.68e-03
Epoch  23 | train 0.0415 | val 0.0492 (sd 0.0311 current 0.0673) | val/persist 0.068 | lr 1.68e-03
Epoch  24 | train 0.0423 | val 0.0520 (sd 0.0315 current 0.0726) | val/persist 0.072 | lr 1.68e-03
Epoch  25 | train 0.0407 | val 0.0505 (sd 0.0320 current 0.0690) | val/persist 0.069 | lr 1.68e-03
Epoch  26 | train 0.0400 | val 0.0516 (sd 0.0308 current 0.0723) | val/persist 0.071 | lr 1.68e-03
Epoch  27 | train 0.0402 | val 0.0513 (sd 0.0301 current 0.0724) | val/persist 0.071 | lr 1.68e-03
Epoch  28 | train 0.0394 | val 0.0476 (sd 0.0307 current 0.0646) | val/persist 0.066 | lr 1.68e-03
Epoch  29 | train 0.0380 | val 0.0523 (sd 0.0325 current 0.0721) | val/persist 0.072 | lr 1.68e-03
Epoch  30 | train 0.0380 | val 0.0519 (sd 0.0294 current 0.0743) | val/persist 0.071 | lr 1.68e-03
Epoch  31 | train 0.0378 | val 0.0504 (sd 0.0281 current 0.0726) | val/persist 0.069 | lr 1.68e-03
Epoch  32 | train 0.0355 | val 0.0472 (sd 0.0269 current 0.0674) | val/persist 0.065 | lr 1.68e-03
Epoch  33 | train 0.0350 | val 0.0488 (sd 0.0317 current 0.0659) | val/persist 0.067 | lr 1.68e-03
Epoch  34 | train 0.0351 | val 0.0502 (sd 0.0297 current 0.0707) | val/persist 0.069 | lr 1.68e-03
Epoch  35 | train 0.0343 | val 0.0469 (sd 0.0288 current 0.0650) | val/persist 0.065 | lr 1.68e-03
Epoch  36 | train 0.0339 | val 0.0489 (sd 0.0290 current 0.0688) | val/persist 0.067 | lr 1.68e-03
Epoch  37 | train 0.0328 | val 0.0505 (sd 0.0306 current 0.0705) | val/persist 0.070 | lr 1.68e-03
[I 2026-10-01 11:07:16,592] Trial 55 pruned. 
Split per-trial: 26879 finestre train | 6721 finestre val
Baseline persistenza (val): 0.7267 (sd 0.3393 | current 1.1141)
Epoch   0 | train 0.3215 | val 0.1386 (sd 0.0514 current 0.2259) | val/persist 0.191 | lr 5.60e-04
Epoch   1 | train 0.1089 | val 0.1044 (sd 0.0445 current 0.1642) | val/persist 0.144 | lr 5.60e-04
Epoch   2 | train 0.0913 | val 0.0922 (sd 0.0412 current 0.1432) | val/persist 0.127 | lr 5.60e-04
Epoch   3 | train 0.0836 | val 0.0939 (sd 0.0409 current 0.1469) | val/persist 0.129 | lr 5.60e-04
Epoch   4 | train 0.0797 | val 0.0848 (sd 0.0401 current 0.1294) | val/persist 0.117 | lr 5.60e-04
Epoch   5 | train 0.0760 | val 0.0823 (sd 0.0406 current 0.1239) | val/persist 0.113 | lr 5.60e-04
Epoch   6 | train 0.0722 | val 0.0761 (sd 0.0389 current 0.1134) | val/persist 0.105 | lr 5.60e-04
Epoch   7 | train 0.0692 | val 0.0730 (sd 0.0394 current 0.1066) | val/persist 0.100 | lr 5.60e-04
Epoch   8 | train 0.0665 | val 0.0711 (sd 0.0383 current 0.1039) | val/persist 0.098 | lr 5.60e-04
[I 2026-10-01 11:07:37,342] Trial 69 pruned. 
Split per-trial: 26879 finestre train | 6721 finestre val
Baseline persistenza (val): 0.7267 (sd 0.3393 | current 1.1141)
Epoch   0 | train 0.1370 | val 0.1043 (sd 0.0440 current 0.1646) | val/persist 0.144 | lr 9.78e-03
Epoch   1 | train 0.0896 | val 0.0944 (sd 0.0463 current 0.1426) | val/persist 0.130 | lr 9.78e-03
Epoch   2 | train 0.0798 | val 0.0830 (sd 0.0431 current 0.1228) | val/persist 0.114 | lr 9.78e-03
Epoch   3 | train 0.0797 | val 0.0823 (sd 0.0633 current 0.1013) | val/persist 0.113 | lr 9.78e-03
Epoch   4 | train 0.0728 | val 0.0888 (sd 0.0484 current 0.1293) | val/persist 0.122 | lr 9.78e-03
Epoch   5 | train 0.0691 | val 0.0699 (sd 0.0381 current 0.1017) | val/persist 0.096 | lr 9.78e-03
Epoch   6 | train 0.0691 | val 0.0710 (sd 0.0421 current 0.0999) | val/persist 0.098 | lr 9.78e-03
Epoch   7 | train 0.0669 | val 0.0688 (sd 0.0424 current 0.0952) | val/persist 0.095 | lr 9.78e-03
Epoch   8 | train 0.0656 | val 0.0796 (sd 0.0442 current 0.1151) | val/persist 0.110 | lr 9.78e-03
[I 2026-10-01 11:07:51,052] Trial 71 pruned. 
Split per-trial: 26879 finestre train | 6721 finestre val
Baseline persistenza (val): 0.7267 (sd 0.3393 | current 1.1141)
Epoch   0 | train 0.1429 | val 0.0952 (sd 0.0448 current 0.1457) | val/persist 0.131 | lr 6.19e-04
Epoch   1 | train 0.0810 | val 0.0897 (sd 0.0433 current 0.1361) | val/persist 0.123 | lr 6.19e-04
Epoch   2 | train 0.0717 | val 0.0818 (sd 0.0393 current 0.1244) | val/persist 0.113 | lr 6.19e-04
Epoch   3 | train 0.0662 | val 0.0748 (sd 0.0412 current 0.1085) | val/persist 0.103 | lr 6.19e-04
Epoch   4 | train 0.0608 | val 0.0727 (sd 0.0356 current 0.1098) | val/persist 0.100 | lr 6.19e-04
Epoch   5 | train 0.0589 | val 0.0658 (sd 0.0350 current 0.0965) | val/persist 0.091 | lr 6.19e-04
Epoch   6 | train 0.0552 | val 0.0604 (sd 0.0399 current 0.0810) | val/persist 0.083 | lr 6.19e-04
Epoch   7 | train 0.0539 | val 0.0577 (sd 0.0348 current 0.0805) | val/persist 0.079 | lr 6.19e-04
Epoch   8 | train 0.0521 | val 0.0563 (sd 0.0319 current 0.0807) | val/persist 0.077 | lr 6.19e-04
Epoch   9 | train 0.0514 | val 0.0543 (sd 0.0339 current 0.0747) | val/persist 0.075 | lr 6.19e-04
Epoch  10 | train 0.0497 | val 0.0571 (sd 0.0321 current 0.0822) | val/persist 0.079 | lr 6.19e-04
Epoch  11 | train 0.0487 | val 0.0530 (sd 0.0308 current 0.0752) | val/persist 0.073 | lr 6.19e-04
Epoch  12 | train 0.0481 | val 0.0493 (sd 0.0317 current 0.0669) | val/persist 0.068 | lr 6.19e-04
Epoch  13 | train 0.0468 | val 0.0558 (sd 0.0309 current 0.0806) | val/persist 0.077 | lr 6.19e-04
Epoch  14 | train 0.0456 | val 0.0482 (sd 0.0288 current 0.0675) | val/persist 0.066 | lr 6.19e-04
Epoch  15 | train 0.0453 | val 0.0496 (sd 0.0295 current 0.0698) | val/persist 0.068 | lr 6.19e-04
Epoch  16 | train 0.0440 | val 0.0511 (sd 0.0299 current 0.0722) | val/persist 0.070 | lr 6.19e-04
Epoch  17 | train 0.0433 | val 0.0475 (sd 0.0265 current 0.0685) | val/persist 0.065 | lr 6.19e-04
Epoch  18 | train 0.0419 | val 0.0475 (sd 0.0267 current 0.0682) | val/persist 0.065 | lr 6.19e-04
Epoch  19 | train 0.0413 | val 0.0460 (sd 0.0268 current 0.0651) | val/persist 0.063 | lr 6.19e-04
Epoch  20 | train 0.0403 | val 0.0455 (sd 0.0257 current 0.0652) | val/persist 0.063 | lr 6.19e-04
Epoch  21 | train 0.0405 | val 0.0474 (sd 0.0267 current 0.0681) | val/persist 0.065 | lr 6.19e-04
Epoch  22 | train 0.0403 | val 0.0511 (sd 0.0263 current 0.0758) | val/persist 0.070 | lr 6.19e-04
Epoch  23 | train 0.0390 | val 0.0457 (sd 0.0249 current 0.0665) | val/persist 0.063 | lr 6.19e-04
Epoch  24 | train 0.0396 | val 0.0457 (sd 0.0258 current 0.0655) | val/persist 0.063 | lr 6.19e-04
Epoch  25 | train 0.0389 | val 0.0454 (sd 0.0269 current 0.0638) | val/persist 0.062 | lr 6.19e-04
Epoch  26 | train 0.0382 | val 0.0428 (sd 0.0241 current 0.0614) | val/persist 0.059 | lr 6.19e-04
Epoch  27 | train 0.0373 | val 0.0425 (sd 0.0245 current 0.0604) | val/persist 0.058 | lr 6.19e-04
Epoch  28 | train 0.0374 | val 0.0454 (sd 0.0259 current 0.0650) | val/persist 0.062 | lr 6.19e-04
Epoch  29 | train 0.0367 | val 0.0435 (sd 0.0238 current 0.0632) | val/persist 0.060 | lr 6.19e-04
Epoch  30 | train 0.0366 | val 0.0448 (sd 0.0272 current 0.0624) | val/persist 0.062 | lr 6.19e-04
Epoch  31 | train 0.0358 | val 0.0430 (sd 0.0237 current 0.0623) | val/persist 0.059 | lr 6.19e-04
Epoch  32 | train 0.0355 | val 0.0456 (sd 0.0258 current 0.0653) | val/persist 0.063 | lr 6.19e-04
Epoch  33 | train 0.0362 | val 0.0450 (sd 0.0235 current 0.0665) | val/persist 0.062 | lr 6.19e-04
Epoch  34 | train 0.0353 | val 0.0461 (sd 0.0242 current 0.0680) | val/persist 0.063 | lr 6.19e-04
Epoch  35 | train 0.0345 | val 0.0487 (sd 0.0240 current 0.0735) | val/persist 0.067 | lr 6.19e-04
Epoch  36 | train 0.0346 | val 0.0430 (sd 0.0225 current 0.0635) | val/persist 0.059 | lr 6.19e-04
Epoch  37 | train 0.0335 | val 0.0446 (sd 0.0236 current 0.0656) | val/persist 0.061 | lr 6.19e-04
Epoch  38 | train 0.0336 | val 0.0423 (sd 0.0230 current 0.0617) | val/persist 0.058 | lr 6.19e-04
Epoch  39 | train 0.0331 | val 0.0439 (sd 0.0236 current 0.0642) | val/persist 0.060 | lr 6.19e-04
Epoch  40 | train 0.0328 | val 0.0433 (sd 0.0230 current 0.0636) | val/persist 0.060 | lr 6.19e-04
Epoch  41 | train 0.0323 | val 0.0443 (sd 0.0229 current 0.0657) | val/persist 0.061 | lr 6.19e-04
Epoch  42 | train 0.0325 | val 0.0462 (sd 0.0237 current 0.0687) | val/persist 0.064 | lr 6.19e-04
Epoch  43 | train 0.0317 | val 0.0438 (sd 0.0235 current 0.0641) | val/persist 0.060 | lr 6.19e-04
Epoch  44 | train 0.0312 | val 0.0459 (sd 0.0228 current 0.0690) | val/persist 0.063 | lr 6.19e-04
Epoch  45 | train 0.0307 | val 0.0442 (sd 0.0243 current 0.0640) | val/persist 0.061 | lr 6.19e-04
Epoch  46 | train 0.0305 | val 0.0429 (sd 0.0232 current 0.0625) | val/persist 0.059 | lr 6.19e-04
Epoch  47 | train 0.0304 | val 0.0435 (sd 0.0245 current 0.0624) | val/persist 0.060 | lr 6.19e-04
Epoch  48 | train 0.0300 | val 0.0416 (sd 0.0232 current 0.0600) | val/persist 0.057 | lr 6.19e-04
Epoch  49 | train 0.0297 | val 0.0457 (sd 0.0234 current 0.0680) | val/persist 0.063 | lr 6.19e-04
Epoch  50 | train 0.0295 | val 0.0430 (sd 0.0242 current 0.0617) | val/persist 0.059 | lr 6.19e-04
Epoch  51 | train 0.0289 | val 0.0442 (sd 0.0224 current 0.0661) | val/persist 0.061 | lr 6.19e-04
Epoch  52 | train 0.0285 | val 0.0435 (sd 0.0228 current 0.0642) | val/persist 0.060 | lr 6.19e-04
Epoch  53 | train 0.0281 | val 0.0437 (sd 0.0228 current 0.0647) | val/persist 0.060 | lr 6.19e-04
Epoch  54 | train 0.0281 | val 0.0429 (sd 0.0235 current 0.0622) | val/persist 0.059 | lr 6.19e-04
Epoch  55 | train 0.0277 | val 0.0432 (sd 0.0228 current 0.0636) | val/persist 0.059 | lr 6.19e-04
Epoch  56 | train 0.0275 | val 0.0423 (sd 0.0228 current 0.0618) | val/persist 0.058 | lr 6.19e-04
Epoch  57 | train 0.0268 | val 0.0447 (sd 0.0221 current 0.0674) | val/persist 0.062 | lr 6.19e-04
Epoch  58 | train 0.0274 | val 0.0437 (sd 0.0236 current 0.0639) | val/persist 0.060 | lr 6.19e-04
Epoch  59 | train 0.0262 | val 0.0444 (sd 0.0227 current 0.0661) | val/persist 0.061 | lr 3.10e-04

Training completato. Best val: 0.0416 a epoch 48 (persistenza 0.7267)
[I 2026-10-01 11:11:28,064] Trial 73 finished with value: 0.04157100270959356 and parameters: {'gru_hidden': 128, 'mlp_hidden': 512, 'num_layers': 1, 'dropout': 0.006144578340839121, 'weight_decay': 5.696118685733941e-06, 'lr': 0.0006194426083111562, 'batch_size': 64, 'clip_norm': 0.5}. Best is trial 51 with value: 0.04060395106976984.
Split per-trial: 26879 finestre train | 6721 finestre val
Baseline persistenza (val): 0.7267 (sd 0.3393 | current 1.1141)
Epoch   0 | train 0.1375 | val 0.0987 (sd 0.0424 current 0.1551) | val/persist 0.136 | lr 8.05e-04
Epoch   1 | train 0.0829 | val 0.0793 (sd 0.0445 current 0.1141) | val/persist 0.109 | lr 8.05e-04
Epoch   2 | train 0.0744 | val 0.0710 (sd 0.0399 current 0.1022) | val/persist 0.098 | lr 8.05e-04
Epoch   3 | train 0.0674 | val 0.0684 (sd 0.0369 current 0.0999) | val/persist 0.094 | lr 8.05e-04
Epoch   4 | train 0.0644 | val 0.0658 (sd 0.0402 current 0.0915) | val/persist 0.091 | lr 8.05e-04
Epoch   5 | train 0.0595 | val 0.0586 (sd 0.0342 current 0.0830) | val/persist 0.081 | lr 8.05e-04
Epoch   6 | train 0.0572 | val 0.0596 (sd 0.0341 current 0.0851) | val/persist 0.082 | lr 8.05e-04
Epoch   7 | train 0.0549 | val 0.0598 (sd 0.0369 current 0.0826) | val/persist 0.082 | lr 8.05e-04
Epoch   8 | train 0.0539 | val 0.0566 (sd 0.0310 current 0.0822) | val/persist 0.078 | lr 8.05e-04
Epoch   9 | train 0.0530 | val 0.0548 (sd 0.0321 current 0.0774) | val/persist 0.075 | lr 8.05e-04
Epoch  10 | train 0.0522 | val 0.0515 (sd 0.0296 current 0.0734) | val/persist 0.071 | lr 8.05e-04
Epoch  11 | train 0.0495 | val 0.0493 (sd 0.0297 current 0.0690) | val/persist 0.068 | lr 8.05e-04
Epoch  12 | train 0.0499 | val 0.0501 (sd 0.0270 current 0.0733) | val/persist 0.069 | lr 8.05e-04
Epoch  13 | train 0.0480 | val 0.0518 (sd 0.0271 current 0.0764) | val/persist 0.071 | lr 8.05e-04
Epoch  14 | train 0.0467 | val 0.0494 (sd 0.0259 current 0.0729) | val/persist 0.068 | lr 8.05e-04
Epoch  15 | train 0.0466 | val 0.0537 (sd 0.0254 current 0.0819) | val/persist 0.074 | lr 8.05e-04
Epoch  16 | train 0.0456 | val 0.0504 (sd 0.0256 current 0.0753) | val/persist 0.069 | lr 8.05e-04
Epoch  17 | train 0.0448 | val 0.0494 (sd 0.0251 current 0.0736) | val/persist 0.068 | lr 8.05e-04
Epoch  18 | train 0.0443 | val 0.0511 (sd 0.0251 current 0.0771) | val/persist 0.070 | lr 8.05e-04
Epoch  19 | train 0.0437 | val 0.0487 (sd 0.0245 current 0.0728) | val/persist 0.067 | lr 8.05e-04
Epoch  20 | train 0.0429 | val 0.0450 (sd 0.0240 current 0.0660) | val/persist 0.062 | lr 8.05e-04
Epoch  21 | train 0.0435 | val 0.0485 (sd 0.0259 current 0.0712) | val/persist 0.067 | lr 8.05e-04
Epoch  22 | train 0.0422 | val 0.0512 (sd 0.0262 current 0.0761) | val/persist 0.070 | lr 8.05e-04
Epoch  23 | train 0.0427 | val 0.0464 (sd 0.0232 current 0.0695) | val/persist 0.064 | lr 8.05e-04
Epoch  24 | train 0.0412 | val 0.0469 (sd 0.0253 current 0.0685) | val/persist 0.065 | lr 8.05e-04
Epoch  25 | train 0.0412 | val 0.0574 (sd 0.0261 current 0.0887) | val/persist 0.079 | lr 8.05e-04
Epoch  26 | train 0.0409 | val 0.0506 (sd 0.0244 current 0.0768) | val/persist 0.070 | lr 8.05e-04
Epoch  27 | train 0.0400 | val 0.0460 (sd 0.0244 current 0.0676) | val/persist 0.063 | lr 8.05e-04
Epoch  28 | train 0.0402 | val 0.0457 (sd 0.0247 current 0.0667) | val/persist 0.063 | lr 8.05e-04
Epoch  29 | train 0.0398 | val 0.0455 (sd 0.0252 current 0.0657) | val/persist 0.063 | lr 8.05e-04
Epoch  30 | train 0.0388 | val 0.0449 (sd 0.0237 current 0.0660) | val/persist 0.062 | lr 8.05e-04
Epoch  31 | train 0.0379 | val 0.0471 (sd 0.0237 current 0.0706) | val/persist 0.065 | lr 8.05e-04
Epoch  32 | train 0.0384 | val 0.0461 (sd 0.0255 current 0.0667) | val/persist 0.063 | lr 8.05e-04
Epoch  33 | train 0.0374 | val 0.0541 (sd 0.0236 current 0.0845) | val/persist 0.074 | lr 8.05e-04
Epoch  34 | train 0.0370 | val 0.0473 (sd 0.0255 current 0.0690) | val/persist 0.065 | lr 8.05e-04
Epoch  35 | train 0.0374 | val 0.0469 (sd 0.0253 current 0.0686) | val/persist 0.065 | lr 8.05e-04
Epoch  36 | train 0.0368 | val 0.0486 (sd 0.0257 current 0.0715) | val/persist 0.067 | lr 8.05e-04
Epoch  37 | train 0.0363 | val 0.0455 (sd 0.0245 current 0.0665) | val/persist 0.063 | lr 8.05e-04
Epoch  38 | train 0.0364 | val 0.0444 (sd 0.0252 current 0.0636) | val/persist 0.061 | lr 8.05e-04
Epoch  39 | train 0.0356 | val 0.0458 (sd 0.0250 current 0.0667) | val/persist 0.063 | lr 8.05e-04
Epoch  40 | train 0.0350 | val 0.0448 (sd 0.0247 current 0.0649) | val/persist 0.062 | lr 8.05e-04
Epoch  41 | train 0.0350 | val 0.0449 (sd 0.0242 current 0.0655) | val/persist 0.062 | lr 8.05e-04
Epoch  42 | train 0.0345 | val 0.0437 (sd 0.0242 current 0.0632) | val/persist 0.060 | lr 8.05e-04
Epoch  43 | train 0.0340 | val 0.0456 (sd 0.0257 current 0.0656) | val/persist 0.063 | lr 8.05e-04
Epoch  44 | train 0.0333 | val 0.0447 (sd 0.0235 current 0.0659) | val/persist 0.062 | lr 8.05e-04
Epoch  45 | train 0.0325 | val 0.0428 (sd 0.0231 current 0.0625) | val/persist 0.059 | lr 8.05e-04
Epoch  46 | train 0.0329 | val 0.0433 (sd 0.0231 current 0.0636) | val/persist 0.060 | lr 8.05e-04
Epoch  47 | train 0.0323 | val 0.0429 (sd 0.0226 current 0.0632) | val/persist 0.059 | lr 8.05e-04
Epoch  48 | train 0.0319 | val 0.0461 (sd 0.0246 current 0.0676) | val/persist 0.063 | lr 8.05e-04
Epoch  49 | train 0.0322 | val 0.0445 (sd 0.0237 current 0.0654) | val/persist 0.061 | lr 8.05e-04
Epoch  50 | train 0.0316 | val 0.0461 (sd 0.0242 current 0.0679) | val/persist 0.063 | lr 8.05e-04
Epoch  51 | train 0.0313 | val 0.0426 (sd 0.0232 current 0.0620) | val/persist 0.059 | lr 8.05e-04
Epoch  52 | train 0.0308 | val 0.0447 (sd 0.0243 current 0.0650) | val/persist 0.061 | lr 8.05e-04
Epoch  53 | train 0.0302 | val 0.0435 (sd 0.0238 current 0.0631) | val/persist 0.060 | lr 8.05e-04
Epoch  54 | train 0.0304 | val 0.0443 (sd 0.0236 current 0.0649) | val/persist 0.061 | lr 8.05e-04
Epoch  55 | train 0.0297 | val 0.0447 (sd 0.0236 current 0.0658) | val/persist 0.062 | lr 8.05e-04
Epoch  56 | train 0.0293 | val 0.0449 (sd 0.0251 current 0.0647) | val/persist 0.062 | lr 8.05e-04
Epoch  57 | train 0.0292 | val 0.0435 (sd 0.0240 current 0.0629) | val/persist 0.060 | lr 8.05e-04
Epoch  58 | train 0.0285 | val 0.0447 (sd 0.0251 current 0.0643) | val/persist 0.062 | lr 8.05e-04
Epoch  59 | train 0.0282 | val 0.0453 (sd 0.0253 current 0.0653) | val/persist 0.062 | lr 8.05e-04

Training completato. Best val: 0.0426 a epoch 51 (persistenza 0.7267)
[I 2026-10-01 11:15:13,754] Trial 85 finished with value: 0.042580042115952794 and parameters: {'gru_hidden': 128, 'mlp_hidden': 512, 'num_layers': 1, 'dropout': 0.045505170894811736, 'weight_decay': 5.7186673458952634e-06, 'lr': 0.0008047245212899626, 'batch_size': 64, 'clip_norm': 0.5}. Best is trial 87 with value: 0.0404516324553882.
Split per-trial: 26879 finestre train | 6721 finestre val
Baseline persistenza (val): 0.7267 (sd 0.3393 | current 1.1141)
Epoch   0 | train 0.1299 | val 0.0974 (sd 0.0483 current 0.1464) | val/persist 0.134 | lr 1.04e-03
Epoch   1 | train 0.0760 | val 0.0835 (sd 0.0385 current 0.1285) | val/persist 0.115 | lr 1.04e-03
Epoch   2 | train 0.0669 | val 0.0796 (sd 0.0397 current 0.1195) | val/persist 0.110 | lr 1.04e-03
Epoch   3 | train 0.0631 | val 0.0667 (sd 0.0382 current 0.0952) | val/persist 0.092 | lr 1.04e-03
Epoch   4 | train 0.0588 | val 0.0796 (sd 0.0457 current 0.1134) | val/persist 0.109 | lr 1.04e-03
Epoch   5 | train 0.0558 | val 0.0641 (sd 0.0337 current 0.0945) | val/persist 0.088 | lr 1.04e-03
Epoch   6 | train 0.0537 | val 0.0588 (sd 0.0380 current 0.0796) | val/persist 0.081 | lr 1.04e-03
Epoch   7 | train 0.0506 | val 0.0605 (sd 0.0357 current 0.0853) | val/persist 0.083 | lr 1.04e-03
Epoch   8 | train 0.0502 | val 0.0542 (sd 0.0349 current 0.0735) | val/persist 0.075 | lr 1.04e-03
Epoch   9 | train 0.0478 | val 0.0525 (sd 0.0315 current 0.0735) | val/persist 0.072 | lr 1.04e-03
Epoch  10 | train 0.0471 | val 0.0498 (sd 0.0318 current 0.0678) | val/persist 0.068 | lr 1.04e-03
Epoch  11 | train 0.0455 | val 0.0534 (sd 0.0268 current 0.0800) | val/persist 0.073 | lr 1.04e-03
Epoch  12 | train 0.0449 | val 0.0506 (sd 0.0290 current 0.0721) | val/persist 0.070 | lr 1.04e-03
Epoch  13 | train 0.0442 | val 0.0475 (sd 0.0276 current 0.0673) | val/persist 0.065 | lr 1.04e-03
Epoch  14 | train 0.0431 | val 0.0455 (sd 0.0252 current 0.0658) | val/persist 0.063 | lr 1.04e-03
Epoch  15 | train 0.0437 | val 0.0467 (sd 0.0254 current 0.0679) | val/persist 0.064 | lr 1.04e-03
Epoch  16 | train 0.0418 | val 0.0480 (sd 0.0249 current 0.0711) | val/persist 0.066 | lr 1.04e-03
Epoch  17 | train 0.0422 | val 0.0491 (sd 0.0265 current 0.0717) | val/persist 0.068 | lr 1.04e-03
Epoch  18 | train 0.0415 | val 0.0476 (sd 0.0259 current 0.0693) | val/persist 0.065 | lr 1.04e-03
Epoch  19 | train 0.0401 | val 0.0461 (sd 0.0266 current 0.0656) | val/persist 0.063 | lr 1.04e-03
Epoch  20 | train 0.0399 | val 0.0470 (sd 0.0261 current 0.0679) | val/persist 0.065 | lr 1.04e-03
Epoch  21 | train 0.0399 | val 0.0454 (sd 0.0243 current 0.0665) | val/persist 0.063 | lr 1.04e-03
Epoch  22 | train 0.0393 | val 0.0476 (sd 0.0241 current 0.0711) | val/persist 0.066 | lr 1.04e-03
Epoch  23 | train 0.0389 | val 0.0452 (sd 0.0243 current 0.0661) | val/persist 0.062 | lr 1.04e-03
Epoch  24 | train 0.0383 | val 0.0511 (sd 0.0244 current 0.0777) | val/persist 0.070 | lr 1.04e-03
Epoch  25 | train 0.0381 | val 0.0453 (sd 0.0253 current 0.0652) | val/persist 0.062 | lr 1.04e-03
Epoch  26 | train 0.0368 | val 0.0445 (sd 0.0251 current 0.0640) | val/persist 0.061 | lr 1.04e-03
Epoch  27 | train 0.0369 | val 0.0477 (sd 0.0258 current 0.0696) | val/persist 0.066 | lr 1.04e-03
Epoch  28 | train 0.0373 | val 0.0458 (sd 0.0247 current 0.0668) | val/persist 0.063 | lr 1.04e-03
Epoch  29 | train 0.0363 | val 0.0455 (sd 0.0244 current 0.0667) | val/persist 0.063 | lr 1.04e-03
Epoch  30 | train 0.0361 | val 0.0478 (sd 0.0228 current 0.0727) | val/persist 0.066 | lr 1.04e-03
Epoch  31 | train 0.0352 | val 0.0446 (sd 0.0229 current 0.0664) | val/persist 0.061 | lr 1.04e-03
Epoch  32 | train 0.0356 | val 0.0482 (sd 0.0248 current 0.0715) | val/persist 0.066 | lr 1.04e-03
Epoch  33 | train 0.0347 | val 0.0485 (sd 0.0243 current 0.0728) | val/persist 0.067 | lr 1.04e-03
Epoch  34 | train 0.0344 | val 0.0461 (sd 0.0258 current 0.0664) | val/persist 0.063 | lr 1.04e-03
Epoch  35 | train 0.0340 | val 0.0451 (sd 0.0249 current 0.0653) | val/persist 0.062 | lr 1.04e-03
Epoch  36 | train 0.0337 | val 0.0447 (sd 0.0229 current 0.0665) | val/persist 0.062 | lr 1.04e-03
Epoch  37 | train 0.0332 | val 0.0444 (sd 0.0242 current 0.0646) | val/persist 0.061 | lr 1.04e-03
Epoch  38 | train 0.0331 | val 0.0435 (sd 0.0236 current 0.0634) | val/persist 0.060 | lr 1.04e-03
Epoch  39 | train 0.0324 | val 0.0431 (sd 0.0231 current 0.0631) | val/persist 0.059 | lr 1.04e-03
Epoch  40 | train 0.0320 | val 0.0433 (sd 0.0236 current 0.0631) | val/persist 0.060 | lr 1.04e-03
Epoch  41 | train 0.0320 | val 0.0444 (sd 0.0237 current 0.0651) | val/persist 0.061 | lr 1.04e-03
Epoch  42 | train 0.0316 | val 0.0442 (sd 0.0234 current 0.0650) | val/persist 0.061 | lr 1.04e-03
Epoch  43 | train 0.0308 | val 0.0431 (sd 0.0245 current 0.0617) | val/persist 0.059 | lr 1.04e-03
Epoch  44 | train 0.0307 | val 0.0428 (sd 0.0232 current 0.0624) | val/persist 0.059 | lr 1.04e-03
Epoch  45 | train 0.0306 | val 0.0418 (sd 0.0232 current 0.0603) | val/persist 0.057 | lr 1.04e-03
Epoch  46 | train 0.0306 | val 0.0448 (sd 0.0233 current 0.0663) | val/persist 0.062 | lr 1.04e-03
Epoch  47 | train 0.0312 | val 0.0443 (sd 0.0239 current 0.0647) | val/persist 0.061 | lr 1.04e-03
Epoch  48 | train 0.0304 | val 0.0424 (sd 0.0224 current 0.0625) | val/persist 0.058 | lr 1.04e-03
Epoch  49 | train 0.0294 | val 0.0430 (sd 0.0243 current 0.0616) | val/persist 0.059 | lr 1.04e-03
Epoch  50 | train 0.0287 | val 0.0414 (sd 0.0233 current 0.0594) | val/persist 0.057 | lr 1.04e-03
Epoch  51 | train 0.0286 | val 0.0447 (sd 0.0230 current 0.0664) | val/persist 0.062 | lr 1.04e-03
Epoch  52 | train 0.0287 | val 0.0420 (sd 0.0218 current 0.0623) | val/persist 0.058 | lr 1.04e-03
Epoch  53 | train 0.0279 | val 0.0425 (sd 0.0235 current 0.0614) | val/persist 0.058 | lr 1.04e-03
Epoch  54 | train 0.0282 | val 0.0449 (sd 0.0242 current 0.0655) | val/persist 0.062 | lr 1.04e-03
Epoch  55 | train 0.0277 | val 0.0449 (sd 0.0248 current 0.0649) | val/persist 0.062 | lr 1.04e-03
Epoch  56 | train 0.0277 | val 0.0425 (sd 0.0218 current 0.0632) | val/persist 0.058 | lr 1.04e-03
Epoch  57 | train 0.0273 | val 0.0426 (sd 0.0228 current 0.0624) | val/persist 0.059 | lr 1.04e-03
Epoch  58 | train 0.0273 | val 0.0440 (sd 0.0247 current 0.0632) | val/persist 0.060 | lr 1.04e-03
Epoch  59 | train 0.0265 | val 0.0419 (sd 0.0224 current 0.0615) | val/persist 0.058 | lr 1.04e-03

Training completato. Best val: 0.0414 a epoch 50 (persistenza 0.7267)
[I 2026-10-01 11:18:45,780] Trial 91 finished with value: 0.04135055217597888 and parameters: {'gru_hidden': 64, 'mlp_hidden': 512, 'num_layers': 1, 'dropout': 0.005459202296048099, 'weight_decay': 3.049943135522172e-06, 'lr': 0.0010420948009645067, 'batch_size': 64, 'clip_norm': 1.0}. Best is trial 87 with value: 0.0404516324553882.

Best val: 0.04045
  gru_hidden: 128
  mlp_hidden: 512
  num_layers: 1
  dropout: 0.012010246412320867
  weight_decay: 5.877501575612841e-05
  lr: 0.0019056654098003627
  batch_size: 256
  clip_norm: 1.0
Report: /home/gemma/tesi/aquabot/src/net/fm/tuning/tuning_results/best_fm_h20_nores.txt
