Studio: fm_h20_nores | device cpu | H=20 | residual=False
Caricamento dataset (p=1)...
Trovati 120 trial.
Dataset grezzo: 120 trial letti. Scaler e finestre costruiti in split_by_trial() (fit solo su train).
/home/gemma/tesi/aquabot/src/net/fm/tuning/tune.py:222: ExperimentalWarning: Argument ``multivariate`` is an experimental feature. The interface can change in the future.
  sampler = optuna.samplers.TPESampler(
/home/gemma/tesi/aquabot/src/net/fm/tuning/tune.py:222: ExperimentalWarning: Argument ``group`` is an experimental feature. The interface can change in the future.
  sampler = optuna.samplers.TPESampler(
/home/gemma/tesi/aquabot/src/net/fm/tuning/tune.py:222: ExperimentalWarning: Argument ``constant_liar`` is an experimental feature. The interface can change in the future.
  sampler = optuna.samplers.TPESampler(
[I 2026-10-01 10:43:02,685] Using an existing study with name 'fm_h20_nores' instead of creating a new one.
Normalizzatore caricato da /home/gemma/tesi/aquabot/src/net/scaler/scalers_joint.pkl (nessun refit).
Dataset: 33600 campioni da 120 trial. H=20 P=1 | seq_cmd=(20, 1) seq_sens=(20, 2)
Split per-trial: 26879 finestre train | 6721 finestre val
Baseline persistenza (val): 0.7267 (sd 0.3393 | current 1.1141)
Epoch   0 | train 0.2599 | val 0.1161 (sd 0.0710 current 0.1613) | val/persist 0.160 | lr 8.05e-03
Epoch   1 | train 0.1929 | val 0.0933 (sd 0.0463 current 0.1404) | val/persist 0.128 | lr 8.05e-03
Epoch   2 | train 0.1829 | val 0.0955 (sd 0.0546 current 0.1363) | val/persist 0.131 | lr 8.05e-03
Epoch   3 | train 0.1760 | val 0.1049 (sd 0.0663 current 0.1434) | val/persist 0.144 | lr 8.05e-03
Epoch   4 | train 0.1728 | val 0.0978 (sd 0.0678 current 0.1278) | val/persist 0.135 | lr 8.05e-03
Epoch   5 | train 0.1651 | val 0.0869 (sd 0.0501 current 0.1238) | val/persist 0.120 | lr 8.05e-03
Epoch   6 | train 0.1694 | val 0.0795 (sd 0.0433 current 0.1158) | val/persist 0.109 | lr 8.05e-03
Epoch   7 | train 0.1625 | val 0.0990 (sd 0.0444 current 0.1536) | val/persist 0.136 | lr 8.05e-03
Epoch   8 | train 0.1599 | val 0.0829 (sd 0.0505 current 0.1154) | val/persist 0.114 | lr 8.05e-03
Epoch   9 | train 0.1558 | val 0.0886 (sd 0.0584 current 0.1189) | val/persist 0.122 | lr 8.05e-03
Epoch  10 | train 0.1557 | val 0.0897 (sd 0.0683 current 0.1111) | val/persist 0.123 | lr 8.05e-03
Epoch  11 | train 0.1547 | val 0.0912 (sd 0.0524 current 0.1300) | val/persist 0.125 | lr 8.05e-03
Epoch  12 | train 0.1553 | val 0.0841 (sd 0.0565 current 0.1118) | val/persist 0.116 | lr 8.05e-03
Epoch  13 | train 0.1546 | val 0.0790 (sd 0.0445 current 0.1135) | val/persist 0.109 | lr 8.05e-03
Epoch  14 | train 0.1529 | val 0.0779 (sd 0.0580 current 0.0978) | val/persist 0.107 | lr 8.05e-03
Epoch  15 | train 0.1534 | val 0.0851 (sd 0.0567 current 0.1135) | val/persist 0.117 | lr 8.05e-03
Epoch  16 | train 0.1529 | val 0.0935 (sd 0.0479 current 0.1391) | val/persist 0.129 | lr 8.05e-03
Epoch  17 | train 0.1529 | val 0.0856 (sd 0.0669 current 0.1044) | val/persist 0.118 | lr 8.05e-03
Epoch  18 | train 0.1500 | val 0.0731 (sd 0.0477 current 0.0985) | val/persist 0.101 | lr 8.05e-03
Epoch  19 | train 0.1498 | val 0.0811 (sd 0.0548 current 0.1074) | val/persist 0.112 | lr 8.05e-03
Epoch  20 | train 0.1488 | val 0.0740 (sd 0.0545 current 0.0935) | val/persist 0.102 | lr 8.05e-03
Epoch  21 | train 0.1454 | val 0.0805 (sd 0.0470 current 0.1141) | val/persist 0.111 | lr 8.05e-03
Epoch  22 | train 0.1493 | val 0.0866 (sd 0.0677 current 0.1055) | val/persist 0.119 | lr 8.05e-03
Epoch  23 | train 0.1489 | val 0.0841 (sd 0.0492 current 0.1189) | val/persist 0.116 | lr 8.05e-03
Epoch  24 | train 0.1515 | val 0.0959 (sd 0.0654 current 0.1263) | val/persist 0.132 | lr 8.05e-03
Epoch  25 | train 0.1493 | val 0.0772 (sd 0.0502 current 0.1042) | val/persist 0.106 | lr 8.05e-03
Epoch  26 | train 0.1435 | val 0.0770 (sd 0.0430 current 0.1111) | val/persist 0.106 | lr 8.05e-03
Epoch  27 | train 0.1508 | val 0.0730 (sd 0.0490 current 0.0969) | val/persist 0.100 | lr 8.05e-03
Epoch  28 | train 0.1462 | val 0.0812 (sd 0.0448 current 0.1175) | val/persist 0.112 | lr 8.05e-03
Epoch  29 | train 0.1425 | val 0.0878 (sd 0.0575 current 0.1181) | val/persist 0.121 | lr 8.05e-03
Epoch  30 | train 0.1493 | val 0.0853 (sd 0.0646 current 0.1061) | val/persist 0.117 | lr 8.05e-03
Epoch  31 | train 0.1477 | val 0.0917 (sd 0.0531 current 0.1303) | val/persist 0.126 | lr 8.05e-03
Epoch  32 | train 0.1459 | val 0.0794 (sd 0.0693 current 0.0895) | val/persist 0.109 | lr 8.05e-03
Epoch  33 | train 0.1451 | val 0.0708 (sd 0.0446 current 0.0970) | val/persist 0.097 | lr 8.05e-03
Epoch  34 | train 0.1485 | val 0.0707 (sd 0.0434 current 0.0979) | val/persist 0.097 | lr 8.05e-03
Epoch  35 | train 0.1488 | val 0.0899 (sd 0.0448 current 0.1349) | val/persist 0.124 | lr 8.05e-03
Epoch  36 | train 0.1454 | val 0.0827 (sd 0.0536 current 0.1118) | val/persist 0.114 | lr 8.05e-03
Epoch  37 | train 0.1466 | val 0.0731 (sd 0.0406 current 0.1056) | val/persist 0.101 | lr 8.05e-03
Epoch  38 | train 0.1407 | val 0.0685 (sd 0.0455 current 0.0915) | val/persist 0.094 | lr 8.05e-03
Epoch  39 | train 0.1464 | val 0.0775 (sd 0.0438 current 0.1111) | val/persist 0.107 | lr 8.05e-03
Epoch  40 | train 0.1428 | val 0.0712 (sd 0.0386 current 0.1037) | val/persist 0.098 | lr 8.05e-03
Epoch  41 | train 0.1438 | val 0.0804 (sd 0.0603 current 0.1004) | val/persist 0.111 | lr 8.05e-03
Epoch  42 | train 0.1402 | val 0.0767 (sd 0.0532 current 0.1001) | val/persist 0.106 | lr 8.05e-03
Epoch  43 | train 0.1413 | val 0.0933 (sd 0.0461 current 0.1404) | val/persist 0.128 | lr 8.05e-03
Epoch  44 | train 0.1388 | val 0.0687 (sd 0.0477 current 0.0897) | val/persist 0.095 | lr 8.05e-03
Epoch  45 | train 0.1476 | val 0.0787 (sd 0.0566 current 0.1007) | val/persist 0.108 | lr 8.05e-03
Epoch  46 | train 0.1450 | val 0.0827 (sd 0.0782 current 0.0872) | val/persist 0.114 | lr 8.05e-03
Epoch  47 | train 0.1436 | val 0.0731 (sd 0.0472 current 0.0990) | val/persist 0.101 | lr 8.05e-03
Epoch  48 | train 0.1391 | val 0.0766 (sd 0.0542 current 0.0990) | val/persist 0.105 | lr 8.05e-03
Epoch  49 | train 0.1400 | val 0.0906 (sd 0.0761 current 0.1052) | val/persist 0.125 | lr 4.02e-03
Epoch  50 | train 0.1293 | val 0.0751 (sd 0.0452 current 0.1051) | val/persist 0.103 | lr 4.02e-03
Epoch  51 | train 0.1288 | val 0.0635 (sd 0.0445 current 0.0825) | val/persist 0.087 | lr 4.02e-03
Epoch  52 | train 0.1255 | val 0.0679 (sd 0.0417 current 0.0940) | val/persist 0.093 | lr 4.02e-03
Epoch  53 | train 0.1294 | val 0.0641 (sd 0.0446 current 0.0836) | val/persist 0.088 | lr 4.02e-03
Epoch  54 | train 0.1284 | val 0.0735 (sd 0.0416 current 0.1054) | val/persist 0.101 | lr 4.02e-03
Epoch  55 | train 0.1243 | val 0.0646 (sd 0.0425 current 0.0867) | val/persist 0.089 | lr 4.02e-03
Epoch  56 | train 0.1251 | val 0.0654 (sd 0.0396 current 0.0913) | val/persist 0.090 | lr 4.02e-03
Epoch  57 | train 0.1225 | val 0.0662 (sd 0.0427 current 0.0897) | val/persist 0.091 | lr 4.02e-03
Epoch  58 | train 0.1248 | val 0.0629 (sd 0.0418 current 0.0839) | val/persist 0.087 | lr 4.02e-03
Epoch  59 | train 0.1217 | val 0.0680 (sd 0.0387 current 0.0972) | val/persist 0.094 | lr 4.02e-03

Training completato. Best val: 0.0629 a epoch 58 (persistenza 0.7267)
[I 2026-10-01 10:51:15,033] Trial 4 finished with value: 0.0628747721102209 and parameters: {'gru_hidden': 128, 'mlp_hidden': 64, 'num_layers': 2, 'dropout': 0.3501674247411542, 'weight_decay': 0.0006879185346348315, 'lr': 0.008048847656748195, 'batch_size': 128, 'clip_norm': 1.0}. Best is trial 0 with value: 0.0412080110396433.
Split per-trial: 26879 finestre train | 6721 finestre val
Baseline persistenza (val): 0.7267 (sd 0.3393 | current 1.1141)
Epoch   0 | train 0.4549 | val 0.2191 (sd 0.0574 current 0.3809) | val/persist 0.302 | lr 2.52e-04
Epoch   1 | train 0.1723 | val 0.1452 (sd 0.0559 current 0.2344) | val/persist 0.200 | lr 2.52e-04
Epoch   2 | train 0.1240 | val 0.1190 (sd 0.0502 current 0.1877) | val/persist 0.164 | lr 2.52e-04
Epoch   3 | train 0.1075 | val 0.1113 (sd 0.0489 current 0.1738) | val/persist 0.153 | lr 2.52e-04
Epoch   4 | train 0.0999 | val 0.1143 (sd 0.0448 current 0.1837) | val/persist 0.157 | lr 2.52e-04
Epoch   5 | train 0.0955 | val 0.1015 (sd 0.0436 current 0.1594) | val/persist 0.140 | lr 2.52e-04
Epoch   6 | train 0.0914 | val 0.0953 (sd 0.0435 current 0.1472) | val/persist 0.131 | lr 2.52e-04
Epoch   7 | train 0.0873 | val 0.0928 (sd 0.0420 current 0.1437) | val/persist 0.128 | lr 2.52e-04
Epoch   8 | train 0.0857 | val 0.0903 (sd 0.0424 current 0.1382) | val/persist 0.124 | lr 2.52e-04
Epoch   9 | train 0.0830 | val 0.0874 (sd 0.0418 current 0.1330) | val/persist 0.120 | lr 2.52e-04
Epoch  10 | train 0.0816 | val 0.0874 (sd 0.0404 current 0.1343) | val/persist 0.120 | lr 2.52e-04
Epoch  11 | train 0.0791 | val 0.0875 (sd 0.0417 current 0.1333) | val/persist 0.120 | lr 2.52e-04
Epoch  12 | train 0.0775 | val 0.0832 (sd 0.0405 current 0.1259) | val/persist 0.115 | lr 2.52e-04
Epoch  13 | train 0.0761 | val 0.0804 (sd 0.0392 current 0.1216) | val/persist 0.111 | lr 2.52e-04
Epoch  14 | train 0.0748 | val 0.0816 (sd 0.0391 current 0.1242) | val/persist 0.112 | lr 2.52e-04
Epoch  15 | train 0.0736 | val 0.0794 (sd 0.0396 current 0.1193) | val/persist 0.109 | lr 2.52e-04
Epoch  16 | train 0.0725 | val 0.0772 (sd 0.0386 current 0.1158) | val/persist 0.106 | lr 2.52e-04
Epoch  17 | train 0.0715 | val 0.0756 (sd 0.0384 current 0.1128) | val/persist 0.104 | lr 2.52e-04
Epoch  18 | train 0.0702 | val 0.0751 (sd 0.0383 current 0.1119) | val/persist 0.103 | lr 2.52e-04
Epoch  19 | train 0.0690 | val 0.0741 (sd 0.0384 current 0.1099) | val/persist 0.102 | lr 2.52e-04
Epoch  20 | train 0.0690 | val 0.0716 (sd 0.0377 current 0.1054) | val/persist 0.098 | lr 2.52e-04
Epoch  21 | train 0.0671 | val 0.0711 (sd 0.0382 current 0.1039) | val/persist 0.098 | lr 2.52e-04
Epoch  22 | train 0.0667 | val 0.0710 (sd 0.0384 current 0.1036) | val/persist 0.098 | lr 2.52e-04
Epoch  23 | train 0.0654 | val 0.0686 (sd 0.0377 current 0.0996) | val/persist 0.094 | lr 2.52e-04
Epoch  24 | train 0.0652 | val 0.0680 (sd 0.0374 current 0.0986) | val/persist 0.094 | lr 2.52e-04
Epoch  25 | train 0.0644 | val 0.0668 (sd 0.0371 current 0.0964) | val/persist 0.092 | lr 2.52e-04
Epoch  26 | train 0.0630 | val 0.0660 (sd 0.0370 current 0.0950) | val/persist 0.091 | lr 2.52e-04
Epoch  27 | train 0.0630 | val 0.0682 (sd 0.0372 current 0.0992) | val/persist 0.094 | lr 2.52e-04
Epoch  28 | train 0.0617 | val 0.0650 (sd 0.0367 current 0.0932) | val/persist 0.089 | lr 2.52e-04
Epoch  29 | train 0.0611 | val 0.0641 (sd 0.0362 current 0.0920) | val/persist 0.088 | lr 2.52e-04
Epoch  30 | train 0.0606 | val 0.0633 (sd 0.0363 current 0.0903) | val/persist 0.087 | lr 2.52e-04
Epoch  31 | train 0.0600 | val 0.0631 (sd 0.0358 current 0.0904) | val/persist 0.087 | lr 2.52e-04
Epoch  32 | train 0.0592 | val 0.0628 (sd 0.0356 current 0.0899) | val/persist 0.086 | lr 2.52e-04
Epoch  33 | train 0.0588 | val 0.0622 (sd 0.0360 current 0.0883) | val/persist 0.086 | lr 2.52e-04
Epoch  34 | train 0.0583 | val 0.0622 (sd 0.0352 current 0.0892) | val/persist 0.086 | lr 2.52e-04
Epoch  35 | train 0.0577 | val 0.0605 (sd 0.0355 current 0.0855) | val/persist 0.083 | lr 2.52e-04
Epoch  36 | train 0.0575 | val 0.0598 (sd 0.0346 current 0.0850) | val/persist 0.082 | lr 2.52e-04
Epoch  37 | train 0.0576 | val 0.0598 (sd 0.0348 current 0.0848) | val/persist 0.082 | lr 2.52e-04
Epoch  38 | train 0.0563 | val 0.0592 (sd 0.0342 current 0.0841) | val/persist 0.081 | lr 2.52e-04
Epoch  39 | train 0.0559 | val 0.0583 (sd 0.0343 current 0.0824) | val/persist 0.080 | lr 2.52e-04
Epoch  40 | train 0.0554 | val 0.0583 (sd 0.0347 current 0.0818) | val/persist 0.080 | lr 2.52e-04
Epoch  41 | train 0.0552 | val 0.0577 (sd 0.0335 current 0.0819) | val/persist 0.079 | lr 2.52e-04
Epoch  42 | train 0.0548 | val 0.0578 (sd 0.0341 current 0.0816) | val/persist 0.080 | lr 2.52e-04
Epoch  43 | train 0.0544 | val 0.0588 (sd 0.0336 current 0.0840) | val/persist 0.081 | lr 2.52e-04
Epoch  44 | train 0.0539 | val 0.0567 (sd 0.0334 current 0.0801) | val/persist 0.078 | lr 2.52e-04
Epoch  45 | train 0.0540 | val 0.0579 (sd 0.0329 current 0.0829) | val/persist 0.080 | lr 2.52e-04
Epoch  46 | train 0.0538 | val 0.0581 (sd 0.0332 current 0.0829) | val/persist 0.080 | lr 2.52e-04
Epoch  47 | train 0.0532 | val 0.0563 (sd 0.0329 current 0.0796) | val/persist 0.077 | lr 2.52e-04
Epoch  48 | train 0.0531 | val 0.0567 (sd 0.0329 current 0.0805) | val/persist 0.078 | lr 2.52e-04
Epoch  49 | train 0.0529 | val 0.0550 (sd 0.0327 current 0.0773) | val/persist 0.076 | lr 2.52e-04
Epoch  50 | train 0.0527 | val 0.0566 (sd 0.0326 current 0.0806) | val/persist 0.078 | lr 2.52e-04
Epoch  51 | train 0.0527 | val 0.0568 (sd 0.0333 current 0.0802) | val/persist 0.078 | lr 2.52e-04
Epoch  52 | train 0.0520 | val 0.0545 (sd 0.0334 current 0.0756) | val/persist 0.075 | lr 2.52e-04
Epoch  53 | train 0.0522 | val 0.0543 (sd 0.0323 current 0.0763) | val/persist 0.075 | lr 2.52e-04
Epoch  54 | train 0.0518 | val 0.0542 (sd 0.0322 current 0.0763) | val/persist 0.075 | lr 2.52e-04
Epoch  55 | train 0.0515 | val 0.0545 (sd 0.0323 current 0.0767) | val/persist 0.075 | lr 2.52e-04
Epoch  56 | train 0.0520 | val 0.0541 (sd 0.0321 current 0.0761) | val/persist 0.074 | lr 2.52e-04
Epoch  57 | train 0.0509 | val 0.0545 (sd 0.0322 current 0.0768) | val/persist 0.075 | lr 2.52e-04
Epoch  58 | train 0.0513 | val 0.0531 (sd 0.0321 current 0.0741) | val/persist 0.073 | lr 2.52e-04
Epoch  59 | train 0.0507 | val 0.0553 (sd 0.0321 current 0.0785) | val/persist 0.076 | lr 2.52e-04

Training completato. Best val: 0.0531 a epoch 58 (persistenza 0.7267)
[I 2026-10-01 10:53:23,582] Trial 17 finished with value: 0.05309671497454939 and parameters: {'gru_hidden': 64, 'mlp_hidden': 128, 'num_layers': 1, 'dropout': 0.018989748614029522, 'weight_decay': 0.05394717798938216, 'lr': 0.00025192483917069186, 'batch_size': 128, 'clip_norm': 5.0}. Best is trial 0 with value: 0.0412080110396433.
Split per-trial: 26879 finestre train | 6721 finestre val
Baseline persistenza (val): 0.7267 (sd 0.3393 | current 1.1141)
Epoch   0 | train 0.3160 | val 0.1311 (sd 0.0574 current 0.2048) | val/persist 0.180 | lr 9.54e-04
Epoch   1 | train 0.1787 | val 0.1061 (sd 0.0508 current 0.1614) | val/persist 0.146 | lr 9.54e-04
Epoch   2 | train 0.1658 | val 0.1021 (sd 0.0512 current 0.1531) | val/persist 0.141 | lr 9.54e-04
Epoch   3 | train 0.1531 | val 0.0908 (sd 0.0451 current 0.1365) | val/persist 0.125 | lr 9.54e-04
Epoch   4 | train 0.1493 | val 0.0919 (sd 0.0471 current 0.1367) | val/persist 0.126 | lr 9.54e-04
Epoch   5 | train 0.1430 | val 0.0836 (sd 0.0473 current 0.1198) | val/persist 0.115 | lr 9.54e-04
Epoch   6 | train 0.1391 | val 0.0864 (sd 0.0475 current 0.1252) | val/persist 0.119 | lr 9.54e-04
Epoch   7 | train 0.1359 | val 0.0801 (sd 0.0454 current 0.1148) | val/persist 0.110 | lr 9.54e-04
Epoch   8 | train 0.1319 | val 0.0778 (sd 0.0467 current 0.1089) | val/persist 0.107 | lr 9.54e-04
Epoch   9 | train 0.1320 | val 0.0719 (sd 0.0417 current 0.1021) | val/persist 0.099 | lr 9.54e-04
Epoch  10 | train 0.1299 | val 0.0725 (sd 0.0430 current 0.1020) | val/persist 0.100 | lr 9.54e-04
Epoch  11 | train 0.1271 | val 0.0737 (sd 0.0481 current 0.0992) | val/persist 0.101 | lr 9.54e-04
[I 2026-10-01 10:53:51,562] Trial 22 pruned. 
Split per-trial: 26879 finestre train | 6721 finestre val
Baseline persistenza (val): 0.7267 (sd 0.3393 | current 1.1141)
Epoch   0 | train 0.5434 | val 0.2309 (sd 0.0616 current 0.4001) | val/persist 0.318 | lr 7.51e-04
Epoch   1 | train 0.2529 | val 0.1433 (sd 0.0550 current 0.2315) | val/persist 0.197 | lr 7.51e-04
Epoch   2 | train 0.2005 | val 0.1205 (sd 0.0532 current 0.1878) | val/persist 0.166 | lr 7.51e-04
Epoch   3 | train 0.1863 | val 0.1066 (sd 0.0502 current 0.1629) | val/persist 0.147 | lr 7.51e-04
Epoch   4 | train 0.1767 | val 0.1042 (sd 0.0499 current 0.1584) | val/persist 0.143 | lr 7.51e-04
Epoch   5 | train 0.1685 | val 0.0981 (sd 0.0526 current 0.1436) | val/persist 0.135 | lr 7.51e-04
Epoch   6 | train 0.1641 | val 0.0926 (sd 0.0482 current 0.1369) | val/persist 0.127 | lr 7.51e-04
Epoch   7 | train 0.1601 | val 0.0915 (sd 0.0443 current 0.1386) | val/persist 0.126 | lr 7.51e-04
Epoch   8 | train 0.1562 | val 0.0887 (sd 0.0490 current 0.1283) | val/persist 0.122 | lr 7.51e-04
[I 2026-10-01 10:54:16,990] Trial 25 pruned. 
Split per-trial: 26879 finestre train | 6721 finestre val
Baseline persistenza (val): 0.7267 (sd 0.3393 | current 1.1141)
Epoch   0 | train 0.1575 | val 0.0976 (sd 0.0451 current 0.1501) | val/persist 0.134 | lr 1.32e-03
Epoch   1 | train 0.0874 | val 0.0819 (sd 0.0443 current 0.1195) | val/persist 0.113 | lr 1.32e-03
Epoch   2 | train 0.0760 | val 0.0729 (sd 0.0395 current 0.1063) | val/persist 0.100 | lr 1.32e-03
Epoch   3 | train 0.0717 | val 0.0784 (sd 0.0441 current 0.1127) | val/persist 0.108 | lr 1.32e-03
Epoch   4 | train 0.0667 | val 0.0951 (sd 0.0394 current 0.1509) | val/persist 0.131 | lr 1.32e-03
Epoch   5 | train 0.0643 | val 0.0621 (sd 0.0417 current 0.0824) | val/persist 0.085 | lr 1.32e-03
Epoch   6 | train 0.0605 | val 0.0602 (sd 0.0350 current 0.0855) | val/persist 0.083 | lr 1.32e-03
Epoch   7 | train 0.0591 | val 0.0521 (sd 0.0356 current 0.0685) | val/persist 0.072 | lr 1.32e-03
Epoch   8 | train 0.0576 | val 0.0564 (sd 0.0363 current 0.0765) | val/persist 0.078 | lr 1.32e-03
Epoch   9 | train 0.0560 | val 0.0545 (sd 0.0355 current 0.0735) | val/persist 0.075 | lr 1.32e-03
Epoch  10 | train 0.0546 | val 0.0574 (sd 0.0392 current 0.0756) | val/persist 0.079 | lr 1.32e-03
Epoch  11 | train 0.0553 | val 0.0522 (sd 0.0373 current 0.0672) | val/persist 0.072 | lr 1.32e-03
Epoch  12 | train 0.0526 | val 0.0541 (sd 0.0351 current 0.0732) | val/persist 0.074 | lr 1.32e-03
Epoch  13 | train 0.0528 | val 0.0576 (sd 0.0329 current 0.0823) | val/persist 0.079 | lr 1.32e-03
Epoch  14 | train 0.0518 | val 0.0523 (sd 0.0306 current 0.0739) | val/persist 0.072 | lr 1.32e-03
Epoch  15 | train 0.0516 | val 0.0599 (sd 0.0327 current 0.0871) | val/persist 0.082 | lr 1.32e-03
Epoch  16 | train 0.0494 | val 0.0550 (sd 0.0331 current 0.0769) | val/persist 0.076 | lr 1.32e-03
Epoch  17 | train 0.0508 | val 0.0533 (sd 0.0334 current 0.0733) | val/persist 0.073 | lr 1.32e-03
Epoch  18 | train 0.0485 | val 0.0530 (sd 0.0321 current 0.0739) | val/persist 0.073 | lr 6.61e-04
Epoch  19 | train 0.0415 | val 0.0473 (sd 0.0317 current 0.0630) | val/persist 0.065 | lr 6.61e-04
Epoch  20 | train 0.0404 | val 0.0485 (sd 0.0297 current 0.0674) | val/persist 0.067 | lr 6.61e-04
Epoch  21 | train 0.0390 | val 0.0455 (sd 0.0288 current 0.0622) | val/persist 0.063 | lr 6.61e-04
Epoch  22 | train 0.0395 | val 0.0491 (sd 0.0314 current 0.0669) | val/persist 0.068 | lr 6.61e-04
Epoch  23 | train 0.0392 | val 0.0456 (sd 0.0291 current 0.0620) | val/persist 0.063 | lr 6.61e-04
Epoch  24 | train 0.0382 | val 0.0494 (sd 0.0304 current 0.0685) | val/persist 0.068 | lr 6.61e-04
Epoch  25 | train 0.0379 | val 0.0521 (sd 0.0294 current 0.0747) | val/persist 0.072 | lr 6.61e-04
Epoch  26 | train 0.0374 | val 0.0458 (sd 0.0295 current 0.0621) | val/persist 0.063 | lr 6.61e-04
Epoch  27 | train 0.0373 | val 0.0477 (sd 0.0302 current 0.0652) | val/persist 0.066 | lr 6.61e-04
Epoch  28 | train 0.0362 | val 0.0465 (sd 0.0301 current 0.0629) | val/persist 0.064 | lr 6.61e-04
Epoch  29 | train 0.0355 | val 0.0478 (sd 0.0299 current 0.0657) | val/persist 0.066 | lr 6.61e-04
Epoch  30 | train 0.0353 | val 0.0471 (sd 0.0295 current 0.0647) | val/persist 0.065 | lr 6.61e-04
Epoch  31 | train 0.0346 | val 0.0448 (sd 0.0274 current 0.0622) | val/persist 0.062 | lr 6.61e-04
Epoch  32 | train 0.0339 | val 0.0470 (sd 0.0276 current 0.0664) | val/persist 0.065 | lr 6.61e-04
Epoch  33 | train 0.0334 | val 0.0472 (sd 0.0261 current 0.0684) | val/persist 0.065 | lr 6.61e-04
Epoch  34 | train 0.0329 | val 0.0471 (sd 0.0268 current 0.0673) | val/persist 0.065 | lr 6.61e-04
Epoch  35 | train 0.0319 | val 0.0482 (sd 0.0266 current 0.0699) | val/persist 0.066 | lr 6.61e-04
Epoch  36 | train 0.0312 | val 0.0444 (sd 0.0253 current 0.0635) | val/persist 0.061 | lr 6.61e-04
Epoch  37 | train 0.0311 | val 0.0459 (sd 0.0249 current 0.0670) | val/persist 0.063 | lr 6.61e-04
Epoch  38 | train 0.0300 | val 0.0453 (sd 0.0259 current 0.0647) | val/persist 0.062 | lr 6.61e-04
Epoch  39 | train 0.0305 | val 0.0489 (sd 0.0258 current 0.0720) | val/persist 0.067 | lr 6.61e-04
Epoch  40 | train 0.0297 | val 0.0458 (sd 0.0260 current 0.0655) | val/persist 0.063 | lr 6.61e-04
Epoch  41 | train 0.0291 | val 0.0486 (sd 0.0255 current 0.0717) | val/persist 0.067 | lr 6.61e-04
Epoch  42 | train 0.0295 | val 0.0457 (sd 0.0258 current 0.0657) | val/persist 0.063 | lr 6.61e-04
Epoch  43 | train 0.0282 | val 0.0477 (sd 0.0261 current 0.0692) | val/persist 0.066 | lr 6.61e-04
Epoch  44 | train 0.0282 | val 0.0454 (sd 0.0243 current 0.0666) | val/persist 0.063 | lr 6.61e-04
Epoch  45 | train 0.0278 | val 0.0478 (sd 0.0247 current 0.0708) | val/persist 0.066 | lr 6.61e-04
Epoch  46 | train 0.0275 | val 0.0516 (sd 0.0249 current 0.0784) | val/persist 0.071 | lr 6.61e-04
Epoch  47 | train 0.0267 | val 0.0457 (sd 0.0252 current 0.0663) | val/persist 0.063 | lr 3.31e-04
Epoch  48 | train 0.0227 | val 0.0454 (sd 0.0247 current 0.0662) | val/persist 0.063 | lr 3.31e-04
Epoch  49 | train 0.0219 | val 0.0452 (sd 0.0261 current 0.0642) | val/persist 0.062 | lr 3.31e-04
Epoch  50 | train 0.0217 | val 0.0449 (sd 0.0252 current 0.0647) | val/persist 0.062 | lr 3.31e-04
Epoch  51 | train 0.0214 | val 0.0451 (sd 0.0250 current 0.0653) | val/persist 0.062 | lr 3.31e-04

Training completato. Best val: 0.0444 a epoch 36 (persistenza 0.7267)
[I 2026-10-01 11:05:54,732] Trial 29 finished with value: 0.04436990572007114 and parameters: {'gru_hidden': 256, 'mlp_hidden': 128, 'num_layers': 2, 'dropout': 0.04439885747502398, 'weight_decay': 0.08807050481683978, 'lr': 0.0013221901975869184, 'batch_size': 64, 'clip_norm': 5.0}. Best is trial 51 with value: 0.04060395106976984.
Split per-trial: 26879 finestre train | 6721 finestre val
Baseline persistenza (val): 0.7267 (sd 0.3393 | current 1.1141)
Epoch   0 | train 0.2118 | val 0.1276 (sd 0.0500 current 0.2051) | val/persist 0.176 | lr 3.87e-03
Epoch   1 | train 0.0872 | val 0.0873 (sd 0.0421 current 0.1325) | val/persist 0.120 | lr 3.87e-03
Epoch   2 | train 0.0754 | val 0.0770 (sd 0.0376 current 0.1164) | val/persist 0.106 | lr 3.87e-03
Epoch   3 | train 0.0676 | val 0.0727 (sd 0.0412 current 0.1041) | val/persist 0.100 | lr 3.87e-03
Epoch   4 | train 0.0615 | val 0.0604 (sd 0.0346 current 0.0863) | val/persist 0.083 | lr 3.87e-03
Epoch   5 | train 0.0569 | val 0.0629 (sd 0.0366 current 0.0892) | val/persist 0.087 | lr 3.87e-03
Epoch   6 | train 0.0587 | val 0.0580 (sd 0.0355 current 0.0806) | val/persist 0.080 | lr 3.87e-03
Epoch   7 | train 0.0544 | val 0.0618 (sd 0.0349 current 0.0887) | val/persist 0.085 | lr 3.87e-03
Epoch   8 | train 0.0554 | val 0.0556 (sd 0.0337 current 0.0774) | val/persist 0.076 | lr 3.87e-03
Epoch   9 | train 0.0501 | val 0.0567 (sd 0.0323 current 0.0810) | val/persist 0.078 | lr 3.87e-03
Epoch  10 | train 0.0481 | val 0.0536 (sd 0.0327 current 0.0746) | val/persist 0.074 | lr 3.87e-03
Epoch  11 | train 0.0481 | val 0.0562 (sd 0.0350 current 0.0774) | val/persist 0.077 | lr 3.87e-03
Epoch  12 | train 0.0472 | val 0.0585 (sd 0.0352 current 0.0818) | val/persist 0.080 | lr 3.87e-03
Epoch  13 | train 0.0460 | val 0.0537 (sd 0.0388 current 0.0686) | val/persist 0.074 | lr 3.87e-03
Epoch  14 | train 0.0447 | val 0.0529 (sd 0.0324 current 0.0733) | val/persist 0.073 | lr 3.87e-03
Epoch  15 | train 0.0446 | val 0.0496 (sd 0.0311 current 0.0682) | val/persist 0.068 | lr 3.87e-03
Epoch  16 | train 0.0434 | val 0.0547 (sd 0.0343 current 0.0750) | val/persist 0.075 | lr 3.87e-03
Epoch  17 | train 0.0430 | val 0.0489 (sd 0.0324 current 0.0653) | val/persist 0.067 | lr 3.87e-03
Epoch  18 | train 0.0416 | val 0.0515 (sd 0.0337 current 0.0693) | val/persist 0.071 | lr 3.87e-03
Epoch  19 | train 0.0398 | val 0.0516 (sd 0.0345 current 0.0688) | val/persist 0.071 | lr 3.87e-03
Epoch  20 | train 0.0413 | val 0.0518 (sd 0.0335 current 0.0700) | val/persist 0.071 | lr 3.87e-03
Epoch  21 | train 0.0400 | val 0.0472 (sd 0.0292 current 0.0652) | val/persist 0.065 | lr 3.87e-03
Epoch  22 | train 0.0390 | val 0.0485 (sd 0.0305 current 0.0666) | val/persist 0.067 | lr 3.87e-03
Epoch  23 | train 0.0378 | val 0.0505 (sd 0.0299 current 0.0710) | val/persist 0.069 | lr 3.87e-03
Epoch  24 | train 0.0384 | val 0.0497 (sd 0.0329 current 0.0665) | val/persist 0.068 | lr 3.87e-03
Epoch  25 | train 0.0373 | val 0.0530 (sd 0.0322 current 0.0737) | val/persist 0.073 | lr 3.87e-03
Epoch  26 | train 0.0357 | val 0.0516 (sd 0.0311 current 0.0720) | val/persist 0.071 | lr 3.87e-03
Epoch  27 | train 0.0365 | val 0.0479 (sd 0.0295 current 0.0663) | val/persist 0.066 | lr 3.87e-03
Epoch  28 | train 0.0346 | val 0.0551 (sd 0.0355 current 0.0747) | val/persist 0.076 | lr 3.87e-03
Epoch  29 | train 0.0337 | val 0.0493 (sd 0.0291 current 0.0694) | val/persist 0.068 | lr 3.87e-03
Epoch  30 | train 0.0334 | val 0.0548 (sd 0.0296 current 0.0800) | val/persist 0.075 | lr 3.87e-03
Epoch  31 | train 0.0343 | val 0.0538 (sd 0.0372 current 0.0704) | val/persist 0.074 | lr 3.87e-03
Epoch  32 | train 0.0320 | val 0.0485 (sd 0.0290 current 0.0681) | val/persist 0.067 | lr 1.93e-03
Epoch  33 | train 0.0267 | val 0.0454 (sd 0.0251 current 0.0656) | val/persist 0.062 | lr 1.93e-03
Epoch  34 | train 0.0248 | val 0.0462 (sd 0.0257 current 0.0668) | val/persist 0.064 | lr 1.93e-03
Epoch  35 | train 0.0246 | val 0.0461 (sd 0.0252 current 0.0670) | val/persist 0.063 | lr 1.93e-03
Epoch  36 | train 0.0241 | val 0.0466 (sd 0.0262 current 0.0670) | val/persist 0.064 | lr 1.93e-03
Epoch  37 | train 0.0235 | val 0.0459 (sd 0.0251 current 0.0667) | val/persist 0.063 | lr 1.93e-03
Epoch  38 | train 0.0238 | val 0.0464 (sd 0.0245 current 0.0684) | val/persist 0.064 | lr 1.93e-03
Epoch  39 | train 0.0230 | val 0.0466 (sd 0.0247 current 0.0684) | val/persist 0.064 | lr 1.93e-03
Epoch  40 | train 0.0225 | val 0.0471 (sd 0.0251 current 0.0691) | val/persist 0.065 | lr 1.93e-03
Epoch  41 | train 0.0226 | val 0.0464 (sd 0.0260 current 0.0667) | val/persist 0.064 | lr 1.93e-03
Epoch  42 | train 0.0218 | val 0.0462 (sd 0.0249 current 0.0675) | val/persist 0.064 | lr 1.93e-03
Epoch  43 | train 0.0208 | val 0.0467 (sd 0.0252 current 0.0681) | val/persist 0.064 | lr 1.93e-03
Epoch  44 | train 0.0202 | val 0.0474 (sd 0.0251 current 0.0697) | val/persist 0.065 | lr 9.67e-04
Epoch  45 | train 0.0182 | val 0.0458 (sd 0.0249 current 0.0668) | val/persist 0.063 | lr 9.67e-04
[I 2026-10-01 11:09:32,697] Trial 61 pruned. 
Split per-trial: 26879 finestre train | 6721 finestre val
Baseline persistenza (val): 0.7267 (sd 0.3393 | current 1.1141)
Epoch   0 | train 0.2580 | val 0.1237 (sd 0.0486 current 0.1987) | val/persist 0.170 | lr 5.16e-04
Epoch   1 | train 0.1025 | val 0.1031 (sd 0.0449 current 0.1614) | val/persist 0.142 | lr 5.16e-04
Epoch   2 | train 0.0902 | val 0.0913 (sd 0.0402 current 0.1423) | val/persist 0.126 | lr 5.16e-04
Epoch   3 | train 0.0798 | val 0.0838 (sd 0.0411 current 0.1265) | val/persist 0.115 | lr 5.16e-04
Epoch   4 | train 0.0755 | val 0.0818 (sd 0.0406 current 0.1229) | val/persist 0.112 | lr 5.16e-04
Epoch   5 | train 0.0710 | val 0.0785 (sd 0.0380 current 0.1189) | val/persist 0.108 | lr 5.16e-04
Epoch   6 | train 0.0672 | val 0.0739 (sd 0.0381 current 0.1097) | val/persist 0.102 | lr 5.16e-04
Epoch   7 | train 0.0646 | val 0.0701 (sd 0.0392 current 0.1011) | val/persist 0.096 | lr 5.16e-04
Epoch   8 | train 0.0645 | val 0.0661 (sd 0.0368 current 0.0954) | val/persist 0.091 | lr 5.16e-04
[I 2026-10-01 11:10:09,871] Trial 78 pruned. 
Split per-trial: 26879 finestre train | 6721 finestre val
Baseline persistenza (val): 0.7267 (sd 0.3393 | current 1.1141)
Epoch   0 | train 0.2518 | val 0.1333 (sd 0.0509 current 0.2158) | val/persist 0.183 | lr 8.72e-04
Epoch   1 | train 0.1079 | val 0.1151 (sd 0.0414 current 0.1889) | val/persist 0.158 | lr 8.72e-04
Epoch   2 | train 0.0901 | val 0.0986 (sd 0.0408 current 0.1563) | val/persist 0.136 | lr 8.72e-04
Epoch   3 | train 0.0817 | val 0.0802 (sd 0.0402 current 0.1201) | val/persist 0.110 | lr 8.72e-04
Epoch   4 | train 0.0716 | val 0.0678 (sd 0.0354 current 0.1002) | val/persist 0.093 | lr 8.72e-04
Epoch   5 | train 0.0663 | val 0.0643 (sd 0.0357 current 0.0929) | val/persist 0.089 | lr 8.72e-04
Epoch   6 | train 0.0648 | val 0.0601 (sd 0.0351 current 0.0851) | val/persist 0.083 | lr 8.72e-04
Epoch   7 | train 0.0609 | val 0.0571 (sd 0.0351 current 0.0790) | val/persist 0.079 | lr 8.72e-04
Epoch   8 | train 0.0579 | val 0.0563 (sd 0.0341 current 0.0784) | val/persist 0.077 | lr 8.72e-04
Epoch   9 | train 0.0564 | val 0.0563 (sd 0.0354 current 0.0771) | val/persist 0.077 | lr 8.72e-04
Epoch  10 | train 0.0542 | val 0.0553 (sd 0.0330 current 0.0777) | val/persist 0.076 | lr 8.72e-04
Epoch  11 | train 0.0541 | val 0.0544 (sd 0.0327 current 0.0761) | val/persist 0.075 | lr 8.72e-04
Epoch  12 | train 0.0516 | val 0.0528 (sd 0.0316 current 0.0739) | val/persist 0.073 | lr 8.72e-04
Epoch  13 | train 0.0506 | val 0.0512 (sd 0.0322 current 0.0703) | val/persist 0.071 | lr 8.72e-04
Epoch  14 | train 0.0498 | val 0.0515 (sd 0.0322 current 0.0707) | val/persist 0.071 | lr 8.72e-04
Epoch  15 | train 0.0490 | val 0.0508 (sd 0.0344 current 0.0673) | val/persist 0.070 | lr 8.72e-04
Epoch  16 | train 0.0473 | val 0.0546 (sd 0.0336 current 0.0755) | val/persist 0.075 | lr 8.72e-04
Epoch  17 | train 0.0475 | val 0.0604 (sd 0.0414 current 0.0794) | val/persist 0.083 | lr 8.72e-04
Epoch  18 | train 0.0473 | val 0.0503 (sd 0.0357 current 0.0648) | val/persist 0.069 | lr 8.72e-04
Epoch  19 | train 0.0471 | val 0.0491 (sd 0.0303 current 0.0680) | val/persist 0.068 | lr 8.72e-04
Epoch  20 | train 0.0450 | val 0.0488 (sd 0.0314 current 0.0661) | val/persist 0.067 | lr 8.72e-04
Epoch  21 | train 0.0448 | val 0.0481 (sd 0.0305 current 0.0657) | val/persist 0.066 | lr 8.72e-04
Epoch  22 | train 0.0455 | val 0.0490 (sd 0.0313 current 0.0667) | val/persist 0.067 | lr 8.72e-04
Epoch  23 | train 0.0440 | val 0.0453 (sd 0.0296 current 0.0610) | val/persist 0.062 | lr 8.72e-04
Epoch  24 | train 0.0430 | val 0.0491 (sd 0.0316 current 0.0666) | val/persist 0.068 | lr 8.72e-04
Epoch  25 | train 0.0420 | val 0.0478 (sd 0.0297 current 0.0659) | val/persist 0.066 | lr 8.72e-04
Epoch  26 | train 0.0416 | val 0.0478 (sd 0.0313 current 0.0642) | val/persist 0.066 | lr 8.72e-04
Epoch  27 | train 0.0410 | val 0.0467 (sd 0.0297 current 0.0637) | val/persist 0.064 | lr 8.72e-04
Epoch  28 | train 0.0411 | val 0.0480 (sd 0.0306 current 0.0653) | val/persist 0.066 | lr 8.72e-04
Epoch  29 | train 0.0418 | val 0.0462 (sd 0.0295 current 0.0629) | val/persist 0.064 | lr 8.72e-04
Epoch  30 | train 0.0403 | val 0.0466 (sd 0.0296 current 0.0637) | val/persist 0.064 | lr 8.72e-04
Epoch  31 | train 0.0397 | val 0.0504 (sd 0.0325 current 0.0682) | val/persist 0.069 | lr 8.72e-04
Epoch  32 | train 0.0395 | val 0.0499 (sd 0.0324 current 0.0675) | val/persist 0.069 | lr 8.72e-04
Epoch  33 | train 0.0394 | val 0.0478 (sd 0.0307 current 0.0650) | val/persist 0.066 | lr 8.72e-04
Epoch  34 | train 0.0404 | val 0.0445 (sd 0.0289 current 0.0601) | val/persist 0.061 | lr 8.72e-04
Epoch  35 | train 0.0386 | val 0.0472 (sd 0.0336 current 0.0609) | val/persist 0.065 | lr 8.72e-04
Epoch  36 | train 0.0371 | val 0.0460 (sd 0.0284 current 0.0636) | val/persist 0.063 | lr 8.72e-04
Epoch  37 | train 0.0373 | val 0.0463 (sd 0.0298 current 0.0628) | val/persist 0.064 | lr 8.72e-04
Epoch  38 | train 0.0364 | val 0.0448 (sd 0.0272 current 0.0623) | val/persist 0.062 | lr 8.72e-04
Epoch  39 | train 0.0356 | val 0.0478 (sd 0.0278 current 0.0677) | val/persist 0.066 | lr 8.72e-04
Epoch  40 | train 0.0353 | val 0.0479 (sd 0.0259 current 0.0699) | val/persist 0.066 | lr 8.72e-04
Epoch  41 | train 0.0341 | val 0.0449 (sd 0.0278 current 0.0620) | val/persist 0.062 | lr 8.72e-04
Epoch  42 | train 0.0343 | val 0.0469 (sd 0.0244 current 0.0694) | val/persist 0.065 | lr 8.72e-04
Epoch  43 | train 0.0340 | val 0.0443 (sd 0.0248 current 0.0637) | val/persist 0.061 | lr 8.72e-04
Epoch  44 | train 0.0328 | val 0.0426 (sd 0.0246 current 0.0606) | val/persist 0.059 | lr 8.72e-04
Epoch  45 | train 0.0317 | val 0.0438 (sd 0.0266 current 0.0611) | val/persist 0.060 | lr 8.72e-04
Epoch  46 | train 0.0315 | val 0.0420 (sd 0.0237 current 0.0604) | val/persist 0.058 | lr 8.72e-04
Epoch  47 | train 0.0309 | val 0.0479 (sd 0.0234 current 0.0723) | val/persist 0.066 | lr 8.72e-04
Epoch  48 | train 0.0312 | val 0.0448 (sd 0.0236 current 0.0661) | val/persist 0.062 | lr 8.72e-04
Epoch  49 | train 0.0308 | val 0.0434 (sd 0.0235 current 0.0633) | val/persist 0.060 | lr 8.72e-04
Epoch  50 | train 0.0294 | val 0.0450 (sd 0.0236 current 0.0664) | val/persist 0.062 | lr 8.72e-04
Epoch  51 | train 0.0305 | val 0.0445 (sd 0.0240 current 0.0650) | val/persist 0.061 | lr 8.72e-04
Epoch  52 | train 0.0286 | val 0.0432 (sd 0.0238 current 0.0627) | val/persist 0.059 | lr 8.72e-04
Epoch  53 | train 0.0291 | val 0.0445 (sd 0.0236 current 0.0654) | val/persist 0.061 | lr 8.72e-04
Epoch  54 | train 0.0285 | val 0.0449 (sd 0.0246 current 0.0653) | val/persist 0.062 | lr 8.72e-04
Epoch  55 | train 0.0277 | val 0.0437 (sd 0.0236 current 0.0637) | val/persist 0.060 | lr 8.72e-04
Epoch  56 | train 0.0279 | val 0.0463 (sd 0.0257 current 0.0669) | val/persist 0.064 | lr 8.72e-04
Epoch  57 | train 0.0277 | val 0.0510 (sd 0.0264 current 0.0756) | val/persist 0.070 | lr 4.36e-04
Epoch  58 | train 0.0242 | val 0.0424 (sd 0.0238 current 0.0609) | val/persist 0.058 | lr 4.36e-04
Epoch  59 | train 0.0225 | val 0.0428 (sd 0.0237 current 0.0620) | val/persist 0.059 | lr 4.36e-04

Training completato. Best val: 0.0420 a epoch 46 (persistenza 0.7267)
[I 2026-10-01 11:21:14,153] Trial 80 finished with value: 0.04202520113458876 and parameters: {'gru_hidden': 256, 'mlp_hidden': 512, 'num_layers': 2, 'dropout': 0.04982554341802545, 'weight_decay': 1.05420877017485e-06, 'lr': 0.0008722549528813505, 'batch_size': 256, 'clip_norm': 0.5}. Best is trial 88 with value: 0.04027897994221716.
Split per-trial: 26879 finestre train | 6721 finestre val
Baseline persistenza (val): 0.7267 (sd 0.3393 | current 1.1141)
Epoch   0 | train 0.1567 | val 0.0998 (sd 0.0464 current 0.1533) | val/persist 0.137 | lr 4.90e-04
Epoch   1 | train 0.0868 | val 0.0842 (sd 0.0403 current 0.1282) | val/persist 0.116 | lr 4.90e-04
Epoch   2 | train 0.0790 | val 0.0794 (sd 0.0394 current 0.1194) | val/persist 0.109 | lr 4.90e-04
Epoch   3 | train 0.0719 | val 0.0699 (sd 0.0367 current 0.1031) | val/persist 0.096 | lr 4.90e-04
Epoch   4 | train 0.0669 | val 0.0672 (sd 0.0402 current 0.0942) | val/persist 0.092 | lr 4.90e-04
Epoch   5 | train 0.0637 | val 0.0592 (sd 0.0344 current 0.0841) | val/persist 0.082 | lr 4.90e-04
Epoch   6 | train 0.0615 | val 0.0589 (sd 0.0334 current 0.0844) | val/persist 0.081 | lr 4.90e-04
Epoch   7 | train 0.0571 | val 0.0585 (sd 0.0356 current 0.0813) | val/persist 0.080 | lr 4.90e-04
Epoch   8 | train 0.0579 | val 0.0558 (sd 0.0315 current 0.0802) | val/persist 0.077 | lr 4.90e-04
Epoch   9 | train 0.0555 | val 0.0541 (sd 0.0327 current 0.0755) | val/persist 0.074 | lr 4.90e-04
Epoch  10 | train 0.0549 | val 0.0548 (sd 0.0341 current 0.0756) | val/persist 0.075 | lr 4.90e-04
Epoch  11 | train 0.0540 | val 0.0563 (sd 0.0332 current 0.0794) | val/persist 0.077 | lr 4.90e-04
Epoch  12 | train 0.0526 | val 0.0534 (sd 0.0343 current 0.0725) | val/persist 0.073 | lr 4.90e-04
Epoch  13 | train 0.0524 | val 0.0516 (sd 0.0311 current 0.0722) | val/persist 0.071 | lr 4.90e-04
Epoch  14 | train 0.0510 | val 0.0516 (sd 0.0326 current 0.0705) | val/persist 0.071 | lr 4.90e-04
Epoch  15 | train 0.0505 | val 0.0501 (sd 0.0300 current 0.0703) | val/persist 0.069 | lr 4.90e-04
Epoch  16 | train 0.0498 | val 0.0500 (sd 0.0319 current 0.0682) | val/persist 0.069 | lr 4.90e-04
Epoch  17 | train 0.0496 | val 0.0506 (sd 0.0332 current 0.0680) | val/persist 0.070 | lr 4.90e-04
Epoch  18 | train 0.0484 | val 0.0499 (sd 0.0319 current 0.0679) | val/persist 0.069 | lr 4.90e-04
Epoch  19 | train 0.0479 | val 0.0538 (sd 0.0328 current 0.0748) | val/persist 0.074 | lr 4.90e-04
Epoch  20 | train 0.0476 | val 0.0510 (sd 0.0315 current 0.0704) | val/persist 0.070 | lr 4.90e-04
[I 2026-10-01 11:24:25,807] Trial 98 pruned. 
Split per-trial: 26879 finestre train | 6721 finestre val
Baseline persistenza (val): 0.7267 (sd 0.3393 | current 1.1141)
Epoch   0 | train 0.1415 | val 0.0891 (sd 0.0442 current 0.1339) | val/persist 0.123 | lr 1.39e-03
Epoch   1 | train 0.0804 | val 0.0743 (sd 0.0422 current 0.1063) | val/persist 0.102 | lr 1.39e-03
Epoch   2 | train 0.0713 | val 0.0922 (sd 0.0387 current 0.1458) | val/persist 0.127 | lr 1.39e-03
Epoch   3 | train 0.0673 | val 0.0683 (sd 0.0442 current 0.0924) | val/persist 0.094 | lr 1.39e-03
Epoch   4 | train 0.0631 | val 0.0609 (sd 0.0341 current 0.0877) | val/persist 0.084 | lr 1.39e-03
Epoch   5 | train 0.0614 | val 0.0589 (sd 0.0337 current 0.0840) | val/persist 0.081 | lr 1.39e-03
Epoch   6 | train 0.0568 | val 0.0573 (sd 0.0339 current 0.0806) | val/persist 0.079 | lr 1.39e-03
Epoch   7 | train 0.0556 | val 0.0552 (sd 0.0340 current 0.0764) | val/persist 0.076 | lr 1.39e-03
Epoch   8 | train 0.0545 | val 0.0609 (sd 0.0326 current 0.0892) | val/persist 0.084 | lr 1.39e-03
Epoch   9 | train 0.0527 | val 0.0530 (sd 0.0323 current 0.0737) | val/persist 0.073 | lr 1.39e-03
Epoch  10 | train 0.0526 | val 0.0574 (sd 0.0345 current 0.0803) | val/persist 0.079 | lr 1.39e-03
Epoch  11 | train 0.0501 | val 0.0523 (sd 0.0311 current 0.0735) | val/persist 0.072 | lr 1.39e-03
Epoch  12 | train 0.0494 | val 0.0546 (sd 0.0341 current 0.0751) | val/persist 0.075 | lr 1.39e-03
Epoch  13 | train 0.0480 | val 0.0556 (sd 0.0324 current 0.0788) | val/persist 0.077 | lr 1.39e-03
Epoch  14 | train 0.0472 | val 0.0522 (sd 0.0324 current 0.0720) | val/persist 0.072 | lr 1.39e-03
[I 2026-10-01 11:25:39,089] Trial 100 pruned. 
Split per-trial: 26879 finestre train | 6721 finestre val
Baseline persistenza (val): 0.7267 (sd 0.3393 | current 1.1141)
Epoch   0 | train 0.1490 | val 0.1081 (sd 0.0448 current 0.1713) | val/persist 0.149 | lr 4.87e-03
Epoch   1 | train 0.0836 | val 0.0727 (sd 0.0428 current 0.1027) | val/persist 0.100 | lr 4.87e-03
Epoch   2 | train 0.0674 | val 0.0641 (sd 0.0365 current 0.0917) | val/persist 0.088 | lr 4.87e-03
Epoch   3 | train 0.0628 | val 0.0608 (sd 0.0367 current 0.0850) | val/persist 0.084 | lr 4.87e-03
Epoch   4 | train 0.0550 | val 0.0584 (sd 0.0327 current 0.0840) | val/persist 0.080 | lr 4.87e-03
Epoch   5 | train 0.0568 | val 0.0682 (sd 0.0475 current 0.0888) | val/persist 0.094 | lr 4.87e-03
Epoch   6 | train 0.0551 | val 0.0624 (sd 0.0337 current 0.0910) | val/persist 0.086 | lr 4.87e-03
Epoch   7 | train 0.0530 | val 0.0538 (sd 0.0323 current 0.0753) | val/persist 0.074 | lr 4.87e-03
Epoch   8 | train 0.0494 | val 0.0559 (sd 0.0322 current 0.0795) | val/persist 0.077 | lr 4.87e-03
Epoch   9 | train 0.0503 | val 0.0621 (sd 0.0326 current 0.0915) | val/persist 0.085 | lr 4.87e-03
Epoch  10 | train 0.0487 | val 0.0544 (sd 0.0365 current 0.0724) | val/persist 0.075 | lr 4.87e-03
Epoch  11 | train 0.0455 | val 0.0540 (sd 0.0323 current 0.0756) | val/persist 0.074 | lr 4.87e-03
Epoch  12 | train 0.0473 | val 0.0535 (sd 0.0335 current 0.0735) | val/persist 0.074 | lr 4.87e-03
Epoch  13 | train 0.0442 | val 0.0495 (sd 0.0267 current 0.0723) | val/persist 0.068 | lr 4.87e-03
Epoch  14 | train 0.0449 | val 0.0537 (sd 0.0301 current 0.0773) | val/persist 0.074 | lr 4.87e-03
Epoch  15 | train 0.0438 | val 0.0469 (sd 0.0268 current 0.0670) | val/persist 0.065 | lr 4.87e-03
Epoch  16 | train 0.0418 | val 0.0571 (sd 0.0271 current 0.0871) | val/persist 0.079 | lr 4.87e-03
Epoch  17 | train 0.0411 | val 0.0477 (sd 0.0242 current 0.0713) | val/persist 0.066 | lr 4.87e-03
Epoch  18 | train 0.0397 | val 0.0566 (sd 0.0324 current 0.0809) | val/persist 0.078 | lr 4.87e-03
Epoch  19 | train 0.0440 | val 0.0533 (sd 0.0269 current 0.0798) | val/persist 0.073 | lr 4.87e-03
Epoch  20 | train 0.0404 | val 0.0523 (sd 0.0301 current 0.0745) | val/persist 0.072 | lr 4.87e-03
Epoch  21 | train 0.0378 | val 0.0471 (sd 0.0243 current 0.0699) | val/persist 0.065 | lr 4.87e-03
Epoch  22 | train 0.0372 | val 0.0476 (sd 0.0262 current 0.0690) | val/persist 0.065 | lr 4.87e-03
Epoch  23 | train 0.0384 | val 0.0517 (sd 0.0253 current 0.0782) | val/persist 0.071 | lr 4.87e-03
Epoch  24 | train 0.0368 | val 0.0473 (sd 0.0250 current 0.0695) | val/persist 0.065 | lr 4.87e-03
Epoch  25 | train 0.0351 | val 0.0493 (sd 0.0255 current 0.0730) | val/persist 0.068 | lr 4.87e-03
Epoch  26 | train 0.0369 | val 0.0501 (sd 0.0315 current 0.0687) | val/persist 0.069 | lr 2.43e-03
Epoch  27 | train 0.0309 | val 0.0427 (sd 0.0227 current 0.0627) | val/persist 0.059 | lr 2.43e-03
Epoch  28 | train 0.0297 | val 0.0419 (sd 0.0227 current 0.0611) | val/persist 0.058 | lr 2.43e-03
Epoch  29 | train 0.0283 | val 0.0423 (sd 0.0233 current 0.0614) | val/persist 0.058 | lr 2.43e-03
Epoch  30 | train 0.0282 | val 0.0429 (sd 0.0231 current 0.0626) | val/persist 0.059 | lr 2.43e-03
Epoch  31 | train 0.0278 | val 0.0429 (sd 0.0241 current 0.0616) | val/persist 0.059 | lr 2.43e-03
Epoch  32 | train 0.0275 | val 0.0447 (sd 0.0240 current 0.0653) | val/persist 0.061 | lr 2.43e-03
Epoch  33 | train 0.0269 | val 0.0422 (sd 0.0227 current 0.0617) | val/persist 0.058 | lr 2.43e-03
Epoch  34 | train 0.0269 | val 0.0446 (sd 0.0241 current 0.0650) | val/persist 0.061 | lr 2.43e-03
Epoch  35 | train 0.0264 | val 0.0445 (sd 0.0256 current 0.0634) | val/persist 0.061 | lr 2.43e-03
Epoch  36 | train 0.0260 | val 0.0428 (sd 0.0231 current 0.0625) | val/persist 0.059 | lr 2.43e-03
Epoch  37 | train 0.0264 | val 0.0417 (sd 0.0229 current 0.0605) | val/persist 0.057 | lr 2.43e-03
Epoch  38 | train 0.0253 | val 0.0472 (sd 0.0243 current 0.0701) | val/persist 0.065 | lr 2.43e-03
Epoch  39 | train 0.0254 | val 0.0458 (sd 0.0242 current 0.0673) | val/persist 0.063 | lr 2.43e-03
Epoch  40 | train 0.0259 | val 0.0427 (sd 0.0233 current 0.0621) | val/persist 0.059 | lr 2.43e-03
Epoch  41 | train 0.0242 | val 0.0438 (sd 0.0232 current 0.0643) | val/persist 0.060 | lr 2.43e-03
Epoch  42 | train 0.0231 | val 0.0427 (sd 0.0228 current 0.0626) | val/persist 0.059 | lr 2.43e-03
Epoch  43 | train 0.0230 | val 0.0430 (sd 0.0232 current 0.0628) | val/persist 0.059 | lr 2.43e-03
Epoch  44 | train 0.0230 | val 0.0464 (sd 0.0251 current 0.0676) | val/persist 0.064 | lr 2.43e-03
Epoch  45 | train 0.0224 | val 0.0436 (sd 0.0235 current 0.0637) | val/persist 0.060 | lr 2.43e-03
Epoch  46 | train 0.0215 | val 0.0435 (sd 0.0236 current 0.0634) | val/persist 0.060 | lr 2.43e-03
Epoch  47 | train 0.0216 | val 0.0444 (sd 0.0240 current 0.0649) | val/persist 0.061 | lr 2.43e-03
Epoch  48 | train 0.0215 | val 0.0452 (sd 0.0240 current 0.0664) | val/persist 0.062 | lr 1.22e-03
Epoch  49 | train 0.0182 | val 0.0435 (sd 0.0234 current 0.0637) | val/persist 0.060 | lr 1.22e-03
Epoch  50 | train 0.0168 | val 0.0423 (sd 0.0229 current 0.0617) | val/persist 0.058 | lr 1.22e-03
Epoch  51 | train 0.0165 | val 0.0432 (sd 0.0234 current 0.0631) | val/persist 0.060 | lr 1.22e-03
Epoch  52 | train 0.0161 | val 0.0434 (sd 0.0241 current 0.0628) | val/persist 0.060 | lr 1.22e-03

Training completato. Best val: 0.0417 a epoch 37 (persistenza 0.7267)
[I 2026-10-01 11:28:29,121] Trial 101 finished with value: 0.04171246240543762 and parameters: {'gru_hidden': 128, 'mlp_hidden': 512, 'num_layers': 1, 'dropout': 0.005413365962831769, 'weight_decay': 1.394743024283982e-06, 'lr': 0.004868267200581677, 'batch_size': 256, 'clip_norm': 1.0}. Best is trial 88 with value: 0.04027897994221716.
Split per-trial: 26879 finestre train | 6721 finestre val
Baseline persistenza (val): 0.7267 (sd 0.3393 | current 1.1141)
Epoch   0 | train 0.1284 | val 0.1133 (sd 0.0432 current 0.1834) | val/persist 0.156 | lr 3.37e-03
Epoch   1 | train 0.0898 | val 0.0974 (sd 0.0506 current 0.1443) | val/persist 0.134 | lr 3.37e-03
Epoch   2 | train 0.0803 | val 0.0800 (sd 0.0368 current 0.1233) | val/persist 0.110 | lr 3.37e-03
Epoch   3 | train 0.0743 | val 0.0846 (sd 0.0413 current 0.1279) | val/persist 0.116 | lr 3.37e-03
Epoch   4 | train 0.0687 | val 0.0839 (sd 0.0475 current 0.1204) | val/persist 0.116 | lr 3.37e-03
Epoch   5 | train 0.0693 | val 0.0740 (sd 0.0435 current 0.1045) | val/persist 0.102 | lr 3.37e-03
Epoch   6 | train 0.0669 | val 0.0675 (sd 0.0402 current 0.0948) | val/persist 0.093 | lr 3.37e-03
Epoch   7 | train 0.0620 | val 0.0564 (sd 0.0341 current 0.0788) | val/persist 0.078 | lr 3.37e-03
Epoch   8 | train 0.0652 | val 0.0561 (sd 0.0373 current 0.0749) | val/persist 0.077 | lr 3.37e-03
Epoch   9 | train 0.0611 | val 0.0598 (sd 0.0370 current 0.0826) | val/persist 0.082 | lr 3.37e-03
Epoch  10 | train 0.0586 | val 0.0691 (sd 0.0464 current 0.0919) | val/persist 0.095 | lr 3.37e-03
[I 2026-10-01 11:29:40,708] Trial 102 pruned. 
Split per-trial: 26879 finestre train | 6721 finestre val
Baseline persistenza (val): 0.7267 (sd 0.3393 | current 1.1141)
Epoch   0 | train 0.1665 | val 0.1017 (sd 0.0533 current 0.1502) | val/persist 0.140 | lr 2.77e-03
Epoch   1 | train 0.0853 | val 0.0792 (sd 0.0426 current 0.1158) | val/persist 0.109 | lr 2.77e-03
Epoch   2 | train 0.0740 | val 0.0706 (sd 0.0400 current 0.1013) | val/persist 0.097 | lr 2.77e-03
Epoch   3 | train 0.0716 | val 0.0809 (sd 0.0405 current 0.1214) | val/persist 0.111 | lr 2.77e-03
Epoch   4 | train 0.0669 | val 0.0648 (sd 0.0389 current 0.0907) | val/persist 0.089 | lr 2.77e-03
Epoch   5 | train 0.0620 | val 0.0666 (sd 0.0369 current 0.0963) | val/persist 0.092 | lr 2.77e-03
Epoch   6 | train 0.0621 | val 0.0630 (sd 0.0430 current 0.0830) | val/persist 0.087 | lr 2.77e-03
Epoch   7 | train 0.0591 | val 0.0572 (sd 0.0352 current 0.0792) | val/persist 0.079 | lr 2.77e-03
Epoch   8 | train 0.0570 | val 0.0602 (sd 0.0327 current 0.0877) | val/persist 0.083 | lr 2.77e-03
Epoch   9 | train 0.0588 | val 0.0584 (sd 0.0355 current 0.0814) | val/persist 0.080 | lr 2.77e-03
Epoch  10 | train 0.0552 | val 0.0568 (sd 0.0322 current 0.0813) | val/persist 0.078 | lr 2.77e-03
[I 2026-10-01 11:30:43,856] Trial 103 pruned. 

Best val: 0.04028
  gru_hidden: 256
  mlp_hidden: 512
  num_layers: 1
  dropout: 0.06668923974698159
  weight_decay: 1.582283830185358e-05
  lr: 0.0005621588402773221
  batch_size: 64
  clip_norm: 0.5
Report: /home/gemma/tesi/aquabot/src/net/fm/tuning/tuning_results/best_fm_h20_nores.txt
