Studio: fm_h20_res | device cpu | H=20 | residual=True
Caricamento dataset (p=1)...
Trovati 120 trial.
Dataset grezzo: 120 trial letti. Scaler e finestre costruiti in split_by_trial() (fit solo su train).
/home/gemma/tesi/aquabot/src/net/fm/tuning/tune.py:222: ExperimentalWarning: Argument ``multivariate`` is an experimental feature. The interface can change in the future.
  sampler = optuna.samplers.TPESampler(
/home/gemma/tesi/aquabot/src/net/fm/tuning/tune.py:222: ExperimentalWarning: Argument ``group`` is an experimental feature. The interface can change in the future.
  sampler = optuna.samplers.TPESampler(
/home/gemma/tesi/aquabot/src/net/fm/tuning/tune.py:222: ExperimentalWarning: Argument ``constant_liar`` is an experimental feature. The interface can change in the future.
  sampler = optuna.samplers.TPESampler(
[I 2026-09-30 12:27:02,654] Using an existing study with name 'fm_h20_res' instead of creating a new one.
Normalizzatore caricato da /home/gemma/tesi/aquabot/src/net/scaler/scalers_joint.pkl (nessun refit).
Dataset: 33600 campioni da 120 trial. H=20 P=1 | seq_cmd=(20, 1) seq_sens=(20, 2)
Split per-trial: 26879 finestre train | 6721 finestre val
Baseline persistenza (val): 0.7267 (sd 0.3393 | current 1.1141)
Epoch   0 | train 0.2164 | val 0.1184 (sd 0.0592 current 0.1777) | val/persist 0.163 | lr 2.35e-03
Epoch   1 | train 0.1129 | val 0.0951 (sd 0.0547 current 0.1355) | val/persist 0.131 | lr 2.35e-03
Epoch   2 | train 0.1015 | val 0.0892 (sd 0.0519 current 0.1264) | val/persist 0.123 | lr 2.35e-03
Epoch   3 | train 0.0954 | val 0.0903 (sd 0.0505 current 0.1301) | val/persist 0.124 | lr 2.35e-03
Epoch   4 | train 0.0883 | val 0.0772 (sd 0.0445 current 0.1099) | val/persist 0.106 | lr 2.35e-03
Epoch   5 | train 0.0850 | val 0.0733 (sd 0.0389 current 0.1077) | val/persist 0.101 | lr 2.35e-03
Epoch   6 | train 0.0802 | val 0.0706 (sd 0.0371 current 0.1041) | val/persist 0.097 | lr 2.35e-03
Epoch   7 | train 0.0772 | val 0.0666 (sd 0.0346 current 0.0985) | val/persist 0.092 | lr 2.35e-03
Epoch   8 | train 0.0751 | val 0.0629 (sd 0.0342 current 0.0915) | val/persist 0.087 | lr 2.35e-03
Epoch   9 | train 0.0720 | val 0.0640 (sd 0.0322 current 0.0958) | val/persist 0.088 | lr 2.35e-03
Epoch  10 | train 0.0709 | val 0.0627 (sd 0.0301 current 0.0954) | val/persist 0.086 | lr 2.35e-03
Epoch  11 | train 0.0694 | val 0.0575 (sd 0.0299 current 0.0851) | val/persist 0.079 | lr 2.35e-03
Epoch  12 | train 0.0666 | val 0.0582 (sd 0.0289 current 0.0875) | val/persist 0.080 | lr 2.35e-03
Epoch  13 | train 0.0680 | val 0.0611 (sd 0.0306 current 0.0916) | val/persist 0.084 | lr 2.35e-03
Epoch  14 | train 0.0658 | val 0.0601 (sd 0.0283 current 0.0919) | val/persist 0.083 | lr 2.35e-03
Epoch  15 | train 0.0663 | val 0.0612 (sd 0.0274 current 0.0950) | val/persist 0.084 | lr 2.35e-03
Epoch  16 | train 0.0655 | val 0.0559 (sd 0.0282 current 0.0836) | val/persist 0.077 | lr 2.35e-03
Epoch  17 | train 0.0646 | val 0.0572 (sd 0.0287 current 0.0858) | val/persist 0.079 | lr 2.35e-03
Epoch  18 | train 0.0630 | val 0.0586 (sd 0.0284 current 0.0888) | val/persist 0.081 | lr 2.35e-03
Epoch  19 | train 0.0629 | val 0.0584 (sd 0.0287 current 0.0882) | val/persist 0.080 | lr 2.35e-03
Epoch  20 | train 0.0625 | val 0.0542 (sd 0.0261 current 0.0823) | val/persist 0.075 | lr 2.35e-03
Epoch  21 | train 0.0626 | val 0.0590 (sd 0.0332 current 0.0848) | val/persist 0.081 | lr 2.35e-03
Epoch  22 | train 0.0631 | val 0.0533 (sd 0.0288 current 0.0778) | val/persist 0.073 | lr 2.35e-03
Epoch  23 | train 0.0610 | val 0.0538 (sd 0.0275 current 0.0801) | val/persist 0.074 | lr 2.35e-03
Epoch  24 | train 0.0612 | val 0.0535 (sd 0.0289 current 0.0781) | val/persist 0.074 | lr 2.35e-03
Epoch  25 | train 0.0599 | val 0.0532 (sd 0.0270 current 0.0795) | val/persist 0.073 | lr 2.35e-03
Epoch  26 | train 0.0617 | val 0.0606 (sd 0.0322 current 0.0889) | val/persist 0.083 | lr 2.35e-03
Epoch  27 | train 0.0603 | val 0.0542 (sd 0.0273 current 0.0811) | val/persist 0.075 | lr 2.35e-03
Epoch  28 | train 0.0594 | val 0.0523 (sd 0.0264 current 0.0782) | val/persist 0.072 | lr 2.35e-03
Epoch  29 | train 0.0596 | val 0.0507 (sd 0.0258 current 0.0755) | val/persist 0.070 | lr 2.35e-03
Epoch  30 | train 0.0584 | val 0.0504 (sd 0.0275 current 0.0733) | val/persist 0.069 | lr 2.35e-03
Epoch  31 | train 0.0573 | val 0.0521 (sd 0.0260 current 0.0782) | val/persist 0.072 | lr 2.35e-03
Epoch  32 | train 0.0580 | val 0.0481 (sd 0.0259 current 0.0704) | val/persist 0.066 | lr 2.35e-03
Epoch  33 | train 0.0579 | val 0.0544 (sd 0.0308 current 0.0780) | val/persist 0.075 | lr 2.35e-03
Epoch  34 | train 0.0591 | val 0.0527 (sd 0.0286 current 0.0769) | val/persist 0.073 | lr 2.35e-03
Epoch  35 | train 0.0581 | val 0.0489 (sd 0.0264 current 0.0714) | val/persist 0.067 | lr 2.35e-03
Epoch  36 | train 0.0555 | val 0.0486 (sd 0.0263 current 0.0709) | val/persist 0.067 | lr 2.35e-03
Epoch  37 | train 0.0579 | val 0.0513 (sd 0.0292 current 0.0735) | val/persist 0.071 | lr 2.35e-03
Epoch  38 | train 0.0554 | val 0.0532 (sd 0.0305 current 0.0758) | val/persist 0.073 | lr 2.35e-03
Epoch  39 | train 0.0563 | val 0.0492 (sd 0.0257 current 0.0727) | val/persist 0.068 | lr 2.35e-03
Epoch  40 | train 0.0562 | val 0.0512 (sd 0.0255 current 0.0769) | val/persist 0.070 | lr 2.35e-03
Epoch  41 | train 0.0566 | val 0.0511 (sd 0.0260 current 0.0763) | val/persist 0.070 | lr 2.35e-03
Epoch  42 | train 0.0545 | val 0.0494 (sd 0.0283 current 0.0705) | val/persist 0.068 | lr 2.35e-03
Epoch  43 | train 0.0537 | val 0.0486 (sd 0.0272 current 0.0700) | val/persist 0.067 | lr 1.17e-03
Epoch  44 | train 0.0509 | val 0.0452 (sd 0.0255 current 0.0649) | val/persist 0.062 | lr 1.17e-03
Epoch  45 | train 0.0502 | val 0.0444 (sd 0.0246 current 0.0641) | val/persist 0.061 | lr 1.17e-03
Epoch  46 | train 0.0503 | val 0.0456 (sd 0.0251 current 0.0660) | val/persist 0.063 | lr 1.17e-03
Epoch  47 | train 0.0502 | val 0.0469 (sd 0.0248 current 0.0690) | val/persist 0.065 | lr 1.17e-03
Epoch  48 | train 0.0498 | val 0.0458 (sd 0.0249 current 0.0668) | val/persist 0.063 | lr 1.17e-03
Epoch  49 | train 0.0498 | val 0.0468 (sd 0.0248 current 0.0689) | val/persist 0.064 | lr 1.17e-03
Epoch  50 | train 0.0501 | val 0.0462 (sd 0.0262 current 0.0661) | val/persist 0.064 | lr 1.17e-03
Epoch  51 | train 0.0489 | val 0.0480 (sd 0.0252 current 0.0707) | val/persist 0.066 | lr 1.17e-03
Epoch  52 | train 0.0502 | val 0.0463 (sd 0.0259 current 0.0667) | val/persist 0.064 | lr 1.17e-03
Epoch  53 | train 0.0500 | val 0.0448 (sd 0.0241 current 0.0655) | val/persist 0.062 | lr 1.17e-03
Epoch  54 | train 0.0496 | val 0.0454 (sd 0.0252 current 0.0656) | val/persist 0.062 | lr 1.17e-03
Epoch  55 | train 0.0497 | val 0.0469 (sd 0.0262 current 0.0675) | val/persist 0.065 | lr 1.17e-03
Epoch  56 | train 0.0487 | val 0.0446 (sd 0.0262 current 0.0631) | val/persist 0.061 | lr 5.87e-04
Epoch  57 | train 0.0467 | val 0.0442 (sd 0.0251 current 0.0632) | val/persist 0.061 | lr 5.87e-04
Epoch  58 | train 0.0465 | val 0.0436 (sd 0.0249 current 0.0623) | val/persist 0.060 | lr 5.87e-04
Epoch  59 | train 0.0470 | val 0.0440 (sd 0.0251 current 0.0628) | val/persist 0.060 | lr 5.87e-04

Training completato. Best val: 0.0436 a epoch 58 (persistenza 0.7267)
[I 2026-09-30 12:28:28,422] Trial 3 finished with value: 0.04362786160287288 and parameters: {'gru_hidden': 64, 'mlp_hidden': 256, 'num_layers': 1, 'dropout': 0.28217315204440174, 'weight_decay': 1.4485237688294261e-05, 'lr': 0.0023475728764722954, 'batch_size': 256, 'clip_norm': 1.0}. Best is trial 3 with value: 0.04362786160287288.
Split per-trial: 26879 finestre train | 6721 finestre val
Baseline persistenza (val): 0.7267 (sd 0.3393 | current 1.1141)
Epoch   0 | train 0.1561 | val 0.1066 (sd 0.0527 current 0.1604) | val/persist 0.147 | lr 7.46e-04
Epoch   1 | train 0.0916 | val 0.0861 (sd 0.0468 current 0.1254) | val/persist 0.118 | lr 7.46e-04
Epoch   2 | train 0.0807 | val 0.0838 (sd 0.0418 current 0.1258) | val/persist 0.115 | lr 7.46e-04
Epoch   3 | train 0.0739 | val 0.0825 (sd 0.0412 current 0.1239) | val/persist 0.114 | lr 7.46e-04
Epoch   4 | train 0.0688 | val 0.0713 (sd 0.0361 current 0.1064) | val/persist 0.098 | lr 7.46e-04
Epoch   5 | train 0.0661 | val 0.0723 (sd 0.0340 current 0.1106) | val/persist 0.100 | lr 7.46e-04
Epoch   6 | train 0.0633 | val 0.0613 (sd 0.0304 current 0.0921) | val/persist 0.084 | lr 7.46e-04
Epoch   7 | train 0.0611 | val 0.0603 (sd 0.0300 current 0.0905) | val/persist 0.083 | lr 7.46e-04
Epoch   8 | train 0.0594 | val 0.0603 (sd 0.0277 current 0.0928) | val/persist 0.083 | lr 7.46e-04
Epoch   9 | train 0.0576 | val 0.0566 (sd 0.0283 current 0.0850) | val/persist 0.078 | lr 7.46e-04
Epoch  10 | train 0.0557 | val 0.0595 (sd 0.0265 current 0.0925) | val/persist 0.082 | lr 7.46e-04
Epoch  11 | train 0.0541 | val 0.0583 (sd 0.0298 current 0.0868) | val/persist 0.080 | lr 7.46e-04
Epoch  12 | train 0.0537 | val 0.0598 (sd 0.0277 current 0.0919) | val/persist 0.082 | lr 7.46e-04
Epoch  13 | train 0.0526 | val 0.0559 (sd 0.0277 current 0.0841) | val/persist 0.077 | lr 7.46e-04
Epoch  14 | train 0.0510 | val 0.0526 (sd 0.0275 current 0.0776) | val/persist 0.072 | lr 7.46e-04
Epoch  15 | train 0.0502 | val 0.0513 (sd 0.0257 current 0.0770) | val/persist 0.071 | lr 7.46e-04
Epoch  16 | train 0.0499 | val 0.0514 (sd 0.0256 current 0.0772) | val/persist 0.071 | lr 7.46e-04
Epoch  17 | train 0.0500 | val 0.0492 (sd 0.0252 current 0.0731) | val/persist 0.068 | lr 7.46e-04
Epoch  18 | train 0.0486 | val 0.0510 (sd 0.0256 current 0.0763) | val/persist 0.070 | lr 7.46e-04
Epoch  19 | train 0.0477 | val 0.0546 (sd 0.0267 current 0.0825) | val/persist 0.075 | lr 7.46e-04
Epoch  20 | train 0.0489 | val 0.0489 (sd 0.0253 current 0.0725) | val/persist 0.067 | lr 7.46e-04
Epoch  21 | train 0.0468 | val 0.0488 (sd 0.0265 current 0.0712) | val/persist 0.067 | lr 7.46e-04
Epoch  22 | train 0.0481 | val 0.0483 (sd 0.0246 current 0.0720) | val/persist 0.067 | lr 7.46e-04
Epoch  23 | train 0.0463 | val 0.0481 (sd 0.0245 current 0.0717) | val/persist 0.066 | lr 7.46e-04
Epoch  24 | train 0.0458 | val 0.0463 (sd 0.0245 current 0.0681) | val/persist 0.064 | lr 7.46e-04
Epoch  25 | train 0.0461 | val 0.0480 (sd 0.0253 current 0.0707) | val/persist 0.066 | lr 7.46e-04
Epoch  26 | train 0.0454 | val 0.0508 (sd 0.0318 current 0.0699) | val/persist 0.070 | lr 7.46e-04
Epoch  27 | train 0.0447 | val 0.0505 (sd 0.0245 current 0.0765) | val/persist 0.070 | lr 7.46e-04
Epoch  28 | train 0.0445 | val 0.0456 (sd 0.0247 current 0.0664) | val/persist 0.063 | lr 7.46e-04
Epoch  29 | train 0.0447 | val 0.0472 (sd 0.0261 current 0.0684) | val/persist 0.065 | lr 7.46e-04
Epoch  30 | train 0.0445 | val 0.0484 (sd 0.0236 current 0.0732) | val/persist 0.067 | lr 7.46e-04
Epoch  31 | train 0.0440 | val 0.0463 (sd 0.0267 current 0.0659) | val/persist 0.064 | lr 7.46e-04
Epoch  32 | train 0.0434 | val 0.0467 (sd 0.0244 current 0.0691) | val/persist 0.064 | lr 7.46e-04
Epoch  33 | train 0.0442 | val 0.0473 (sd 0.0245 current 0.0702) | val/persist 0.065 | lr 7.46e-04
Epoch  34 | train 0.0424 | val 0.0508 (sd 0.0261 current 0.0756) | val/persist 0.070 | lr 7.46e-04
Epoch  35 | train 0.0424 | val 0.0449 (sd 0.0246 current 0.0652) | val/persist 0.062 | lr 7.46e-04
Epoch  36 | train 0.0424 | val 0.0479 (sd 0.0243 current 0.0714) | val/persist 0.066 | lr 7.46e-04
Epoch  37 | train 0.0426 | val 0.0465 (sd 0.0264 current 0.0665) | val/persist 0.064 | lr 7.46e-04
Epoch  38 | train 0.0425 | val 0.0476 (sd 0.0249 current 0.0702) | val/persist 0.065 | lr 7.46e-04
Epoch  39 | train 0.0425 | val 0.0462 (sd 0.0230 current 0.0694) | val/persist 0.064 | lr 7.46e-04
Epoch  40 | train 0.0416 | val 0.0451 (sd 0.0251 current 0.0651) | val/persist 0.062 | lr 7.46e-04
Epoch  41 | train 0.0409 | val 0.0463 (sd 0.0255 current 0.0671) | val/persist 0.064 | lr 7.46e-04
Epoch  42 | train 0.0407 | val 0.0453 (sd 0.0266 current 0.0639) | val/persist 0.062 | lr 7.46e-04
Epoch  43 | train 0.0408 | val 0.0452 (sd 0.0267 current 0.0637) | val/persist 0.062 | lr 7.46e-04
Epoch  44 | train 0.0400 | val 0.0443 (sd 0.0244 current 0.0642) | val/persist 0.061 | lr 7.46e-04
Epoch  45 | train 0.0403 | val 0.0451 (sd 0.0253 current 0.0648) | val/persist 0.062 | lr 7.46e-04
Epoch  46 | train 0.0403 | val 0.0478 (sd 0.0282 current 0.0673) | val/persist 0.066 | lr 7.46e-04
Epoch  47 | train 0.0398 | val 0.0468 (sd 0.0248 current 0.0689) | val/persist 0.064 | lr 7.46e-04
Epoch  48 | train 0.0390 | val 0.0436 (sd 0.0240 current 0.0631) | val/persist 0.060 | lr 7.46e-04
Epoch  49 | train 0.0392 | val 0.0450 (sd 0.0244 current 0.0656) | val/persist 0.062 | lr 7.46e-04
Epoch  50 | train 0.0391 | val 0.0435 (sd 0.0242 current 0.0628) | val/persist 0.060 | lr 7.46e-04
Epoch  51 | train 0.0392 | val 0.0469 (sd 0.0242 current 0.0696) | val/persist 0.065 | lr 7.46e-04
Epoch  52 | train 0.0387 | val 0.0440 (sd 0.0258 current 0.0623) | val/persist 0.061 | lr 7.46e-04
Epoch  53 | train 0.0382 | val 0.0445 (sd 0.0237 current 0.0654) | val/persist 0.061 | lr 7.46e-04
Epoch  54 | train 0.0386 | val 0.0488 (sd 0.0251 current 0.0726) | val/persist 0.067 | lr 7.46e-04
Epoch  55 | train 0.0380 | val 0.0446 (sd 0.0260 current 0.0633) | val/persist 0.061 | lr 7.46e-04
Epoch  56 | train 0.0381 | val 0.0452 (sd 0.0262 current 0.0642) | val/persist 0.062 | lr 7.46e-04
Epoch  57 | train 0.0376 | val 0.0422 (sd 0.0242 current 0.0602) | val/persist 0.058 | lr 7.46e-04
Epoch  58 | train 0.0382 | val 0.0448 (sd 0.0241 current 0.0656) | val/persist 0.062 | lr 7.46e-04
Epoch  59 | train 0.0379 | val 0.0479 (sd 0.0248 current 0.0710) | val/persist 0.066 | lr 7.46e-04

Training completato. Best val: 0.0422 a epoch 57 (persistenza 0.7267)
[I 2026-09-30 12:31:12,548] Trial 8 finished with value: 0.042171901499707315 and parameters: {'gru_hidden': 64, 'mlp_hidden': 512, 'num_layers': 1, 'dropout': 0.13825282412630663, 'weight_decay': 0.001090877366262533, 'lr': 0.000746047444866473, 'batch_size': 64, 'clip_norm': 5.0}. Best is trial 8 with value: 0.042171901499707315.
Split per-trial: 26879 finestre train | 6721 finestre val
Baseline persistenza (val): 0.7267 (sd 0.3393 | current 1.1141)
Epoch   0 | train 0.1350 | val 0.1037 (sd 0.0661 current 0.1412) | val/persist 0.143 | lr 7.54e-03
Epoch   1 | train 0.0933 | val 0.0818 (sd 0.0418 current 0.1218) | val/persist 0.113 | lr 7.54e-03
Epoch   2 | train 0.0823 | val 0.0785 (sd 0.0464 current 0.1105) | val/persist 0.108 | lr 7.54e-03
Epoch   3 | train 0.0758 | val 0.0878 (sd 0.0332 current 0.1424) | val/persist 0.121 | lr 7.54e-03
Epoch   4 | train 0.0770 | val 0.0717 (sd 0.0370 current 0.1063) | val/persist 0.099 | lr 7.54e-03
Epoch   5 | train 0.0746 | val 0.0736 (sd 0.0333 current 0.1139) | val/persist 0.101 | lr 7.54e-03
Epoch   6 | train 0.0730 | val 0.0719 (sd 0.0378 current 0.1061) | val/persist 0.099 | lr 7.54e-03
Epoch   7 | train 0.0722 | val 0.0732 (sd 0.0356 current 0.1108) | val/persist 0.101 | lr 7.54e-03
Epoch   8 | train 0.0717 | val 0.0686 (sd 0.0348 current 0.1024) | val/persist 0.094 | lr 7.54e-03
Epoch   9 | train 0.0700 | val 0.0699 (sd 0.0315 current 0.1083) | val/persist 0.096 | lr 7.54e-03
Epoch  10 | train 0.0676 | val 0.0690 (sd 0.0325 current 0.1055) | val/persist 0.095 | lr 7.54e-03
Epoch  11 | train 0.0665 | val 0.0755 (sd 0.0357 current 0.1153) | val/persist 0.104 | lr 7.54e-03
Epoch  12 | train 0.0675 | val 0.0616 (sd 0.0322 current 0.0910) | val/persist 0.085 | lr 7.54e-03
Epoch  13 | train 0.0672 | val 0.0669 (sd 0.0294 current 0.1044) | val/persist 0.092 | lr 7.54e-03
Epoch  14 | train 0.0666 | val 0.0744 (sd 0.0432 current 0.1056) | val/persist 0.102 | lr 7.54e-03
Epoch  15 | train 0.0660 | val 0.0673 (sd 0.0311 current 0.1035) | val/persist 0.093 | lr 7.54e-03
Epoch  16 | train 0.0667 | val 0.0700 (sd 0.0284 current 0.1115) | val/persist 0.096 | lr 7.54e-03
Epoch  17 | train 0.0655 | val 0.0689 (sd 0.0365 current 0.1013) | val/persist 0.095 | lr 7.54e-03
Epoch  18 | train 0.0654 | val 0.0666 (sd 0.0340 current 0.0992) | val/persist 0.092 | lr 7.54e-03
Epoch  19 | train 0.0643 | val 0.0638 (sd 0.0336 current 0.0940) | val/persist 0.088 | lr 7.54e-03
Epoch  20 | train 0.0636 | val 0.0698 (sd 0.0326 current 0.1071) | val/persist 0.096 | lr 7.54e-03
Epoch  21 | train 0.0632 | val 0.0659 (sd 0.0281 current 0.1037) | val/persist 0.091 | lr 7.54e-03
Epoch  22 | train 0.0619 | val 0.0657 (sd 0.0394 current 0.0920) | val/persist 0.090 | lr 7.54e-03
Epoch  23 | train 0.0634 | val 0.0655 (sd 0.0352 current 0.0958) | val/persist 0.090 | lr 3.77e-03
Epoch  24 | train 0.0525 | val 0.0582 (sd 0.0292 current 0.0871) | val/persist 0.080 | lr 3.77e-03
Epoch  25 | train 0.0500 | val 0.0562 (sd 0.0259 current 0.0866) | val/persist 0.077 | lr 3.77e-03
Epoch  26 | train 0.0493 | val 0.0540 (sd 0.0257 current 0.0823) | val/persist 0.074 | lr 3.77e-03
Epoch  27 | train 0.0489 | val 0.0532 (sd 0.0255 current 0.0809) | val/persist 0.073 | lr 3.77e-03
Epoch  28 | train 0.0502 | val 0.0527 (sd 0.0249 current 0.0804) | val/persist 0.072 | lr 3.77e-03
Epoch  29 | train 0.0487 | val 0.0523 (sd 0.0282 current 0.0764) | val/persist 0.072 | lr 3.77e-03
Epoch  30 | train 0.0499 | val 0.0544 (sd 0.0265 current 0.0822) | val/persist 0.075 | lr 3.77e-03
Epoch  31 | train 0.0503 | val 0.0521 (sd 0.0249 current 0.0793) | val/persist 0.072 | lr 3.77e-03
Epoch  32 | train 0.0496 | val 0.0495 (sd 0.0263 current 0.0728) | val/persist 0.068 | lr 3.77e-03
Epoch  33 | train 0.0488 | val 0.0497 (sd 0.0260 current 0.0733) | val/persist 0.068 | lr 3.77e-03
Epoch  34 | train 0.0487 | val 0.0561 (sd 0.0268 current 0.0854) | val/persist 0.077 | lr 3.77e-03
Epoch  35 | train 0.0489 | val 0.0570 (sd 0.0291 current 0.0849) | val/persist 0.078 | lr 3.77e-03
Epoch  36 | train 0.0494 | val 0.0517 (sd 0.0314 current 0.0720) | val/persist 0.071 | lr 3.77e-03
Epoch  37 | train 0.0485 | val 0.0526 (sd 0.0264 current 0.0788) | val/persist 0.072 | lr 3.77e-03
Epoch  38 | train 0.0490 | val 0.0482 (sd 0.0264 current 0.0700) | val/persist 0.066 | lr 3.77e-03
Epoch  39 | train 0.0481 | val 0.0505 (sd 0.0267 current 0.0743) | val/persist 0.069 | lr 3.77e-03
Epoch  40 | train 0.0474 | val 0.0549 (sd 0.0255 current 0.0842) | val/persist 0.075 | lr 3.77e-03
Epoch  41 | train 0.0484 | val 0.0583 (sd 0.0289 current 0.0877) | val/persist 0.080 | lr 3.77e-03
Epoch  42 | train 0.0487 | val 0.0536 (sd 0.0279 current 0.0793) | val/persist 0.074 | lr 3.77e-03
Epoch  43 | train 0.0483 | val 0.0567 (sd 0.0280 current 0.0853) | val/persist 0.078 | lr 3.77e-03
Epoch  44 | train 0.0471 | val 0.0537 (sd 0.0273 current 0.0801) | val/persist 0.074 | lr 3.77e-03
Epoch  45 | train 0.0480 | val 0.0503 (sd 0.0276 current 0.0730) | val/persist 0.069 | lr 3.77e-03
Epoch  46 | train 0.0473 | val 0.0574 (sd 0.0273 current 0.0875) | val/persist 0.079 | lr 3.77e-03
Epoch  47 | train 0.0486 | val 0.0533 (sd 0.0247 current 0.0820) | val/persist 0.073 | lr 3.77e-03
Epoch  48 | train 0.0471 | val 0.0578 (sd 0.0350 current 0.0807) | val/persist 0.080 | lr 3.77e-03
Epoch  49 | train 0.0486 | val 0.0512 (sd 0.0260 current 0.0765) | val/persist 0.070 | lr 1.88e-03
Epoch  50 | train 0.0411 | val 0.0478 (sd 0.0255 current 0.0701) | val/persist 0.066 | lr 1.88e-03
Epoch  51 | train 0.0400 | val 0.0459 (sd 0.0246 current 0.0671) | val/persist 0.063 | lr 1.88e-03
Epoch  52 | train 0.0401 | val 0.0486 (sd 0.0257 current 0.0715) | val/persist 0.067 | lr 1.88e-03
Epoch  53 | train 0.0400 | val 0.0463 (sd 0.0251 current 0.0674) | val/persist 0.064 | lr 1.88e-03
Epoch  54 | train 0.0402 | val 0.0505 (sd 0.0261 current 0.0749) | val/persist 0.069 | lr 1.88e-03
Epoch  55 | train 0.0399 | val 0.0507 (sd 0.0249 current 0.0765) | val/persist 0.070 | lr 1.88e-03
Epoch  56 | train 0.0403 | val 0.0485 (sd 0.0254 current 0.0717) | val/persist 0.067 | lr 1.88e-03
Epoch  57 | train 0.0402 | val 0.0494 (sd 0.0226 current 0.0761) | val/persist 0.068 | lr 1.88e-03
Epoch  58 | train 0.0397 | val 0.0497 (sd 0.0247 current 0.0747) | val/persist 0.068 | lr 1.88e-03
Epoch  59 | train 0.0395 | val 0.0469 (sd 0.0249 current 0.0689) | val/persist 0.065 | lr 1.88e-03

Training completato. Best val: 0.0459 a epoch 51 (persistenza 0.7267)
[I 2026-09-30 12:33:27,494] Trial 17 finished with value: 0.04585894378577813 and parameters: {'gru_hidden': 32, 'mlp_hidden': 256, 'num_layers': 1, 'dropout': 0.05964437633726999, 'weight_decay': 0.031719852648224446, 'lr': 0.007536221749230954, 'batch_size': 64, 'clip_norm': 0.5}. Best is trial 8 with value: 0.042171901499707315.
Split per-trial: 26879 finestre train | 6721 finestre val
Baseline persistenza (val): 0.7267 (sd 0.3393 | current 1.1141)
Epoch   0 | train 0.2937 | val 0.1341 (sd 0.0735 current 0.1948) | val/persist 0.185 | lr 9.91e-04
Epoch   1 | train 0.1495 | val 0.1155 (sd 0.0659 current 0.1650) | val/persist 0.159 | lr 9.91e-04
Epoch   2 | train 0.1289 | val 0.1098 (sd 0.0641 current 0.1556) | val/persist 0.151 | lr 9.91e-04
Epoch   3 | train 0.1237 | val 0.1019 (sd 0.0585 current 0.1452) | val/persist 0.140 | lr 9.91e-04
Epoch   4 | train 0.1141 | val 0.0941 (sd 0.0538 current 0.1344) | val/persist 0.129 | lr 9.91e-04
Epoch   5 | train 0.1072 | val 0.0872 (sd 0.0485 current 0.1259) | val/persist 0.120 | lr 9.91e-04
Epoch   6 | train 0.1011 | val 0.0812 (sd 0.0472 current 0.1153) | val/persist 0.112 | lr 9.91e-04
Epoch   7 | train 0.0993 | val 0.0748 (sd 0.0441 current 0.1055) | val/persist 0.103 | lr 9.91e-04
Epoch   8 | train 0.0925 | val 0.0691 (sd 0.0386 current 0.0996) | val/persist 0.095 | lr 9.91e-04
Epoch   9 | train 0.0923 | val 0.0725 (sd 0.0389 current 0.1061) | val/persist 0.100 | lr 9.91e-04
[I 2026-09-30 12:34:04,109] Trial 22 pruned. 
Split per-trial: 26879 finestre train | 6721 finestre val
Baseline persistenza (val): 0.7267 (sd 0.3393 | current 1.1141)
Epoch   0 | train 0.3151 | val 0.1487 (sd 0.0854 current 0.2119) | val/persist 0.205 | lr 5.20e-03
Epoch   1 | train 0.1939 | val 0.1360 (sd 0.0742 current 0.1978) | val/persist 0.187 | lr 5.20e-03
Epoch   2 | train 0.1819 | val 0.1300 (sd 0.0732 current 0.1868) | val/persist 0.179 | lr 5.20e-03
Epoch   3 | train 0.1760 | val 0.1117 (sd 0.0711 current 0.1524) | val/persist 0.154 | lr 5.20e-03
Epoch   4 | train 0.1678 | val 0.1033 (sd 0.0597 current 0.1470) | val/persist 0.142 | lr 5.20e-03
Epoch   5 | train 0.1689 | val 0.0958 (sd 0.0601 current 0.1314) | val/persist 0.132 | lr 5.20e-03
Epoch   6 | train 0.1601 | val 0.1293 (sd 0.0782 current 0.1804) | val/persist 0.178 | lr 5.20e-03
Epoch   7 | train 0.1569 | val 0.0874 (sd 0.0523 current 0.1224) | val/persist 0.120 | lr 5.20e-03
Epoch   8 | train 0.1548 | val 0.0833 (sd 0.0500 current 0.1167) | val/persist 0.115 | lr 5.20e-03
[I 2026-09-30 12:34:47,993] Trial 31 pruned. 
Split per-trial: 26879 finestre train | 6721 finestre val
Baseline persistenza (val): 0.7267 (sd 0.3393 | current 1.1141)
Epoch   0 | train 0.1617 | val 0.1032 (sd 0.0551 current 0.1513) | val/persist 0.142 | lr 5.75e-04
Epoch   1 | train 0.0919 | val 0.0972 (sd 0.0499 current 0.1445) | val/persist 0.134 | lr 5.75e-04
Epoch   2 | train 0.0806 | val 0.0843 (sd 0.0446 current 0.1240) | val/persist 0.116 | lr 5.75e-04
Epoch   3 | train 0.0744 | val 0.0756 (sd 0.0416 current 0.1096) | val/persist 0.104 | lr 5.75e-04
Epoch   4 | train 0.0687 | val 0.0705 (sd 0.0369 current 0.1042) | val/persist 0.097 | lr 5.75e-04
Epoch   5 | train 0.0667 | val 0.0682 (sd 0.0346 current 0.1018) | val/persist 0.094 | lr 5.75e-04
Epoch   6 | train 0.0631 | val 0.0647 (sd 0.0323 current 0.0970) | val/persist 0.089 | lr 5.75e-04
Epoch   7 | train 0.0602 | val 0.0612 (sd 0.0307 current 0.0917) | val/persist 0.084 | lr 5.75e-04
Epoch   8 | train 0.0583 | val 0.0605 (sd 0.0297 current 0.0913) | val/persist 0.083 | lr 5.75e-04
Epoch   9 | train 0.0560 | val 0.0583 (sd 0.0283 current 0.0882) | val/persist 0.080 | lr 5.75e-04
Epoch  10 | train 0.0561 | val 0.0593 (sd 0.0281 current 0.0904) | val/persist 0.082 | lr 5.75e-04
Epoch  11 | train 0.0549 | val 0.0618 (sd 0.0292 current 0.0944) | val/persist 0.085 | lr 5.75e-04
Epoch  12 | train 0.0534 | val 0.0552 (sd 0.0268 current 0.0836) | val/persist 0.076 | lr 5.75e-04
Epoch  13 | train 0.0537 | val 0.0527 (sd 0.0269 current 0.0785) | val/persist 0.073 | lr 5.75e-04
Epoch  14 | train 0.0523 | val 0.0542 (sd 0.0270 current 0.0815) | val/persist 0.075 | lr 5.75e-04
Epoch  15 | train 0.0518 | val 0.0620 (sd 0.0282 current 0.0959) | val/persist 0.085 | lr 5.75e-04
Epoch  16 | train 0.0517 | val 0.0522 (sd 0.0270 current 0.0774) | val/persist 0.072 | lr 5.75e-04
Epoch  17 | train 0.0502 | val 0.0556 (sd 0.0268 current 0.0845) | val/persist 0.077 | lr 5.75e-04
Epoch  18 | train 0.0498 | val 0.0531 (sd 0.0258 current 0.0804) | val/persist 0.073 | lr 5.75e-04
Epoch  19 | train 0.0493 | val 0.0528 (sd 0.0264 current 0.0792) | val/persist 0.073 | lr 5.75e-04
Epoch  20 | train 0.0485 | val 0.0525 (sd 0.0252 current 0.0798) | val/persist 0.072 | lr 5.75e-04
Epoch  21 | train 0.0485 | val 0.0521 (sd 0.0261 current 0.0780) | val/persist 0.072 | lr 5.75e-04
Epoch  22 | train 0.0481 | val 0.0496 (sd 0.0250 current 0.0741) | val/persist 0.068 | lr 5.75e-04
Epoch  23 | train 0.0465 | val 0.0496 (sd 0.0266 current 0.0726) | val/persist 0.068 | lr 5.75e-04
Epoch  24 | train 0.0482 | val 0.0581 (sd 0.0256 current 0.0906) | val/persist 0.080 | lr 5.75e-04
Epoch  25 | train 0.0470 | val 0.0547 (sd 0.0253 current 0.0841) | val/persist 0.075 | lr 5.75e-04
Epoch  26 | train 0.0459 | val 0.0506 (sd 0.0261 current 0.0750) | val/persist 0.070 | lr 5.75e-04
Epoch  27 | train 0.0466 | val 0.0476 (sd 0.0250 current 0.0702) | val/persist 0.066 | lr 5.75e-04
Epoch  28 | train 0.0456 | val 0.0499 (sd 0.0260 current 0.0739) | val/persist 0.069 | lr 5.75e-04
Epoch  29 | train 0.0459 | val 0.0493 (sd 0.0260 current 0.0726) | val/persist 0.068 | lr 5.75e-04
Epoch  30 | train 0.0451 | val 0.0509 (sd 0.0277 current 0.0740) | val/persist 0.070 | lr 5.75e-04
Epoch  31 | train 0.0448 | val 0.0481 (sd 0.0286 current 0.0677) | val/persist 0.066 | lr 5.75e-04
Epoch  32 | train 0.0452 | val 0.0515 (sd 0.0291 current 0.0739) | val/persist 0.071 | lr 5.75e-04
Epoch  33 | train 0.0444 | val 0.0475 (sd 0.0247 current 0.0704) | val/persist 0.065 | lr 5.75e-04
Epoch  34 | train 0.0449 | val 0.0505 (sd 0.0252 current 0.0757) | val/persist 0.069 | lr 5.75e-04
Epoch  35 | train 0.0435 | val 0.0453 (sd 0.0235 current 0.0671) | val/persist 0.062 | lr 5.75e-04
Epoch  36 | train 0.0441 | val 0.0508 (sd 0.0252 current 0.0765) | val/persist 0.070 | lr 5.75e-04
Epoch  37 | train 0.0439 | val 0.0463 (sd 0.0267 current 0.0658) | val/persist 0.064 | lr 5.75e-04
Epoch  38 | train 0.0434 | val 0.0484 (sd 0.0243 current 0.0725) | val/persist 0.067 | lr 5.75e-04
Epoch  39 | train 0.0429 | val 0.0481 (sd 0.0246 current 0.0716) | val/persist 0.066 | lr 5.75e-04
Epoch  40 | train 0.0444 | val 0.0459 (sd 0.0241 current 0.0677) | val/persist 0.063 | lr 5.75e-04
Epoch  41 | train 0.0424 | val 0.0461 (sd 0.0262 current 0.0659) | val/persist 0.063 | lr 5.75e-04
Epoch  42 | train 0.0434 | val 0.0517 (sd 0.0243 current 0.0791) | val/persist 0.071 | lr 5.75e-04
Epoch  43 | train 0.0424 | val 0.0476 (sd 0.0264 current 0.0688) | val/persist 0.065 | lr 5.75e-04
Epoch  44 | train 0.0427 | val 0.0462 (sd 0.0240 current 0.0684) | val/persist 0.064 | lr 5.75e-04
Epoch  45 | train 0.0423 | val 0.0475 (sd 0.0249 current 0.0701) | val/persist 0.065 | lr 5.75e-04
Epoch  46 | train 0.0421 | val 0.0474 (sd 0.0256 current 0.0693) | val/persist 0.065 | lr 2.88e-04
Epoch  47 | train 0.0390 | val 0.0432 (sd 0.0234 current 0.0630) | val/persist 0.059 | lr 2.88e-04
Epoch  48 | train 0.0384 | val 0.0430 (sd 0.0238 current 0.0623) | val/persist 0.059 | lr 2.88e-04
Epoch  49 | train 0.0384 | val 0.0427 (sd 0.0235 current 0.0619) | val/persist 0.059 | lr 2.88e-04
Epoch  50 | train 0.0379 | val 0.0427 (sd 0.0238 current 0.0617) | val/persist 0.059 | lr 2.88e-04
Epoch  51 | train 0.0382 | val 0.0429 (sd 0.0237 current 0.0620) | val/persist 0.059 | lr 2.88e-04
Epoch  52 | train 0.0380 | val 0.0441 (sd 0.0243 current 0.0639) | val/persist 0.061 | lr 2.88e-04
Epoch  53 | train 0.0377 | val 0.0422 (sd 0.0236 current 0.0607) | val/persist 0.058 | lr 2.88e-04
Epoch  54 | train 0.0381 | val 0.0435 (sd 0.0239 current 0.0630) | val/persist 0.060 | lr 2.88e-04
Epoch  55 | train 0.0379 | val 0.0425 (sd 0.0235 current 0.0615) | val/persist 0.058 | lr 2.88e-04
Epoch  56 | train 0.0377 | val 0.0424 (sd 0.0233 current 0.0615) | val/persist 0.058 | lr 2.88e-04
Epoch  57 | train 0.0374 | val 0.0425 (sd 0.0239 current 0.0612) | val/persist 0.059 | lr 2.88e-04
Epoch  58 | train 0.0374 | val 0.0432 (sd 0.0241 current 0.0623) | val/persist 0.059 | lr 2.88e-04
Epoch  59 | train 0.0377 | val 0.0423 (sd 0.0225 current 0.0621) | val/persist 0.058 | lr 2.88e-04

Training completato. Best val: 0.0422 a epoch 53 (persistenza 0.7267)
[I 2026-09-30 12:37:29,799] Trial 37 finished with value: 0.04217207294928564 and parameters: {'gru_hidden': 64, 'mlp_hidden': 512, 'num_layers': 1, 'dropout': 0.09360568773403544, 'weight_decay': 0.0639094673766554, 'lr': 0.0005754393541079046, 'batch_size': 64, 'clip_norm': 5.0}. Best is trial 8 with value: 0.042171901499707315.
Split per-trial: 26879 finestre train | 6721 finestre val
Baseline persistenza (val): 0.7267 (sd 0.3393 | current 1.1141)
Epoch   0 | train 0.1524 | val 0.1120 (sd 0.0549 current 0.1691) | val/persist 0.154 | lr 5.39e-04
Epoch   1 | train 0.0898 | val 0.0895 (sd 0.0460 current 0.1331) | val/persist 0.123 | lr 5.39e-04
Epoch   2 | train 0.0771 | val 0.0987 (sd 0.0402 current 0.1573) | val/persist 0.136 | lr 5.39e-04
Epoch   3 | train 0.0704 | val 0.0719 (sd 0.0383 current 0.1056) | val/persist 0.099 | lr 5.39e-04
Epoch   4 | train 0.0652 | val 0.0696 (sd 0.0351 current 0.1041) | val/persist 0.096 | lr 5.39e-04
Epoch   5 | train 0.0624 | val 0.0593 (sd 0.0309 current 0.0878) | val/persist 0.082 | lr 5.39e-04
Epoch   6 | train 0.0592 | val 0.0628 (sd 0.0311 current 0.0945) | val/persist 0.086 | lr 5.39e-04
Epoch   7 | train 0.0568 | val 0.0540 (sd 0.0268 current 0.0811) | val/persist 0.074 | lr 5.39e-04
Epoch   8 | train 0.0532 | val 0.0574 (sd 0.0289 current 0.0860) | val/persist 0.079 | lr 5.39e-04
Epoch   9 | train 0.0519 | val 0.0547 (sd 0.0270 current 0.0825) | val/persist 0.075 | lr 5.39e-04
Epoch  10 | train 0.0512 | val 0.0531 (sd 0.0261 current 0.0800) | val/persist 0.073 | lr 5.39e-04
Epoch  11 | train 0.0506 | val 0.0511 (sd 0.0282 current 0.0740) | val/persist 0.070 | lr 5.39e-04
Epoch  12 | train 0.0486 | val 0.0629 (sd 0.0284 current 0.0974) | val/persist 0.087 | lr 5.39e-04
Epoch  13 | train 0.0475 | val 0.0545 (sd 0.0250 current 0.0839) | val/persist 0.075 | lr 5.39e-04
Epoch  14 | train 0.0470 | val 0.0511 (sd 0.0259 current 0.0762) | val/persist 0.070 | lr 5.39e-04
Epoch  15 | train 0.0465 | val 0.0495 (sd 0.0247 current 0.0743) | val/persist 0.068 | lr 5.39e-04
Epoch  16 | train 0.0454 | val 0.0557 (sd 0.0241 current 0.0873) | val/persist 0.077 | lr 5.39e-04
Epoch  17 | train 0.0470 | val 0.0515 (sd 0.0283 current 0.0748) | val/persist 0.071 | lr 5.39e-04
Epoch  18 | train 0.0447 | val 0.0542 (sd 0.0253 current 0.0831) | val/persist 0.075 | lr 5.39e-04
Epoch  19 | train 0.0444 | val 0.0551 (sd 0.0270 current 0.0832) | val/persist 0.076 | lr 5.39e-04
Epoch  20 | train 0.0445 | val 0.0483 (sd 0.0251 current 0.0714) | val/persist 0.066 | lr 5.39e-04
Epoch  21 | train 0.0427 | val 0.0515 (sd 0.0294 current 0.0736) | val/persist 0.071 | lr 5.39e-04
Epoch  22 | train 0.0437 | val 0.0461 (sd 0.0239 current 0.0683) | val/persist 0.063 | lr 5.39e-04
Epoch  23 | train 0.0430 | val 0.0505 (sd 0.0242 current 0.0768) | val/persist 0.069 | lr 5.39e-04
Epoch  24 | train 0.0420 | val 0.0475 (sd 0.0244 current 0.0706) | val/persist 0.065 | lr 5.39e-04
Epoch  25 | train 0.0413 | val 0.0476 (sd 0.0250 current 0.0701) | val/persist 0.065 | lr 5.39e-04
Epoch  26 | train 0.0416 | val 0.0515 (sd 0.0271 current 0.0760) | val/persist 0.071 | lr 5.39e-04
Epoch  27 | train 0.0412 | val 0.0473 (sd 0.0239 current 0.0707) | val/persist 0.065 | lr 5.39e-04
Epoch  28 | train 0.0406 | val 0.0465 (sd 0.0233 current 0.0698) | val/persist 0.064 | lr 5.39e-04
Epoch  29 | train 0.0405 | val 0.0482 (sd 0.0237 current 0.0727) | val/persist 0.066 | lr 5.39e-04
Epoch  30 | train 0.0399 | val 0.0477 (sd 0.0240 current 0.0713) | val/persist 0.066 | lr 5.39e-04
Epoch  31 | train 0.0411 | val 0.0470 (sd 0.0270 current 0.0671) | val/persist 0.065 | lr 5.39e-04
Epoch  32 | train 0.0388 | val 0.0489 (sd 0.0242 current 0.0737) | val/persist 0.067 | lr 5.39e-04
Epoch  33 | train 0.0391 | val 0.0454 (sd 0.0247 current 0.0662) | val/persist 0.063 | lr 5.39e-04
Epoch  34 | train 0.0390 | val 0.0462 (sd 0.0246 current 0.0678) | val/persist 0.064 | lr 5.39e-04
Epoch  35 | train 0.0391 | val 0.0446 (sd 0.0226 current 0.0667) | val/persist 0.061 | lr 5.39e-04
Epoch  36 | train 0.0385 | val 0.0483 (sd 0.0255 current 0.0710) | val/persist 0.066 | lr 5.39e-04
Epoch  37 | train 0.0382 | val 0.0458 (sd 0.0248 current 0.0668) | val/persist 0.063 | lr 5.39e-04
Epoch  38 | train 0.0383 | val 0.0511 (sd 0.0252 current 0.0770) | val/persist 0.070 | lr 5.39e-04
Epoch  39 | train 0.0383 | val 0.0565 (sd 0.0318 current 0.0813) | val/persist 0.078 | lr 5.39e-04
Epoch  40 | train 0.0369 | val 0.0446 (sd 0.0226 current 0.0666) | val/persist 0.061 | lr 5.39e-04
Epoch  41 | train 0.0379 | val 0.0437 (sd 0.0249 current 0.0626) | val/persist 0.060 | lr 5.39e-04
Epoch  42 | train 0.0375 | val 0.0482 (sd 0.0229 current 0.0735) | val/persist 0.066 | lr 5.39e-04
Epoch  43 | train 0.0367 | val 0.0462 (sd 0.0254 current 0.0670) | val/persist 0.064 | lr 5.39e-04
Epoch  44 | train 0.0364 | val 0.0457 (sd 0.0237 current 0.0676) | val/persist 0.063 | lr 5.39e-04
Epoch  45 | train 0.0357 | val 0.0533 (sd 0.0244 current 0.0822) | val/persist 0.073 | lr 5.39e-04
Epoch  46 | train 0.0354 | val 0.0451 (sd 0.0236 current 0.0666) | val/persist 0.062 | lr 5.39e-04
Epoch  47 | train 0.0354 | val 0.0511 (sd 0.0250 current 0.0772) | val/persist 0.070 | lr 5.39e-04
Epoch  48 | train 0.0356 | val 0.0452 (sd 0.0246 current 0.0658) | val/persist 0.062 | lr 5.39e-04
Epoch  49 | train 0.0353 | val 0.0444 (sd 0.0239 current 0.0649) | val/persist 0.061 | lr 5.39e-04
Epoch  50 | train 0.0347 | val 0.0500 (sd 0.0273 current 0.0728) | val/persist 0.069 | lr 5.39e-04
Epoch  51 | train 0.0344 | val 0.0436 (sd 0.0237 current 0.0636) | val/persist 0.060 | lr 5.39e-04
Epoch  52 | train 0.0347 | val 0.0449 (sd 0.0236 current 0.0662) | val/persist 0.062 | lr 5.39e-04
Epoch  53 | train 0.0348 | val 0.0455 (sd 0.0235 current 0.0675) | val/persist 0.063 | lr 5.39e-04
Epoch  54 | train 0.0340 | val 0.0470 (sd 0.0239 current 0.0701) | val/persist 0.065 | lr 5.39e-04
Epoch  55 | train 0.0339 | val 0.0445 (sd 0.0237 current 0.0654) | val/persist 0.061 | lr 5.39e-04
Epoch  56 | train 0.0336 | val 0.0488 (sd 0.0245 current 0.0730) | val/persist 0.067 | lr 5.39e-04
Epoch  57 | train 0.0332 | val 0.0445 (sd 0.0243 current 0.0648) | val/persist 0.061 | lr 5.39e-04
Epoch  58 | train 0.0324 | val 0.0452 (sd 0.0231 current 0.0674) | val/persist 0.062 | lr 5.39e-04
Epoch  59 | train 0.0325 | val 0.0473 (sd 0.0234 current 0.0712) | val/persist 0.065 | lr 5.39e-04

Training completato. Best val: 0.0436 a epoch 51 (persistenza 0.7267)
[I 2026-09-30 12:43:11,717] Trial 47 finished with value: 0.04362610369362332 and parameters: {'gru_hidden': 256, 'mlp_hidden': 512, 'num_layers': 1, 'dropout': 0.036540513356915785, 'weight_decay': 0.08030573696067571, 'lr': 0.0005393602002739814, 'batch_size': 64, 'clip_norm': 5.0}. Best is trial 56 with value: 0.04039788358561997.
Split per-trial: 26879 finestre train | 6721 finestre val
Baseline persistenza (val): 0.7267 (sd 0.3393 | current 1.1141)
Epoch   0 | train 0.1909 | val 0.1083 (sd 0.0541 current 0.1626) | val/persist 0.149 | lr 3.35e-04
Epoch   1 | train 0.0949 | val 0.0947 (sd 0.0524 current 0.1370) | val/persist 0.130 | lr 3.35e-04
Epoch   2 | train 0.0845 | val 0.0877 (sd 0.0502 current 0.1253) | val/persist 0.121 | lr 3.35e-04
Epoch   3 | train 0.0795 | val 0.0860 (sd 0.0478 current 0.1242) | val/persist 0.118 | lr 3.35e-04
Epoch   4 | train 0.0761 | val 0.0823 (sd 0.0485 current 0.1160) | val/persist 0.113 | lr 3.35e-04
Epoch   5 | train 0.0717 | val 0.0785 (sd 0.0440 current 0.1131) | val/persist 0.108 | lr 3.35e-04
Epoch   6 | train 0.0687 | val 0.0738 (sd 0.0426 current 0.1050) | val/persist 0.102 | lr 3.35e-04
Epoch   7 | train 0.0662 | val 0.0715 (sd 0.0391 current 0.1038) | val/persist 0.098 | lr 3.35e-04
Epoch   8 | train 0.0647 | val 0.0699 (sd 0.0369 current 0.1029) | val/persist 0.096 | lr 3.35e-04
[I 2026-09-30 12:43:35,909] Trial 64 pruned. 
Split per-trial: 26879 finestre train | 6721 finestre val
Baseline persistenza (val): 0.7267 (sd 0.3393 | current 1.1141)
Epoch   0 | train 0.1337 | val 0.0973 (sd 0.0515 current 0.1432) | val/persist 0.134 | lr 1.81e-03
Epoch   1 | train 0.0872 | val 0.0897 (sd 0.0462 current 0.1331) | val/persist 0.123 | lr 1.81e-03
Epoch   2 | train 0.0745 | val 0.0721 (sd 0.0329 current 0.1112) | val/persist 0.099 | lr 1.81e-03
Epoch   3 | train 0.0701 | val 0.0707 (sd 0.0325 current 0.1090) | val/persist 0.097 | lr 1.81e-03
Epoch   4 | train 0.0650 | val 0.0651 (sd 0.0305 current 0.0997) | val/persist 0.090 | lr 1.81e-03
Epoch   5 | train 0.0606 | val 0.0630 (sd 0.0333 current 0.0928) | val/persist 0.087 | lr 1.81e-03
Epoch   6 | train 0.0591 | val 0.0602 (sd 0.0301 current 0.0903) | val/persist 0.083 | lr 1.81e-03
Epoch   7 | train 0.0594 | val 0.0589 (sd 0.0274 current 0.0905) | val/persist 0.081 | lr 1.81e-03
Epoch   8 | train 0.0566 | val 0.0702 (sd 0.0382 current 0.1021) | val/persist 0.097 | lr 1.81e-03
Epoch   9 | train 0.0561 | val 0.0584 (sd 0.0281 current 0.0887) | val/persist 0.080 | lr 1.81e-03
Epoch  10 | train 0.0529 | val 0.0520 (sd 0.0263 current 0.0777) | val/persist 0.072 | lr 1.81e-03
Epoch  11 | train 0.0522 | val 0.0547 (sd 0.0252 current 0.0841) | val/persist 0.075 | lr 1.81e-03
Epoch  12 | train 0.0514 | val 0.0551 (sd 0.0250 current 0.0853) | val/persist 0.076 | lr 1.81e-03
Epoch  13 | train 0.0506 | val 0.0587 (sd 0.0261 current 0.0913) | val/persist 0.081 | lr 1.81e-03
Epoch  14 | train 0.0504 | val 0.0514 (sd 0.0264 current 0.0764) | val/persist 0.071 | lr 1.81e-03
Epoch  15 | train 0.0489 | val 0.0485 (sd 0.0251 current 0.0720) | val/persist 0.067 | lr 1.81e-03
Epoch  16 | train 0.0481 | val 0.0527 (sd 0.0247 current 0.0807) | val/persist 0.073 | lr 1.81e-03
Epoch  17 | train 0.0472 | val 0.0507 (sd 0.0251 current 0.0763) | val/persist 0.070 | lr 1.81e-03
Epoch  18 | train 0.0474 | val 0.0523 (sd 0.0262 current 0.0783) | val/persist 0.072 | lr 1.81e-03
Epoch  19 | train 0.0466 | val 0.0616 (sd 0.0285 current 0.0947) | val/persist 0.085 | lr 1.81e-03
Epoch  20 | train 0.0458 | val 0.0555 (sd 0.0254 current 0.0857) | val/persist 0.076 | lr 1.81e-03
Epoch  21 | train 0.0450 | val 0.0496 (sd 0.0238 current 0.0754) | val/persist 0.068 | lr 1.81e-03
Epoch  22 | train 0.0443 | val 0.0498 (sd 0.0254 current 0.0743) | val/persist 0.069 | lr 1.81e-03
Epoch  23 | train 0.0443 | val 0.0527 (sd 0.0256 current 0.0799) | val/persist 0.073 | lr 1.81e-03
Epoch  24 | train 0.0425 | val 0.0592 (sd 0.0260 current 0.0925) | val/persist 0.082 | lr 1.81e-03
Epoch  25 | train 0.0432 | val 0.0588 (sd 0.0249 current 0.0928) | val/persist 0.081 | lr 1.81e-03
Epoch  26 | train 0.0420 | val 0.0482 (sd 0.0244 current 0.0720) | val/persist 0.066 | lr 1.81e-03
Epoch  27 | train 0.0410 | val 0.0531 (sd 0.0239 current 0.0824) | val/persist 0.073 | lr 1.81e-03
Epoch  28 | train 0.0406 | val 0.0509 (sd 0.0253 current 0.0764) | val/persist 0.070 | lr 1.81e-03
[I 2026-09-30 12:45:15,408] Trial 67 pruned. 
Split per-trial: 26879 finestre train | 6721 finestre val
Baseline persistenza (val): 0.7267 (sd 0.3393 | current 1.1141)
Epoch   0 | train 0.1834 | val 0.1071 (sd 0.0574 current 0.1569) | val/persist 0.147 | lr 6.98e-04
Epoch   1 | train 0.0964 | val 0.0942 (sd 0.0527 current 0.1356) | val/persist 0.130 | lr 6.98e-04
Epoch   2 | train 0.0853 | val 0.0844 (sd 0.0473 current 0.1216) | val/persist 0.116 | lr 6.98e-04
Epoch   3 | train 0.0771 | val 0.0777 (sd 0.0424 current 0.1131) | val/persist 0.107 | lr 6.98e-04
Epoch   4 | train 0.0720 | val 0.0716 (sd 0.0383 current 0.1048) | val/persist 0.098 | lr 6.98e-04
Epoch   5 | train 0.0662 | val 0.0670 (sd 0.0369 current 0.0970) | val/persist 0.092 | lr 6.98e-04
Epoch   6 | train 0.0635 | val 0.0659 (sd 0.0346 current 0.0971) | val/persist 0.091 | lr 6.98e-04
Epoch   7 | train 0.0616 | val 0.0629 (sd 0.0326 current 0.0931) | val/persist 0.087 | lr 6.98e-04
Epoch   8 | train 0.0592 | val 0.0584 (sd 0.0303 current 0.0864) | val/persist 0.080 | lr 6.98e-04
Epoch   9 | train 0.0577 | val 0.0605 (sd 0.0325 current 0.0884) | val/persist 0.083 | lr 6.98e-04
Epoch  10 | train 0.0564 | val 0.0602 (sd 0.0282 current 0.0923) | val/persist 0.083 | lr 6.98e-04
Epoch  11 | train 0.0539 | val 0.0561 (sd 0.0266 current 0.0856) | val/persist 0.077 | lr 6.98e-04
Epoch  12 | train 0.0530 | val 0.0530 (sd 0.0271 current 0.0789) | val/persist 0.073 | lr 6.98e-04
Epoch  13 | train 0.0515 | val 0.0561 (sd 0.0271 current 0.0851) | val/persist 0.077 | lr 6.98e-04
Epoch  14 | train 0.0514 | val 0.0518 (sd 0.0263 current 0.0772) | val/persist 0.071 | lr 6.98e-04
Epoch  15 | train 0.0499 | val 0.0496 (sd 0.0270 current 0.0721) | val/persist 0.068 | lr 6.98e-04
Epoch  16 | train 0.0489 | val 0.0510 (sd 0.0256 current 0.0763) | val/persist 0.070 | lr 6.98e-04
Epoch  17 | train 0.0485 | val 0.0485 (sd 0.0245 current 0.0725) | val/persist 0.067 | lr 6.98e-04
Epoch  18 | train 0.0485 | val 0.0525 (sd 0.0263 current 0.0788) | val/persist 0.072 | lr 6.98e-04
Epoch  19 | train 0.0477 | val 0.0480 (sd 0.0245 current 0.0715) | val/persist 0.066 | lr 6.98e-04
Epoch  20 | train 0.0473 | val 0.0494 (sd 0.0249 current 0.0739) | val/persist 0.068 | lr 6.98e-04
Epoch  21 | train 0.0464 | val 0.0523 (sd 0.0273 current 0.0772) | val/persist 0.072 | lr 6.98e-04
Epoch  22 | train 0.0472 | val 0.0497 (sd 0.0268 current 0.0727) | val/persist 0.068 | lr 6.98e-04
Epoch  23 | train 0.0466 | val 0.0524 (sd 0.0252 current 0.0797) | val/persist 0.072 | lr 6.98e-04
Epoch  24 | train 0.0455 | val 0.0465 (sd 0.0250 current 0.0680) | val/persist 0.064 | lr 6.98e-04
Epoch  25 | train 0.0456 | val 0.0505 (sd 0.0259 current 0.0751) | val/persist 0.069 | lr 6.98e-04
Epoch  26 | train 0.0449 | val 0.0476 (sd 0.0248 current 0.0705) | val/persist 0.066 | lr 6.98e-04
Epoch  27 | train 0.0446 | val 0.0467 (sd 0.0247 current 0.0688) | val/persist 0.064 | lr 6.98e-04
Epoch  28 | train 0.0445 | val 0.0449 (sd 0.0240 current 0.0657) | val/persist 0.062 | lr 6.98e-04
Epoch  29 | train 0.0432 | val 0.0463 (sd 0.0246 current 0.0681) | val/persist 0.064 | lr 6.98e-04
Epoch  30 | train 0.0442 | val 0.0492 (sd 0.0249 current 0.0734) | val/persist 0.068 | lr 6.98e-04
Epoch  31 | train 0.0431 | val 0.0482 (sd 0.0242 current 0.0723) | val/persist 0.066 | lr 6.98e-04
Epoch  32 | train 0.0421 | val 0.0485 (sd 0.0249 current 0.0721) | val/persist 0.067 | lr 6.98e-04
Epoch  33 | train 0.0434 | val 0.0474 (sd 0.0246 current 0.0702) | val/persist 0.065 | lr 6.98e-04
Epoch  34 | train 0.0421 | val 0.0526 (sd 0.0253 current 0.0798) | val/persist 0.072 | lr 6.98e-04
Epoch  35 | train 0.0418 | val 0.0467 (sd 0.0252 current 0.0682) | val/persist 0.064 | lr 6.98e-04
Epoch  36 | train 0.0416 | val 0.0471 (sd 0.0258 current 0.0685) | val/persist 0.065 | lr 6.98e-04
Epoch  37 | train 0.0415 | val 0.0450 (sd 0.0251 current 0.0650) | val/persist 0.062 | lr 6.98e-04
Epoch  38 | train 0.0411 | val 0.0449 (sd 0.0253 current 0.0646) | val/persist 0.062 | lr 6.98e-04
Epoch  39 | train 0.0409 | val 0.0453 (sd 0.0253 current 0.0653) | val/persist 0.062 | lr 3.49e-04
Epoch  40 | train 0.0382 | val 0.0430 (sd 0.0231 current 0.0628) | val/persist 0.059 | lr 3.49e-04
Epoch  41 | train 0.0375 | val 0.0427 (sd 0.0241 current 0.0613) | val/persist 0.059 | lr 3.49e-04
Epoch  42 | train 0.0374 | val 0.0432 (sd 0.0240 current 0.0625) | val/persist 0.059 | lr 3.49e-04
Epoch  43 | train 0.0371 | val 0.0443 (sd 0.0240 current 0.0645) | val/persist 0.061 | lr 3.49e-04
Epoch  44 | train 0.0375 | val 0.0426 (sd 0.0238 current 0.0614) | val/persist 0.059 | lr 3.49e-04
Epoch  45 | train 0.0367 | val 0.0468 (sd 0.0244 current 0.0691) | val/persist 0.064 | lr 3.49e-04
Epoch  46 | train 0.0369 | val 0.0439 (sd 0.0235 current 0.0643) | val/persist 0.060 | lr 3.49e-04
Epoch  47 | train 0.0368 | val 0.0440 (sd 0.0234 current 0.0646) | val/persist 0.061 | lr 3.49e-04
Epoch  48 | train 0.0364 | val 0.0426 (sd 0.0241 current 0.0612) | val/persist 0.059 | lr 3.49e-04
Epoch  49 | train 0.0367 | val 0.0460 (sd 0.0239 current 0.0681) | val/persist 0.063 | lr 3.49e-04
Epoch  50 | train 0.0364 | val 0.0423 (sd 0.0229 current 0.0617) | val/persist 0.058 | lr 3.49e-04
Epoch  51 | train 0.0359 | val 0.0440 (sd 0.0243 current 0.0637) | val/persist 0.061 | lr 3.49e-04
Epoch  52 | train 0.0357 | val 0.0436 (sd 0.0242 current 0.0631) | val/persist 0.060 | lr 3.49e-04
Epoch  53 | train 0.0354 | val 0.0419 (sd 0.0229 current 0.0608) | val/persist 0.058 | lr 3.49e-04
Epoch  54 | train 0.0360 | val 0.0422 (sd 0.0233 current 0.0611) | val/persist 0.058 | lr 3.49e-04
Epoch  55 | train 0.0359 | val 0.0439 (sd 0.0244 current 0.0635) | val/persist 0.060 | lr 3.49e-04
Epoch  56 | train 0.0353 | val 0.0440 (sd 0.0234 current 0.0646) | val/persist 0.061 | lr 3.49e-04
Epoch  57 | train 0.0355 | val 0.0441 (sd 0.0236 current 0.0646) | val/persist 0.061 | lr 3.49e-04
Epoch  58 | train 0.0354 | val 0.0421 (sd 0.0228 current 0.0614) | val/persist 0.058 | lr 3.49e-04
Epoch  59 | train 0.0353 | val 0.0432 (sd 0.0240 current 0.0624) | val/persist 0.059 | lr 3.49e-04

Training completato. Best val: 0.0419 a epoch 53 (persistenza 0.7267)
[I 2026-09-30 12:47:44,851] Trial 79 finished with value: 0.04189089792057941 and parameters: {'gru_hidden': 64, 'mlp_hidden': 256, 'num_layers': 1, 'dropout': 0.06845568629306084, 'weight_decay': 9.497386227372483e-06, 'lr': 0.0006981594445246162, 'batch_size': 64, 'clip_norm': 1.0}. Best is trial 56 with value: 0.04039788358561997.
Split per-trial: 26879 finestre train | 6721 finestre val
Baseline persistenza (val): 0.7267 (sd 0.3393 | current 1.1141)
Epoch   0 | train 0.1425 | val 0.1001 (sd 0.0554 current 0.1448) | val/persist 0.138 | lr 3.43e-03
Epoch   1 | train 0.0856 | val 0.0849 (sd 0.0422 current 0.1275) | val/persist 0.117 | lr 3.43e-03
Epoch   2 | train 0.0801 | val 0.0708 (sd 0.0367 current 0.1050) | val/persist 0.097 | lr 3.43e-03
Epoch   3 | train 0.0697 | val 0.0693 (sd 0.0331 current 0.1055) | val/persist 0.095 | lr 3.43e-03
Epoch   4 | train 0.0685 | val 0.0612 (sd 0.0293 current 0.0932) | val/persist 0.084 | lr 3.43e-03
Epoch   5 | train 0.0648 | val 0.0619 (sd 0.0296 current 0.0942) | val/persist 0.085 | lr 3.43e-03
Epoch   6 | train 0.0609 | val 0.0624 (sd 0.0299 current 0.0949) | val/persist 0.086 | lr 3.43e-03
Epoch   7 | train 0.0595 | val 0.0605 (sd 0.0294 current 0.0915) | val/persist 0.083 | lr 3.43e-03
Epoch   8 | train 0.0586 | val 0.0582 (sd 0.0270 current 0.0895) | val/persist 0.080 | lr 3.43e-03
Epoch   9 | train 0.0583 | val 0.0607 (sd 0.0263 current 0.0951) | val/persist 0.084 | lr 3.43e-03
Epoch  10 | train 0.0529 | val 0.0605 (sd 0.0345 current 0.0864) | val/persist 0.083 | lr 3.43e-03
Epoch  11 | train 0.0534 | val 0.0594 (sd 0.0288 current 0.0900) | val/persist 0.082 | lr 3.43e-03
[I 2026-09-30 12:48:19,507] Trial 85 pruned. 
Split per-trial: 26879 finestre train | 6721 finestre val
Baseline persistenza (val): 0.7267 (sd 0.3393 | current 1.1141)
Epoch   0 | train 0.3082 | val 0.1530 (sd 0.0683 current 0.2378) | val/persist 0.211 | lr 1.70e-04
Epoch   1 | train 0.1168 | val 0.1105 (sd 0.0581 current 0.1630) | val/persist 0.152 | lr 1.70e-04
Epoch   2 | train 0.0973 | val 0.1010 (sd 0.0552 current 0.1468) | val/persist 0.139 | lr 1.70e-04
Epoch   3 | train 0.0901 | val 0.0968 (sd 0.0524 current 0.1413) | val/persist 0.133 | lr 1.70e-04
Epoch   4 | train 0.0856 | val 0.0937 (sd 0.0542 current 0.1333) | val/persist 0.129 | lr 1.70e-04
Epoch   5 | train 0.0819 | val 0.0876 (sd 0.0489 current 0.1262) | val/persist 0.120 | lr 1.70e-04
Epoch   6 | train 0.0790 | val 0.0880 (sd 0.0476 current 0.1284) | val/persist 0.121 | lr 1.70e-04
Epoch   7 | train 0.0769 | val 0.0823 (sd 0.0471 current 0.1174) | val/persist 0.113 | lr 1.70e-04
Epoch   8 | train 0.0746 | val 0.0807 (sd 0.0463 current 0.1151) | val/persist 0.111 | lr 1.70e-04
[I 2026-09-30 12:48:48,574] Trial 89 pruned. 
Split per-trial: 26879 finestre train | 6721 finestre val
Baseline persistenza (val): 0.7267 (sd 0.3393 | current 1.1141)
Epoch   0 | train 0.1410 | val 0.1073 (sd 0.0580 current 0.1566) | val/persist 0.148 | lr 6.75e-03
Epoch   1 | train 0.0891 | val 0.0831 (sd 0.0458 current 0.1204) | val/persist 0.114 | lr 6.75e-03
Epoch   2 | train 0.0768 | val 0.0817 (sd 0.0385 current 0.1248) | val/persist 0.112 | lr 6.75e-03
Epoch   3 | train 0.0713 | val 0.0755 (sd 0.0345 current 0.1164) | val/persist 0.104 | lr 6.75e-03
Epoch   4 | train 0.0669 | val 0.0648 (sd 0.0323 current 0.0973) | val/persist 0.089 | lr 6.75e-03
Epoch   5 | train 0.0641 | val 0.0782 (sd 0.0288 current 0.1276) | val/persist 0.108 | lr 6.75e-03
Epoch   6 | train 0.0625 | val 0.0631 (sd 0.0299 current 0.0962) | val/persist 0.087 | lr 6.75e-03
Epoch   7 | train 0.0597 | val 0.0604 (sd 0.0280 current 0.0928) | val/persist 0.083 | lr 6.75e-03
Epoch   8 | train 0.0577 | val 0.0586 (sd 0.0279 current 0.0894) | val/persist 0.081 | lr 6.75e-03
Epoch   9 | train 0.0557 | val 0.0588 (sd 0.0294 current 0.0882) | val/persist 0.081 | lr 6.75e-03
Epoch  10 | train 0.0554 | val 0.0578 (sd 0.0292 current 0.0865) | val/persist 0.080 | lr 6.75e-03
Epoch  11 | train 0.0517 | val 0.0605 (sd 0.0293 current 0.0918) | val/persist 0.083 | lr 6.75e-03
[I 2026-09-30 12:49:36,109] Trial 91 pruned. 

Best val: 0.04040
  gru_hidden: 128
  mlp_hidden: 512
  num_layers: 1
  dropout: 0.02717407426061276
  weight_decay: 3.613865096554232e-05
  lr: 0.0005764488654424762
  batch_size: 128
  clip_norm: 5.0
Report: /home/gemma/tesi/aquabot/src/net/fm/tuning/tuning_results/best_fm_h20_res.txt
