Device: cuda | threads: 4
=== FASE 1 | 4 trial (questo worker) | 30 epoche ===

Caricamento dataset...
Trovati 34 trial.
  [trial_20260519_151133.csv] attenzione: calibrazione a riposo su 37 campioni (< 50)
Dataset: 27290 campioni da 34 trial.
[I 2026-07-20 13:56:44,693] A new study created in RDB with name: fish_forward_phase1
  Trial 0 | Epoch  0 | val 0.5114
  Trial 0 | Epoch  1 | val 0.4511
  Trial 0 | Epoch  2 | val 0.4255
  Trial 0 | Epoch  3 | val 0.4081
  Trial 0 | Epoch  4 | val 0.3989
  Trial 0 | Epoch  5 | val 0.3940
  Trial 0 | Epoch  6 | val 0.3916
  Trial 0 | Epoch  7 | val 0.3836
  Trial 0 | Epoch  8 | val 0.3826
  Trial 0 | Epoch  9 | val 0.3762
  Trial 0 | Epoch 10 | val 0.3758
  Trial 0 | Epoch 11 | val 0.3718
  Trial 0 | Epoch 12 | val 0.3744
  Trial 0 | Epoch 13 | val 0.3698
  Trial 0 | Epoch 14 | val 0.3675
  Trial 0 | Epoch 15 | val 0.3665
  Trial 0 | Epoch 16 | val 0.3653
  Trial 0 | Epoch 17 | val 0.3651
  Trial 0 | Epoch 18 | val 0.3637
  Trial 0 | Epoch 19 | val 0.3621
  Trial 0 | Epoch 20 | val 0.3623
  Trial 0 | Epoch 21 | val 0.3635
  Trial 0 | Epoch 22 | val 0.3612
  Trial 0 | Epoch 23 | val 0.3614
  Trial 0 | Epoch 24 | val 0.3612
  Trial 0 | Epoch 25 | val 0.3608
  Trial 0 | Epoch 26 | val 0.3585
  Trial 0 | Epoch 27 | val 0.3582
  Trial 0 | Epoch 28 | val 0.3583
  Trial 0 | Epoch 29 | val 0.3622
[I 2026-07-20 13:57:42,346] Trial 0 finished with value: 0.3582407792293748 and parameters: {'gru_hidden': 64, 'mlp_hidden': 64}. Best is trial 1 with value: 0.35590962424527767.
  Trial 5 | Epoch  0 | val 0.4813
  Trial 5 | Epoch  1 | val 0.4274
  Trial 5 | Epoch  2 | val 0.4074
  Trial 5 | Epoch  3 | val 0.3917
  Trial 5 | Epoch  4 | val 0.3851
  Trial 5 | Epoch  5 | val 0.3813
  Trial 5 | Epoch  6 | val 0.3773
  Trial 5 | Epoch  7 | val 0.3737
  Trial 5 | Epoch  8 | val 0.3723
  Trial 5 | Epoch  9 | val 0.3716
  Trial 5 | Epoch 10 | val 0.3673
  Trial 5 | Epoch 11 | val 0.3662
  Trial 5 | Epoch 12 | val 0.3644
  Trial 5 | Epoch 13 | val 0.3618
  Trial 5 | Epoch 14 | val 0.3623
  Trial 5 | Epoch 15 | val 0.3598
  Trial 5 | Epoch 16 | val 0.3649
  Trial 5 | Epoch 17 | val 0.3585
  Trial 5 | Epoch 18 | val 0.3595
  Trial 5 | Epoch 19 | val 0.3586
  Trial 5 | Epoch 20 | val 0.3571
  Trial 5 | Epoch 21 | val 0.3584
  Trial 5 | Epoch 22 | val 0.3569
  Trial 5 | Epoch 23 | val 0.3593
  Trial 5 | Epoch 24 | val 0.3596
  Trial 5 | Epoch 25 | val 0.3545
  Trial 5 | Epoch 26 | val 0.3543
  Trial 5 | Epoch 27 | val 0.3552
  Trial 5 | Epoch 28 | val 0.3550
  Trial 5 | Epoch 29 | val 0.3565
[I 2026-07-20 13:58:40,787] Trial 5 finished with value: 0.3542505539087362 and parameters: {'gru_hidden': 128, 'mlp_hidden': 32}. Best is trial 4 with value: 0.34934927193924437.
  Trial 9 | Epoch  0 | val 0.4838
  Trial 9 | Epoch  1 | val 0.4394
  Trial 9 | Epoch  2 | val 0.4184
  Trial 9 | Epoch  3 | val 0.3962
  Trial 9 | Epoch  4 | val 0.3976
  Trial 9 | Epoch  5 | val 0.3857
  Trial 9 | Epoch  6 | val 0.3781
  Trial 9 | Epoch  7 | val 0.3737
  Trial 9 | Epoch  8 | val 0.3723
  Trial 9 | Epoch  9 | val 0.3693
  Trial 9 | Epoch 10 | val 0.3683
  Trial 9 | Epoch 11 | val 0.3651
  Trial 9 | Epoch 12 | val 0.3672
  Trial 9 | Epoch 13 | val 0.3661
  Trial 9 | Epoch 14 | val 0.3646
  Trial 9 | Epoch 15 | val 0.3607
  Trial 9 | Epoch 16 | val 0.3592
  Trial 9 | Epoch 17 | val 0.3602
  Trial 9 | Epoch 18 | val 0.3628
  Trial 9 | Epoch 19 | val 0.3624
  Trial 9 | Epoch 20 | val 0.3589
  Trial 9 | Epoch 21 | val 0.3596
  Trial 9 | Epoch 22 | val 0.3569
  Trial 9 | Epoch 23 | val 0.3575
  Trial 9 | Epoch 24 | val 0.3545
  Trial 9 | Epoch 25 | val 0.3547
  Trial 9 | Epoch 26 | val 0.3558
  Trial 9 | Epoch 27 | val 0.3557
  Trial 9 | Epoch 28 | val 0.3594
  Trial 9 | Epoch 29 | val 0.3575
[I 2026-07-20 13:59:45,007] Trial 9 finished with value: 0.3544726579688316 and parameters: {'gru_hidden': 128, 'mlp_hidden': 256}. Best is trial 4 with value: 0.34934927193924437.
  Trial 13 | Epoch  0 | val 0.5035
  Trial 13 | Epoch  1 | val 0.4453
  Trial 13 | Epoch  2 | val 0.4217
  Trial 13 | Epoch  3 | val 0.4041
  Trial 13 | Epoch  4 | val 0.3946
  Trial 13 | Epoch  5 | val 0.3891
  Trial 13 | Epoch  6 | val 0.3844
  Trial 13 | Epoch  7 | val 0.3820
  Trial 13 | Epoch  8 | val 0.3785
  Trial 13 | Epoch  9 | val 0.3773
  Trial 13 | Epoch 10 | val 0.3742
  Trial 13 | Epoch 11 | val 0.3717
  Trial 13 | Epoch 12 | val 0.3722
  Trial 13 | Epoch 13 | val 0.3730
  Trial 13 | Epoch 14 | val 0.3677
  Trial 13 | Epoch 15 | val 0.3714
  Trial 13 | Epoch 16 | val 0.3668
  Trial 13 | Epoch 17 | val 0.3678
  Trial 13 | Epoch 18 | val 0.3649
  Trial 13 | Epoch 19 | val 0.3635
  Trial 13 | Epoch 20 | val 0.3640
  Trial 13 | Epoch 21 | val 0.3610
  Trial 13 | Epoch 22 | val 0.3652
  Trial 13 | Epoch 23 | val 0.3629
  Trial 13 | Epoch 24 | val 0.3605
  Trial 13 | Epoch 25 | val 0.3584
  Trial 13 | Epoch 26 | val 0.3611
  Trial 13 | Epoch 27 | val 0.3594
  Trial 13 | Epoch 28 | val 0.3610
  Trial 13 | Epoch 29 | val 0.3605
[I 2026-07-20 14:00:41,629] Trial 13 finished with value: 0.35836636171091435 and parameters: {'gru_hidden': 64, 'mlp_hidden': 32}. Best is trial 4 with value: 0.34934927193924437.

=== Migliori iperparametri - Fase 1 ===
  gru_hidden: 512
  mlp_hidden: 64
  best val loss: 0.3493

Risultati salvati in tuning_results/best_params_phase1.txt
